train.csv
id,date,city,lat,long,pop,shop,brand,container,capacity,price,quantity
0,31/01/12,Athens,37.97945,23.71622,672130,shop_1,kinder-cola,glass,500ml,0.96,13280
90,29/02/12,Athens,37.97945,23.71622,672130,shop_1,kinder-cola,glass,500ml,0.96,10799
180,31/03/12,Athens,37.97945,23.71622,672130,shop_1,kinder-cola,glass,500ml,1.33,12248
270,30/04/12,Athens,37.97945,23.71622,672130,shop_1,kinder-cola,glass,500ml,1.31,12234
360,31/05/12,Athens,37.97945,23.71622,672130,shop_1,kinder-cola,glass,500ml,0.93,22444
450,30/06/12,Athens,37.97945,23.71622,672130,shop_1,kinder-cola,glass,500ml,0.84,26725
540,31/07/12,Athens,37.97945,23.71622,672130,shop_1,kinder-cola,glass,500ml,1.16,21950
630,31/08/12,Athens,37.97945,23.71622,672130,shop_1,kinder-cola,glass,500ml,1.39,14036
720,30/09/12,Athens,37.97945,23.71622,672130,shop_1,kinder-cola,glass,500ml,1.27,11417
810,31/10/12,Athens,37.97945,23.71622,672130,shop_1,kinder-cola,glass,500ml,1.39,9719
900,30/11/12,Athens,37.97945,23.71622,672130,shop_1,kinder-cola,glass,500ml,0.95,15536
990,31/12/12,Athens,37.97945,23.71622,672130,shop_1,kinder-cola,glass,500ml,1.56,9223
1080,31/01/13,Athens,37.97945,23.71622,671022,shop_1,kinder-cola,glass,500ml,1.32,9374
1170,28/02/13,Athens,37.97945,23.71622,671022,shop_1,kinder-cola,glass,500ml,0.86,11893
1260,31/03/13,Athens,37.97945,23.71622,671022,shop_1,kinder-cola,glass,500ml,1.03,17406
1424,30/04/13,Athens,37.97945,23.71622,671022,shop_1,kinder-cola,glass,500ml,0.99,17645
1440,31/05/13,Athens,37.97945,23.71622,671022,shop_1,kinder-cola,glass,500ml,1.03,20883
1530,30/06/13,Athens,37.97945,23.71622,671022,shop_1,kinder-cola,glass,500ml,1.48,13828
1706,31/07/13,Athens,37.97945,23.71622,671022,shop_1,kinder-cola,glass,500ml,1.29,19667
1710,31/08/13,Athens,37.97945,23.71622,671022,shop_1,kinder-cola,glass,500ml,1.14,19391
1800,30/09/13,Athens,37.97945,23.71622,671022,shop_1,kinder-cola,glass,500ml,1.11,13952
1890,31/10/13,Athens,37.97945,23.71622,671022,shop_1,kinder-cola,glass,500ml,1.14,13559
2069,30/11/13,Athens,37.97945,23.71622,671022,shop_1,kinder-cola,glass,500ml,0.71,19041
2070,31/12/13,Athens,37.97945,23.71622,671022,shop_1,kinder-cola,glass,500ml,1.13,16837
2160,31/01/14,Athens,37.97945,23.71622,668203,shop_1,kinder-cola,glass,500ml,1.15,11652
2323,28/02/14,Athens,37.97945,23.71622,668203,shop_1,kinder-cola,glass,500ml,1.62,5223
2425,31/03/14,Athens,37.97945,23.71622,668203,shop_1,kinder-cola,glass,500ml,1.4,12211
2430,30/04/14,Athens,37.97945,23.71622,668203,shop_1,kinder-cola,glass,500ml,1.22,14543
2520,31/05/14,Athens,37.97945,23.71622,668203,shop_1,kinder-cola,glass,500ml,1.59,11110
2610,30/06/14,Athens,37.97945,23.71622,668203,shop_1,kinder-cola,glass,500ml,1.23,19705
2700,31/07/14,Athens,37.97945,23.71622,668203,shop_1,kinder-cola,glass,500ml,1.18,22839
2864,31/08/14,Athens,37.97945,23.71622,668203,shop_1,kinder-cola,glass,500ml,1.07,21137
2880,30/09/14,Athens,37.97945,23.71622,668203,shop_1,kinder-cola,glass,500ml,1.12,14130
3058,31/10/14,Athens,37.97945,23.71622,668203,shop_1,kinder-cola,glass,500ml,1.43,10050
3060,30/11/14,Athens,37.97945,23.71622,668203,shop_1,kinder-cola,glass,500ml,1.39,10353
3150,31/12/14,Athens,37.97945,23.71622,668203,shop_1,kinder-cola,glass,500ml,1.43,12435
3322,31/01/15,Athens,37.97945,23.71622,667237,shop_1,kinder-cola,glass,500ml,1.33,9949
3330,28/02/15,Athens,37.97945,23.71622,667237,shop_1,kinder-cola,glass,500ml,1.24,8859
3420,31/03/15,Athens,37.97945,,667237,shop_1,kinder-cola,glass,500ml,1.25,14878
3510,30/04/15,Athens,37.97945,23.71622,667237,shop_1,kinder-cola,glass,500ml,1.36,12841
3600,31/05/15,Athens,37.97945,23.71622,667237,shop_1,kinder-cola,glass,500ml,1.01,22210
3690,30/06/15,Athens,37.97945,23.71622,667237,shop_1,kinder-cola,glass,500ml,1.44,15994
3780,31/07/15,Athens,37.97945,23.71622,667237,shop_1,kinder-cola,glass,500ml,1.61,13875
3870,31/08/15,Athens,37.97945,23.71622,667237,shop_1,kinder-cola,glass,500ml,1.55,12806
4039,30/09/15,Athens,37.97945,23.71622,667237,shop_1,kinder-cola,glass,500ml,1.13,14342
4050,31/10/15,Athens,37.97945,23.71622,667237,shop_1,kinder-cola,glass,500ml,1.45,10163
4140,30/11/15,Athens,37.97945,23.71622,667237,shop_1,kinder-cola,glass,500ml,1.7,6907
4230,31/12/15,Athens,37.97945,23.71622,667237,shop_1,kinder-cola,glass,500ml,1.13,17597
4408,31/01/16,Athens,37.97945,23.71622,665102,shop_1,kinder-cola,glass,500ml,1.39,9551
4410,29/02/16,Athens,37.97945,23.71622,665102,shop_1,kinder-cola,glass,500ml,1.54,6486
4500,31/03/16,Athens,37.97945,23.71622,665102,shop_1,kinder-cola,glass,500ml,1.44,12378
1,31/01/12,Athens,37.97945,23.71622,672130,shop_1,kinder-cola,plastic,1.5lt,2.86,6727
91,29/02/12,Athens,37.97945,23.71622,672130,shop_1,kinder-cola,plastic,1.5lt,2.9,7114
181,31/03/12,Athens,37.97945,23.71622,672130,shop_1,kinder-cola,plastic,1.5lt,2.87,10955
271,30/04/12,Athens,37.97945,23.71622,672130,shop_1,kinder-cola,plastic,1.5lt,3.53,9002
361,31/05/12,Athens,37.97945,23.71622,672130,shop_1,kinder-cola,plastic,1.5lt,2.75,14585
529,30/06/12,Athens,37.97945,23.71622,672130,shop_1,kinder-cola,plastic,1.5lt,3.81,8949
541,31/07/12,Athens,37.97945,23.71622,672130,shop_1,kinder-cola,plastic,1.5lt,2.36,19372
704,31/08/12,Athens,37.97945,23.71622,672130,shop_1,kinder-cola,plastic,1.5lt,3.63,11100
721,30/09/12,Athens,37.97945,23.71622,672130,shop_1,kinder-cola,plastic,1.5lt,2.9,12141
811,31/10/12,Athens,37.97945,23.71622,672130,shop_1,kinder-cola,plastic,1.5lt,3.42,7398
901,30/11/12,Athens,37.97945,23.71622,672130,shop_1,kinder-cola,plastic,1.5lt,3.63,6213
991,31/12/12,Athens,37.97945,23.71622,672130,shop_1,kinder-cola,plastic,1.5lt,3.85,6914
1081,31/01/13,Athens,37.97945,23.71622,671022,shop_1,kinder-cola,plastic,1.5lt,2.47,7861
1250,28/02/13,Athens,37.97945,23.71622,671022,shop_1,kinder-cola,plastic,1.5lt,2.66,7921
1261,31/03/13,Athens,37.97945,23.71622,671022,shop_1,kinder-cola,plastic,1.5lt,2.4,13149
1350,30/04/13,Athens,37.97945,23.71622,671022,shop_1,kinder-cola,plastic,1.5lt,2.97,11883
1441,31/05/13,Athens,37.97945,23.71622,671022,shop_1,kinder-cola,plastic,1.5lt,2.99,13658
1608,30/06/13,Athens,37.97945,23.71622,671022,shop_1,kinder-cola,plastic,1.5lt,2.33,17075
1708,31/07/13,Athens,37.97945,23.71622,671022,shop_1,kinder-cola,plastic,1.5lt,3.18,14702
1783,31/08/13,Athens,37.97945,23.71622,671022,shop_1,kinder-cola,plastic,1.5lt,3,15264
1801,30/09/13,Athens,37.97945,23.71622,671022,shop_1,kinder-cola,plastic,1.5lt,3.2,11065
1979,31/10/13,Athens,37.97945,23.71622,671022,shop_1,kinder-cola,plastic,1.5lt,2.43,11129
1980,30/11/13,Athens,37.97945,23.71622,671022,shop_1,kinder-cola,plastic,1.5lt,2.74,9353
2071,31/12/13,Athens,37.97945,23.71622,671022,shop_1,kinder-cola,plastic,1.5lt,2,14898
2161,31/01/14,Athens,37.97945,23.71622,668203,shop_1,kinder-cola,plastic,1.5lt,1.95,9263
2250,28/02/14,Athens,37.97945,23.71622,668203,shop_1,kinder-cola,plastic,1.5lt,3.14,6808
2340,31/03/14,Athens,37.97945,23.71622,668203,shop_1,kinder-cola,plastic,1.5lt,2.22,14098
2431,30/04/14,Athens,37.97945,23.71622,668203,shop_1,kinder-cola,plastic,1.5lt,3,12025
2521,31/05/14,Athens,37.97945,23.71622,668203,shop_1,kinder-cola,plastic,1.5lt,3.18,13033
2611,30/06/14,Athens,37.97945,23.71622,668203,shop_1,kinder-cola,plastic,1.5lt,3.13,13271
2701,31/07/14,Athens,37.97945,23.71622,668203,shop_1,kinder-cola,plastic,1.5lt,3.54,13033
2879,31/08/14,Athens,37.97945,23.71622,668203,shop_1,kinder-cola,plastic,1.5lt,1.19,25920
2881,30/09/14,Athens,37.97945,23.71622,668203,shop_1,kinder-cola,plastic,1.5lt,3.31,10886
2970,31/10/14,Athens,37.97945,23.71622,668203,shop_1,kinder-cola,plastic,1.5lt,3.28,8408
3061,30/11/14,Athens,37.97945,23.71622,668203,shop_1,kinder-cola,plastic,1.5lt,2.66,9800
3151,31/12/14,Athens,37.97945,23.71622,668203,shop_1,kinder-cola,plastic,1.5lt,2.46,13190
3240,31/01/15,Athens,37.97945,23.71622,667237,shop_1,kinder-cola,plastic,1.5lt,4.26,3841
3331,28/02/15,Athens,37.97945,23.71622,667237,shop_1,kinder-cola,plastic,1.5lt,1.87,10253
3421,31/03/15,Athens,37.97945,23.71622,667237,shop_1,kinder-cola,plastic,1.5lt,2.26,14100
3511,30/04/15,Athens,37.97945,23.71622,667237,shop_1,kinder-cola,plastic,1.5lt,3.03,12169
3601,31/05/15,Athens,37.97945,23.71622,667237,shop_1,kinder-cola,plastic,1.5lt,2.7,15762
3691,30/06/15,Athens,37.97945,23.71622,667237,shop_1,kinder-cola,plastic,1.5lt,3.4,12306
3781,31/07/15,Athens,37.97945,23.71622,667237,shop_1,kinder-cola,plastic,1.5lt,3.02,16467
3871,31/08/15,Athens,37.97945,23.71622,667237,shop_1,kinder-cola,plastic,1.5lt,2.56,18413
3960,30/09/15,Athens,37.97945,23.71622,667237,shop_1,kinder-cola,plastic,1.5lt,2.01,16859
4051,31/10/15,Athens,37.97945,23.71622,667237,shop_1,kinder-cola,plastic,1.5lt,3.9,6568
4141,30/11/15,Athens,37.97945,23.71622,667237,shop_1,kinder-cola,plastic,1.5lt,3.14,8494
4231,31/12/15,Athens,37.97945,23.71622,667237,shop_1,kinder-cola,plastic,1.5lt,3.04,11120
4320,31/01/16,Athens,37.97945,23.71622,665102,shop_1,kinder-cola,plastic,1.5lt,2.71,7683
4411,29/02/16,Athens,37.97945,23.71622,665102,shop_1,kinder-cola,plastic,1.5lt,3.75,5624
4501,31/03/16,Athens,37.97945,23.71622,665102,shop_1,kinder-cola,plastic,1.5lt,3.84,8231
2,31/01/12,Athens,37.97945,23.71622,672130,shop_1,kinder-cola,can,330ml,0.87,9848
92,29/02/12,Athens,37.97945,23.71622,672130,shop_1,kinder-cola,can,330ml,0.82,8616
182,31/03/12,Athens,37.97945,23.71622,672130,shop_1,kinder-cola,can,330ml,0.89,9656
356,30/04/12,Athens,37.97945,23.71622,672130,shop_1,kinder-cola,can,330ml,0.95,9881
362,31/05/12,Athens,37.97945,23.71622,672130,shop_1,kinder-cola,can,330ml,0.72,21197
539,30/06/12,Athens,37.97945,23.71622,672130,shop_1,kinder-cola,can,330ml,0.56,26492
542,31/07/12,Athens,37.97945,23.71622,672130,shop_1,kinder-cola,can,330ml,0.54,35754
718,31/08/12,Athens,37.97945,23.71622,672130,shop_1,kinder-cola,can,330ml,0.74,20816
722,30/09/12,Athens,37.97945,23.71622,672130,shop_1,kinder-cola,can,330ml,0.58,21111
812,31/10/12,Athens,37.97945,23.71622,672130,shop_1,kinder-cola,can,330ml,0.8,12887
902,30/11/12,Athens,37.97945,23.71622,672130,shop_1,kinder-cola,can,330ml,0.58,16186
1068,31/12/12,Athens,37.97945,23.71622,672130,shop_1,kinder-cola,can,330ml,0.91,11981
1082,31/01/13,Athens,37.97945,23.71622,671022,shop_1,kinder-cola,can,330ml,0.66,14972
1171,28/02/13,Athens,37.97945,23.71622,671022,shop_1,kinder-cola,can,330ml,0.92,7149
1340,31/03/13,Athens,37.97945,23.71622,671022,shop_1,kinder-cola,can,330ml,0.78,12597
1351,30/04/13,Athens,37.97945,23.71622,671022,shop_1,kinder-cola,can,330ml,0.98,9795
1442,31/05/13,Athens,37.97945,23.71622,671022,shop_1,kinder-cola,can,330ml,0.65,24227
1531,30/06/13,Athens,37.97945,23.71622,671022,shop_1,kinder-cola,can,330ml,1,11863
1620,31/07/13,Athens,37.97945,23.71622,671022,shop_1,kinder-cola,can,330ml,0.93,18829
1797,31/08/13,Athens,37.97945,23.71622,671022,shop_1,kinder-cola,can,330ml,0.73,21953
1802,30/09/13,Athens,37.97945,23.71622,671022,shop_1,kinder-cola,can,330ml,0.68,18514
1891,31/10/13,Athens,37.97945,23.71622,671022,shop_1,kinder-cola,can,330ml,0.88,11512
1981,30/11/13,Athens,37.97945,23.71622,671022,shop_1,kinder-cola,can,330ml,0.84,10795
2072,31/12/13,Athens,37.97945,23.71622,671022,shop_1,kinder-cola,can,330ml,0.9,12764
2162,31/01/14,Athens,37.97945,23.71622,668203,shop_1,kinder-cola,can,330ml,0.88,10490
2251,28/02/14,Athens,37.97945,23.71622,668203,shop_1,kinder-cola,can,330ml,0.87,8318
2341,31/03/14,Athens,37.97945,23.71622,668203,shop_1,kinder-cola,can,330ml,0.82,12079
2432,30/04/14,Athens,37.97945,23.71622,668203,shop_1,kinder-cola,can,330ml,0.76,16275
2522,31/05/14,Athens,37.97945,23.71622,668203,shop_1,kinder-cola,can,330ml,0.71,22607
2612,30/06/14,Athens,37.97945,23.71622,668203,shop_1,kinder-cola,can,330ml,0.61,25663
2702,31/07/14,Athens,37.97945,23.71622,668203,shop_1,kinder-cola,can,330ml,0.54,37056
2790,31/08/14,Athens,37.97945,23.71622,668203,shop_1,kinder-cola,can,330ml,0.46,31826
2964,30/09/14,Athens,37.97945,23.71622,668203,shop_1,kinder-cola,can,330ml,0.87,13722
2971,31/10/14,Athens,37.97945,23.71622,668203,shop_1,kinder-cola,can,330ml,0.76,14826
3147,30/11/14,Athens,37.97945,23.71622,668203,shop_1,kinder-cola,can,330ml,0.84,11283
3152,31/12/14,Athens,37.97945,23.71622,668203,shop_1,kinder-cola,can,330ml,0.75,17798
3241,31/01/15,Athens,37.97945,23.71622,667237,shop_1,kinder-cola,can,330ml,0.45,19821
3332,28/02/15,Athens,37.97945,23.71622,667237,shop_1,kinder-cola,can,330ml,0.75,10667
3422,31/03/15,Athens,37.97945,23.71622,667237,shop_1,kinder-cola,can,330ml,0.81,12738
3512,30/04/15,Athens,37.97945,23.71622,667237,shop_1,kinder-cola,can,330ml,0.8,15669
3602,31/05/15,Athens,37.97945,23.71622,667237,shop_1,kinder-cola,can,330ml,0.79,20419
3692,30/06/15,Athens,37.97945,23.71622,667237,shop_1,kinder-cola,can,330ml,0.53,28902
3782,31/07/15,Athens,37.97945,23.71622,667237,shop_1,kinder-cola,can,330ml,0.76,28117
3872,31/08/15,Athens,37.97945,23.71622,667237,shop_1,kinder-cola,can,330ml,0.91,16720
3961,30/09/15,Athens,37.97945,23.71622,667237,shop_1,kinder-cola,can,330ml,0.63,20865
4052,31/10/15,Athens,37.97945,23.71622,667237,shop_1,kinder-cola,can,330ml,0.92,11435
4226,30/11/15,Athens,37.97945,23.71622,667237,shop_1,kinder-cola,can,330ml,0.59,16881
4232,31/12/15,Athens,37.97945,23.71622,667237,shop_1,kinder-cola,can,330ml,0.88,14622
4321,31/01/16,Athens,37.97945,23.71622,665102,shop_1,kinder-cola,can,330ml,0.91,10661
4495,29/02/16,Athens,37.97945,23.71622,665102,shop_1,kinder-cola,can,330ml,0.86,9166
4502,31/03/16,Athens,37.97945,23.71622,665102,shop_1,kinder-cola,can,330ml,0.64,16622
3,31/01/12,Athens,37.97945,23.71622,672130,shop_1,adult-cola,glass,500ml,1,20050
173,29/02/12,Athens,37.97945,23.71622,672130,shop_1,adult-cola,glass,500ml,1.3,8324
254,31/03/12,Athens,37.97945,23.71622,672130,shop_1,adult-cola,glass,500ml,0.95,24821
272,30/04/12,Athens,37.97945,23.71622,672130,shop_1,adult-cola,glass,500ml,1.2,19742
363,31/05/12,Athens,37.97945,23.71622,672130,shop_1,adult-cola,glass,500ml,0.88,35489
451,30/06/12,Athens,37.97945,23.71622,672130,shop_1,adult-cola,glass,500ml,1.31,18512
622,31/07/12,Athens,37.97945,23.71622,672130,shop_1,adult-cola,glass,500ml,1.19,22719
631,31/08/12,Athens,37.97945,23.71622,672130,shop_1,adult-cola,glass,500ml,1.34,17626
723,30/09/12,Athens,37.97945,23.71622,672130,shop_1,adult-cola,glass,500ml,0.92,27890
813,31/10/12,Athens,37.97945,23.71622,672130,shop_1,adult-cola,glass,500ml,1.35,13165
903,30/11/12,Athens,37.97945,23.71622,672130,shop_1,adult-cola,glass,500ml,1.25,15155
992,31/12/12,Athens,37.97945,23.71622,672130,shop_1,adult-cola,glass,500ml,1.03,22107
1083,31/01/13,Athens,37.97945,23.71622,671022,shop_1,adult-cola,glass,500ml,1.23,14847
1172,28/02/13,Athens,37.97945,23.71622,671022,shop_1,adult-cola,glass,500ml,1.26,9503
1262,31/03/13,Athens,37.97945,23.71622,671022,shop_1,adult-cola,glass,500ml,1.45,11019
1352,30/04/13,Athens,37.97945,23.71622,671022,shop_1,adult-cola,glass,500ml,1.23,19544
1443,31/05/13,Athens,37.97945,23.71622,671022,shop_1,adult-cola,glass,500ml,1.14,26651
1532,30/06/13,Athens,37.97945,23.71622,671022,shop_1,adult-cola,glass,500ml,0.9,34937
1621,31/07/13,Athens,37.97945,23.71622,671022,shop_1,adult-cola,glass,500ml,1.12,26031
1711,31/08/13,Athens,37.97945,23.71622,671022,shop_1,adult-cola,glass,500ml,1.11,27353
1803,30/09/13,Athens,37.97945,23.71622,671022,shop_1,adult-cola,glass,500ml,1.25,18468
1892,31/10/13,Athens,37.97945,23.71622,671022,shop_1,adult-cola,glass,500ml,1.32,14768
1982,30/11/13,Athens,37.97945,23.71622,671022,shop_1,adult-cola,glass,500ml,1.2,17394
2149,31/12/13,Athens,37.97945,23.71622,671022,shop_1,adult-cola,glass,500ml,0.85,27864
2247,31/01/14,Athens,37.97945,23.71622,668203,shop_1,adult-cola,glass,500ml,1.15,17438
2252,28/02/14,Athens,37.97945,23.71622,668203,shop_1,adult-cola,glass,500ml,0.6,20658
2342,31/03/14,Athens,37.97945,23.71622,668203,shop_1,adult-cola,glass,500ml,1.39,13701
2433,30/04/14,Athens,37.97945,23.71622,668203,shop_1,adult-cola,glass,500ml,1.34,17171
2523,31/05/14,Athens,37.97945,23.71622,668203,shop_1,adult-cola,glass,500ml,0.83,38961
2613,30/06/14,Athens,37.97945,23.71622,668203,shop_1,adult-cola,glass,500ml,0.8,38963
2703,31/07/14,Athens,37.97945,23.71622,668203,shop_1,adult-cola,glass,500ml,1.28,21410
2866,31/08/14,Athens,37.97945,23.71622,668203,shop_1,adult-cola,glass,500ml,1.05,30370
2882,30/09/14,Athens,37.97945,23.71622,668203,shop_1,adult-cola,glass,500ml,1.07,24582
2972,31/10/14,Athens,37.97945,23.71622,668203,shop_1,adult-cola,glass,500ml,1.13,21027
3062,30/11/14,Athens,37.97945,23.71622,668203,shop_1,adult-cola,glass,500ml,1.08,21034
3222,31/12/14,Athens,37.97945,23.71622,668203,shop_1,adult-cola,glass,500ml,1.22,18201
3326,31/01/15,Athens,37.97945,23.71622,667237,shop_1,adult-cola,glass,500ml,1.54,8820
3333,28/02/15,Athens,37.97945,23.71622,667237,shop_1,adult-cola,glass,500ml,0.92,15844
3423,31/03/15,Athens,37.97945,23.71622,667237,shop_1,adult-cola,glass,500ml,1.06,23388
3513,30/04/15,Athens,37.97945,23.71622,667237,shop_1,adult-cola,glass,500ml,0.83,33732
3603,31/05/15,Athens,37.97945,23.71622,667237,shop_1,adult-cola,glass,500ml,1.33,21280
3693,30/06/15,Athens,37.97945,23.71622,667237,shop_1,adult-cola,glass,500ml,1.18,26319
3783,31/07/15,Athens,37.97945,23.71622,667237,shop_1,adult-cola,glass,500ml,0.82,38276
3873,31/08/15,Athens,37.97945,23.71622,667237,shop_1,adult-cola,glass,500ml,0.56,48911
4045,30/09/15,Athens,37.97945,23.71622,667237,shop_1,adult-cola,glass,500ml,1.29,18900
4053,31/10/15,Athens,37.97945,23.71622,667237,shop_1,adult-cola,glass,500ml,0.87,28792
4142,30/11/15,Athens,37.97945,23.71622,667237,shop_1,adult-cola,glass,500ml,1.3,15979
4317,31/12/15,Athens,37.97945,23.71622,667237,shop_1,adult-cola,glass,500ml,1.14,20969
4322,31/01/16,Athens,37.97945,23.71622,665102,shop_1,adult-cola,glass,500ml,0.94,23349
4499,29/02/16,Athens,37.97945,23.71622,665102,shop_1,adult-cola,glass,500ml,1.27,10671
4503,31/03/16,Athens,37.97945,23.71622,665102,shop_1,adult-cola,glass,500ml,1.31,17330
