train.csv
id,date,city,lat,long,pop,shop,brand,container,capacity,price,quantity
4,31/01/12,Athens,37.97945,23.71622,672130,shop_1,adult-cola,can,330ml,0.39,25696
93,29/02/12,Athens,37.97945,23.71622,672130,shop_1,adult-cola,can,330ml,0.39,29463
255,31/03/12,Athens,37.97945,23.71622,672130,shop_1,adult-cola,can,330ml,0.71,18762
274,30/04/12,Athens,37.97945,23.71622,672130,shop_1,adult-cola,can,330ml,0.75,20679
364,31/05/12,Athens,37.97945,23.71622,672130,shop_1,adult-cola,can,330ml,0.79,21227
452,30/06/12,Athens,37.97945,23.71622,672130,shop_1,adult-cola,can,330ml,0.64,35499
544,31/07/12,Athens,37.97945,23.71622,672130,shop_1,adult-cola,can,330ml,0.69,38842
632,31/08/12,Athens,37.97945,23.71622,672130,shop_1,adult-cola,can,330ml,0.81,20893
724,30/09/12,Athens,37.97945,23.71622,672130,shop_1,adult-cola,can,330ml,0.63,30580
815,31/10/12,Athens,37.97945,23.71622,672130,shop_1,adult-cola,can,330ml,0.8,16301
905,30/11/12,Athens,37.97945,23.71622,672130,shop_1,adult-cola,can,330ml,0.65,20157
993,31/12/12,Athens,37.97945,23.71622,672130,shop_1,adult-cola,can,330ml,0.77,18272
1085,31/01/13,Athens,37.97945,23.71622,671022,shop_1,adult-cola,can,330ml,0.79,12185
1173,28/02/13,Athens,37.97945,23.71622,671022,shop_1,adult-cola,can,330ml,0.58,22490
1264,31/03/13,Athens,37.97945,23.71622,671022,shop_1,adult-cola,can,330ml,0.84,13338
1354,30/04/13,Athens,37.97945,23.71622,671022,shop_1,adult-cola,can,330ml,0.32,45249
1519,31/05/13,Athens,37.97945,23.71622,671022,shop_1,adult-cola,can,330ml,0.57,37089
1534,30/06/13,Athens,37.97945,23.71622,671022,shop_1,adult-cola,can,330ml,0.63,37078
1623,31/07/13,Athens,37.97945,23.71622,671022,shop_1,adult-cola,can,330ml,0.62,46338
1713,31/08/13,Athens,37.97945,23.71622,671022,shop_1,adult-cola,can,330ml,0.78,24463
1805,30/09/13,Athens,37.97945,23.71622,671022,shop_1,adult-cola,can,330ml,0.78,21721
1894,31/10/13,Athens,37.97945,23.71622,671022,shop_1,adult-cola,can,330ml,0.59,28120
1984,30/11/13,Athens,37.97945,23.71622,671022,shop_1,adult-cola,can,330ml,0.78,15119
2073,31/12/13,Athens,37.97945,23.71622,671022,shop_1,adult-cola,can,330ml,0.71,22156
2164,31/01/14,Athens,37.97945,23.71622,668203,shop_1,adult-cola,can,330ml,0.89,9337
2253,28/02/14,Athens,37.97945,23.71622,668203,shop_1,adult-cola,can,330ml,0.86,11807
2344,31/03/14,Athens,37.97945,23.71622,668203,shop_1,adult-cola,can,330ml,0.94,9855
2435,30/04/14,Athens,37.97945,23.71622,668203,shop_1,adult-cola,can,330ml,0.79,20350
2525,31/05/14,Athens,37.97945,23.71622,668203,shop_1,adult-cola,can,330ml,0.7,29253
2615,30/06/14,Athens,37.97945,23.71622,668203,shop_1,adult-cola,can,330ml,0.73,31013
2786,31/07/14,Athens,37.97945,23.71622,668203,shop_1,adult-cola,can,330ml,0.62,47558
2791,31/08/14,Athens,37.97945,23.71622,668203,shop_1,adult-cola,can,330ml,0.47,46029
2884,30/09/14,Athens,37.97945,23.71622,668203,shop_1,adult-cola,can,330ml,0.62,32426
3053,31/10/14,Athens,37.97945,23.71622,668203,shop_1,adult-cola,can,330ml,0.4,37875
3063,30/11/14,Athens,37.97945,23.71622,668203,shop_1,adult-cola,can,330ml,0.79,15347
3228,31/12/14,Athens,37.97945,23.71622,668203,shop_1,adult-cola,can,330ml,0.59,29023
3243,31/01/15,Athens,37.97945,23.71622,667237,shop_1,adult-cola,can,330ml,0.77,14014
3335,28/02/15,Athens,37.97945,23.71622,667237,shop_1,adult-cola,can,330ml,0.8,14767
3425,31/03/15,Athens,37.97945,23.71622,667237,shop_1,adult-cola,can,330ml,0.61,24941
3515,30/04/15,Athens,37.97945,23.71622,667237,shop_1,adult-cola,can,330ml,0.8,20237
3605,31/05/15,Athens,37.97945,23.71622,667237,shop_1,adult-cola,can,330ml,0.87,20075
3695,30/06/15,Athens,37.97945,23.71622,667237,shop_1,adult-cola,can,330ml,0.73,32072
3784,31/07/15,Athens,37.97945,23.71622,667237,shop_1,adult-cola,can,330ml,0.66,45512
3948,31/08/15,Athens,37.97945,23.71622,667237,shop_1,adult-cola,can,330ml,0.57,40419
3963,30/09/15,Athens,37.97945,23.71622,667237,shop_1,adult-cola,can,330ml,0.52,39398
4055,31/10/15,Athens,37.97945,23.71622,667237,shop_1,adult-cola,can,330ml,0.57,30016
4144,30/11/15,Athens,37.97945,23.71622,667237,shop_1,adult-cola,can,330ml,0.56,25358
4308,31/12/15,Athens,37.97945,23.71622,667237,shop_1,adult-cola,can,330ml,0.48,35384
4401,31/01/16,Athens,37.97945,23.71622,665102,shop_1,adult-cola,can,330ml,0.3,29777
4487,29/02/16,Athens,37.97945,23.71622,665102,shop_1,adult-cola,can,330ml,0.56,24619
5,31/01/12,Athens,37.97945,23.71622,672130,shop_1,orange-power,glass,500ml,1,15041
94,29/02/12,Athens,37.97945,23.71622,672130,shop_1,orange-power,glass,500ml,0.87,16695
259,31/03/12,Athens,37.97945,23.71622,672130,shop_1,orange-power,glass,500ml,0.61,42741
275,30/04/12,Athens,37.97945,23.71622,672130,shop_1,orange-power,glass,500ml,0.66,48207
365,31/05/12,Athens,37.97945,23.71622,672130,shop_1,orange-power,glass,500ml,0.92,33615
535,30/06/12,Athens,37.97945,23.71622,672130,shop_1,orange-power,glass,500ml,0.78,42218
545,31/07/12,Athens,37.97945,23.71622,672130,shop_1,orange-power,glass,500ml,0.8,45133
633,31/08/12,Athens,37.97945,23.71622,672130,shop_1,orange-power,glass,500ml,0.7,47327
725,30/09/12,Athens,37.97945,23.71622,672130,shop_1,orange-power,glass,500ml,0.68,57074
898,31/10/12,Athens,37.97945,23.71622,672130,shop_1,orange-power,glass,500ml,0.3,55190
906,30/11/12,Athens,37.97945,23.71622,672130,shop_1,orange-power,glass,500ml,0.27,50565
994,31/12/12,Athens,37.97945,23.71622,672130,shop_1,orange-power,glass,500ml,0.85,26348
1086,31/01/13,Athens,37.97945,23.71622,671022,shop_1,orange-power,glass,500ml,0.79,27025
1174,28/02/13,Athens,37.97945,23.71622,671022,shop_1,orange-power,glass,500ml,0.64,25729
1265,31/03/13,Athens,37.97945,23.71622,671022,shop_1,orange-power,glass,500ml,0.83,30317
1355,30/04/13,Athens,37.97945,23.71622,671022,shop_1,orange-power,glass,500ml,1.07,18948
1445,31/05/13,Athens,37.97945,23.71622,671022,shop_1,orange-power,glass,500ml,0.9,36662
1535,30/06/13,Athens,37.97945,23.71622,671022,shop_1,orange-power,glass,500ml,0.81,41294
1624,31/07/13,Athens,37.97945,23.71622,671022,shop_1,orange-power,glass,500ml,0.55,68284
1714,31/08/13,Athens,37.97945,23.71622,671022,shop_1,orange-power,glass,500ml,0.93,30399
1806,30/09/13,Athens,37.97945,23.71622,671022,shop_1,orange-power,glass,500ml,1,29422
1895,31/10/13,Athens,37.97945,23.71622,671022,shop_1,orange-power,glass,500ml,0.91,22641
2064,30/11/13,Athens,37.97945,23.71622,671022,shop_1,orange-power,glass,500ml,0.66,31960
2074,31/12/13,Athens,37.97945,23.71622,671022,shop_1,orange-power,glass,500ml,0.79,31073
2165,31/01/14,Athens,37.97945,23.71622,668203,shop_1,orange-power,glass,500ml,0.88,23189
2254,28/02/14,Athens,37.97945,23.71622,668203,shop_1,orange-power,glass,500ml,0.68,24763
2345,31/03/14,Athens,37.97945,23.71622,668203,shop_1,orange-power,glass,500ml,0.94,24419
2436,30/04/14,Athens,37.97945,23.71622,668203,shop_1,orange-power,glass,500ml,0.85,36521
2526,31/05/14,Athens,37.97945,23.71622,668203,shop_1,orange-power,glass,500ml,0.74,51724
2616,30/06/14,Athens,37.97945,23.71622,668203,shop_1,orange-power,glass,500ml,0.64,56308
2704,31/07/14,Athens,37.97945,23.71622,668203,shop_1,orange-power,glass,500ml,1.06,25271
2792,31/08/14,Athens,37.97945,23.71622,668203,shop_1,orange-power,glass,500ml,0.72,47844
2885,30/09/14,Athens,37.97945,23.71622,668203,shop_1,orange-power,glass,500ml,0.61,65339
2974,31/10/14,Athens,37.97945,23.71622,668203,shop_1,orange-power,glass,500ml,0.85,27124
3064,30/11/14,Athens,37.97945,23.71622,668203,shop_1,orange-power,glass,500ml,1.08,13126
3154,31/12/14,Athens,37.97945,23.71622,668203,shop_1,orange-power,glass,500ml,0.7,37145
3327,31/01/15,Athens,37.97945,23.71622,667237,shop_1,orange-power,glass,500ml,1.17,10277
3336,28/02/15,Athens,37.97945,23.71622,667237,shop_1,orange-power,glass,500ml,1.04,12363
3426,31/03/15,Athens,37.97945,23.71622,667237,shop_1,orange-power,glass,500ml,0.88,29524
3582,30/04/15,Athens,37.97945,23.71622,667237,shop_1,orange-power,glass,500ml,1.04,24931
3606,31/05/15,Athens,37.97945,23.71622,667237,shop_1,orange-power,glass,500ml,0.84,45460
3696,30/06/15,Athens,37.97945,23.71622,667237,shop_1,orange-power,glass,500ml,1,29927
3785,31/07/15,Athens,37.97945,23.71622,667237,shop_1,orange-power,glass,500ml,0.97,35532
3874,31/08/15,Athens,37.97945,23.71622,667237,shop_1,orange-power,glass,500ml,0.98,30040
3964,30/09/15,Athens,37.97945,23.71622,667237,shop_1,orange-power,glass,500ml,1.11,23554
4056,31/10/15,Athens,37.97945,23.71622,667237,shop_1,orange-power,glass,500ml,1.02,19024
4145,30/11/15,Athens,37.97945,23.71622,667237,shop_1,orange-power,glass,500ml,0.96,19782
4234,31/12/15,Athens,37.97945,23.71622,667237,shop_1,orange-power,glass,500ml,1.05,18457
4324,31/01/16,Athens,37.97945,23.71622,665102,shop_1,orange-power,glass,500ml,0.81,28461
4413,29/02/16,Athens,37.97945,23.71622,665102,shop_1,orange-power,glass,500ml,0.92,17544
4504,31/03/16,Athens,37.97945,23.71622,665102,shop_1,orange-power,glass,500ml,0.97,25374
6,31/01/12,Athens,37.97945,23.71622,672130,shop_1,orange-power,can,330ml,0.43,34578
168,29/02/12,Athens,37.97945,23.71622,672130,shop_1,orange-power,can,330ml,0.36,30933
185,31/03/12,Athens,37.97945,23.71622,672130,shop_1,orange-power,can,330ml,0.26,59678
277,30/04/12,Athens,37.97945,23.71622,672130,shop_1,orange-power,can,330ml,0.42,47608
367,31/05/12,Athens,37.97945,23.71622,672130,shop_1,orange-power,can,330ml,0.42,47160
454,30/06/12,Athens,37.97945,23.71622,672130,shop_1,orange-power,can,330ml,0.34,66269
546,31/07/12,Athens,37.97945,23.71622,672130,shop_1,orange-power,can,330ml,0.41,66930
635,31/08/12,Athens,37.97945,23.71622,672130,shop_1,orange-power,can,330ml,0.45,49702
727,30/09/12,Athens,37.97945,23.71622,672130,shop_1,orange-power,can,330ml,0.48,38674
817,31/10/12,Athens,37.97945,23.71622,672130,shop_1,orange-power,can,330ml,0.44,29299
908,30/11/12,Athens,37.97945,23.71622,672130,shop_1,orange-power,can,330ml,0.58,19414
996,31/12/12,Athens,37.97945,23.71622,672130,shop_1,orange-power,can,330ml,0.47,32152
1088,31/01/13,Athens,37.97945,23.71622,671022,shop_1,orange-power,can,330ml,0.39,39338
1175,28/02/13,Athens,,23.71622,671022,shop_1,orange-power,can,330ml,0.5,21013
1339,31/03/13,Athens,37.97945,23.71622,671022,shop_1,orange-power,can,330ml,0.51,32519
1357,30/04/13,Athens,37.97945,23.71622,671022,shop_1,orange-power,can,330ml,0.22,75393
1447,31/05/13,Athens,37.97945,23.71622,671022,shop_1,orange-power,can,330ml,0.31,63705
1537,30/06/13,Athens,37.97945,23.71622,671022,shop_1,orange-power,can,330ml,0.59,31515
1625,31/07/13,Athens,37.97945,23.71622,671022,shop_1,orange-power,can,330ml,0.34,81123
1716,31/08/13,Athens,37.97945,23.71622,671022,shop_1,orange-power,can,330ml,0.48,46629
1887,30/09/13,Athens,37.97945,23.71622,671022,shop_1,orange-power,can,330ml,0.52,35197
1975,31/10/13,Athens,37.97945,23.71622,671022,shop_1,orange-power,can,330ml,0.34,38203
1986,30/11/13,Athens,37.97945,23.71622,671022,shop_1,orange-power,can,330ml,0.3,47846
2147,31/12/13,Athens,37.97945,23.71622,671022,shop_1,orange-power,can,330ml,0.65,15008
2167,31/01/14,Athens,37.97945,23.71622,668203,shop_1,orange-power,can,330ml,0.52,27516
2338,28/02/14,Athens,37.97945,23.71622,668203,shop_1,orange-power,can,330ml,0.46,25177
2347,31/03/14,Athens,37.97945,23.71622,668203,shop_1,orange-power,can,330ml,0.62,21912
2438,30/04/14,Athens,37.97945,23.71622,668203,shop_1,orange-power,can,330ml,0.53,36740
2528,31/05/14,Athens,37.97945,23.71622,668203,shop_1,orange-power,can,330ml,0.49,41727
2699,30/06/14,Athens,37.97945,23.71622,668203,shop_1,orange-power,can,330ml,0.49,47410
2706,31/07/14,Athens,37.97945,23.71622,668203,shop_1,orange-power,can,330ml,0.42,67881
2794,31/08/14,Athens,37.97945,23.71622,668203,shop_1,orange-power,can,330ml,0.42,57358
2887,30/09/14,Athens,37.97945,23.71622,668203,shop_1,orange-power,can,330ml,0.61,24718
2976,31/10/14,Athens,37.97945,23.71622,668203,shop_1,orange-power,can,330ml,0.44,30679
3065,30/11/14,Athens,37.97945,23.71622,668203,shop_1,orange-power,can,330ml,0.42,36434
3235,31/12/14,Athens,37.97945,23.71622,668203,shop_1,orange-power,can,330ml,0.54,27349
3245,31/01/15,Athens,37.97945,23.71622,667237,shop_1,orange-power,can,330ml,0.44,35875
3405,28/02/15,Athens,37.97945,23.71622,667237,shop_1,orange-power,can,330ml,0.56,18473
3428,31/03/15,Athens,37.97945,23.71622,667237,shop_1,orange-power,can,330ml,0.43,43800
3517,30/04/15,Athens,37.97945,23.71622,667237,shop_1,orange-power,can,330ml,0.53,38234
3608,31/05/15,Athens,37.97945,23.71622,667237,shop_1,orange-power,can,330ml,0.44,48472
3698,30/06/15,Athens,37.97945,23.71622,667237,shop_1,orange-power,can,330ml,0.62,30715
3787,31/07/15,Athens,37.97945,23.71622,667237,shop_1,orange-power,can,330ml,0.6,39857
3876,31/08/15,Athens,37.97945,23.71622,667237,shop_1,orange-power,can,330ml,0.42,58645
4041,30/09/15,Athens,37.97945,23.71622,667237,shop_1,orange-power,can,330ml,0.52,37365
4126,31/10/15,Athens,37.97945,23.71622,667237,shop_1,orange-power,can,330ml,0.66,14076
4146,30/11/15,Athens,37.97945,23.71622,667237,shop_1,orange-power,can,330ml,0.49,31457
4236,31/12/15,Athens,37.97945,23.71622,667237,shop_1,orange-power,can,330ml,0.33,48586
4326,31/01/16,Athens,37.97945,23.71622,665102,shop_1,orange-power,can,330ml,0.52,29667
4415,29/02/16,Athens,37.97945,23.71622,665102,shop_1,orange-power,can,330ml,0.51,23151
7,31/01/12,Athens,37.97945,23.71622,672130,shop_1,gazoza,glass,500ml,0.49,44734
96,29/02/12,Athens,37.97945,23.71622,672130,shop_1,gazoza,glass,500ml,0.73,11362
186,31/03/12,Athens,37.97945,23.71622,672130,shop_1,gazoza,glass,500ml,0.65,30816
278,30/04/12,Athens,37.97945,23.71622,672130,shop_1,gazoza,glass,500ml,0.5,52986
368,31/05/12,Athens,37.97945,23.71622,672130,shop_1,gazoza,glass,500ml,0.67,34211
524,30/06/12,Athens,37.97945,23.71622,672130,shop_1,gazoza,glass,500ml,0.54,60876
547,31/07/12,Athens,37.97945,23.71622,672130,shop_1,gazoza,glass,500ml,0.43,91220
636,31/08/12,Athens,37.97945,23.71622,672130,shop_1,gazoza,glass,500ml,0.72,26581
728,30/09/12,Athens,37.97945,23.71622,672130,shop_1,gazoza,glass,500ml,0.65,31812
895,31/10/12,Athens,37.97945,23.71622,672130,shop_1,gazoza,glass,500ml,0.51,57395
909,30/11/12,Athens,37.97945,23.71622,672130,shop_1,gazoza,glass,500ml,0.5,49775
997,31/12/12,Athens,37.97945,23.71622,672130,shop_1,gazoza,glass,500ml,0.63,27331
1089,31/01/13,Athens,37.97945,23.71622,671022,shop_1,gazoza,glass,500ml,0.68,26337
1176,28/02/13,Athens,37.97945,23.71622,671022,shop_1,gazoza,glass,500ml,0.64,18299
1267,31/03/13,Athens,37.97945,23.71622,671022,shop_1,gazoza,glass,500ml,0.52,47421
1358,30/04/13,Athens,37.97945,23.71622,671022,shop_1,gazoza,glass,500ml,0.54,49301
1448,31/05/13,Athens,37.97945,23.71622,671022,shop_1,gazoza,glass,500ml,0.64,40590
1601,30/06/13,Athens,37.97945,23.71622,671022,shop_1,gazoza,glass,500ml,0.64,45837
1626,31/07/13,Athens,37.97945,23.71622,671022,shop_1,gazoza,glass,500ml,0.67,48089
1717,31/08/13,Athens,37.97945,23.71622,671022,shop_1,gazoza,glass,500ml,0.46,64222
1808,30/09/13,Athens,37.97945,23.71622,671022,shop_1,gazoza,glass,500ml,0.46,56871
1976,31/10/13,Athens,37.97945,23.71622,671022,shop_1,gazoza,glass,500ml,0.57,49672
2059,30/11/13,Athens,37.97945,23.71622,671022,shop_1,gazoza,glass,500ml,0.54,46315
2076,31/12/13,Athens,37.97945,23.71622,671022,shop_1,gazoza,glass,500ml,0.58,33425
2168,31/01/14,Athens,37.97945,23.71622,668203,shop_1,gazoza,glass,500ml,0.63,32982
2256,28/02/14,Athens,37.97945,23.71622,668203,shop_1,gazoza,glass,500ml,0.61,20855
2348,31/03/14,Athens,37.97945,23.71622,668203,shop_1,gazoza,glass,500ml,0.6,40042
2439,30/04/14,Athens,37.97945,23.71622,668203,shop_1,gazoza,glass,500ml,0.54,51178
2529,31/05/14,Athens,37.97945,23.71622,668203,shop_1,gazoza,glass,500ml,0.56,54015
2618,30/06/14,Athens,37.97945,23.71622,668203,shop_1,gazoza,glass,500ml,0.66,44511
2707,31/07/14,Athens,37.97945,23.71622,668203,shop_1,gazoza,glass,500ml,0.7,44527
2795,31/08/14,Athens,37.97945,23.71622,668203,shop_1,gazoza,glass,500ml,0.59,47669
2888,30/09/14,Athens,37.97945,23.71622,668203,shop_1,gazoza,glass,500ml,0.61,40121
2977,31/10/14,Athens,37.97945,23.71622,668203,shop_1,gazoza,glass,500ml,0.68,36652
3066,30/11/14,Athens,37.97945,23.71622,668203,shop_1,gazoza,glass,500ml,0.75,23035
3156,31/12/14,Athens,37.97945,23.71622,668203,shop_1,gazoza,glass,500ml,0.49,43649
3338,28/02/15,Athens,37.97945,23.71622,667237,shop_1,gazoza,glass,500ml,0.55,25397
3429,31/03/15,Athens,37.97945,23.71622,667237,shop_1,gazoza,glass,500ml,0.64,36611
3518,30/04/15,Athens,37.97945,23.71622,667237,shop_1,gazoza,glass,500ml,0.77,23206
3678,31/05/15,Athens,37.97945,23.71622,667237,shop_1,gazoza,glass,500ml,0.56,56241
3699,30/06/15,Athens,37.97945,23.71622,667237,shop_1,gazoza,glass,500ml,0.59,58662
3788,31/07/15,Athens,37.97945,23.71622,667237,shop_1,gazoza,glass,500ml,0.56,72618
3877,31/08/15,Athens,37.97945,23.71622,667237,shop_1,gazoza,glass,500ml,0.58,51050
3966,30/09/15,Athens,37.97945,23.71622,667237,shop_1,gazoza,glass,500ml,0.79,20328
4128,31/10/15,Athens,37.97945,23.71622,667237,shop_1,gazoza,glass,500ml,0.53,58570
4212,30/11/15,Athens,37.97945,23.71622,667237,shop_1,gazoza,glass,500ml,0.62,39658
4309,31/12/15,Athens,37.97945,23.71622,667237,shop_1,gazoza,glass,500ml,0.78,17268
4327,31/01/16,Athens,37.97945,23.71622,665102,shop_1,gazoza,glass,500ml,0.71,27536
4492,29/02/16,Athens,37.97945,23.71622,665102,shop_1,gazoza,glass,500ml,0.52,27892
