train.csv
id,date,city,lat,long,pop,shop,brand,container,capacity,price,quantity
8,31/01/12,Athens,37.97945,23.71622,672130,shop_1,lemon-boost,glass,500ml,0.7,18623
99,29/02/12,Athens,37.97945,23.71622,672130,shop_1,lemon-boost,glass,500ml,0.7,17446
264,31/03/12,Athens,37.97945,23.71622,672130,shop_1,lemon-boost,glass,500ml,0.73,22825
281,30/04/12,Athens,37.97945,23.71622,672130,shop_1,lemon-boost,glass,500ml,0.93,19119
370,31/05/12,Athens,37.97945,23.71622,672130,shop_1,lemon-boost,glass,500ml,0.65,27931
457,30/06/12,Athens,37.97945,23.71622,672130,shop_1,lemon-boost,glass,500ml,0.85,28187
550,31/07/12,Athens,37.97945,23.71622,672130,shop_1,lemon-boost,glass,500ml,0.87,37102
708,31/08/12,Athens,37.97945,23.71622,672130,shop_1,lemon-boost,glass,500ml,1.03,22849
731,30/09/12,Athens,37.97945,23.71622,672130,shop_1,lemon-boost,glass,500ml,0.97,19504
820,31/10/12,Athens,37.97945,23.71622,672130,shop_1,lemon-boost,glass,500ml,0.92,14355
911,30/11/12,Athens,37.97945,23.71622,672130,shop_1,lemon-boost,glass,500ml,1.05,12886
1000,31/12/12,Athens,37.97945,23.71622,672130,shop_1,lemon-boost,glass,500ml,1,13161
1092,31/01/13,Athens,37.97945,23.71622,671022,shop_1,lemon-boost,glass,500ml,0.97,12802
1179,28/02/13,Athens,37.97945,23.71622,671022,shop_1,lemon-boost,glass,500ml,1.15,8249
1270,31/03/13,Athens,37.97945,23.71622,671022,shop_1,lemon-boost,glass,500ml,0.93,17496
1361,30/04/13,Athens,37.97945,,671022,shop_1,lemon-boost,glass,500ml,0.98,17899
1449,31/05/13,Athens,37.97945,23.71622,671022,shop_1,lemon-boost,glass,500ml,0.94,19053
1605,30/06/13,Athens,37.97945,23.71622,671022,shop_1,lemon-boost,glass,500ml,0.85,28908
1701,31/07/13,Athens,37.97945,23.71622,671022,shop_1,lemon-boost,glass,500ml,1.01,30264
1719,31/08/13,Athens,37.97945,23.71622,671022,shop_1,lemon-boost,glass,500ml,0.89,30164
1879,30/09/13,Athens,37.97945,23.71622,671022,shop_1,lemon-boost,glass,500ml,0.86,23989
1899,31/10/13,Athens,37.97945,23.71622,671022,shop_1,lemon-boost,glass,500ml,1.08,11087
1988,30/11/13,Athens,37.97945,23.71622,671022,shop_1,lemon-boost,glass,500ml,1.02,14310
2079,31/12/13,Athens,37.97945,23.71622,671022,shop_1,lemon-boost,glass,500ml,1.07,11968
2171,31/01/14,Athens,37.97945,23.71622,668203,shop_1,lemon-boost,glass,500ml,1.1,10410
2259,28/02/14,Athens,37.97945,23.71622,668203,shop_1,lemon-boost,glass,500ml,0.81,15738
2351,31/03/14,Athens,37.97945,23.71622,668203,shop_1,lemon-boost,glass,500ml,0.84,20617
2442,30/04/14,Athens,37.97945,23.71622,668203,shop_1,lemon-boost,glass,500ml,1.03,17073
2532,31/05/14,Athens,37.97945,23.71622,668203,shop_1,lemon-boost,glass,500ml,0.98,18628
2621,30/06/14,Athens,37.97945,23.71622,668203,shop_1,lemon-boost,glass,500ml,0.68,36834
2709,31/07/14,Athens,37.97945,23.71622,668203,shop_1,lemon-boost,glass,500ml,1.06,28449
2798,31/08/14,Athens,37.97945,23.71622,668203,shop_1,lemon-boost,glass,500ml,0.83,33957
2959,30/09/14,Athens,37.97945,23.71622,668203,shop_1,lemon-boost,glass,500ml,1.04,18530
2980,31/10/14,Athens,37.97945,23.71622,668203,shop_1,lemon-boost,glass,500ml,0.97,14147
3068,30/11/14,Athens,37.97945,23.71622,668203,shop_1,lemon-boost,glass,500ml,0.93,17275
3159,31/12/14,Athens,37.97945,23.71622,668203,shop_1,lemon-boost,glass,500ml,0.9,16781
3248,31/01/15,Athens,37.97945,23.71622,667237,shop_1,lemon-boost,glass,500ml,0.87,15829
3340,28/02/15,Athens,37.97945,23.71622,667237,shop_1,lemon-boost,glass,500ml,1.06,11063
3432,31/03/15,Athens,37.97945,23.71622,667237,shop_1,lemon-boost,glass,500ml,0.83,21402
3596,30/04/15,Athens,37.97945,23.71622,667237,shop_1,lemon-boost,glass,500ml,0.88,22631
3676,31/05/15,Athens,37.97945,23.71622,667237,shop_1,lemon-boost,glass,500ml,1.13,14545
3702,30/06/15,Athens,37.97945,23.71622,667237,shop_1,lemon-boost,glass,500ml,1.16,17943
3857,31/07/15,Athens,37.97945,23.71622,667237,shop_1,lemon-boost,glass,500ml,0.87,40284
3880,31/08/15,Athens,37.97945,23.71622,667237,shop_1,lemon-boost,glass,500ml,1.03,25660
4042,30/09/15,Athens,37.97945,23.71622,667237,shop_1,lemon-boost,glass,500ml,1.01,20461
4136,31/10/15,Athens,37.97945,23.71622,667237,shop_1,lemon-boost,glass,500ml,1.02,13541
4148,30/11/15,Athens,37.97945,23.71622,667237,shop_1,lemon-boost,glass,500ml,0.94,17530
4239,31/12/15,Athens,37.97945,23.71622,667237,shop_1,lemon-boost,glass,500ml,1.01,14536
4330,31/01/16,Athens,37.97945,23.71622,665102,shop_1,lemon-boost,glass,500ml,1.19,9521
4418,29/02/16,Athens,37.97945,23.71622,665102,shop_1,lemon-boost,glass,500ml,1.18,9079
9,31/01/12,Athens,37.97945,23.71622,672130,shop_1,lemon-boost,plastic,1.5lt,2.21,9645
100,29/02/12,Athens,37.97945,23.71622,672130,shop_1,lemon-boost,plastic,1.5lt,2.16,7515
187,31/03/12,Athens,37.97945,23.71622,672130,shop_1,lemon-boost,plastic,1.5lt,1.81,14927
282,30/04/12,Athens,37.97945,23.71622,672130,shop_1,lemon-boost,plastic,1.5lt,1.27,17780
371,31/05/12,Athens,37.97945,23.71622,672130,shop_1,lemon-boost,plastic,1.5lt,2.68,9979
458,30/06/12,Athens,37.97945,23.71622,672130,shop_1,lemon-boost,plastic,1.5lt,2.46,13487
551,31/07/12,Athens,37.97945,23.71622,672130,shop_1,lemon-boost,plastic,1.5lt,2.69,13063
707,31/08/12,Athens,37.97945,23.71622,672130,shop_1,lemon-boost,plastic,1.5lt,2.2,17793
732,30/09/12,Athens,37.97945,23.71622,672130,shop_1,lemon-boost,plastic,1.5lt,2.19,14417
821,31/10/12,Athens,37.97945,23.71622,672130,shop_1,lemon-boost,plastic,1.5lt,2.3,10322
912,30/11/12,Athens,37.97945,23.71622,672130,shop_1,lemon-boost,plastic,1.5lt,2.28,10380
1001,31/12/12,Athens,37.97945,23.71622,672130,shop_1,lemon-boost,plastic,1.5lt,1.96,13239
1093,31/01/13,Athens,37.97945,23.71622,671022,shop_1,lemon-boost,plastic,1.5lt,1.6,13822
1180,28/02/13,Athens,37.97945,23.71622,671022,shop_1,lemon-boost,plastic,1.5lt,3.17,2953
1271,31/03/13,Athens,37.97945,23.71622,671022,shop_1,lemon-boost,plastic,1.5lt,1.65,16553
1362,30/04/13,Athens,37.97945,23.71622,671022,shop_1,lemon-boost,plastic,1.5lt,2.62,8335
1450,31/05/13,Athens,37.97945,23.71622,671022,shop_1,lemon-boost,plastic,1.5lt,1.33,23451
1539,30/06/13,Athens,37.97945,23.71622,671022,shop_1,lemon-boost,plastic,1.5lt,1.9,20064
1628,31/07/13,Athens,37.97945,23.71622,671022,shop_1,lemon-boost,plastic,1.5lt,2,22579
1720,31/08/13,Athens,37.97945,23.71622,671022,shop_1,lemon-boost,plastic,1.5lt,2.08,19798
1810,30/09/13,Athens,37.97945,23.71622,671022,shop_1,lemon-boost,plastic,1.5lt,1.57,20747
1900,31/10/13,Athens,37.97945,23.71622,671022,shop_1,lemon-boost,plastic,1.5lt,1.68,15131
1989,30/11/13,Athens,37.97945,23.71622,671022,shop_1,lemon-boost,plastic,1.5lt,1.87,13639
2145,31/12/13,Athens,37.97945,23.71622,671022,shop_1,lemon-boost,plastic,1.5lt,2.03,13040
2172,31/01/14,Athens,37.97945,23.71622,668203,shop_1,lemon-boost,plastic,1.5lt,2.33,9489
2260,28/02/14,Athens,37.97945,23.71622,668203,shop_1,lemon-boost,plastic,1.5lt,1.42,11451
2352,31/03/14,Athens,37.97945,23.71622,668203,shop_1,lemon-boost,plastic,1.5lt,2.17,12854
2443,30/04/14,Athens,37.97945,23.71622,668203,shop_1,lemon-boost,plastic,1.5lt,2.35,10607
2533,31/05/14,Athens,37.97945,23.71622,668203,shop_1,lemon-boost,plastic,1.5lt,1.8,19306
2622,30/06/14,Athens,37.97945,23.71622,668203,shop_1,lemon-boost,plastic,1.5lt,2.03,19194
2710,31/07/14,Athens,37.97945,23.71622,668203,shop_1,lemon-boost,plastic,1.5lt,2.32,19203
2799,31/08/14,Athens,37.97945,23.71622,668203,shop_1,lemon-boost,plastic,1.5lt,2.07,20451
2890,30/09/14,Athens,,,668203,shop_1,lemon-boost,plastic,1.5lt,2.49,12589
2981,31/10/14,Athens,37.97945,23.71622,668203,shop_1,lemon-boost,plastic,1.5lt,1.45,17043
3069,30/11/14,Athens,37.97945,23.71622,668203,shop_1,lemon-boost,plastic,1.5lt,1.79,14487
3160,31/12/14,Athens,37.97945,23.71622,668203,shop_1,lemon-boost,plastic,1.5lt,2.24,11843
3249,31/01/15,Athens,37.97945,23.71622,667237,shop_1,lemon-boost,plastic,1.5lt,1.28,16158
3341,28/02/15,Athens,37.97945,23.71622,667237,shop_1,lemon-boost,plastic,1.5lt,3.21,3384
3433,31/03/15,Athens,37.97945,23.71622,667237,shop_1,lemon-boost,plastic,1.5lt,2.06,13993
3521,30/04/15,Athens,37.97945,23.71622,667237,shop_1,lemon-boost,plastic,1.5lt,1.73,15232
3609,31/05/15,Athens,37.97945,23.71622,667237,shop_1,lemon-boost,plastic,1.5lt,1.97,18109
3703,30/06/15,Athens,37.97945,23.71622,667237,shop_1,lemon-boost,plastic,1.5lt,1.73,22621
3791,31/07/15,Athens,37.97945,,667237,shop_1,lemon-boost,plastic,1.5lt,1.57,28896
3881,31/08/15,Athens,37.97945,23.71622,667237,shop_1,lemon-boost,plastic,1.5lt,1.57,26573
3969,30/09/15,Athens,37.97945,23.71622,667237,shop_1,lemon-boost,plastic,1.5lt,1.21,24569
4060,31/10/15,Athens,37.97945,23.71622,667237,shop_1,lemon-boost,plastic,1.5lt,2.78,8080
4149,30/11/15,Athens,37.97945,23.71622,667237,shop_1,lemon-boost,plastic,1.5lt,2.55,9573
4240,31/12/15,Athens,37.97945,23.71622,667237,shop_1,lemon-boost,plastic,1.5lt,0.5,24603
4331,31/01/16,Athens,37.97945,23.71622,665102,shop_1,lemon-boost,plastic,1.5lt,1.35,15926
4419,29/02/16,Athens,37.97945,23.71622,665102,shop_1,lemon-boost,plastic,1.5lt,1.15,12939
10,31/01/12,Athens,37.97945,23.71622,672130,shop_1,lemon-boost,can,330ml,0.52,19818
101,29/02/12,Athens,37.97945,23.71622,672130,shop_1,lemon-boost,can,330ml,0.56,16815
188,31/03/12,Athens,37.97945,23.71622,672130,shop_1,lemon-boost,can,330ml,0.59,18032
283,30/04/12,Athens,37.97945,23.71622,672130,shop_1,lemon-boost,can,330ml,0.22,51198
372,31/05/12,Athens,37.97945,23.71622,672130,shop_1,lemon-boost,can,330ml,0.61,27252
528,30/06/12,Athens,37.97945,23.71622,672130,shop_1,lemon-boost,can,330ml,0.5,32489
552,31/07/12,Athens,37.97945,23.71622,672130,shop_1,lemon-boost,can,330ml,0.65,24706
705,31/08/12,Athens,37.97945,23.71622,672130,shop_1,lemon-boost,can,330ml,0.51,34484
733,30/09/12,Athens,37.97945,23.71622,672130,shop_1,lemon-boost,can,330ml,0.41,34028
822,31/10/12,Athens,37.97945,23.71622,672130,shop_1,lemon-boost,can,330ml,0.67,12920
989,30/11/12,Athens,37.97945,23.71622,672130,shop_1,lemon-boost,can,330ml,0.43,25095
1002,31/12/12,Athens,37.97945,23.71622,672130,shop_1,lemon-boost,can,330ml,0.74,10409
1094,31/01/13,Athens,37.97945,23.71622,671022,shop_1,lemon-boost,can,330ml,0.52,20164
1258,28/02/13,Athens,37.97945,23.71622,671022,shop_1,lemon-boost,can,330ml,0.45,22493
1272,31/03/13,Athens,37.97945,23.71622,671022,shop_1,lemon-boost,can,330ml,0.61,17492
1428,30/04/13,Athens,37.97945,23.71622,671022,shop_1,lemon-boost,can,330ml,0.63,21727
1451,31/05/13,Athens,37.97945,23.71622,671022,shop_1,lemon-boost,can,330ml,0.53,34865
1540,30/06/13,Athens,37.97945,23.71622,671022,shop_1,lemon-boost,can,330ml,0.41,39973
1703,31/07/13,Athens,37.97945,23.71622,671022,shop_1,lemon-boost,can,330ml,0.55,35691
1721,31/08/13,Athens,37.97945,23.71622,671022,shop_1,lemon-boost,can,330ml,0.57,30431
1880,30/09/13,Athens,37.97945,23.71622,671022,shop_1,lemon-boost,can,330ml,0.33,40244
1901,31/10/13,Athens,37.97945,23.71622,671022,shop_1,lemon-boost,can,330ml,0.25,35888
1990,30/11/13,Athens,37.97945,23.71622,671022,shop_1,lemon-boost,can,330ml,0.55,19281
2080,31/12/13,Athens,37.97945,23.71622,671022,shop_1,lemon-boost,can,330ml,0.5,25445
2173,31/01/14,Athens,37.97945,23.71622,668203,shop_1,lemon-boost,can,330ml,0.6,16946
2261,28/02/14,Athens,37.97945,23.71622,668203,shop_1,lemon-boost,can,330ml,0.59,16678
2353,31/03/14,Athens,37.97945,23.71622,668203,shop_1,lemon-boost,can,330ml,0.4,29146
2444,30/04/14,Athens,37.97945,23.71622,668203,shop_1,lemon-boost,can,330ml,0.47,34192
2534,31/05/14,Athens,37.97945,23.71622,668203,shop_1,lemon-boost,can,330ml,0.29,56011
2623,30/06/14,Athens,37.97945,23.71622,668203,shop_1,lemon-boost,can,330ml,0.63,24498
2711,31/07/14,Athens,37.97945,23.71622,668203,shop_1,lemon-boost,can,330ml,0.44,46080
2800,31/08/14,Athens,37.97945,23.71622,668203,shop_1,lemon-boost,can,330ml,0.62,26873
2891,30/09/14,Athens,37.97945,23.71622,668203,shop_1,lemon-boost,can,330ml,0.48,31083
2982,31/10/14,Athens,37.97945,23.71622,668203,shop_1,lemon-boost,can,330ml,0.62,16957
3146,30/11/14,Athens,37.97945,23.71622,668203,shop_1,lemon-boost,can,330ml,0.34,30151
3216,31/12/14,Athens,37.97945,23.71622,668203,shop_1,lemon-boost,can,330ml,0.45,28800
3250,31/01/15,Athens,37.97945,23.71622,667237,shop_1,lemon-boost,can,330ml,0.56,19426
3342,28/02/15,Athens,37.97945,23.71622,667237,shop_1,lemon-boost,can,330ml,0.54,19385
3434,31/03/15,Athens,37.97945,23.71622,667237,shop_1,lemon-boost,can,330ml,0.48,25774
3522,30/04/15,Athens,37.97945,23.71622,667237,shop_1,lemon-boost,can,330ml,0.62,24176
3689,31/05/15,Athens,37.97945,23.71622,667237,shop_1,lemon-boost,can,330ml,0.56,34355
3704,30/06/15,Athens,37.97945,23.71622,667237,shop_1,lemon-boost,can,330ml,0.56,30584
3792,31/07/15,Athens,37.97945,23.71622,667237,shop_1,lemon-boost,can,330ml,0.53,38832
3882,31/08/15,Athens,37.97945,23.71622,667237,shop_1,lemon-boost,can,330ml,0.53,35375
3970,30/09/15,Athens,37.97945,23.71622,667237,shop_1,lemon-boost,can,330ml,0.69,18137
4061,31/10/15,Athens,37.97945,23.71622,667237,shop_1,lemon-boost,can,330ml,0.61,18230
4225,30/11/15,Athens,37.97945,23.71622,667237,shop_1,lemon-boost,can,330ml,0.44,26082
4241,31/12/15,Athens,37.97945,23.71622,667237,shop_1,lemon-boost,can,330ml,0.59,21493
4332,31/01/16,Athens,37.97945,23.71622,665102,shop_1,lemon-boost,can,330ml,0.64,16423
4420,29/02/16,Athens,37.97945,23.71622,665102,shop_1,lemon-boost,can,330ml,0.51,21295
11,31/01/12,Irakleion,35.32787,25.14341,134219,shop_2,kinder-cola,glass,500ml,1.51,8943
102,29/02/12,Irakleion,35.32787,25.14341,134219,shop_2,kinder-cola,glass,500ml,1.25,10413
189,31/03/12,Irakleion,35.32787,25.14341,134219,shop_2,kinder-cola,glass,500ml,1.18,14321
284,30/04/12,Irakleion,35.32787,25.14341,134219,shop_2,kinder-cola,glass,500ml,1.11,19344
438,31/05/12,Irakleion,35.32787,25.14341,134219,shop_2,kinder-cola,glass,500ml,1.35,16387
459,30/06/12,Irakleion,35.32787,25.14341,134219,shop_2,kinder-cola,glass,500ml,1.41,18822
624,31/07/12,Irakleion,35.32787,25.14341,134219,shop_2,kinder-cola,glass,500ml,1.25,25261
638,31/08/12,Irakleion,35.32787,25.14341,134219,shop_2,kinder-cola,glass,500ml,1.3,17352
734,30/09/12,Irakleion,35.32787,25.14341,134219,shop_2,kinder-cola,glass,500ml,1.08,18163
823,31/10/12,Irakleion,35.32787,25.14341,134219,shop_2,kinder-cola,glass,500ml,1.1,16483
913,30/11/12,Irakleion,35.32787,25.14341,134219,shop_2,kinder-cola,glass,500ml,1.18,17534
1003,31/12/12,Irakleion,35.32787,25.14341,134219,shop_2,kinder-cola,glass,500ml,1.05,20746
1095,31/01/13,Irakleion,35.32787,25.14341,135432,shop_2,kinder-cola,glass,500ml,1.28,12802
1181,28/02/13,Irakleion,35.32787,25.14341,135432,shop_2,kinder-cola,glass,500ml,1.36,9520
1273,31/03/13,Irakleion,35.32787,25.14341,135432,shop_2,kinder-cola,glass,500ml,1.24,13835
1363,30/04/13,Irakleion,35.32787,25.14341,135432,shop_2,kinder-cola,glass,500ml,1.16,18847
1452,31/05/13,Irakleion,35.32787,25.14341,135432,shop_2,kinder-cola,glass,500ml,1.02,24073
1541,30/06/13,Irakleion,35.32787,25.14341,135432,shop_2,kinder-cola,glass,500ml,1.39,20405
1629,31/07/13,Irakleion,35.32787,25.14341,135432,shop_2,kinder-cola,glass,500ml,1.14,29287
1722,31/08/13,Irakleion,35.32787,25.14341,135432,shop_2,kinder-cola,glass,500ml,1.26,18761
1811,30/09/13,Irakleion,35.32787,25.14341,135432,shop_2,kinder-cola,glass,500ml,1.22,16191
1902,31/10/13,Irakleion,35.32787,25.14341,135432,shop_2,kinder-cola,glass,500ml,1.25,14583
2063,30/11/13,Irakleion,35.32787,25.14341,135432,shop_2,kinder-cola,glass,500ml,1.46,12851
2081,31/12/13,Irakleion,35.32787,25.14341,135432,shop_2,kinder-cola,glass,500ml,1.5,12571
2245,31/01/14,Irakleion,35.32787,25.14341,136202,shop_2,kinder-cola,glass,500ml,1.19,14566
2262,28/02/14,Irakleion,35.32787,25.14341,136202,shop_2,kinder-cola,glass,500ml,1.36,9863
2354,31/03/14,Irakleion,35.32787,25.14341,136202,shop_2,kinder-cola,glass,500ml,1.19,14928
2445,30/04/14,Irakleion,,25.14341,136202,shop_2,kinder-cola,glass,500ml,1.26,17400
2535,31/05/14,Irakleion,35.32787,25.14341,136202,shop_2,kinder-cola,glass,500ml,1.28,19242
2624,30/06/14,Irakleion,35.32787,25.14341,136202,shop_2,kinder-cola,glass,500ml,1.07,29657
2712,31/07/14,Irakleion,35.32787,25.14341,136202,shop_2,kinder-cola,glass,500ml,1.33,24579
2801,31/08/14,Irakleion,35.32787,25.14341,136202,shop_2,kinder-cola,glass,500ml,1.15,21652
2892,30/09/14,Irakleion,35.32787,25.14341,136202,shop_2,kinder-cola,glass,500ml,1.3,15171
2983,31/10/14,Irakleion,35.32787,25.14341,136202,shop_2,kinder-cola,glass,500ml,1.48,11369
3070,30/11/14,Irakleion,35.32787,25.14341,136202,shop_2,kinder-cola,glass,500ml,1.37,15034
3161,31/12/14,Irakleion,35.32787,25.14341,136202,shop_2,kinder-cola,glass,500ml,0.92,24031
3251,31/01/15,Irakleion,35.32787,,138560,shop_2,kinder-cola,glass,500ml,1.06,16755
3410,28/02/15,Irakleion,35.32787,25.14341,138560,shop_2,kinder-cola,glass,500ml,1.51,8396
3435,31/03/15,Irakleion,35.32787,25.14341,138560,shop_2,kinder-cola,glass,500ml,1.2,15121
3523,30/04/15,Irakleion,35.32787,25.14341,138560,shop_2,kinder-cola,glass,500ml,1.16,19815
3610,31/05/15,Irakleion,35.32787,25.14341,138560,shop_2,kinder-cola,glass,500ml,1.42,16917
3705,30/06/15,Irakleion,35.32787,25.14341,138560,shop_2,kinder-cola,glass,500ml,1.25,25378
3853,31/07/15,Irakleion,35.32787,25.14341,138560,shop_2,kinder-cola,glass,500ml,1.07,32664
3883,31/08/15,Irakleion,35.32787,25.14341,138560,shop_2,kinder-cola,glass,500ml,1.27,19581
3971,30/09/15,Irakleion,35.32787,25.14341,138560,shop_2,kinder-cola,glass,500ml,1.19,17525
4129,31/10/15,Irakleion,35.32787,25.14341,138560,shop_2,kinder-cola,glass,500ml,0.94,20111
4150,30/11/15,Irakleion,35.32787,25.14341,138560,shop_2,kinder-cola,glass,500ml,1.49,13479
4312,31/12/15,Irakleion,35.32787,25.14341,138560,shop_2,kinder-cola,glass,500ml,1.26,18240
4333,31/01/16,Irakleion,35.32787,25.14341,137302,shop_2,kinder-cola,glass,500ml,1.37,12787
4421,29/02/16,Irakleion,35.32787,25.14341,137302,shop_2,kinder-cola,glass,500ml,1.49,9060
