train.csv
id,date,city,lat,long,pop,shop,brand,container,capacity,price,quantity
12,31/01/12,Irakleion,35.32787,25.14341,134219,shop_2,kinder-cola,plastic,1.5lt,1.62,15073
103,29/02/12,Irakleion,35.32787,25.14341,134219,shop_2,kinder-cola,plastic,1.5lt,2.34,9527
190,31/03/12,Irakleion,35.32787,25.14341,134219,shop_2,kinder-cola,plastic,1.5lt,2.72,11422
285,30/04/12,Irakleion,35.32787,25.14341,134219,shop_2,kinder-cola,plastic,1.5lt,3.3,11857
442,31/05/12,Irakleion,35.32787,25.14341,134219,shop_2,kinder-cola,plastic,1.5lt,2.49,18026
460,30/06/12,Irakleion,35.32787,25.14341,134219,shop_2,kinder-cola,plastic,1.5lt,3.46,12345
553,31/07/12,Irakleion,35.32787,25.14341,134219,shop_2,kinder-cola,plastic,1.5lt,3.17,17780
639,31/08/12,Irakleion,35.32787,25.14341,134219,shop_2,kinder-cola,plastic,1.5lt,3.52,12146
735,30/09/12,Irakleion,35.32787,25.14341,134219,shop_2,kinder-cola,plastic,1.5lt,2.78,13776
824,31/10/12,Irakleion,35.32787,25.14341,134219,shop_2,kinder-cola,plastic,1.5lt,3.42,9484
914,30/11/12,Irakleion,35.32787,25.14341,134219,shop_2,kinder-cola,plastic,1.5lt,3.88,6723
1004,31/12/12,Irakleion,35.32787,25.14341,134219,shop_2,kinder-cola,plastic,1.5lt,3.24,11276
1096,31/01/13,Irakleion,35.32787,25.14341,135432,shop_2,kinder-cola,plastic,1.5lt,4.02,6082
1182,28/02/13,Irakleion,35.32787,25.14341,135432,shop_2,kinder-cola,plastic,1.5lt,2.61,8891
1274,31/03/13,Irakleion,35.32787,25.14341,135432,shop_2,kinder-cola,plastic,1.5lt,2.86,11093
1364,30/04/13,Irakleion,35.32787,25.14341,135432,shop_2,kinder-cola,plastic,1.5lt,3.76,9783
1453,31/05/13,Irakleion,35.32787,25.14341,135432,shop_2,kinder-cola,plastic,1.5lt,3.77,10871
1542,30/06/13,Irakleion,35.32787,25.14341,135432,shop_2,kinder-cola,plastic,1.5lt,2.81,16680
1630,31/07/13,Irakleion,35.32787,25.14341,135432,shop_2,kinder-cola,plastic,1.5lt,2.8,21121
1723,31/08/13,Irakleion,35.32787,25.14341,135432,shop_2,kinder-cola,plastic,1.5lt,2.37,19538
1812,30/09/13,Irakleion,35.32787,25.14341,135432,shop_2,kinder-cola,plastic,1.5lt,3.8,9023
1903,31/10/13,Irakleion,35.32787,25.14341,135432,shop_2,kinder-cola,plastic,1.5lt,2.26,14978
1991,30/11/13,Irakleion,35.32787,25.14341,135432,shop_2,kinder-cola,plastic,1.5lt,2.43,12954
2082,31/12/13,Irakleion,35.32787,25.14341,135432,shop_2,kinder-cola,plastic,1.5lt,3.52,10273
2174,31/01/14,Irakleion,35.32787,25.14341,136202,shop_2,kinder-cola,plastic,1.5lt,3.09,9874
2328,28/02/14,Irakleion,35.32787,25.14341,136202,shop_2,kinder-cola,plastic,1.5lt,3.18,7411
2355,31/03/14,Irakleion,35.32787,25.14341,136202,shop_2,kinder-cola,plastic,1.5lt,3.35,9418
2446,30/04/14,Irakleion,35.32787,25.14341,136202,shop_2,kinder-cola,plastic,1.5lt,1.77,20481
2536,31/05/14,Irakleion,35.32787,25.14341,136202,shop_2,kinder-cola,plastic,1.5lt,2.88,16453
2625,30/06/14,Irakleion,35.32787,25.14341,136202,shop_2,kinder-cola,plastic,1.5lt,2.71,17623
2780,31/07/14,Irakleion,35.32787,25.14341,136202,shop_2,kinder-cola,plastic,1.5lt,4.14,11719
2867,31/08/14,Irakleion,35.32787,25.14341,136202,shop_2,kinder-cola,plastic,1.5lt,3.41,13717
2965,30/09/14,Irakleion,35.32787,25.14341,136202,shop_2,kinder-cola,plastic,1.5lt,3.21,12293
3054,31/10/14,Irakleion,35.32787,25.14341,136202,shop_2,kinder-cola,plastic,1.5lt,2.51,14091
3071,30/11/14,Irakleion,35.32787,25.14341,136202,shop_2,kinder-cola,plastic,1.5lt,2.03,14750
3162,31/12/14,Irakleion,35.32787,25.14341,136202,shop_2,kinder-cola,plastic,1.5lt,1.96,18099
3323,31/01/15,Irakleion,35.32787,25.14341,138560,shop_2,kinder-cola,plastic,1.5lt,2.68,11627
3343,28/02/15,Irakleion,35.32787,25.14341,138560,shop_2,kinder-cola,plastic,1.5lt,3.66,6238
3436,31/03/15,Irakleion,35.32787,25.14341,138560,shop_2,kinder-cola,plastic,1.5lt,3.23,10145
3524,30/04/15,Irakleion,35.32787,25.14341,138560,shop_2,kinder-cola,plastic,1.5lt,3.22,13365
3683,31/05/15,Irakleion,35.32787,25.14341,138560,shop_2,kinder-cola,plastic,1.5lt,3.09,15611
3706,30/06/15,Irakleion,35.32787,25.14341,138560,shop_2,kinder-cola,plastic,1.5lt,3.39,14073
3793,31/07/15,Irakleion,35.32787,25.14341,138560,shop_2,kinder-cola,plastic,1.5lt,3.38,17852
3950,31/08/15,Irakleion,35.32787,25.14341,138560,shop_2,kinder-cola,plastic,1.5lt,3,16506
3972,30/09/15,Irakleion,35.32787,25.14341,138560,shop_2,kinder-cola,plastic,1.5lt,2.88,14182
4062,31/10/15,Irakleion,35.32787,25.14341,138560,shop_2,kinder-cola,plastic,1.5lt,3.28,11063
4151,30/11/15,Irakleion,35.32787,25.14341,138560,shop_2,kinder-cola,plastic,1.5lt,2.94,11387
4314,31/12/15,Irakleion,35.32787,25.14341,138560,shop_2,kinder-cola,plastic,1.5lt,4.14,8084
4334,31/01/16,Irakleion,35.32787,25.14341,137302,shop_2,kinder-cola,plastic,1.5lt,3.24,9823
4422,29/02/16,Irakleion,35.32787,25.14341,137302,shop_2,kinder-cola,plastic,1.5lt,3.5,6910
13,31/01/12,Irakleion,35.32787,25.14341,134219,shop_2,kinder-cola,can,330ml,0.91,11174
104,29/02/12,Irakleion,35.32787,25.14341,134219,shop_2,kinder-cola,can,330ml,0.89,7156
191,31/03/12,Irakleion,35.32787,25.14341,134219,shop_2,kinder-cola,can,330ml,0.65,20461
286,30/04/12,Irakleion,35.32787,25.14341,134219,shop_2,kinder-cola,can,330ml,0.66,22812
373,31/05/12,Irakleion,35.32787,25.14341,134219,shop_2,kinder-cola,can,330ml,0.7,25923
461,30/06/12,Irakleion,35.32787,25.14341,134219,shop_2,kinder-cola,can,330ml,0.82,26193
554,31/07/12,Irakleion,35.32787,25.14341,134219,shop_2,kinder-cola,can,330ml,0.79,25689
640,31/08/12,Irakleion,35.32787,25.14341,134219,shop_2,kinder-cola,can,330ml,0.87,18083
736,30/09/12,Irakleion,35.32787,25.14341,134219,shop_2,kinder-cola,can,330ml,0.82,15742
825,31/10/12,Irakleion,35.32787,25.14341,134219,shop_2,kinder-cola,can,330ml,0.85,16925
915,30/11/12,Irakleion,35.32787,25.14341,134219,shop_2,kinder-cola,can,330ml,0.99,8404
1005,31/12/12,Irakleion,35.32787,25.14341,134219,shop_2,kinder-cola,can,330ml,0.55,29338
1097,31/01/13,Irakleion,35.32787,25.14341,135432,shop_2,kinder-cola,can,330ml,0.95,10696
1183,28/02/13,Irakleion,35.32787,25.14341,135432,shop_2,kinder-cola,can,330ml,0.83,8479
1275,31/03/13,Irakleion,35.32787,25.14341,135432,shop_2,kinder-cola,can,330ml,0.92,12516
1365,30/04/13,Irakleion,35.32787,25.14341,135432,shop_2,kinder-cola,can,330ml,0.73,20747
1454,31/05/13,Irakleion,35.32787,25.14341,135432,shop_2,kinder-cola,can,330ml,0.56,32104
1543,30/06/13,Irakleion,35.32787,25.14341,135432,shop_2,kinder-cola,can,330ml,0.65,36243
1631,31/07/13,Irakleion,35.32787,25.14341,135432,shop_2,kinder-cola,can,330ml,0.67,32342
1724,31/08/13,Irakleion,35.32787,25.14341,135432,shop_2,kinder-cola,can,330ml,0.83,20516
1813,30/09/13,Irakleion,35.32787,25.14341,135432,shop_2,kinder-cola,can,330ml,0.85,15639
1904,31/10/13,Irakleion,35.32787,25.14341,135432,shop_2,kinder-cola,can,330ml,0.55,28656
1992,30/11/13,Irakleion,35.32787,25.14341,135432,shop_2,kinder-cola,can,330ml,0.76,15185
2148,31/12/13,Irakleion,35.32787,25.14341,135432,shop_2,kinder-cola,can,330ml,0.77,21481
2175,31/01/14,Irakleion,35.32787,25.14341,136202,shop_2,kinder-cola,can,330ml,0.55,22208
2324,28/02/14,Irakleion,35.32787,25.14341,136202,shop_2,kinder-cola,can,330ml,0.74,10374
2421,31/03/14,Irakleion,35.32787,25.14341,136202,shop_2,kinder-cola,can,330ml,0.72,19204
2509,30/04/14,Irakleion,35.32787,25.14341,136202,shop_2,kinder-cola,can,330ml,0.76,20412
2537,31/05/14,Irakleion,35.32787,25.14341,136202,shop_2,kinder-cola,can,330ml,0.99,15235
2626,30/06/14,Irakleion,35.32787,25.14341,136202,shop_2,kinder-cola,can,330ml,0.79,29777
2713,31/07/14,Irakleion,35.32787,25.14341,136202,shop_2,kinder-cola,can,330ml,0.81,26382
2802,31/08/14,Irakleion,35.32787,25.14341,136202,shop_2,kinder-cola,can,330ml,0.8,22290
2893,30/09/14,Irakleion,35.32787,25.14341,136202,shop_2,kinder-cola,can,330ml,0.87,15571
3051,31/10/14,Irakleion,35.32787,25.14341,136202,shop_2,kinder-cola,can,330ml,0.72,23119
3072,30/11/14,Irakleion,35.32787,25.14341,136202,shop_2,kinder-cola,can,330ml,0.68,17612
3163,31/12/14,Irakleion,35.32787,25.14341,136202,shop_2,kinder-cola,can,330ml,0.71,24287
3252,31/01/15,Irakleion,35.32787,25.14341,138560,shop_2,kinder-cola,can,330ml,0.8,15816
3344,28/02/15,Irakleion,,25.14341,138560,shop_2,kinder-cola,can,330ml,0.47,14920
3437,31/03/15,Irakleion,,25.14341,138560,shop_2,kinder-cola,can,330ml,0.99,11613
3525,30/04/15,Irakleion,35.32787,25.14341,138560,shop_2,kinder-cola,can,330ml,0.71,22632
3611,31/05/15,Irakleion,35.32787,25.14341,138560,shop_2,kinder-cola,can,330ml,0.89,19918
3707,30/06/15,Irakleion,35.32787,25.14341,138560,shop_2,kinder-cola,can,330ml,0.82,28913
3794,31/07/15,Irakleion,35.32787,25.14341,138560,shop_2,kinder-cola,can,330ml,0.79,28185
3884,31/08/15,Irakleion,35.32787,25.14341,138560,shop_2,kinder-cola,can,330ml,0.65,28908
3973,30/09/15,Irakleion,35.32787,25.14341,138560,shop_2,kinder-cola,can,330ml,0.68,21725
4135,31/10/15,Irakleion,35.32787,25.14341,138560,shop_2,kinder-cola,can,330ml,0.87,18405
4152,30/11/15,Irakleion,35.32787,25.14341,138560,shop_2,kinder-cola,can,330ml,0.61,19710
4242,31/12/15,Irakleion,35.32787,25.14341,138560,shop_2,kinder-cola,can,330ml,0.67,26147
4335,31/01/16,Irakleion,35.32787,25.14341,137302,shop_2,kinder-cola,can,330ml,0.71,18646
4423,29/02/16,Irakleion,35.32787,25.14341,137302,shop_2,kinder-cola,can,330ml,0.5,14561
14,31/01/12,Irakleion,35.32787,25.14341,134219,shop_2,adult-cola,glass,500ml,1,21063
105,29/02/12,Irakleion,35.32787,25.14341,134219,shop_2,adult-cola,glass,500ml,1.02,15140
192,31/03/12,Irakleion,35.32787,25.14341,134219,shop_2,adult-cola,glass,500ml,1.32,14333
359,30/04/12,Irakleion,35.32787,25.14341,134219,shop_2,adult-cola,glass,500ml,1.1,27765
374,31/05/12,Irakleion,35.32787,25.14341,134219,shop_2,adult-cola,glass,500ml,1.08,28768
462,30/06/12,Irakleion,35.32787,25.14341,134219,shop_2,adult-cola,glass,500ml,1.35,24140
555,31/07/12,Irakleion,35.32787,25.14341,134219,shop_2,adult-cola,glass,500ml,1.06,39938
641,31/08/12,Irakleion,35.32787,25.14341,134219,shop_2,adult-cola,glass,500ml,1.36,22693
737,30/09/12,Irakleion,35.32787,25.14341,134219,shop_2,adult-cola,glass,500ml,1.09,27885
826,31/10/12,Irakleion,35.32787,25.14341,134219,shop_2,adult-cola,glass,500ml,1.13,20320
916,30/11/12,Irakleion,35.32787,25.14341,134219,shop_2,adult-cola,glass,500ml,0.9,29106
1006,31/12/12,Irakleion,35.32787,25.14341,134219,shop_2,adult-cola,glass,500ml,0.93,31221
1098,31/01/13,Irakleion,35.32787,25.14341,135432,shop_2,adult-cola,glass,500ml,1.19,16758
1184,28/02/13,Irakleion,35.32787,25.14341,135432,shop_2,adult-cola,glass,500ml,1.15,13062
1276,31/03/13,Irakleion,35.32787,25.14341,135432,shop_2,adult-cola,glass,500ml,1.2,18877
1434,30/04/13,Irakleion,35.32787,25.14341,135432,shop_2,adult-cola,glass,500ml,1.01,32226
1455,31/05/13,Irakleion,35.32787,25.14341,135432,shop_2,adult-cola,glass,500ml,1.11,28578
1544,30/06/13,Irakleion,35.32787,25.14341,135432,shop_2,adult-cola,glass,500ml,0.9,49254
1632,31/07/13,Irakleion,35.32787,25.14341,135432,shop_2,adult-cola,glass,500ml,1,44233
1725,31/08/13,Irakleion,35.32787,25.14341,135432,shop_2,adult-cola,glass,500ml,1.17,33925
1814,30/09/13,Irakleion,35.32787,25.14341,135432,shop_2,adult-cola,glass,500ml,1.1,28421
1905,31/10/13,Irakleion,35.32787,25.14341,135432,shop_2,adult-cola,glass,500ml,0.84,29566
1993,30/11/13,Irakleion,35.32787,25.14341,135432,shop_2,adult-cola,glass,500ml,0.91,29472
2083,31/12/13,Irakleion,35.32787,25.14341,135432,shop_2,adult-cola,glass,500ml,1.1,25894
2176,31/01/14,Irakleion,35.32787,25.14341,136202,shop_2,adult-cola,glass,500ml,0.89,25021
2263,28/02/14,Irakleion,35.32787,25.14341,136202,shop_2,adult-cola,glass,500ml,1.44,8148
2356,31/03/14,Irakleion,35.32787,25.14341,136202,shop_2,adult-cola,glass,500ml,1.16,20694
2447,30/04/14,Irakleion,35.32787,25.14341,136202,shop_2,adult-cola,glass,500ml,1.42,17616
2538,31/05/14,Irakleion,35.32787,25.14341,136202,shop_2,adult-cola,glass,500ml,1.33,21131
2627,30/06/14,Irakleion,35.32787,25.14341,136202,shop_2,adult-cola,glass,500ml,1.38,25683
2714,31/07/14,Irakleion,35.32787,25.14341,136202,shop_2,adult-cola,glass,500ml,1.14,38114
2803,31/08/14,Irakleion,35.32787,25.14341,136202,shop_2,adult-cola,glass,500ml,1.21,33091
2894,30/09/14,Irakleion,35.32787,25.14341,136202,shop_2,adult-cola,glass,500ml,1.18,26346
2984,31/10/14,Irakleion,35.32787,25.14341,136202,shop_2,adult-cola,glass,500ml,1.14,21440
3073,30/11/14,Irakleion,35.32787,25.14341,136202,shop_2,adult-cola,glass,500ml,1.51,11308
3164,31/12/14,Irakleion,35.32787,25.14341,136202,shop_2,adult-cola,glass,500ml,1.02,29270
3253,31/01/15,Irakleion,35.32787,25.14341,138560,shop_2,adult-cola,glass,500ml,1.38,13417
3345,28/02/15,Irakleion,35.32787,25.14341,138560,shop_2,adult-cola,glass,500ml,0.91,18356
3438,31/03/15,Irakleion,35.32787,25.14341,138560,shop_2,adult-cola,glass,500ml,1.11,22805
3592,30/04/15,Irakleion,35.32787,25.14341,138560,shop_2,adult-cola,glass,500ml,1.05,32206
3682,31/05/15,Irakleion,35.32787,25.14341,138560,shop_2,adult-cola,glass,500ml,1.23,25714
3773,30/06/15,Irakleion,35.32787,25.14341,138560,shop_2,adult-cola,glass,500ml,0.98,47226
3795,31/07/15,Irakleion,35.32787,25.14341,138560,shop_2,adult-cola,glass,500ml,1.1,41247
3885,31/08/15,Irakleion,35.32787,25.14341,138560,shop_2,adult-cola,glass,500ml,0.99,45029
3974,30/09/15,Irakleion,35.32787,25.14341,138560,shop_2,adult-cola,glass,500ml,1.29,23194
4063,31/10/15,Irakleion,35.32787,25.14341,138560,shop_2,adult-cola,glass,500ml,0.96,27139
4153,30/11/15,Irakleion,35.32787,25.14341,138560,shop_2,adult-cola,glass,500ml,0.81,33465
4243,31/12/15,Irakleion,35.32787,25.14341,138560,shop_2,adult-cola,glass,500ml,1.16,25620
4336,31/01/16,Irakleion,35.32787,25.14341,137302,shop_2,adult-cola,glass,500ml,1.57,9447
4424,29/02/16,Irakleion,35.32787,25.14341,137302,shop_2,adult-cola,glass,500ml,1.09,15483
