train.csv
id,date,city,lat,long,pop,shop,brand,container,capacity,price,quantity
15,31/01/12,Irakleion,35.32787,25.14341,134219,shop_2,orange-power,glass,500ml,0.88,21720
107,29/02/12,Irakleion,35.32787,25.14341,134219,shop_2,orange-power,glass,500ml,0.51,24366
194,31/03/12,Irakleion,35.32787,25.14341,134219,shop_2,orange-power,glass,500ml,0.79,37443
289,30/04/12,Irakleion,35.32787,25.14341,134219,shop_2,orange-power,glass,500ml,0.71,47998
447,31/05/12,Irakleion,35.32787,25.14341,134219,shop_2,orange-power,glass,500ml,0.83,42768
465,30/06/12,Irakleion,35.32787,25.14341,134219,shop_2,orange-power,glass,500ml,0.55,79163
558,31/07/12,Irakleion,35.32787,25.14341,134219,shop_2,orange-power,glass,500ml,0.87,55919
644,31/08/12,Irakleion,35.32787,25.14341,134219,shop_2,orange-power,glass,500ml,0.63,60576
740,30/09/12,Irakleion,35.32787,25.14341,134219,shop_2,orange-power,,500ml,0.64,54164
828,31/10/12,Irakleion,35.32787,25.14341,134219,shop_2,orange-power,glass,500ml,0.63,43204
919,30/11/12,Irakleion,35.32787,25.14341,134219,shop_2,orange-power,glass,500ml,0.86,33425
1077,31/12/12,Irakleion,35.32787,25.14341,134219,shop_2,orange-power,glass,500ml,0.72,40032
1101,31/01/13,Irakleion,35.32787,25.14341,135432,shop_2,orange-power,glass,500ml,0.8,27176
1186,28/02/13,Irakleion,35.32787,25.14341,135432,shop_2,orange-power,glass,500ml,1.04,8596
1278,31/03/13,Irakleion,35.32787,25.14341,135432,shop_2,orange-power,glass,500ml,0.67,46648
1439,30/04/13,Irakleion,35.32787,25.14341,135432,shop_2,orange-power,glass,500ml,0.96,29466
1458,31/05/13,Irakleion,35.32787,25.14341,135432,shop_2,orange-power,glass,500ml,0.77,49963
1546,30/06/13,Irakleion,35.32787,25.14341,135432,shop_2,orange-power,glass,500ml,0.94,40455
1635,31/07/13,Irakleion,35.32787,25.14341,135432,shop_2,orange-power,glass,500ml,1,42343
1727,31/08/13,Irakleion,35.32787,25.14341,135432,shop_2,orange-power,glass,500ml,0.58,66437
1816,30/09/13,Irakleion,35.32787,25.14341,135432,shop_2,orange-power,glass,500ml,0.76,45221
1908,31/10/13,Irakleion,35.32787,25.14341,135432,shop_2,orange-power,glass,500ml,0.57,48401
1995,30/11/13,Irakleion,35.32787,25.14341,135432,shop_2,orange-power,glass,500ml,0.7,46133
2086,31/12/13,Irakleion,35.32787,25.14341,135432,shop_2,orange-power,glass,500ml,0.71,41986
2234,31/01/14,Irakleion,35.32787,25.14341,136202,shop_2,orange-power,glass,500ml,1,17820
2339,28/02/14,Irakleion,35.32787,25.14341,136202,shop_2,orange-power,glass,500ml,0.62,21738
2358,31/03/14,Irakleion,35.32787,25.14341,136202,shop_2,orange-power,glass,500ml,1.13,16214
2450,30/04/14,Irakleion,35.32787,25.14341,136202,shop_2,orange-power,glass,500ml,0.71,50251
2540,31/05/14,Irakleion,35.32787,25.14341,136202,shop_2,orange-power,glass,500ml,1.11,21986
2630,30/06/14,Irakleion,35.32787,25.14341,136202,shop_2,orange-power,glass,500ml,0.94,42444
2717,31/07/14,Irakleion,35.32787,25.14341,136202,shop_2,orange-power,glass,500ml,0.95,50710
2806,31/08/14,Irakleion,35.32787,25.14341,136202,shop_2,orange-power,glass,500ml,0.93,37648
2896,30/09/14,Irakleion,35.32787,25.14341,136202,shop_2,orange-power,glass,500ml,0.93,33609
2986,31/10/14,Irakleion,35.32787,25.14341,136202,shop_2,orange-power,glass,500ml,0.81,34144
3076,30/11/14,Irakleion,35.32787,25.14341,136202,shop_2,orange-power,glass,500ml,0.85,36901
3226,31/12/14,Irakleion,35.32787,25.14341,136202,shop_2,orange-power,glass,500ml,0.79,37461
3254,31/01/15,Irakleion,35.32787,25.14341,138560,shop_2,orange-power,glass,500ml,0.76,30925
3347,28/02/15,Irakleion,35.32787,25.14341,138560,shop_2,orange-power,glass,500ml,0.88,14553
3439,31/03/15,Irakleion,35.32787,25.14341,138560,shop_2,orange-power,glass,500ml,0.71,46076
3528,30/04/15,Irakleion,35.32787,25.14341,138560,shop_2,orange-power,glass,500ml,0.82,43358
3614,31/05/15,Irakleion,35.32787,25.14341,138560,shop_2,orange-power,glass,500ml,1.01,32148
3710,30/06/15,Irakleion,35.32787,25.14341,138560,shop_2,orange-power,glass,500ml,0.7,68149
3797,31/07/15,Irakleion,35.32787,25.14341,138560,shop_2,orange-power,glass,500ml,0.6,96045
3959,31/08/15,Irakleion,35.32787,25.14341,138560,shop_2,orange-power,glass,500ml,1.02,31441
3977,30/09/15,Irakleion,35.32787,25.14341,138560,shop_2,orange-power,glass,500ml,0.66,56167
4065,31/10/15,Irakleion,35.32787,25.14341,138560,shop_2,orange-power,glass,500ml,1,23402
4156,30/11/15,Irakleion,35.32787,25.14341,138560,shop_2,orange-power,glass,500ml,0.67,50684
4245,31/12/15,Irakleion,35.32787,25.14341,138560,shop_2,orange-power,glass,500ml,1.02,23923
4339,31/01/16,Irakleion,35.32787,25.14341,137302,shop_2,orange-power,glass,500ml,0.6,39030
4493,29/02/16,Irakleion,35.32787,25.14341,137302,shop_2,orange-power,glass,500ml,0.58,23651
16,31/01/12,Irakleion,35.32787,25.14341,134219,shop_2,orange-power,,330ml,0.23,54780
109,29/02/12,Irakleion,35.32787,25.14341,134219,shop_2,orange-power,can,330ml,0.44,33120
196,31/03/12,Irakleion,35.32787,25.14341,134219,shop_2,orange-power,can,330ml,0.5,37527
347,30/04/12,Irakleion,35.32787,25.14341,134219,shop_2,orange-power,can,330ml,0.47,47135
377,31/05/12,Irakleion,35.32787,25.14341,134219,shop_2,orange-power,can,330ml,0.4,66515
466,30/06/12,Irakleion,35.32787,25.14341,134219,shop_2,orange-power,can,330ml,0.42,62576
560,31/07/12,Irakleion,35.32787,25.14341,134219,shop_2,orange-power,can,330ml,0.54,46344
645,31/08/12,Irakleion,35.32787,25.14341,134219,shop_2,orange-power,can,330ml,0.38,64891
794,30/09/12,Irakleion,35.32787,25.14341,134219,shop_2,orange-power,can,330ml,0.36,63183
830,31/10/12,Irakleion,35.32787,25.14341,134219,shop_2,orange-power,can,330ml,0.31,51986
921,30/11/12,Irakleion,35.32787,25.14341,134219,shop_2,orange-power,can,330ml,0.5,28811
1010,31/12/12,Irakleion,35.32787,25.14341,134219,shop_2,orange-power,can,330ml,0.36,56182
1102,31/01/13,Irakleion,35.32787,25.14341,135432,shop_2,orange-power,can,330ml,0.4,38486
1188,28/02/13,Irakleion,35.32787,25.14341,135432,shop_2,orange-power,can,330ml,0.33,44990
1279,31/03/13,Irakleion,35.32787,25.14341,135432,shop_2,orange-power,can,330ml,0.37,56096
1369,30/04/13,Irakleion,35.32787,25.14341,135432,shop_2,orange-power,can,330ml,0.31,72766
1460,31/05/13,Irakleion,35.32787,25.14341,135432,shop_2,orange-power,can,330ml,0.49,53172
1548,30/06/13,Irakleion,35.32787,25.14341,135432,shop_2,orange-power,can,330ml,0.55,41034
1637,31/07/13,Irakleion,35.32787,25.14341,135432,shop_2,orange-power,can,330ml,0.4,73275
1729,31/08/13,Irakleion,35.32787,25.14341,135432,shop_2,orange-power,can,330ml,0.37,68655
1817,30/09/13,Irakleion,35.32787,25.14341,135432,shop_2,orange-power,can,330ml,0.56,33890
1910,31/10/13,Irakleion,35.32787,25.14341,135432,shop_2,orange-power,can,330ml,0.66,14897
1997,30/11/13,Irakleion,35.32787,25.14341,135432,shop_2,orange-power,can,330ml,0.51,28521
2088,31/12/13,Irakleion,35.32787,,135432,shop_2,orange-power,can,330ml,0.42,49804
2179,31/01/14,Irakleion,35.32787,25.14341,136202,shop_2,orange-power,can,330ml,0.63,17827
2266,28/02/14,Irakleion,35.32787,25.14341,136202,shop_2,orange-power,can,330ml,0.4,38949
2360,31/03/14,Irakleion,35.32787,25.14341,136202,shop_2,orange-power,can,330ml,0.52,38439
2451,30/04/14,Irakleion,35.32787,25.14341,136202,shop_2,orange-power,can,330ml,0.41,59126
2597,31/05/14,Irakleion,35.32787,25.14341,136202,shop_2,orange-power,can,330ml,0.4,69898
2632,30/06/14,Irakleion,35.32787,25.14341,136202,shop_2,orange-power,can,330ml,0.41,66906
2718,31/07/14,Irakleion,35.32787,25.14341,136202,shop_2,orange-power,can,330ml,0.48,60896
2808,31/08/14,Irakleion,35.32787,25.14341,136202,shop_2,orange-power,can,330ml,0.57,38585
2898,30/09/14,Irakleion,35.32787,25.14341,136202,shop_2,orange-power,can,330ml,0.56,36756
2988,31/10/14,Irakleion,35.32787,25.14341,136202,shop_2,orange-power,can,330ml,0.45,38791
3142,30/11/14,Irakleion,35.32787,25.14341,136202,shop_2,orange-power,can,330ml,0.62,19607
3225,31/12/14,Irakleion,35.32787,25.14341,136202,shop_2,orange-power,can,330ml,0.55,34025
3256,31/01/15,Irakleion,35.32787,25.14341,138560,shop_2,orange-power,can,330ml,0.44,36781
3349,28/02/15,Irakleion,35.32787,25.14341,138560,shop_2,orange-power,can,330ml,0.49,31448
3441,31/03/15,Irakleion,35.32787,25.14341,138560,shop_2,orange-power,can,330ml,0.58,32274
3595,30/04/15,Irakleion,35.32787,25.14341,138560,shop_2,orange-power,can,330ml,0.57,37948
3616,31/05/15,Irakleion,35.32787,25.14341,138560,shop_2,orange-power,can,330ml,0.51,52945
3712,30/06/15,Irakleion,35.32787,25.14341,138560,shop_2,orange-power,can,330ml,0.55,44852
3799,31/07/15,Irakleion,35.32787,25.14341,138560,shop_2,orange-power,can,330ml,0.59,43637
3887,31/08/15,Irakleion,35.32787,25.14341,138560,shop_2,orange-power,can,330ml,0.48,54801
3979,30/09/15,Irakleion,35.32787,25.14341,138560,shop_2,orange-power,can,330ml,0.45,53082
4067,31/10/15,Irakleion,35.32787,25.14341,138560,shop_2,orange-power,can,330ml,0.32,53399
4158,30/11/15,Irakleion,35.32787,25.14341,138560,shop_2,orange-power,can,330ml,0.4,41342
4315,31/12/15,Irakleion,35.32787,25.14341,138560,shop_2,orange-power,can,330ml,0.49,43203
4397,31/01/16,Irakleion,35.32787,25.14341,137302,shop_2,orange-power,can,330ml,0.58,25069
4427,29/02/16,Irakleion,35.32787,25.14341,137302,shop_2,orange-power,can,330ml,0.56,26266
17,31/01/12,Irakleion,35.32787,25.14341,134219,shop_2,gazoza,glass,500ml,0.58,41378
110,29/02/12,Irakleion,35.32787,25.14341,134219,shop_2,gazoza,glass,500ml,0.59,27468
197,31/03/12,Irakleion,35.32787,25.14341,134219,shop_2,gazoza,glass,500ml,0.59,45858
291,30/04/12,Irakleion,35.32787,25.14341,134219,shop_2,gazoza,glass,500ml,0.66,34618
435,31/05/12,Irakleion,35.32787,25.14341,134219,shop_2,gazoza,glass,500ml,0.46,72786
537,30/06/12,Irakleion,35.32787,25.14341,134219,shop_2,gazoza,glass,500ml,0.46,88605
561,31/07/12,Irakleion,35.32787,25.14341,134219,shop_2,gazoza,glass,500ml,0.59,69696
646,31/08/12,Irakleion,35.32787,25.14341,134219,shop_2,gazoza,glass,500ml,0.45,83762
741,30/09/12,Irakleion,35.32787,25.14341,134219,shop_2,gazoza,glass,500ml,0.56,56264
831,31/10/12,Irakleion,35.32787,25.14341,134219,shop_2,gazoza,glass,500ml,0.47,54619
922,30/11/12,Irakleion,35.32787,25.14341,134219,shop_2,gazoza,glass,500ml,0.58,50004
1011,31/12/12,Irakleion,35.32787,25.14341,134219,shop_2,gazoza,glass,500ml,0.52,60011
1103,31/01/13,Irakleion,35.32787,25.14341,135432,shop_2,gazoza,glass,500ml,0.63,36510
1189,28/02/13,Irakleion,35.32787,25.14341,135432,shop_2,gazoza,glass,500ml,0.71,18326
1345,31/03/13,Irakleion,35.32787,25.14341,135432,shop_2,gazoza,glass,500ml,0.63,42115
1370,30/04/13,Irakleion,35.32787,25.14341,135432,shop_2,gazoza,glass,500ml,0.62,41765
1461,31/05/13,Irakleion,35.32787,25.14341,135432,shop_2,gazoza,glass,500ml,0.65,44599
1615,30/06/13,Irakleion,35.32787,25.14341,135432,shop_2,gazoza,glass,500ml,0.57,70568
1638,31/07/13,Irakleion,35.32787,25.14341,135432,shop_2,gazoza,glass,500ml,0.65,61294
1730,31/08/13,Irakleion,35.32787,25.14341,135432,shop_2,gazoza,glass,500ml,0.67,45875
1818,30/09/13,Irakleion,35.32787,25.14341,135432,shop_2,gazoza,glass,500ml,0.65,43240
1911,31/10/13,Irakleion,35.32787,25.14341,135432,shop_2,gazoza,glass,500ml,0.63,35899
1998,30/11/13,Irakleion,35.32787,25.14341,135432,shop_2,gazoza,glass,500ml,0.65,41646
2089,31/12/13,Irakleion,35.32787,25.14341,135432,shop_2,gazoza,glass,500ml,0.7,33961
2180,31/01/14,Irakleion,35.32787,25.14341,136202,shop_2,gazoza,glass,500ml,0.56,46988
2267,28/02/14,Irakleion,35.32787,25.14341,136202,shop_2,gazoza,glass,500ml,0.65,24798
2361,31/03/14,Irakleion,35.32787,25.14341,136202,shop_2,gazoza,glass,500ml,0.58,51291
2452,30/04/14,Irakleion,35.32787,25.14341,136202,shop_2,gazoza,glass,500ml,0.56,52376
2542,31/05/14,Irakleion,35.32787,25.14341,136202,shop_2,gazoza,glass,500ml,0.65,46489
2694,30/06/14,Irakleion,35.32787,25.14341,136202,shop_2,gazoza,glass,500ml,0.62,63052
2719,31/07/14,Irakleion,35.32787,25.14341,136202,shop_2,gazoza,glass,500ml,0.65,62885
2809,31/08/14,Irakleion,35.32787,25.14341,136202,shop_2,gazoza,glass,500ml,0.62,56424
2899,30/09/14,Irakleion,35.32787,25.14341,136202,shop_2,gazoza,glass,500ml,0.56,61194
3059,31/10/14,Irakleion,35.32787,25.14341,136202,shop_2,gazoza,glass,500ml,0.66,34435
3078,30/11/14,Irakleion,35.32787,25.14341,136202,shop_2,gazoza,glass,500ml,0.72,33185
3219,31/12/14,Irakleion,35.32787,25.14341,136202,shop_2,gazoza,glass,500ml,0.56,57001
3257,31/01/15,Irakleion,35.32787,25.14341,138560,shop_2,gazoza,glass,500ml,0.76,24097
3350,28/02/15,Irakleion,35.32787,25.14341,138560,shop_2,gazoza,glass,500ml,0.64,26467
3442,31/03/15,Irakleion,35.32787,25.14341,138560,shop_2,gazoza,glass,500ml,0.64,45199
3529,30/04/15,Irakleion,35.32787,25.14341,138560,shop_2,gazoza,glass,500ml,0.62,45002
3617,31/05/15,Irakleion,35.32787,25.14341,138560,shop_2,gazoza,glass,500ml,0.61,53981
3713,30/06/15,Irakleion,35.32787,25.14341,138560,shop_2,gazoza,glass,500ml,0.72,46415
3800,31/07/15,Irakleion,35.32787,25.14341,138560,shop_2,gazoza,glass,500ml,0.6,76956
3888,31/08/15,Irakleion,35.32787,25.14341,138560,shop_2,gazoza,glass,500ml,0.71,42821
3980,30/09/15,Irakleion,35.32787,25.14341,138560,shop_2,gazoza,glass,500ml,0.63,51102
4068,31/10/15,Irakleion,35.32787,25.14341,138560,shop_2,gazoza,glass,500ml,0.76,24273
4159,30/11/15,Irakleion,35.32787,25.14341,138560,shop_2,gazoza,glass,500ml,0.56,57577
4247,31/12/15,Irakleion,35.32787,25.14341,138560,shop_2,gazoza,glass,500ml,0.54,61583
4341,31/01/16,Irakleion,35.32787,25.14341,137302,shop_2,gazoza,glass,500ml,0.7,33488
4428,29/02/16,Irakleion,35.32787,25.14341,137302,shop_2,gazoza,glass,500ml,0.54,36093
18,31/01/12,Irakleion,35.32787,25.14341,134219,shop_2,gazoza,plastic,1.5lt,1,30757
178,29/02/12,Irakleion,35.32787,25.14341,134219,shop_2,gazoza,plastic,1.5lt,1.12,21164
198,31/03/12,Irakleion,35.32787,25.14341,134219,shop_2,gazoza,plastic,1.5lt,0.97,30527
292,30/04/12,Irakleion,35.32787,25.14341,134219,shop_2,gazoza,plastic,1.5lt,0.93,37551
378,31/05/12,Irakleion,35.32787,25.14341,134219,shop_2,gazoza,plastic,1.5lt,0.78,56600
467,30/06/12,Irakleion,35.32787,25.14341,134219,shop_2,gazoza,plastic,1.5lt,0.88,47534
562,31/07/12,Irakleion,35.32787,25.14341,134219,shop_2,gazoza,plastic,1.5lt,0.67,71805
701,31/08/12,Irakleion,35.32787,25.14341,134219,shop_2,gazoza,plastic,1.5lt,0.93,41595
742,30/09/12,Irakleion,35.32787,25.14341,134219,shop_2,gazoza,plastic,1.5lt,1.03,36672
832,31/10/12,Irakleion,35.32787,25.14341,134219,shop_2,gazoza,plastic,1.5lt,0.93,36455
984,30/11/12,Irakleion,35.32787,25.14341,134219,shop_2,gazoza,plastic,1.5lt,0.54,36874
1012,31/12/12,Irakleion,,25.14341,134219,shop_2,gazoza,plastic,1.5lt,0.98,35066
1104,31/01/13,Irakleion,35.32787,25.14341,135432,shop_2,gazoza,plastic,1.5lt,1.07,28929
1248,28/02/13,Irakleion,35.32787,25.14341,135432,shop_2,gazoza,plastic,1.5lt,0.91,27469
1280,31/03/13,Irakleion,35.32787,25.14341,135432,shop_2,gazoza,plastic,1.5lt,1.36,18550
1371,30/04/13,Irakleion,35.32787,25.14341,135432,shop_2,gazoza,plastic,1.5lt,1.08,32795
1462,31/05/13,Irakleion,35.32787,25.14341,135432,shop_2,gazoza,plastic,1.5lt,1.08,42876
1549,30/06/13,Irakleion,35.32787,25.14341,135432,shop_2,gazoza,plastic,1.5lt,1.04,41185
1639,31/07/13,Irakleion,35.32787,25.14341,135432,shop_2,gazoza,plastic,1.5lt,0.75,68015
1731,31/08/13,Irakleion,35.32787,25.14341,135432,shop_2,gazoza,plastic,1.5lt,0.98,40327
1819,30/09/13,Irakleion,35.32787,25.14341,135432,shop_2,gazoza,plastic,1.5lt,0.75,49118
1912,31/10/13,Irakleion,35.32787,25.14341,135432,shop_2,gazoza,plastic,1.5lt,0.88,38987
1999,30/11/13,Irakleion,35.32787,25.14341,135432,shop_2,gazoza,plastic,1.5lt,1.02,24603
2090,31/12/13,Irakleion,35.32787,25.14341,135432,shop_2,gazoza,plastic,1.5lt,1.08,32335
2181,31/01/14,Irakleion,35.32787,25.14341,136202,shop_2,gazoza,plastic,1.5lt,0.98,32908
2268,28/02/14,Irakleion,35.32787,25.14341,136202,shop_2,gazoza,plastic,1.5lt,1.21,20132
2429,31/03/14,Irakleion,35.32787,25.14341,136202,shop_2,gazoza,plastic,1.5lt,1.07,28767
2453,30/04/14,Irakleion,35.32787,25.14341,136202,shop_2,gazoza,plastic,1.5lt,1.11,32524
2543,31/05/14,Irakleion,35.32787,25.14341,136202,shop_2,gazoza,plastic,1.5lt,1.16,39919
2633,30/06/14,Irakleion,35.32787,25.14341,136202,shop_2,gazoza,plastic,1.5lt,0.99,44231
2720,31/07/14,Irakleion,35.32787,25.14341,136202,shop_2,gazoza,plastic,1.5lt,1.02,53659
2810,31/08/14,Irakleion,35.32787,25.14341,136202,shop_2,gazoza,plastic,1.5lt,0.72,51654
2900,30/09/14,Irakleion,35.32787,25.14341,136202,shop_2,gazoza,plastic,1.5lt,1.05,37696
2989,31/10/14,Irakleion,35.32787,25.14341,136202,shop_2,gazoza,plastic,1.5lt,0.49,53861
3079,30/11/14,Irakleion,35.32787,25.14341,136202,shop_2,gazoza,plastic,1.5lt,0.88,28908
3168,31/12/14,Irakleion,35.32787,25.14341,136202,shop_2,gazoza,plastic,1.5lt,1.08,33141
3258,31/01/15,Irakleion,35.32787,25.14341,138560,shop_2,gazoza,plastic,1.5lt,1.05,31170
3351,28/02/15,Irakleion,35.32787,25.14341,138560,shop_2,gazoza,plastic,1.5lt,1.03,25226
3443,31/03/15,Irakleion,35.32787,25.14341,138560,shop_2,gazoza,plastic,1.5lt,1.13,27553
3530,30/04/15,Irakleion,35.32787,25.14341,138560,shop_2,gazoza,plastic,1.5lt,0.82,44152
3618,31/05/15,Irakleion,35.32787,25.14341,138560,shop_2,gazoza,plastic,1.5lt,0.97,50130
3714,30/06/15,Irakleion,35.32787,25.14341,138560,shop_2,gazoza,plastic,1.5lt,1.03,43709
3861,31/07/15,Irakleion,35.32787,25.14341,138560,shop_2,gazoza,plastic,1.5lt,1.11,50187
3889,31/08/15,Irakleion,35.32787,25.14341,138560,shop_2,gazoza,plastic,1.5lt,1.27,30231
3981,30/09/15,Irakleion,35.32787,25.14341,138560,shop_2,gazoza,plastic,1.5lt,1.03,39314
4069,31/10/15,Irakleion,,25.14341,138560,shop_2,gazoza,plastic,1.5lt,1.28,26320
4160,30/11/15,Irakleion,35.32787,25.14341,138560,shop_2,gazoza,plastic,1.5lt,1.06,24772
4248,31/12/15,Irakleion,35.32787,25.14341,138560,shop_2,gazoza,plastic,1.5lt,1.39,22806
4342,31/01/16,Irakleion,35.32787,25.14341,137302,shop_2,gazoza,plastic,1.5lt,1.06,31753
4429,29/02/16,Irakleion,35.32787,25.14341,137302,shop_2,gazoza,plastic,1.5lt,1.11,23995
