train.csv
id,date,city,lat,long,pop,shop,brand,container,capacity,price,quantity
19,31/01/12,Irakleion,35.32787,25.14341,134219,shop_2,gazoza,can,330ml,0.26,49688
166,29/02/12,Irakleion,35.32787,25.14341,134219,shop_2,gazoza,can,330ml,0.22,47555
199,31/03/12,Irakleion,35.32787,25.14341,134219,shop_2,gazoza,can,330ml,0.27,65904
293,30/04/12,Irakleion,35.32787,25.14341,134219,shop_2,gazoza,can,330ml,0.34,53114
379,31/05/12,Irakleion,35.32787,25.14341,134219,shop_2,gazoza,can,330ml,0.24,83250
468,30/06/12,Irakleion,35.32787,25.14341,134219,shop_2,gazoza,can,330ml,0.21,113603
563,31/07/12,Irakleion,35.32787,25.14341,134219,shop_2,gazoza,can,330ml,0.22,145287
647,31/08/12,Irakleion,35.32787,25.14341,134219,shop_2,gazoza,can,330ml,0.37,44337
743,30/09/12,Irakleion,35.32787,25.14341,134219,shop_2,gazoza,can,330ml,0.18,93035
833,31/10/12,Irakleion,35.32787,25.14341,134219,shop_2,gazoza,can,330ml,0.24,57589
923,30/11/12,Irakleion,35.32787,25.14341,134219,shop_2,gazoza,can,330ml,0.21,73231
1013,31/12/12,Irakleion,35.32787,25.14341,134219,shop_2,gazoza,can,330ml,0.31,61168
1105,31/01/13,Irakleion,35.32787,25.14341,135432,shop_2,gazoza,can,330ml,0.34,34739
1190,28/02/13,Irakleion,35.32787,25.14341,135432,shop_2,gazoza,can,330ml,0.27,40706
1281,31/03/13,Irakleion,35.32787,25.14341,135432,shop_2,gazoza,can,330ml,0.34,47979
1372,30/04/13,Irakleion,35.32787,25.14341,135432,shop_2,gazoza,can,330ml,0.34,55462
1463,31/05/13,Irakleion,35.32787,25.14341,135432,shop_2,gazoza,can,330ml,0.36,50325
1550,30/06/13,Irakleion,35.32787,25.14341,135432,shop_2,gazoza,can,330ml,0.38,53781
1640,31/07/13,Irakleion,35.32787,25.14341,135432,shop_2,gazoza,can,330ml,0.35,83584
1732,31/08/13,Irakleion,35.32787,25.14341,135432,shop_2,gazoza,can,330ml,0.27,76077
1820,30/09/13,Irakleion,35.32787,25.14341,135432,shop_2,gazoza,can,330ml,0.21,84624
1913,31/10/13,Irakleion,35.32787,25.14341,135432,shop_2,gazoza,can,330ml,0.3,47500
2062,30/11/13,Irakleion,35.32787,25.14341,135432,shop_2,gazoza,can,330ml,0.27,59176
2091,31/12/13,Irakleion,35.32787,25.14341,135432,shop_2,gazoza,can,330ml,0.33,57364
2182,31/01/14,Irakleion,35.32787,25.14341,136202,shop_2,gazoza,can,330ml,0.28,46715
2269,28/02/14,Irakleion,35.32787,25.14341,136202,shop_2,gazoza,can,330ml,0.41,20701
2362,31/03/14,Irakleion,35.32787,25.14341,136202,shop_2,gazoza,can,330ml,0.34,49296
2454,30/04/14,Irakleion,35.32787,25.14341,136202,shop_2,gazoza,can,330ml,0.33,61670
2607,31/05/14,Irakleion,35.32787,25.14341,136202,shop_2,gazoza,can,330ml,0.34,56362
2695,30/06/14,Irakleion,35.32787,25.14341,136202,shop_2,gazoza,can,330ml,0.33,74892
2721,31/07/14,Irakleion,35.32787,25.14341,136202,shop_2,gazoza,can,330ml,0.28,123384
2811,31/08/14,Irakleion,35.32787,25.14341,136202,shop_2,gazoza,can,330ml,0.25,85681
2901,30/09/14,Irakleion,35.32787,25.14341,136202,shop_2,gazoza,can,330ml,0.36,47765
2990,31/10/14,Irakleion,35.32787,25.14341,136202,shop_2,gazoza,can,330ml,0.34,39810
3080,30/11/14,Irakleion,35.32787,25.14341,136202,shop_2,gazoza,can,330ml,0.36,40883
3239,31/12/14,Irakleion,35.32787,25.14341,136202,shop_2,gazoza,can,330ml,0.3,65214
3319,31/01/15,Irakleion,35.32787,25.14341,138560,shop_2,gazoza,can,330ml,0.41,25089
3352,28/02/15,Irakleion,35.32787,25.14341,138560,shop_2,gazoza,can,330ml,0.4,23615
3444,31/03/15,Irakleion,35.32787,25.14341,138560,shop_2,gazoza,can,330ml,0.3,62639
3531,30/04/15,Irakleion,35.32787,25.14341,138560,shop_2,gazoza,can,330ml,0.36,53674
3685,31/05/15,Irakleion,35.32787,25.14341,138560,shop_2,gazoza,can,330ml,0.26,83601
3715,30/06/15,Irakleion,35.32787,25.14341,138560,shop_2,gazoza,can,330ml,0.33,77360
3801,31/07/15,Irakleion,35.32787,25.14341,138560,shop_2,gazoza,can,330ml,0.4,70720
3890,31/08/15,Irakleion,35.32787,25.14341,138560,shop_2,gazoza,can,330ml,0.33,62577
3982,30/09/15,Irakleion,35.32787,25.14341,138560,shop_2,gazoza,can,330ml,0.4,37862
4070,31/10/15,Irakleion,35.32787,25.14341,138560,shop_2,gazoza,can,330ml,0.35,39130
4161,30/11/15,Irakleion,35.32787,25.14341,138560,shop_2,gazoza,can,330ml,0.4,32762
4319,31/12/15,Irakleion,35.32787,25.14341,138560,shop_2,gazoza,can,330ml,0.32,61898
4343,31/01/16,Irakleion,35.32787,25.14341,137302,shop_2,gazoza,can,330ml,0.37,34200
4489,29/02/16,Irakleion,35.32787,25.14341,137302,shop_2,gazoza,can,330ml,0.31,36850
20,31/01/12,Irakleion,35.32787,25.14341,134219,shop_2,lemon-boost,glass,500ml,0.89,18582
111,29/02/12,Irakleion,35.32787,25.14341,134219,shop_2,lemon-boost,glass,500ml,0.71,18764
200,31/03/12,Irakleion,35.32787,25.14341,134219,shop_2,lemon-boost,glass,500ml,0.8,24792
294,30/04/12,Irakleion,35.32787,25.14341,134219,shop_2,lemon-boost,glass,500ml,0.85,30300
380,31/05/12,Irakleion,35.32787,25.14341,134219,shop_2,lemon-boost,glass,500ml,0.98,23508
469,30/06/12,Irakleion,35.32787,25.14341,134219,shop_2,lemon-boost,glass,500ml,0.78,41490
564,31/07/12,Irakleion,35.32787,25.14341,134219,shop_2,lemon-boost,glass,500ml,0.91,40870
648,31/08/12,Irakleion,35.32787,25.14341,134219,shop_2,lemon-boost,glass,500ml,0.93,29998
744,30/09/12,Irakleion,35.32787,25.14341,134219,shop_2,lemon-boost,glass,500ml,0.95,23799
834,31/10/12,Irakleion,35.32787,25.14341,134219,shop_2,lemon-boost,glass,500ml,0.93,23888
924,30/11/12,Irakleion,35.32787,25.14341,134219,shop_2,lemon-boost,glass,500ml,0.82,21908
1069,31/12/12,Irakleion,35.32787,25.14341,134219,shop_2,lemon-boost,glass,500ml,1,18292
1106,31/01/13,Irakleion,35.32787,25.14341,135432,shop_2,lemon-boost,glass,500ml,0.86,20029
1191,28/02/13,Irakleion,35.32787,25.14341,135432,shop_2,lemon-boost,glass,500ml,1.01,12200
1282,31/03/13,Irakleion,35.32787,25.14341,135432,shop_2,lemon-boost,glass,500ml,0.77,26601
1373,30/04/13,Irakleion,35.32787,25.14341,135432,shop_2,lemon-boost,glass,500ml,1.14,18196
1464,31/05/13,Irakleion,35.32787,25.14341,135432,shop_2,lemon-boost,glass,500ml,0.87,29259
1551,30/06/13,Irakleion,35.32787,25.14341,135432,shop_2,lemon-boost,glass,500ml,1.07,26136
1641,31/07/13,Irakleion,35.32787,25.14341,135432,shop_2,lemon-boost,glass,500ml,0.66,58941
1793,31/08/13,Irakleion,35.32787,25.14341,135432,shop_2,lemon-boost,glass,500ml,0.96,29249
1821,30/09/13,Irakleion,35.32787,25.14341,135432,shop_2,lemon-boost,glass,500ml,1.04,20986
1914,31/10/13,Irakleion,35.32787,25.14341,135432,shop_2,lemon-boost,glass,500ml,0.96,23267
2000,30/11/13,Irakleion,35.32787,25.14341,135432,shop_2,lemon-boost,glass,500ml,1.18,11166
2153,31/12/13,Irakleion,35.32787,25.14341,135432,shop_2,lemon-boost,glass,500ml,0.89,23000
2243,31/01/14,Irakleion,35.32787,25.14341,136202,shop_2,lemon-boost,glass,500ml,0.94,18242
2270,28/02/14,Irakleion,35.32787,25.14341,136202,shop_2,lemon-boost,glass,500ml,1.16,9180
2363,31/03/14,Irakleion,35.32787,25.14341,136202,shop_2,lemon-boost,glass,500ml,1.01,18912
2455,30/04/14,Irakleion,35.32787,25.14341,136202,shop_2,lemon-boost,glass,500ml,0.99,25752
2544,31/05/14,Irakleion,35.32787,25.14341,136202,shop_2,lemon-boost,glass,500ml,0.9,28722
2634,30/06/14,Irakleion,35.32787,25.14341,136202,shop_2,lemon-boost,glass,500ml,1.07,27470
2722,31/07/14,Irakleion,35.32787,25.14341,136202,shop_2,lemon-boost,glass,500ml,1.04,34556
2863,31/08/14,Irakleion,35.32787,25.14341,136202,shop_2,lemon-boost,glass,500ml,0.92,32461
2902,30/09/14,Irakleion,35.32787,25.14341,136202,shop_2,lemon-boost,glass,500ml,0.87,29087
2991,31/10/14,Irakleion,35.32787,25.14341,136202,shop_2,lemon-boost,glass,500ml,1.19,15131
3081,30/11/14,Irakleion,35.32787,25.14341,136202,shop_2,lemon-boost,glass,500ml,0.96,18645
3169,31/12/14,Irakleion,35.32787,25.14341,136202,shop_2,lemon-boost,glass,500ml,0.86,24909
3259,31/01/15,Irakleion,35.32787,25.14341,138560,shop_2,lemon-boost,glass,500ml,1.18,12005
3353,28/02/15,Irakleion,35.32787,25.14341,138560,shop_2,lemon-boost,glass,500ml,0.84,17017
3445,31/03/15,Irakleion,35.32787,25.14341,138560,shop_2,lemon-boost,glass,500ml,1.17,14396
3532,30/04/15,Irakleion,35.32787,25.14341,138560,shop_2,lemon-boost,glass,500ml,0.77,36408
3619,31/05/15,Irakleion,35.32787,25.14341,138560,shop_2,lemon-boost,glass,500ml,0.83,32557
3771,30/06/15,Irakleion,35.32787,25.14341,138560,shop_2,lemon-boost,glass,500ml,0.9,37837
3802,31/07/15,Irakleion,35.32787,25.14341,138560,shop_2,lemon-boost,glass,500ml,0.98,40118
3891,31/08/15,Irakleion,35.32787,25.14341,138560,shop_2,lemon-boost,glass,500ml,0.74,42090
3983,30/09/15,Irakleion,35.32787,25.14341,138560,shop_2,lemon-boost,glass,500ml,0.82,31923
4130,31/10/15,Irakleion,35.32787,25.14341,138560,shop_2,lemon-boost,glass,500ml,0.85,29106
4162,30/11/15,Irakleion,35.32787,25.14341,138560,shop_2,lemon-boost,glass,500ml,0.74,25723
4249,31/12/15,Irakleion,35.32787,25.14341,138560,shop_2,lemon-boost,glass,500ml,0.95,22160
4344,31/01/16,Irakleion,35.32787,25.14341,137302,shop_2,lemon-boost,glass,500ml,0.99,17828
4430,29/02/16,Irakleion,35.32787,25.14341,137302,shop_2,lemon-boost,glass,500ml,1.24,8564
21,31/01/12,Irakleion,35.32787,25.14341,134219,shop_2,lemon-boost,plastic,1.5lt,2.25,10348
112,29/02/12,Irakleion,35.32787,25.14341,134219,shop_2,lemon-boost,plastic,1.5lt,1.67,10790
201,31/03/12,Irakleion,35.32787,25.14341,134219,shop_2,lemon-boost,plastic,1.5lt,2.85,7657
295,30/04/12,Irakleion,35.32787,25.14341,134219,shop_2,lemon-boost,plastic,1.5lt,2.26,16953
381,31/05/12,Irakleion,35.32787,25.14341,134219,shop_2,lemon-boost,plastic,1.5lt,2.62,13543
470,30/06/12,Irakleion,35.32787,25.14341,134219,shop_2,lemon-boost,plastic,1.5lt,1.67,31387
565,31/07/12,Irakleion,35.32787,25.14341,134219,shop_2,lemon-boost,plastic,1.5lt,2.09,23622
712,31/08/12,Irakleion,35.32787,25.14341,134219,shop_2,lemon-boost,plastic,1.5lt,2.35,17288
803,30/09/12,Irakleion,35.32787,25.14341,134219,shop_2,lemon-boost,plastic,1.5lt,2.08,19764
835,31/10/12,Irakleion,35.32787,25.14341,134219,shop_2,lemon-boost,plastic,1.5lt,2.27,15505
925,30/11/12,Irakleion,35.32787,25.14341,134219,shop_2,lemon-boost,plastic,1.5lt,0.85,25631
1014,31/12/12,Irakleion,35.32787,25.14341,134219,shop_2,lemon-boost,plastic,1.5lt,2.13,15467
1107,31/01/13,Irakleion,35.32787,25.14341,135432,shop_2,lemon-boost,plastic,1.5lt,1.7,14558
1244,28/02/13,Irakleion,35.32787,25.14341,135432,shop_2,lemon-boost,plastic,1.5lt,0.75,15790
1283,31/03/13,Irakleion,35.32787,25.14341,135432,shop_2,lemon-boost,plastic,1.5lt,2.1,14806
1374,30/04/13,Irakleion,35.32787,25.14341,135432,shop_2,lemon-boost,plastic,1.5lt,1.55,25620
1465,31/05/13,Irakleion,35.32787,25.14341,135432,shop_2,lemon-boost,plastic,1.5lt,2.55,15200
1552,30/06/13,Irakleion,35.32787,25.14341,135432,shop_2,lemon-boost,plastic,1.5lt,1.94,27857
1642,31/07/13,Irakleion,35.32787,25.14341,135432,shop_2,lemon-boost,plastic,1.5lt,2.21,22708
1795,31/08/13,Irakleion,35.32787,25.14341,135432,shop_2,lemon-boost,plastic,1.5lt,1.9,23533
1822,30/09/13,Irakleion,35.32787,25.14341,135432,shop_2,lemon-boost,plastic,1.5lt,2.46,15765
1915,31/10/13,Irakleion,35.32787,25.14341,135432,shop_2,lemon-boost,plastic,1.5lt,2.64,12081
2001,30/11/13,Irakleion,35.32787,25.14341,135432,shop_2,lemon-boost,plastic,1.5lt,1.48,20252
2159,31/12/13,Irakleion,35.32787,25.14341,135432,shop_2,lemon-boost,plastic,1.5lt,1.98,17328
2242,31/01/14,Irakleion,35.32787,25.14341,136202,shop_2,lemon-boost,plastic,1.5lt,2.63,8420
2271,28/02/14,Irakleion,35.32787,25.14341,136202,shop_2,lemon-boost,plastic,1.5lt,2.15,8748
2364,31/03/14,Irakleion,35.32787,25.14341,136202,shop_2,lemon-boost,plastic,1.5lt,2.18,14532
2456,30/04/14,Irakleion,35.32787,25.14341,136202,shop_2,lemon-boost,plastic,1.5lt,1.92,21891
2600,31/05/14,Irakleion,35.32787,25.14341,136202,shop_2,lemon-boost,plastic,1.5lt,1.39,29844
2635,30/06/14,Irakleion,35.32787,25.14341,136202,shop_2,lemon-boost,plastic,1.5lt,1.93,28678
2723,31/07/14,Irakleion,35.32787,25.14341,136202,shop_2,lemon-boost,plastic,1.5lt,2.2,23431
2812,31/08/14,Irakleion,35.32787,25.14341,136202,shop_2,lemon-boost,plastic,1.5lt,1.85,24649
2903,30/09/14,Irakleion,35.32787,25.14341,136202,shop_2,lemon-boost,plastic,1.5lt,2.35,17718
3050,31/10/14,Irakleion,35.32787,25.14341,136202,shop_2,lemon-boost,plastic,1.5lt,2.17,17614
3082,30/11/14,Irakleion,35.32787,25.14341,136202,shop_2,lemon-boost,plastic,1.5lt,2.76,9545
3170,31/12/14,Irakleion,35.32787,25.14341,136202,shop_2,lemon-boost,plastic,1.5lt,2.28,14955
3260,31/01/15,Irakleion,35.32787,25.14341,138560,shop_2,lemon-boost,plastic,1.5lt,2.2,11715
3354,28/02/15,Irakleion,35.32787,25.14341,138560,shop_2,lemon-boost,plastic,1.5lt,2.29,8287
3446,31/03/15,Irakleion,35.32787,25.14341,138560,shop_2,lemon-boost,plastic,1.5lt,1.82,17966
3533,30/04/15,Irakleion,35.32787,25.14341,138560,shop_2,lemon-boost,plastic,1.5lt,1.65,25378
3620,31/05/15,Irakleion,35.32787,25.14341,138560,shop_2,lemon-boost,plastic,1.5lt,2.16,21060
3716,30/06/15,Irakleion,35.32787,25.14341,138560,shop_2,lemon-boost,plastic,1.5lt,2.51,20865
3803,31/07/15,Irakleion,35.32787,25.14341,138560,shop_2,lemon-boost,plastic,1.5lt,2.45,20629
3943,31/08/15,Irakleion,35.32787,25.14341,138560,shop_2,lemon-boost,plastic,1.5lt,1.9,24534
3984,30/09/15,Irakleion,35.32787,25.14341,138560,shop_2,lemon-boost,plastic,1.5lt,1.83,24266
4122,31/10/15,Irakleion,35.32787,25.14341,138560,shop_2,lemon-boost,plastic,1.5lt,0.99,30033
4163,30/11/15,Irakleion,35.32787,25.14341,138560,shop_2,lemon-boost,plastic,1.5lt,2.83,9453
4250,31/12/15,Irakleion,35.32787,25.14341,138560,shop_2,lemon-boost,plastic,1.5lt,1.9,18917
4345,31/01/16,Irakleion,35.32787,25.14341,137302,shop_2,lemon-boost,plastic,1.5lt,1.33,17697
4431,29/02/16,Irakleion,,25.14341,137302,shop_2,lemon-boost,plastic,1.5lt,2.36,8178
22,31/01/12,Irakleion,35.32787,25.14341,134219,shop_2,lemon-boost,can,330ml,0.41,29015
113,29/02/12,Irakleion,35.32787,25.14341,134219,shop_2,lemon-boost,can,330ml,0.67,11939
202,31/03/12,Irakleion,35.32787,25.14341,134219,shop_2,lemon-boost,can,330ml,0.39,34868
296,30/04/12,Irakleion,35.32787,25.14341,134219,shop_2,lemon-boost,can,330ml,0.6,20697
441,31/05/12,Irakleion,35.32787,25.14341,134219,shop_2,lemon-boost,can,330ml,0.51,36121
471,30/06/12,Irakleion,35.32787,25.14341,134219,shop_2,lemon-boost,can,330ml,0.63,29075
623,31/07/12,Irakleion,35.32787,25.14341,134219,shop_2,lemon-boost,can,330ml,0.59,36183
649,31/08/12,Irakleion,35.32787,25.14341,134219,shop_2,lemon-boost,can,330ml,0.54,36465
745,30/09/12,Irakleion,35.32787,25.14341,134219,shop_2,lemon-boost,can,330ml,0.62,19367
836,31/10/12,Irakleion,35.32787,25.14341,134219,shop_2,lemon-boost,can,330ml,0.62,20537
977,30/11/12,Irakleion,35.32787,25.14341,134219,shop_2,lemon-boost,can,330ml,0.51,26126
1015,31/12/12,Irakleion,35.32787,25.14341,134219,shop_2,lemon-boost,can,330ml,0.59,27776
1108,31/01/13,Irakleion,35.32787,25.14341,135432,shop_2,lemon-boost,can,330ml,0.55,21923
1192,28/02/13,Irakleion,35.32787,25.14341,135432,shop_2,lemon-boost,can,330ml,0.57,17558
1284,31/03/13,Irakleion,35.32787,25.14341,135432,shop_2,lemon-boost,can,330ml,0.58,23437
1375,30/04/13,Irakleion,35.32787,25.14341,135432,shop_2,lemon-boost,can,330ml,0.53,26101
1525,31/05/13,Irakleion,35.32787,25.14341,135432,shop_2,lemon-boost,can,330ml,0.61,27664
1616,30/06/13,Irakleion,35.32787,25.14341,135432,shop_2,lemon-boost,can,330ml,0.59,34342
1697,31/07/13,Irakleion,35.32787,25.14341,135432,shop_2,lemon-boost,can,330ml,0.53,44346
1733,31/08/13,Irakleion,35.32787,25.14341,135432,shop_2,lemon-boost,can,330ml,0.65,26811
1823,30/09/13,Irakleion,35.32787,25.14341,135432,shop_2,lemon-boost,can,330ml,0.28,42573
1916,31/10/13,Irakleion,35.32787,25.14341,135432,shop_2,lemon-boost,can,330ml,0.5,29863
2002,30/11/13,Irakleion,35.32787,25.14341,135432,shop_2,lemon-boost,can,330ml,0.42,32649
2092,31/12/13,Irakleion,35.32787,25.14341,135432,shop_2,lemon-boost,can,330ml,0.63,25378
2183,31/01/14,Irakleion,35.32787,25.14341,136202,shop_2,lemon-boost,can,330ml,0.76,10756
2272,28/02/14,Irakleion,35.32787,25.14341,136202,shop_2,lemon-boost,can,330ml,0.48,22047
2365,31/03/14,Irakleion,35.32787,25.14341,136202,shop_2,lemon-boost,can,330ml,0.53,27189
2457,30/04/14,Irakleion,35.32787,25.14341,136202,shop_2,lemon-boost,can,330ml,0.39,35552
2545,31/05/14,Irakleion,35.32787,25.14341,136202,shop_2,lemon-boost,can,330ml,0.54,35612
2696,30/06/14,Irakleion,35.32787,25.14341,136202,shop_2,lemon-boost,can,330ml,0.48,46575
2724,31/07/14,Irakleion,35.32787,25.14341,136202,shop_2,lemon-boost,can,330ml,0.63,34533
2813,31/08/14,Irakleion,35.32787,25.14341,136202,shop_2,lemon-boost,can,330ml,0.57,35518
2904,30/09/14,Irakleion,35.32787,25.14341,136202,shop_2,lemon-boost,can,330ml,0.6,22596
2992,31/10/14,Irakleion,35.32787,25.14341,136202,shop_2,lemon-boost,can,330ml,0.52,29085
3083,30/11/14,Irakleion,35.32787,25.14341,136202,shop_2,lemon-boost,can,330ml,0.71,15083
3171,31/12/14,Irakleion,35.32787,25.14341,136202,shop_2,lemon-boost,can,330ml,0.46,40565
3261,31/01/15,Irakleion,35.32787,25.14341,138560,shop_2,lemon-boost,can,330ml,0.39,32079
3355,28/02/15,Irakleion,35.32787,25.14341,138560,shop_2,lemon-boost,can,330ml,0.51,21541
3499,31/03/15,Irakleion,35.32787,25.14341,138560,shop_2,lemon-boost,can,330ml,0.6,23660
3586,30/04/15,Irakleion,35.32787,25.14341,138560,shop_2,lemon-boost,can,330ml,0.72,15935
3677,31/05/15,Irakleion,35.32787,25.14341,138560,shop_2,lemon-boost,can,330ml,0.33,53763
3717,30/06/15,Irakleion,35.32787,25.14341,138560,shop_2,lemon-boost,can,330ml,0.61,35275
3804,31/07/15,Irakleion,35.32787,25.14341,138560,shop_2,lemon-boost,can,330ml,0.33,67979
3892,31/08/15,Irakleion,35.32787,25.14341,138560,shop_2,lemon-boost,can,330ml,0.55,38612
3985,30/09/15,Irakleion,35.32787,25.14341,138560,shop_2,lemon-boost,can,330ml,0.6,23303
4121,31/10/15,Irakleion,35.32787,25.14341,138560,shop_2,lemon-boost,can,330ml,0.64,22064
4164,30/11/15,Irakleion,35.32787,25.14341,138560,shop_2,lemon-boost,can,330ml,0.46,31123
4251,31/12/15,Irakleion,35.32787,25.14341,138560,shop_2,lemon-boost,can,330ml,0.4,46204
4346,31/01/16,Irakleion,35.32787,25.14341,137302,shop_2,lemon-boost,can,330ml,0.55,23701
4432,29/02/16,Irakleion,35.32787,25.14341,137302,shop_2,lemon-boost,can,330ml,0.86,5875
