train.csv
id,date,city,lat,long,pop,shop,brand,container,capacity,price,quantity
23,31/01/12,Patra,38.24444,21.73444,164250,shop_6,kinder-cola,glass,500ml,1.11,17474
114,29/02/12,Patra,38.24444,21.73444,164250,shop_6,kinder-cola,glass,500ml,1.3,14558
203,31/03/12,Patra,38.24444,21.73444,164250,shop_6,kinder-cola,glass,500ml,1.52,13455
297,30/04/12,Patra,38.24444,21.73444,164250,shop_6,kinder-cola,glass,500ml,0.93,32238
382,31/05/12,Patra,38.24444,21.73444,164250,shop_6,kinder-cola,glass,500ml,1.14,32905
472,30/06/12,Patra,38.24444,21.73444,164250,shop_6,kinder-cola,glass,500ml,1.02,41329
566,31/07/12,Patra,38.24444,21.73444,164250,shop_6,kinder-cola,glass,500ml,1.35,30386
650,31/08/12,Patra,38.24444,21.73444,164250,shop_6,kinder-cola,glass,500ml,1.3,26601
795,30/09/12,Patra,38.24444,21.73444,164250,shop_6,kinder-cola,glass,500ml,1.38,21310
894,31/10/12,Patra,38.24444,21.73444,164250,shop_6,kinder-cola,glass,500ml,1.2,20556
926,30/11/12,Patra,38.24444,21.73444,164250,shop_6,kinder-cola,glass,500ml,1.23,16662
1016,31/12/12,Patra,38.24444,21.73444,164250,shop_6,kinder-cola,glass,500ml,1.23,24272
1109,31/01/13,Patra,38.24444,21.73444,166301,shop_6,kinder-cola,glass,500ml,1.27,15080
1193,28/02/13,Patra,38.24444,21.73444,166301,shop_6,kinder-cola,glass,500ml,1.74,7176
1285,31/03/13,Patra,38.24444,21.73444,166301,shop_6,kinder-cola,glass,500ml,1.43,16157
1376,30/04/13,Patra,38.24444,21.73444,166301,shop_6,kinder-cola,glass,500ml,1.18,25977
1466,31/05/13,Patra,38.24444,21.73444,166301,shop_6,kinder-cola,glass,500ml,1.11,34502
1643,31/07/13,Patra,38.24444,21.73444,166301,shop_6,kinder-cola,glass,500ml,1.21,37247
1734,31/08/13,Patra,38.24444,21.73444,166301,shop_6,kinder-cola,glass,500ml,1.3,27822
1824,30/09/13,Patra,38.24444,21.73444,166301,shop_6,kinder-cola,glass,500ml,1.46,19658
1917,31/10/13,Patra,38.24444,21.73444,166301,shop_6,kinder-cola,glass,500ml,0.99,25858
2003,30/11/13,Patra,38.24444,21.73444,166301,shop_6,kinder-cola,glass,500ml,0.87,23921
2093,31/12/13,Patra,38.24444,21.73444,166301,shop_6,kinder-cola,glass,500ml,1.43,19717
2184,31/01/14,Patra,38.24444,21.73444,167242,shop_6,kinder-cola,glass,500ml,1.23,16381
2273,28/02/14,Patra,38.24444,21.73444,167242,shop_6,kinder-cola,glass,500ml,1.18,17680
2366,31/03/14,Patra,38.24444,21.73444,167242,shop_6,kinder-cola,glass,500ml,1.05,25279
2458,30/04/14,Patra,38.24444,21.73444,167242,shop_6,kinder-cola,glass,500ml,1.39,21238
2546,31/05/14,Patra,38.24444,21.73444,167242,shop_6,kinder-cola,glass,500ml,0.98,39613
2636,30/06/14,Patra,38.24444,21.73444,167242,shop_6,kinder-cola,glass,500ml,1.42,28363
2725,31/07/14,Patra,38.24444,21.73444,167242,shop_6,kinder-cola,glass,500ml,1.31,34148
2814,31/08/14,Patra,38.24444,21.73444,167242,shop_6,kinder-cola,glass,500ml,1.02,37534
2905,30/09/14,Patra,38.24444,21.73444,167242,shop_6,kinder-cola,glass,500ml,1.08,31440
2993,31/10/14,Patra,38.24444,21.73444,167242,shop_6,kinder-cola,glass,500ml,1.21,21415
3084,30/11/14,Patra,38.24444,21.73444,167242,shop_6,kinder-cola,glass,500ml,1.16,18991
3172,31/12/14,Patra,38.24444,21.73444,167242,shop_6,kinder-cola,glass,500ml,1.37,22174
3262,31/01/15,Patra,38.24444,21.73444,167001,shop_6,kinder-cola,glass,500ml,1.18,17612
3419,28/02/15,Patra,38.24444,21.73444,167001,shop_6,kinder-cola,glass,500ml,1.34,15268
3447,31/03/15,Patra,38.24444,21.73444,167001,shop_6,kinder-cola,glass,500ml,1.18,23023
3599,30/04/15,Patra,38.24444,21.73444,167001,shop_6,kinder-cola,glass,500ml,1.22,26309
3621,31/05/15,Patra,38.24444,21.73444,167001,shop_6,kinder-cola,glass,500ml,1.39,27289
3718,30/06/15,Patra,38.24444,21.73444,167001,shop_6,kinder-cola,glass,500ml,0.96,46224
3805,31/07/15,Patra,38.24444,21.73444,167001,shop_6,kinder-cola,glass,500ml,1.42,31349
3893,31/08/15,Patra,38.24444,21.73444,167001,shop_6,kinder-cola,glass,500ml,1.34,28089
3986,30/09/15,Patra,38.24444,21.73444,167001,shop_6,kinder-cola,glass,500ml,1.46,21584
4071,31/10/15,Patra,38.24444,21.73444,167001,shop_6,kinder-cola,glass,500ml,1.51,15591
4165,30/11/15,Patra,38.24444,21.73444,167001,shop_6,kinder-cola,glass,500ml,1.29,17150
4252,31/12/15,Patra,38.24444,21.73444,167001,shop_6,kinder-cola,glass,500ml,1.18,27854
4405,31/01/16,Patra,38.24444,21.73444,168254,shop_6,kinder-cola,glass,500ml,1.19,17830
4433,29/02/16,Patra,38.24444,21.73444,168254,shop_6,kinder-cola,glass,500ml,1.34,15780
24,31/01/12,Patra,38.24444,21.73444,164250,shop_6,kinder-cola,plastic,1.5lt,3.84,8361
160,29/02/12,Patra,38.24444,21.73444,164250,shop_6,kinder-cola,plastic,1.5lt,3.17,9343
204,31/03/12,Patra,38.24444,21.73444,164250,shop_6,kinder-cola,plastic,1.5lt,2.54,15703
298,30/04/12,Patra,38.24444,21.73444,164250,shop_6,kinder-cola,plastic,1.5lt,3.14,17162
440,31/05/12,Patra,38.24444,21.73444,164250,shop_6,kinder-cola,plastic,1.5lt,2.98,20557
473,30/06/12,Patra,38.24444,21.73444,164250,shop_6,kinder-cola,plastic,1.5lt,3.68,15229
567,31/07/12,Patra,38.24444,21.73444,164250,shop_6,kinder-cola,plastic,1.5lt,2.12,33050
651,31/08/12,Patra,38.24444,21.73444,164250,shop_6,kinder-cola,plastic,1.5lt,3.15,18410
746,30/09/12,Patra,38.24444,21.73444,164250,shop_6,kinder-cola,plastic,1.5lt,3.32,15672
837,31/10/12,Patra,38.24444,21.73444,164250,shop_6,kinder-cola,plastic,1.5lt,3.94,9179
927,30/11/12,Patra,38.24444,21.73444,164250,shop_6,kinder-cola,plastic,1.5lt,3.45,9768
1017,31/12/12,Patra,38.24444,21.73444,164250,shop_6,kinder-cola,plastic,1.5lt,3.68,11714
1110,31/01/13,Patra,38.24444,21.73444,166301,shop_6,kinder-cola,plastic,1.5lt,2.84,13693
1194,28/02/13,Patra,38.24444,21.73444,166301,shop_6,kinder-cola,plastic,1.5lt,3.33,9014
1286,31/03/13,Patra,38.24444,21.73444,166301,shop_6,kinder-cola,plastic,1.5lt,2.36,16927
1432,30/04/13,Patra,38.24444,21.73444,166301,shop_6,kinder-cola,plastic,1.5lt,3.42,15690
1467,31/05/13,Patra,38.24444,21.73444,166301,shop_6,kinder-cola,plastic,1.5lt,4.32,10368
1554,30/06/13,Patra,38.24444,21.73444,166301,shop_6,kinder-cola,plastic,1.5lt,3.29,19169
1644,31/07/13,Patra,38.24444,21.73444,166301,shop_6,kinder-cola,plastic,1.5lt,2.41,30710
1735,31/08/13,Patra,38.24444,21.73444,166301,shop_6,kinder-cola,plastic,1.5lt,1.89,28623
1825,30/09/13,Patra,38.24444,21.73444,166301,shop_6,kinder-cola,plastic,1.5lt,3.74,13236
1918,31/10/13,Patra,,21.73444,166301,shop_6,kinder-cola,plastic,1.5lt,2.62,17287
2004,30/11/13,Patra,38.24444,21.73444,166301,shop_6,kinder-cola,plastic,1.5lt,2.43,14926
2094,31/12/13,Patra,38.24444,21.73444,166301,shop_6,kinder-cola,plastic,1.5lt,2.91,17051
2185,31/01/14,Patra,38.24444,21.73444,167242,shop_6,kinder-cola,plastic,1.5lt,2.56,15334
2274,28/02/14,Patra,38.24444,21.73444,167242,shop_6,kinder-cola,plastic,1.5lt,2.92,10858
2367,31/03/14,Patra,38.24444,21.73444,167242,shop_6,kinder-cola,plastic,1.5lt,3.47,11542
2459,30/04/14,Patra,38.24444,21.73444,167242,shop_6,kinder-cola,plastic,1.5lt,2.87,20061
2547,31/05/14,Patra,38.24444,21.73444,167242,shop_6,kinder-cola,plastic,1.5lt,1.62,32190
2637,30/06/14,Patra,38.24444,21.73444,167242,shop_6,kinder-cola,plastic,1.5lt,3.11,21146
2789,31/07/14,Patra,38.24444,21.73444,167242,shop_6,kinder-cola,plastic,1.5lt,3.57,20373
2877,31/08/14,Patra,38.24444,21.73444,167242,shop_6,kinder-cola,plastic,1.5lt,3.46,17162
2906,30/09/14,Patra,38.24444,21.73444,167242,shop_6,kinder-cola,plastic,1.5lt,2.57,21827
2994,31/10/14,Patra,38.24444,21.73444,167242,shop_6,kinder-cola,plastic,1.5lt,2.63,17565
3085,30/11/14,Patra,38.24444,21.73444,167242,shop_6,kinder-cola,plastic,1.5lt,2.48,14920
3173,31/12/14,Patra,38.24444,21.73444,167242,shop_6,kinder-cola,plastic,1.5lt,3.47,13990
3263,31/01/15,Patra,38.24444,21.73444,167001,shop_6,kinder-cola,plastic,1.5lt,3.97,8937
3356,28/02/15,Patra,38.24444,21.73444,167001,shop_6,kinder-cola,plastic,1.5lt,2.87,11294
3500,31/03/15,Patra,38.24444,21.73444,167001,shop_6,kinder-cola,plastic,1.5lt,4.36,7491
3534,30/04/15,Patra,38.24444,21.73444,167001,shop_6,kinder-cola,plastic,1.5lt,3.49,16279
3622,31/05/15,Patra,38.24444,21.73444,167001,shop_6,kinder-cola,plastic,1.5lt,3.59,17466
3761,30/06/15,Patra,38.24444,21.73444,167001,shop_6,kinder-cola,plastic,1.5lt,2.44,26954
3806,31/07/15,Patra,38.24444,21.73444,167001,shop_6,kinder-cola,plastic,1.5lt,3.39,22745
3894,31/08/15,Patra,38.24444,21.73444,167001,shop_6,kinder-cola,plastic,1.5lt,2.67,23488
3987,30/09/15,Patra,38.24444,21.73444,167001,shop_6,kinder-cola,plastic,1.5lt,2.11,25300
4072,31/10/15,Patra,38.24444,21.73444,167001,shop_6,kinder-cola,plastic,1.5lt,3.13,15120
4166,30/11/15,Patra,38.24444,21.73444,167001,shop_6,kinder-cola,plastic,1.5lt,2.32,15866
4253,31/12/15,Patra,38.24444,21.73444,167001,shop_6,kinder-cola,plastic,1.5lt,2.57,19833
4347,31/01/16,Patra,38.24444,21.73444,168254,shop_6,kinder-cola,plastic,1.5lt,3.06,13553
4434,29/02/16,Patra,38.24444,21.73444,168254,shop_6,kinder-cola,plastic,1.5lt,1.88,15155
25,31/01/12,Patra,38.24444,21.73444,164250,shop_6,kinder-cola,can,330ml,0.57,26782
115,29/02/12,Patra,38.24444,21.73444,164250,shop_6,kinder-cola,can,330ml,0.74,13663
205,31/03/12,Patra,38.24444,21.73444,164250,shop_6,kinder-cola,can,330ml,0.9,15900
353,30/04/12,Patra,38.24444,21.73444,164250,shop_6,kinder-cola,can,330ml,0.7,29499
446,31/05/12,Patra,38.24444,21.73444,164250,shop_6,kinder-cola,can,330ml,0.73,30446
474,30/06/12,Patra,38.24444,21.73444,164250,shop_6,kinder-cola,can,330ml,0.81,34974
620,31/07/12,Patra,38.24444,21.73444,164250,shop_6,kinder-cola,can,330ml,0.74,39130
652,31/08/12,Patra,38.24444,21.73444,164250,shop_6,kinder-cola,can,330ml,0.79,33723
747,30/09/12,Patra,38.24444,21.73444,164250,shop_6,kinder-cola,can,330ml,0.9,25115
838,31/10/12,Patra,38.24444,21.73444,164250,shop_6,kinder-cola,can,330ml,0.81,24774
928,30/11/12,Patra,38.24444,21.73444,164250,shop_6,kinder-cola,can,330ml,0.72,22321
1018,31/12/12,Patra,38.24444,21.73444,164250,shop_6,kinder-cola,can,330ml,0.61,30662
1111,31/01/13,Patra,38.24444,21.73444,166301,shop_6,kinder-cola,can,330ml,0.56,27660
1195,28/02/13,Patra,38.24444,21.73444,166301,shop_6,kinder-cola,can,330ml,0.65,16149
1287,31/03/13,Patra,38.24444,21.73444,166301,shop_6,kinder-cola,can,330ml,0.65,26102
1437,30/04/13,Patra,38.24444,21.73444,166301,shop_6,kinder-cola,can,330ml,0.66,32017
1468,31/05/13,Patra,38.24444,21.73444,166301,shop_6,kinder-cola,can,330ml,0.62,36890
1555,30/06/13,Patra,38.24444,21.73444,166301,shop_6,kinder-cola,can,330ml,0.78,38645
1709,31/07/13,Patra,38.24444,21.73444,166301,shop_6,kinder-cola,can,330ml,0.8,36733
1736,31/08/13,Patra,38.24444,21.73444,166301,shop_6,kinder-cola,can,330ml,0.7,40223
1826,30/09/13,Patra,38.24444,21.73444,166301,shop_6,kinder-cola,can,330ml,0.78,33413
1919,31/10/13,Patra,38.24444,21.73444,166301,shop_6,kinder-cola,can,330ml,0.72,29967
2005,30/11/13,Patra,38.24444,21.73444,166301,shop_6,kinder-cola,can,330ml,0.65,25484
2095,31/12/13,Patra,38.24444,21.73444,166301,shop_6,kinder-cola,can,330ml,0.61,31288
2186,31/01/14,Patra,38.24444,21.73444,167242,shop_6,kinder-cola,can,330ml,0.83,18644
2275,28/02/14,Patra,38.24444,21.73444,167242,shop_6,kinder-cola,can,330ml,0.85,11949
2368,31/03/14,Patra,38.24444,21.73444,167242,shop_6,kinder-cola,can,330ml,0.79,21370
2460,30/04/14,Patra,38.24444,21.73444,167242,shop_6,kinder-cola,can,330ml,0.89,21972
2548,31/05/14,Patra,38.24444,21.73444,167242,shop_6,kinder-cola,can,330ml,0.87,24838
2697,30/06/14,Patra,38.24444,21.73444,167242,shop_6,kinder-cola,can,330ml,0.7,44692
2781,31/07/14,Patra,38.24444,21.73444,167242,shop_6,kinder-cola,can,330ml,0.71,43443
2815,31/08/14,Patra,38.24444,21.73444,167242,shop_6,kinder-cola,can,330ml,0.75,38096
2907,30/09/14,Patra,38.24444,21.73444,167242,shop_6,kinder-cola,can,330ml,0.65,41896
2995,31/10/14,Patra,38.24444,21.73444,167242,shop_6,kinder-cola,can,330ml,0.84,25258
3086,30/11/14,Patra,38.24444,21.73444,167242,shop_6,kinder-cola,can,330ml,0.66,25687
3174,31/12/14,Patra,38.24444,21.73444,167242,shop_6,kinder-cola,can,330ml,0.68,28737
3264,31/01/15,Patra,38.24444,21.73444,167001,shop_6,kinder-cola,can,330ml,0.95,15121
3418,28/02/15,Patra,38.24444,21.73444,167001,shop_6,kinder-cola,can,330ml,0.85,12382
3448,31/03/15,Patra,38.24444,21.73444,167001,shop_6,kinder-cola,can,330ml,0.72,24729
3535,30/04/15,Patra,38.24444,21.73444,167001,shop_6,kinder-cola,can,330ml,0.91,22377
3623,31/05/15,Patra,38.24444,21.73444,167001,shop_6,kinder-cola,can,330ml,0.72,33167
3766,30/06/15,Patra,38.24444,21.73444,167001,shop_6,kinder-cola,can,330ml,0.99,26571
3807,31/07/15,Patra,38.24444,21.73444,167001,shop_6,kinder-cola,can,330ml,0.79,39113
3895,31/08/15,Patra,38.24444,21.73444,167001,shop_6,kinder-cola,can,330ml,0.87,31911
3988,30/09/15,Patra,38.24444,21.73444,167001,shop_6,kinder-cola,can,330ml,0.92,27162
4073,31/10/15,Patra,38.24444,21.73444,167001,shop_6,kinder-cola,can,330ml,0.8,28006
4167,30/11/15,Patra,38.24444,21.73444,167001,shop_6,kinder-cola,can,330ml,0.93,16447
4254,31/12/15,Patra,38.24444,21.73444,167001,shop_6,kinder-cola,can,330ml,0.83,23179
4402,31/01/16,Patra,38.24444,21.73444,168254,shop_6,kinder-cola,can,330ml,1.01,13674
4435,29/02/16,Patra,38.24444,21.73444,168254,shop_6,kinder-cola,can,330ml,0.7,15948
26,31/01/12,Patra,38.24444,21.73444,164250,shop_6,adult-cola,glass,500ml,1.17,19841
179,29/02/12,Patra,38.24444,21.73444,164250,shop_6,adult-cola,glass,500ml,1.29,14052
206,31/03/12,Patra,38.24444,21.73444,164250,shop_6,adult-cola,glass,500ml,1.41,20640
299,30/04/12,Patra,38.24444,21.73444,164250,shop_6,adult-cola,glass,500ml,1.28,26348
383,31/05/12,Patra,38.24444,21.73444,164250,shop_6,adult-cola,glass,500ml,1.33,28775
475,30/06/12,Patra,38.24444,21.73444,164250,shop_6,adult-cola,glass,500ml,1.2,33220
568,31/07/12,Patra,38.24444,21.73444,164250,shop_6,adult-cola,glass,500ml,1.13,51810
653,31/08/12,Patra,38.24444,21.73444,164250,shop_6,adult-cola,glass,500ml,1.2,43742
748,30/09/12,Patra,38.24444,21.73444,164250,shop_6,adult-cola,glass,500ml,1.43,21190
839,31/10/12,Patra,38.24444,21.73444,164250,shop_6,adult-cola,glass,500ml,1.27,20019
929,30/11/12,Patra,38.24444,21.73444,164250,shop_6,adult-cola,glass,500ml,0.74,41603
1019,31/12/12,Patra,38.24444,21.73444,164250,shop_6,adult-cola,glass,500ml,1.35,24156
1112,31/01/13,Patra,38.24444,21.73444,166301,shop_6,adult-cola,glass,500ml,0.96,27155
1196,28/02/13,Patra,38.24444,21.73444,166301,shop_6,adult-cola,glass,500ml,1.31,14484
1288,31/03/13,Patra,38.24444,21.73444,166301,shop_6,adult-cola,glass,500ml,1.12,37147
1377,30/04/13,Patra,38.24444,21.73444,166301,shop_6,adult-cola,glass,500ml,1.15,34113
1469,31/05/13,Patra,38.24444,21.73444,166301,shop_6,adult-cola,glass,500ml,0.88,56801
1556,30/06/13,Patra,38.24444,21.73444,166301,shop_6,adult-cola,glass,500ml,1.03,44138
1645,31/07/13,Patra,38.24444,21.73444,166301,shop_6,adult-cola,glass,500ml,1.18,49728
1792,31/08/13,Patra,38.24444,21.73444,166301,shop_6,adult-cola,glass,500ml,1.07,54909
1827,30/09/13,Patra,38.24444,21.73444,166301,shop_6,adult-cola,glass,500ml,1.4,24096
1920,31/10/13,Patra,38.24444,21.73444,166301,shop_6,adult-cola,glass,500ml,0.85,36696
2006,30/11/13,Patra,38.24444,21.73444,166301,shop_6,adult-cola,glass,500ml,1.31,20586
2096,31/12/13,Patra,38.24444,21.73444,166301,shop_6,adult-cola,glass,500ml,1.1,38980
2187,31/01/14,Patra,38.24444,21.73444,167242,shop_6,adult-cola,glass,500ml,1.18,21202
2276,28/02/14,Patra,38.24444,21.73444,167242,shop_6,adult-cola,glass,500ml,1.33,14687
2369,31/03/14,Patra,38.24444,21.73444,167242,shop_6,adult-cola,glass,500ml,0.98,45761
2516,30/04/14,Patra,38.24444,21.73444,167242,shop_6,adult-cola,glass,500ml,1.04,40907
2549,31/05/14,Patra,38.24444,21.73444,167242,shop_6,adult-cola,glass,500ml,1.25,36819
2638,30/06/14,Patra,38.24444,21.73444,167242,shop_6,adult-cola,glass,500ml,0.88,53044
2726,31/07/14,Patra,38.24444,21.73444,167242,shop_6,adult-cola,glass,500ml,1.37,37733
2816,31/08/14,Patra,38.24444,21.73444,167242,shop_6,adult-cola,glass,500ml,1.11,53278
2908,30/09/14,Patra,38.24444,21.73444,167242,shop_6,adult-cola,glass,500ml,0.7,64112
2996,31/10/14,Patra,38.24444,21.73444,167242,shop_6,adult-cola,glass,500ml,1.19,24973
3087,30/11/14,Patra,38.24444,21.73444,167242,shop_6,adult-cola,glass,500ml,0.87,38254
3175,31/12/14,Patra,38.24444,21.73444,167242,shop_6,adult-cola,glass,500ml,0.92,49461
3320,31/01/15,Patra,38.24444,21.73444,167001,shop_6,adult-cola,glass,500ml,0.97,27965
3357,28/02/15,Patra,38.24444,21.73444,167001,shop_6,adult-cola,glass,500ml,0.96,25078
3449,31/03/15,Patra,38.24444,21.73444,167001,shop_6,adult-cola,glass,500ml,1.15,38283
3536,30/04/15,Patra,38.24444,21.73444,167001,shop_6,adult-cola,glass,500ml,1.03,42410
3719,30/06/15,Patra,38.24444,21.73444,167001,shop_6,adult-cola,glass,500ml,1.19,38040
3808,31/07/15,Patra,38.24444,21.73444,167001,shop_6,adult-cola,glass,500ml,0.9,74104
3896,31/08/15,Patra,38.24444,21.73444,167001,shop_6,adult-cola,glass,500ml,1.51,27718
3989,30/09/15,Patra,38.24444,21.73444,167001,shop_6,adult-cola,glass,500ml,1.16,40172
4074,31/10/15,Patra,38.24444,21.73444,167001,shop_6,adult-cola,glass,500ml,0.75,41633
4168,30/11/15,Patra,38.24444,21.73444,167001,shop_6,adult-cola,glass,500ml,0.97,35137
4255,31/12/15,Patra,38.24444,21.73444,167001,shop_6,adult-cola,glass,500ml,0.93,50375
4348,31/01/16,Patra,38.24444,21.73444,168254,shop_6,adult-cola,glass,500ml,1.2,22075
4436,29/02/16,Patra,38.24444,21.73444,168254,shop_6,adult-cola,glass,500ml,0.91,26743
