train.csv
id,date,city,lat,long,pop,shop,brand,container,capacity,price,quantity
27,31/01/12,Patra,38.24444,21.73444,164250,shop_6,adult-cola,plastic,1.5lt,2.77,14917
116,29/02/12,Patra,38.24444,21.73444,164250,shop_6,adult-cola,plastic,1.5lt,3.63,6510
207,31/03/12,Patra,38.24444,21.73444,164250,shop_6,adult-cola,plastic,1.5lt,2.47,21964
300,30/04/12,Patra,38.24444,21.73444,164250,shop_6,adult-cola,plastic,1.5lt,2.54,27447
384,31/05/12,Patra,38.24444,21.73444,164250,shop_6,adult-cola,plastic,1.5lt,3.06,22397
525,30/06/12,Patra,38.24444,21.73444,164250,shop_6,adult-cola,plastic,1.5lt,1.86,45050
569,31/07/12,Patra,38.24444,21.73444,164250,shop_6,adult-cola,plastic,1.5lt,2.78,33582
654,31/08/12,Patra,38.24444,21.73444,164250,shop_6,adult-cola,plastic,1.5lt,2.03,43546
808,30/09/12,Patra,38.24444,21.73444,164250,shop_6,adult-cola,plastic,1.5lt,2.91,23363
840,31/10/12,Patra,38.24444,21.73444,164250,shop_6,adult-cola,plastic,1.5lt,2.97,18951
930,30/11/12,Patra,38.24444,21.73444,164250,shop_6,adult-cola,plastic,1.5lt,2.76,20869
1020,31/12/12,Patra,38.24444,21.73444,164250,shop_6,adult-cola,plastic,1.5lt,2.42,27105
1113,31/01/13,Patra,38.24444,21.73444,166301,shop_6,adult-cola,plastic,1.5lt,3.2,12030
1197,28/02/13,Patra,38.24444,21.73444,166301,shop_6,adult-cola,plastic,1.5lt,3.17,10108
1289,31/03/13,Patra,38.24444,21.73444,166301,shop_6,adult-cola,plastic,1.5lt,3.18,15405
1378,30/04/13,Patra,38.24444,21.73444,166301,shop_6,adult-cola,plastic,1.5lt,3.13,20573
1470,31/05/13,Patra,38.24444,21.73444,166301,shop_6,adult-cola,plastic,1.5lt,2.86,26241
1557,30/06/13,Patra,38.24444,21.73444,166301,shop_6,adult-cola,plastic,1.5lt,2.76,31236
1646,31/07/13,Patra,38.24444,21.73444,166301,shop_6,adult-cola,plastic,1.5lt,2.26,44071
1737,31/08/13,Patra,38.24444,21.73444,166301,shop_6,adult-cola,plastic,1.5lt,2.34,39058
1875,30/09/13,Patra,38.24444,21.73444,166301,shop_6,adult-cola,plastic,1.5lt,1.97,36921
1921,31/10/13,Patra,38.24444,21.73444,166301,shop_6,adult-cola,plastic,1.5lt,2.28,27597
2007,30/11/13,Patra,38.24444,21.73444,166301,shop_6,adult-cola,plastic,1.5lt,2.8,21118
2097,31/12/13,Patra,38.24444,21.73444,166301,shop_6,adult-cola,plastic,1.5lt,2.75,23821
2238,31/01/14,Patra,38.24444,21.73444,167242,shop_6,adult-cola,plastic,1.5lt,2.06,21519
2329,28/02/14,Patra,38.24444,21.73444,167242,shop_6,adult-cola,plastic,1.5lt,2.88,12416
2370,31/03/14,Patra,38.24444,21.73444,167242,shop_6,adult-cola,plastic,1.5lt,2.29,24915
2461,30/04/14,Patra,38.24444,21.73444,167242,shop_6,adult-cola,plastic,1.5lt,1.81,38307
2550,31/05/14,Patra,38.24444,21.73444,167242,shop_6,adult-cola,plastic,1.5lt,2.53,31757
2639,30/06/14,Patra,38.24444,21.73444,167242,shop_6,adult-cola,plastic,1.5lt,3.14,26285
2727,31/07/14,Patra,38.24444,21.73444,167242,shop_6,adult-cola,plastic,1.5lt,2.62,38503
2817,31/08/14,Patra,38.24444,21.73444,167242,shop_6,adult-cola,plastic,1.5lt,3.3,24346
2960,30/09/14,Patra,38.24444,21.73444,167242,shop_6,adult-cola,plastic,1.5lt,2.39,31915
2997,31/10/14,Patra,38.24444,21.73444,167242,shop_6,adult-cola,plastic,1.5lt,3.09,19137
3088,30/11/14,Patra,38.24444,21.73444,167242,shop_6,adult-cola,plastic,1.5lt,2.77,22143
3176,31/12/14,Patra,38.24444,21.73444,167242,shop_6,adult-cola,plastic,1.5lt,2.61,26150
3265,31/01/15,Patra,38.24444,21.73444,167001,shop_6,adult-cola,plastic,1.5lt,2.34,19712
3412,28/02/15,Patra,38.24444,21.73444,167001,shop_6,adult-cola,plastic,1.5lt,1.93,18822
3450,31/03/15,Patra,38.24444,21.73444,167001,shop_6,adult-cola,plastic,1.5lt,2.25,25705
3591,30/04/15,Patra,38.24444,21.73444,167001,shop_6,adult-cola,plastic,1.5lt,2.98,24185
3625,31/05/15,Patra,38.24444,21.73444,167001,shop_6,adult-cola,plastic,1.5lt,2.57,31897
3767,30/06/15,Patra,38.24444,21.73444,167001,shop_6,adult-cola,plastic,1.5lt,2.14,42611
3809,31/07/15,Patra,38.24444,21.73444,167001,shop_6,adult-cola,plastic,1.5lt,2.57,40361
3954,31/08/15,Patra,38.24444,21.73444,167001,shop_6,adult-cola,plastic,1.5lt,3.02,29904
3990,30/09/15,Patra,38.24444,21.73444,167001,shop_6,adult-cola,plastic,1.5lt,2.69,28742
4075,31/10/15,Patra,38.24444,21.73444,167001,shop_6,adult-cola,plastic,1.5lt,2.16,29991
4224,30/11/15,Patra,38.24444,21.73444,167001,shop_6,adult-cola,plastic,1.5lt,2.34,27334
4256,31/12/15,Patra,38.24444,21.73444,167001,shop_6,adult-cola,plastic,1.5lt,2.99,22337
4349,31/01/16,Patra,38.24444,21.73444,168254,shop_6,adult-cola,plastic,1.5lt,2.7,17318
4437,29/02/16,Patra,38.24444,21.73444,168254,shop_6,adult-cola,plastic,1.5lt,1.9,19248
28,31/01/12,Patra,38.24444,21.73444,164250,shop_6,adult-cola,can,330ml,0.65,26581
117,29/02/12,Patra,38.24444,21.73444,164250,shop_6,adult-cola,can,330ml,0.72,23189
208,31/03/12,Patra,38.24444,21.73444,164250,shop_6,adult-cola,can,330ml,0.73,31895
301,30/04/12,Patra,38.24444,21.73444,164250,shop_6,adult-cola,can,330ml,0.65,49109
385,31/05/12,Patra,38.24444,21.73444,164250,shop_6,adult-cola,can,330ml,0.66,50641
476,30/06/12,Patra,38.24444,21.73444,164250,shop_6,adult-cola,can,330ml,0.57,62364
570,31/07/12,Patra,38.24444,21.73444,164250,shop_6,adult-cola,can,330ml,0.79,44463
655,31/08/12,Patra,38.24444,21.73444,164250,shop_6,adult-cola,can,330ml,0.81,35833
749,30/09/12,Patra,38.24444,21.73444,164250,shop_6,adult-cola,can,330ml,0.61,51721
841,31/10/12,Patra,38.24444,21.73444,164250,shop_6,adult-cola,can,330ml,0.63,35773
931,30/11/12,Patra,38.24444,21.73444,164250,shop_6,adult-cola,can,330ml,0.59,35838
1021,31/12/12,Patra,38.24444,21.73444,164250,shop_6,adult-cola,can,330ml,0.7,35552
1114,31/01/13,Patra,38.24444,21.73444,166301,shop_6,adult-cola,can,330ml,0.58,31191
1198,28/02/13,Patra,38.24444,21.73444,166301,shop_6,adult-cola,can,330ml,0.54,34234
1290,31/03/13,Patra,38.24444,21.73444,166301,shop_6,adult-cola,can,330ml,0.52,50965
1379,30/04/13,Patra,38.24444,21.73444,166301,shop_6,adult-cola,can,330ml,0.64,52087
1471,31/05/13,Patra,38.24444,21.73444,166301,shop_6,adult-cola,can,330ml,0.54,65913
1558,30/06/13,Patra,38.24444,21.73444,166301,shop_6,adult-cola,can,330ml,0.68,51717
1647,31/07/13,Patra,38.24444,21.73444,166301,shop_6,adult-cola,can,330ml,0.64,67051
1791,31/08/13,Patra,38.24444,21.73444,166301,shop_6,adult-cola,can,330ml,0.61,60996
1828,30/09/13,Patra,38.24444,21.73444,166301,shop_6,adult-cola,can,330ml,0.58,56655
1970,31/10/13,Patra,38.24444,21.73444,166301,shop_6,adult-cola,can,330ml,0.8,24500
2008,30/11/13,Patra,38.24444,21.73444,166301,shop_6,adult-cola,can,330ml,0.68,30488
2098,31/12/13,Patra,38.24444,21.73444,166301,shop_6,adult-cola,can,330ml,0.68,38592
2188,31/01/14,Patra,38.24444,21.73444,167242,shop_6,adult-cola,can,330ml,0.43,40110
2277,28/02/14,Patra,,,167242,shop_6,adult-cola,can,330ml,0.8,20086
2371,31/03/14,Patra,38.24444,21.73444,167242,shop_6,adult-cola,can,330ml,0.75,33110
2462,30/04/14,Patra,38.24444,21.73444,167242,shop_6,adult-cola,can,330ml,0.69,48125
2551,31/05/14,Patra,38.24444,21.73444,167242,shop_6,adult-cola,can,330ml,0.65,55118
2640,30/06/14,Patra,38.24444,21.73444,167242,shop_6,adult-cola,can,330ml,0.69,52051
2728,31/07/14,Patra,38.24444,21.73444,167242,shop_6,adult-cola,can,330ml,0.74,56222
2818,31/08/14,Patra,38.24444,21.73444,167242,shop_6,adult-cola,can,330ml,0.47,78593
2909,30/09/14,Patra,38.24444,21.73444,167242,shop_6,adult-cola,can,330ml,0.87,28894
2998,31/10/14,Patra,38.24444,21.73444,167242,shop_6,adult-cola,can,330ml,0.72,31491
3089,30/11/14,Patra,38.24444,21.73444,167242,shop_6,adult-cola,can,330ml,0.72,29012
3177,31/12/14,Patra,38.24444,21.73444,167242,shop_6,adult-cola,can,330ml,0.75,33954
3266,31/01/15,Patra,38.24444,21.73444,167001,shop_6,adult-cola,can,330ml,0.89,16216
3358,28/02/15,Patra,38.24444,21.73444,167001,shop_6,adult-cola,can,330ml,0.51,37132
3451,31/03/15,Patra,38.24444,21.73444,167001,shop_6,adult-cola,can,330ml,0.59,47183
3537,30/04/15,Patra,38.24444,21.73444,167001,shop_6,adult-cola,can,330ml,0.56,62216
3626,31/05/15,Patra,38.24444,21.73444,167001,shop_6,adult-cola,can,330ml,0.59,62575
3720,30/06/15,Patra,38.24444,21.73444,167001,shop_6,adult-cola,can,330ml,0.54,69470
3810,31/07/15,Patra,38.24444,21.73444,167001,shop_6,adult-cola,can,330ml,0.44,97326
3897,31/08/15,Patra,38.24444,21.73444,167001,shop_6,adult-cola,can,330ml,0.48,78633
3991,30/09/15,Patra,38.24444,21.73444,167001,shop_6,adult-cola,can,330ml,0.76,41118
4076,31/10/15,Patra,38.24444,21.73444,167001,shop_6,adult-cola,can,330ml,0.66,36767
4215,30/11/15,Patra,38.24444,21.73444,167001,shop_6,adult-cola,can,330ml,0.62,36149
4257,31/12/15,Patra,38.24444,21.73444,167001,shop_6,adult-cola,can,330ml,0.76,35032
4350,31/01/16,Patra,38.24444,21.73444,168254,shop_6,adult-cola,can,330ml,0.7,26925
4438,29/02/16,Patra,38.24444,21.73444,168254,shop_6,adult-cola,can,330ml,0.46,40850
29,31/01/12,Patra,38.24444,21.73444,164250,shop_6,orange-power,plastic,1.5lt,1.65,30586
119,29/02/12,Patra,38.24444,21.73444,164250,shop_6,orange-power,plastic,1.5lt,1.23,31679
210,31/03/12,Patra,38.24444,21.73444,164250,shop_6,orange-power,plastic,1.5lt,1.84,30099
349,30/04/12,Patra,38.24444,21.73444,164250,shop_6,orange-power,plastic,1.5lt,1.61,41523
387,31/05/12,Patra,38.24444,21.73444,164250,shop_6,orange-power,plastic,1.5lt,0.79,71935
478,30/06/12,Patra,38.24444,21.73444,164250,shop_6,orange-power,plastic,1.5lt,1.8,43194
572,31/07/12,Patra,38.24444,21.73444,164250,shop_6,orange-power,plastic,1.5lt,1.48,67983
656,31/08/12,Patra,38.24444,21.73444,164250,shop_6,orange-power,plastic,1.5lt,1.5,42531
750,30/09/12,Patra,38.24444,21.73444,164250,shop_6,orange-power,plastic,1.5lt,1.88,28301
843,31/10/12,Patra,38.24444,21.73444,164250,shop_6,orange-power,plastic,1.5lt,1.39,41490
933,30/11/12,Patra,38.24444,21.73444,164250,shop_6,orange-power,plastic,1.5lt,1.06,44475
1022,31/12/12,Patra,38.24444,21.73444,164250,shop_6,orange-power,plastic,1.5lt,1.09,50581
1115,31/01/13,Patra,38.24444,21.73444,166301,shop_6,orange-power,plastic,1.5lt,1.03,44073
1199,28/02/13,Patra,38.24444,21.73444,166301,shop_6,orange-power,plastic,1.5lt,2.13,17286
1292,31/03/13,Patra,38.24444,21.73444,166301,shop_6,orange-power,plastic,1.5lt,1.31,43343
1381,30/04/13,Patra,38.24444,21.73444,166301,shop_6,orange-power,plastic,1.5lt,1.59,43043
1473,31/05/13,Patra,38.24444,21.73444,166301,shop_6,orange-power,plastic,1.5lt,2.15,30977
1606,30/06/13,Patra,38.24444,21.73444,166301,shop_6,orange-power,plastic,1.5lt,1.43,56323
1704,31/07/13,Patra,38.24444,21.73444,166301,shop_6,orange-power,plastic,1.5lt,0.75,99127
1798,31/08/13,Patra,38.24444,21.73444,166301,shop_6,orange-power,plastic,1.5lt,2.17,25801
1830,30/09/13,Patra,38.24444,21.73444,166301,shop_6,orange-power,plastic,1.5lt,1.9,28795
1977,31/10/13,Patra,38.24444,21.73444,166301,shop_6,orange-power,plastic,1.5lt,1.67,35586
2010,30/11/13,Patra,38.24444,21.73444,166301,shop_6,orange-power,plastic,1.5lt,1.92,26706
2100,31/12/13,Patra,38.24444,21.73444,166301,shop_6,orange-power,plastic,1.5lt,2.43,18219
2189,31/01/14,Patra,38.24444,21.73444,167242,shop_6,orange-power,plastic,1.5lt,1.52,34628
2279,28/02/14,Patra,38.24444,21.73444,167242,shop_6,orange-power,plastic,1.5lt,1.98,20495
2373,31/03/14,Patra,38.24444,21.73444,167242,shop_6,orange-power,plastic,1.5lt,1.77,33444
2463,30/04/14,Patra,38.24444,21.73444,167242,shop_6,orange-power,plastic,1.5lt,1.12,56478
2553,31/05/14,Patra,38.24444,21.73444,167242,shop_6,orange-power,plastic,1.5lt,1.91,39595
2642,30/06/14,Patra,38.24444,21.73444,167242,shop_6,orange-power,plastic,1.5lt,1.42,57551
2730,31/07/14,Patra,38.24444,21.73444,167242,shop_6,orange-power,plastic,1.5lt,1.92,52901
2869,31/08/14,Patra,38.24444,21.73444,167242,shop_6,orange-power,plastic,1.5lt,1.25,50406
2910,30/09/14,Patra,38.24444,21.73444,167242,shop_6,orange-power,plastic,1.5lt,1.88,30200
3000,31/10/14,Patra,38.24444,21.73444,167242,shop_6,orange-power,plastic,1.5lt,1.69,36072
3091,30/11/14,Patra,38.24444,21.73444,167242,shop_6,orange-power,plastic,1.5lt,2.03,25140
3220,31/12/14,Patra,38.24444,21.73444,167242,shop_6,orange-power,plastic,1.5lt,1.61,39229
3268,31/01/15,Patra,38.24444,21.73444,167001,shop_6,orange-power,plastic,1.5lt,1.89,28054
3360,28/02/15,Patra,38.24444,21.73444,167001,shop_6,orange-power,plastic,1.5lt,1.38,30712
3507,31/03/15,Patra,38.24444,21.73444,167001,shop_6,orange-power,plastic,1.5lt,1.57,38757
3539,30/04/15,Patra,38.24444,21.73444,167001,shop_6,orange-power,plastic,1.5lt,1.57,45437
3628,31/05/15,Patra,38.24444,21.73444,167001,shop_6,orange-power,plastic,1.5lt,2.17,33385
3762,30/06/15,Patra,38.24444,21.73444,167001,shop_6,orange-power,plastic,1.5lt,2,40662
3812,31/07/15,Patra,38.24444,21.73444,167001,shop_6,orange-power,plastic,1.5lt,1.86,56913
3899,31/08/15,Patra,38.24444,21.73444,167001,shop_6,orange-power,plastic,1.5lt,2,32465
3993,30/09/15,Patra,38.24444,21.73444,167001,shop_6,orange-power,plastic,1.5lt,2.01,28065
4078,31/10/15,Patra,38.24444,21.73444,167001,shop_6,orange-power,plastic,1.5lt,1.3,45591
4170,30/11/15,Patra,38.24444,21.73444,167001,shop_6,orange-power,plastic,1.5lt,1.97,27311
4259,31/12/15,Patra,38.24444,21.73444,167001,shop_6,orange-power,plastic,1.5lt,2.1,28458
4351,31/01/16,Patra,38.24444,21.73444,168254,shop_6,orange-power,plastic,1.5lt,2.22,22429
4497,29/02/16,Patra,38.24444,21.73444,168254,shop_6,orange-power,plastic,1.5lt,1.97,21867
30,31/01/12,Patra,38.24444,21.73444,164250,shop_6,orange-power,can,330ml,0.33,66314
120,29/02/12,Patra,38.24444,21.73444,164250,shop_6,orange-power,can,330ml,0.18,65860
211,31/03/12,Patra,,21.73444,164250,shop_6,orange-power,can,330ml,0.43,58697
302,30/04/12,Patra,38.24444,21.73444,164250,shop_6,orange-power,can,330ml,0.43,68297
388,31/05/12,Patra,38.24444,21.73444,164250,shop_6,orange-power,can,330ml,0.58,45262
479,30/06/12,Patra,38.24444,21.73444,164250,shop_6,orange-power,can,330ml,0.33,105630
573,31/07/12,Patra,38.24444,21.73444,164250,shop_6,orange-power,can,330ml,0.49,78816
657,31/08/12,Patra,38.24444,21.73444,164250,shop_6,orange-power,can,330ml,0.44,72708
751,30/09/12,Patra,38.24444,21.73444,164250,shop_6,orange-power,can,330ml,0.4,75257
844,31/10/12,Patra,38.24444,21.73444,164250,shop_6,orange-power,can,330ml,0.51,46732
934,30/11/12,Patra,38.24444,21.73444,164250,shop_6,orange-power,can,330ml,0.52,40922
1066,31/12/12,Patra,38.24444,21.73444,164250,shop_6,orange-power,can,330ml,0.45,58362
1159,31/01/13,Patra,38.24444,21.73444,166301,shop_6,orange-power,can,330ml,0.47,47618
1200,28/02/13,Patra,38.24444,21.73444,166301,shop_6,orange-power,can,330ml,0.46,35761
1293,31/03/13,Patra,38.24444,21.73444,166301,shop_6,orange-power,can,330ml,0.56,39479
1425,30/04/13,Patra,38.24444,21.73444,166301,shop_6,orange-power,can,330ml,0.32,90537
1474,31/05/13,Patra,38.24444,21.73444,166301,shop_6,orange-power,can,330ml,0.21,132062
1560,30/06/13,Patra,38.24444,21.73444,166301,shop_6,orange-power,can,330ml,0.59,47992
1648,31/07/13,Patra,38.24444,21.73444,166301,shop_6,orange-power,can,330ml,0.46,88836
1739,31/08/13,Patra,38.24444,21.73444,166301,shop_6,orange-power,can,330ml,0.35,93749
1831,30/09/13,Patra,38.24444,21.73444,166301,shop_6,orange-power,can,330ml,0.33,91045
1922,31/10/13,Patra,38.24444,21.73444,166301,shop_6,orange-power,can,330ml,0.53,44982
2011,30/11/13,Patra,38.24444,21.73444,166301,shop_6,orange-power,can,330ml,0.52,43112
2101,31/12/13,Patra,38.24444,21.73444,166301,shop_6,orange-power,can,330ml,0.43,63844
2190,31/01/14,Patra,38.24444,21.73444,167242,shop_6,orange-power,can,330ml,0.56,35998
2280,28/02/14,Patra,38.24444,21.73444,167242,shop_6,orange-power,can,330ml,0.5,33219
2374,31/03/14,Patra,38.24444,21.73444,167242,shop_6,orange-power,can,330ml,0.43,62499
2464,30/04/14,Patra,38.24444,21.73444,167242,shop_6,orange-power,can,330ml,0.46,65111
2554,31/05/14,Patra,38.24444,21.73444,167242,shop_6,orange-power,can,330ml,0.4,91396
2643,30/06/14,Patra,38.24444,21.73444,167242,shop_6,orange-power,can,330ml,0.47,77077
2731,31/07/14,Patra,38.24444,21.73444,167242,shop_6,orange-power,can,330ml,0.51,79730
2819,31/08/14,Patra,38.24444,21.73444,167242,shop_6,orange-power,can,330ml,0.52,60069
2911,30/09/14,Patra,38.24444,21.73444,167242,shop_6,orange-power,can,330ml,0.47,65797
3001,31/10/14,Patra,38.24444,21.73444,167242,shop_6,orange-power,can,330ml,0.31,84278
3092,30/11/14,Patra,38.24444,21.73444,167242,shop_6,orange-power,can,330ml,0.3,78031
3217,31/12/14,Patra,38.24444,21.73444,167242,shop_6,orange-power,can,330ml,0.54,46569
3314,31/01/15,Patra,38.24444,21.73444,167001,shop_6,orange-power,can,330ml,0.46,51233
3402,28/02/15,Patra,38.24444,21.73444,167001,shop_6,orange-power,can,330ml,0.61,22386
3453,31/03/15,Patra,38.24444,21.73444,167001,shop_6,orange-power,can,330ml,0.43,63895
3594,30/04/15,Patra,38.24444,21.73444,167001,shop_6,orange-power,can,330ml,0.56,49715
3629,31/05/15,Patra,38.24444,21.73444,167001,shop_6,orange-power,can,330ml,0.59,51522
3772,30/06/15,Patra,38.24444,21.73444,167001,shop_6,orange-power,can,330ml,0.52,67693
3855,31/07/15,Patra,38.24444,21.73444,167001,shop_6,orange-power,can,330ml,0.51,82723
3900,31/08/15,Patra,38.24444,21.73444,167001,shop_6,orange-power,can,330ml,0.62,42481
3994,30/09/15,Patra,38.24444,21.73444,167001,shop_6,orange-power,can,330ml,0.4,80609
4079,31/10/15,Patra,38.24444,21.73444,167001,shop_6,orange-power,can,330ml,0.44,63710
4171,30/11/15,Patra,38.24444,21.73444,167001,shop_6,orange-power,can,330ml,0.5,49769
4260,31/12/15,Patra,38.24444,21.73444,167001,shop_6,orange-power,can,330ml,0.32,85194
4352,31/01/16,Patra,38.24444,21.73444,168254,shop_6,orange-power,can,330ml,0.54,42909
4485,29/02/16,Patra,38.24444,21.73444,168254,shop_6,orange-power,can,330ml,0.45,40129
