train.csv
id,date,city,lat,long,pop,shop,brand,container,capacity,price,quantity
31,31/01/12,Patra,38.24444,21.73444,164250,shop_6,gazoza,glass,500ml,0.57,56428
121,29/02/12,Patra,38.24444,21.73444,164250,shop_6,gazoza,glass,500ml,0.6,46017
212,31/03/12,Patra,38.24444,21.73444,164250,shop_6,gazoza,glass,500ml,0.63,47949
303,30/04/12,Patra,38.24444,21.73444,164250,shop_6,gazoza,glass,500ml,0.6,71100
389,31/05/12,Patra,38.24444,21.73444,164250,shop_6,gazoza,glass,500ml,0.51,89074
480,30/06/12,Patra,38.24444,21.73444,164250,shop_6,gazoza,glass,500ml,0.45,144973
574,31/07/12,Patra,38.24444,21.73444,164250,shop_6,gazoza,glass,500ml,0.52,118467
714,31/08/12,Patra,38.24444,21.73444,164250,shop_6,gazoza,glass,500ml,0.48,119943
752,30/09/12,Patra,38.24444,21.73444,164250,shop_6,gazoza,glass,500ml,0.5,99073
845,31/10/12,Patra,38.24444,21.73444,164250,shop_6,gazoza,glass,500ml,0.5,71371
935,30/11/12,Patra,38.24444,21.73444,164250,shop_6,gazoza,glass,500ml,0.53,63292
1067,31/12/12,Patra,38.24444,21.73444,164250,shop_6,gazoza,glass,500ml,0.58,55913
1156,31/01/13,Patra,38.24444,21.73444,166301,shop_6,gazoza,glass,500ml,0.53,64460
1251,28/02/13,Patra,38.24444,21.73444,166301,shop_6,gazoza,glass,500ml,0.41,76120
1294,31/03/13,Patra,38.24444,21.73444,166301,shop_6,gazoza,glass,500ml,0.54,66019
1436,30/04/13,Patra,38.24444,21.73444,166301,shop_6,gazoza,glass,500ml,0.65,63159
1475,31/05/13,Patra,38.24444,21.73444,166301,shop_6,gazoza,glass,500ml,0.58,76522
1561,30/06/13,Patra,38.24444,21.73444,166301,shop_6,gazoza,glass,500ml,0.57,108474
1649,31/07/13,Patra,38.24444,21.73444,166301,shop_6,gazoza,glass,500ml,0.53,120975
1740,31/08/13,Patra,38.24444,21.73444,166301,shop_6,gazoza,glass,500ml,0.56,100261
1886,30/09/13,Patra,38.24444,21.73444,166301,shop_6,gazoza,glass,500ml,0.68,56416
1968,31/10/13,Patra,38.24444,21.73444,166301,shop_6,gazoza,glass,500ml,0.58,59854
2012,30/11/13,Patra,38.24444,21.73444,166301,shop_6,gazoza,glass,500ml,0.62,49852
2102,31/12/13,Patra,38.24444,21.73444,166301,shop_6,gazoza,glass,500ml,0.62,50256
2239,31/01/14,Patra,38.24444,21.73444,167242,shop_6,gazoza,glass,500ml,0.74,31848
2331,28/02/14,Patra,38.24444,21.73444,167242,shop_6,gazoza,glass,500ml,0.84,15292
2375,31/03/14,Patra,38.24444,21.73444,167242,shop_6,gazoza,glass,500ml,0.71,39194
2465,30/04/14,Patra,38.24444,21.73444,167242,shop_6,gazoza,glass,500ml,0.57,83920
2555,31/05/14,Patra,38.24444,21.73444,167242,shop_6,gazoza,glass,500ml,0.59,75547
2644,30/06/14,Patra,38.24444,21.73444,167242,shop_6,gazoza,glass,500ml,0.63,95274
2732,31/07/14,Patra,38.24444,21.73444,167242,shop_6,gazoza,glass,500ml,0.64,89670
2872,31/08/14,Patra,38.24444,21.73444,167242,shop_6,gazoza,glass,500ml,0.69,69679
2912,30/09/14,Patra,38.24444,21.73444,167242,shop_6,gazoza,glass,500ml,0.58,85406
3002,31/10/14,Patra,38.24444,21.73444,167242,shop_6,gazoza,glass,500ml,0.61,57000
3093,30/11/14,Patra,38.24444,21.73444,167242,shop_6,gazoza,glass,500ml,0.66,45397
3223,31/12/14,Patra,38.24444,21.73444,167242,shop_6,gazoza,glass,500ml,0.46,80198
3269,31/01/15,Patra,38.24444,21.73444,167001,shop_6,gazoza,glass,500ml,0.68,44982
3361,28/02/15,Patra,38.24444,21.73444,167001,shop_6,gazoza,glass,500ml,0.71,35653
3454,31/03/15,Patra,38.24444,21.73444,167001,shop_6,gazoza,glass,500ml,0.74,35889
3540,30/04/15,Patra,38.24444,21.73444,167001,shop_6,gazoza,glass,500ml,0.55,91516
3630,31/05/15,Patra,38.24444,21.73444,167001,shop_6,gazoza,glass,500ml,0.64,67864
3722,30/06/15,Patra,38.24444,21.73444,167001,shop_6,gazoza,glass,500ml,0.62,102398
3856,31/07/15,Patra,38.24444,21.73444,167001,shop_6,gazoza,glass,500ml,0.64,94878
3901,31/08/15,Patra,38.24444,21.73444,167001,shop_6,gazoza,glass,500ml,0.69,74009
3995,30/09/15,Patra,38.24444,21.73444,167001,shop_6,gazoza,,500ml,0.73,53633
4080,31/10/15,Patra,38.24444,21.73444,167001,shop_6,gazoza,glass,500ml,0.61,59732
4172,30/11/15,Patra,38.24444,21.73444,167001,shop_6,gazoza,glass,500ml,0.49,75689
4261,31/12/15,Patra,38.24444,21.73444,167001,shop_6,gazoza,glass,500ml,0.61,57243
4394,31/01/16,Patra,38.24444,21.73444,168254,shop_6,gazoza,glass,500ml,0.66,50260
4440,29/02/16,Patra,38.24444,21.73444,168254,shop_6,gazoza,glass,500ml,0.67,43238
32,31/01/12,Patra,38.24444,21.73444,164250,shop_6,gazoza,plastic,1.5lt,0.73,47386
167,29/02/12,Patra,38.24444,21.73444,164250,shop_6,gazoza,plastic,1.5lt,0.55,39745
252,31/03/12,Patra,38.24444,21.73444,164250,shop_6,gazoza,plastic,1.5lt,1.03,37979
304,30/04/12,Patra,38.24444,21.73444,164250,shop_6,gazoza,plastic,1.5lt,0.75,65679
390,31/05/12,Patra,38.24444,21.73444,164250,shop_6,gazoza,plastic,1.5lt,0.7,73635
538,30/06/12,Patra,38.24444,21.73444,164250,shop_6,gazoza,plastic,1.5lt,0.93,62943
575,31/07/12,Patra,38.24444,21.73444,164250,shop_6,gazoza,plastic,1.5lt,0.86,82174
658,31/08/12,Patra,38.24444,21.73444,164250,shop_6,gazoza,plastic,1.5lt,0.76,72811
753,30/09/12,Patra,38.24444,21.73444,164250,shop_6,gazoza,plastic,1.5lt,0.39,87853
846,31/10/12,Patra,38.24444,21.73444,164250,shop_6,gazoza,plastic,1.5lt,0.8,49139
936,30/11/12,Patra,38.24444,21.73444,164250,shop_6,gazoza,plastic,1.5lt,1.21,30031
1023,31/12/12,Patra,38.24444,21.73444,164250,shop_6,gazoza,plastic,1.5lt,0.7,59301
1116,31/01/13,Patra,38.24444,21.73444,166301,shop_6,gazoza,plastic,1.5lt,0.84,43812
1255,28/02/13,Patra,38.24444,21.73444,166301,shop_6,gazoza,plastic,1.5lt,0.88,30639
1336,31/03/13,Patra,38.24444,21.73444,166301,shop_6,gazoza,plastic,1.5lt,0.68,54119
1382,30/04/13,Patra,38.24444,21.73444,166301,shop_6,gazoza,plastic,1.5lt,0.86,60368
1529,31/05/13,Patra,38.24444,21.73444,166301,shop_6,gazoza,plastic,1.5lt,1.07,52414
1562,30/06/13,Patra,38.24444,21.73444,166301,shop_6,gazoza,plastic,1.5lt,0.63,83450
1650,31/07/13,Patra,38.24444,21.73444,166301,shop_6,gazoza,plastic,1.5lt,0.92,79351
1741,31/08/13,Patra,38.24444,21.73444,166301,shop_6,gazoza,plastic,1.5lt,0.99,59414
1832,30/09/13,Patra,38.24444,21.73444,166301,shop_6,gazoza,plastic,1.5lt,1.34,34388
1923,31/10/13,Patra,38.24444,21.73444,166301,shop_6,gazoza,plastic,1.5lt,0.8,49813
2057,30/11/13,Patra,38.24444,21.73444,166301,shop_6,gazoza,plastic,1.5lt,0.88,45457
2103,31/12/13,Patra,,,166301,shop_6,gazoza,plastic,1.5lt,1.05,43159
2191,31/01/14,Patra,38.24444,21.73444,167242,shop_6,gazoza,plastic,1.5lt,1.28,27253
2281,28/02/14,Patra,38.24444,21.73444,167242,shop_6,gazoza,plastic,1.5lt,1.12,24461
2376,31/03/14,Patra,38.24444,21.73444,167242,shop_6,gazoza,plastic,1.5lt,1.35,26537
2466,30/04/14,Patra,38.24444,21.73444,167242,shop_6,gazoza,plastic,1.5lt,1.03,51999
2556,31/05/14,Patra,38.24444,21.73444,167242,shop_6,gazoza,plastic,1.5lt,1.07,53978
2645,30/06/14,Patra,38.24444,21.73444,167242,shop_6,gazoza,plastic,1.5lt,0.99,61910
2733,31/07/14,Patra,38.24444,21.73444,167242,shop_6,gazoza,plastic,1.5lt,0.95,78124
2820,31/08/14,Patra,38.24444,21.73444,167242,shop_6,gazoza,plastic,1.5lt,1.14,51349
2913,30/09/14,Patra,38.24444,21.73444,167242,shop_6,gazoza,plastic,1.5lt,1.02,53956
3003,31/10/14,Patra,38.24444,21.73444,167242,shop_6,gazoza,plastic,1.5lt,1.29,29765
3094,30/11/14,Patra,38.24444,21.73444,167242,shop_6,gazoza,plastic,1.5lt,0.79,50056
3179,31/12/14,Patra,38.24444,21.73444,167242,shop_6,gazoza,plastic,1.5lt,0.88,52277
3270,31/01/15,Patra,38.24444,21.73444,167001,shop_6,gazoza,plastic,1.5lt,1.36,25231
3362,28/02/15,Patra,38.24444,21.73444,167001,shop_6,gazoza,plastic,1.5lt,1.16,24009
3455,31/03/15,Patra,38.24444,21.73444,167001,shop_6,gazoza,plastic,1.5lt,0.93,45328
3541,30/04/15,Patra,38.24444,21.73444,167001,shop_6,gazoza,plastic,1.5lt,1.25,41788
3631,31/05/15,Patra,38.24444,21.73444,167001,shop_6,gazoza,plastic,1.5lt,1.21,47306
3779,30/06/15,Patra,38.24444,21.73444,167001,shop_6,gazoza,plastic,1.5lt,1.25,47525
3813,31/07/15,Patra,,21.73444,167001,shop_6,gazoza,plastic,1.5lt,1.05,72176
3902,31/08/15,Patra,38.24444,21.73444,167001,shop_6,gazoza,plastic,1.5lt,0.96,63667
3996,30/09/15,Patra,38.24444,21.73444,167001,shop_6,gazoza,plastic,1.5lt,1.04,54058
4081,31/10/15,Patra,38.24444,21.73444,167001,shop_6,gazoza,plastic,1.5lt,1.09,39292
4173,30/11/15,Patra,38.24444,21.73444,167001,shop_6,gazoza,plastic,1.5lt,1.27,31224
4262,31/12/15,Patra,38.24444,21.73444,167001,shop_6,gazoza,plastic,1.5lt,1.12,41972
4353,31/01/16,Patra,38.24444,21.73444,168254,shop_6,gazoza,plastic,1.5lt,0.95,41660
4441,29/02/16,Patra,38.24444,21.73444,168254,shop_6,gazoza,plastic,1.5lt,1.14,25184
33,31/01/12,Patra,38.24444,21.73444,164250,shop_6,gazoza,can,330ml,0.21,77667
122,29/02/12,Patra,38.24444,21.73444,164250,shop_6,gazoza,can,330ml,0.28,60087
213,31/03/12,Patra,38.24444,21.73444,164250,shop_6,gazoza,can,330ml,0.27,83074
305,30/04/12,Patra,38.24444,21.73444,164250,shop_6,gazoza,can,330ml,0.28,80606
391,31/05/12,Patra,38.24444,21.73444,164250,shop_6,gazoza,can,330ml,0.24,126691
481,30/06/12,Patra,38.24444,21.73444,164250,shop_6,gazoza,can,330ml,0.31,102517
625,31/07/12,Patra,38.24444,21.73444,164250,shop_6,gazoza,can,330ml,0.22,142857
659,31/08/12,Patra,38.24444,21.73444,164250,shop_6,gazoza,can,330ml,0.3,100600
754,30/09/12,Patra,38.24444,21.73444,164250,shop_6,gazoza,can,330ml,0.24,117297
847,31/10/12,Patra,38.24444,21.73444,164250,shop_6,gazoza,can,330ml,0.27,81654
937,30/11/12,Patra,38.24444,21.73444,164250,shop_6,gazoza,can,330ml,0.29,76563
1024,31/12/12,Patra,38.24444,21.73444,164250,shop_6,gazoza,can,330ml,0.25,91445
1117,31/01/13,Patra,38.24444,21.73444,166301,shop_6,gazoza,can,330ml,0.34,46351
1201,28/02/13,Patra,38.24444,21.73444,166301,shop_6,gazoza,can,330ml,0.29,58463
1295,31/03/13,Patra,38.24444,21.73444,166301,shop_6,gazoza,can,330ml,0.37,51491
1383,30/04/13,Patra,38.24444,21.73444,166301,shop_6,gazoza,can,330ml,0.32,71978
1476,31/05/13,Patra,38.24444,21.73444,166301,shop_6,gazoza,can,330ml,0.3,101017
1563,30/06/13,Patra,,21.73444,166301,shop_6,gazoza,can,330ml,0.32,98502
1651,31/07/13,Patra,38.24444,21.73444,166301,shop_6,gazoza,can,330ml,0.34,87663
1742,31/08/13,Patra,38.24444,21.73444,166301,shop_6,gazoza,can,330ml,0.3,104027
1833,30/09/13,Patra,38.24444,21.73444,166301,shop_6,gazoza,can,330ml,0.33,81903
1924,31/10/13,Patra,38.24444,21.73444,166301,shop_6,gazoza,can,330ml,0.31,72980
2066,30/11/13,Patra,38.24444,21.73444,166301,shop_6,gazoza,can,330ml,0.33,64882
2104,31/12/13,Patra,38.24444,21.73444,166301,shop_6,gazoza,can,330ml,0.36,57095
2192,31/01/14,Patra,38.24444,21.73444,167242,shop_6,gazoza,can,330ml,0.36,42601
2282,28/02/14,Patra,38.24444,21.73444,167242,shop_6,gazoza,can,330ml,0.29,59681
2415,31/03/14,Patra,38.24444,21.73444,167242,shop_6,gazoza,can,330ml,0.3,77279
2467,30/04/14,Patra,38.24444,21.73444,167242,shop_6,gazoza,can,330ml,0.37,56288
2557,31/05/14,Patra,38.24444,21.73444,167242,shop_6,gazoza,can,330ml,0.26,122389
2646,30/06/14,Patra,38.24444,21.73444,167242,shop_6,gazoza,can,330ml,0.38,73866
2734,31/07/14,Patra,38.24444,21.73444,167242,shop_6,gazoza,can,330ml,0.35,85122
2821,31/08/14,Patra,38.24444,21.73444,167242,shop_6,gazoza,can,330ml,0.27,119725
2914,30/09/14,Patra,38.24444,21.73444,167242,shop_6,gazoza,can,330ml,0.33,84881
3004,31/10/14,Patra,38.24444,21.73444,167242,shop_6,gazoza,can,330ml,0.29,78579
3095,30/11/14,Patra,38.24444,21.73444,167242,shop_6,gazoza,can,330ml,0.32,70913
3180,31/12/14,Patra,38.24444,21.73444,167242,shop_6,gazoza,can,330ml,0.33,69618
3271,31/01/15,Patra,38.24444,21.73444,167001,shop_6,gazoza,can,330ml,0.31,56529
3363,28/02/15,Patra,38.24444,21.73444,167001,shop_6,gazoza,can,330ml,0.29,61353
3456,31/03/15,Patra,38.24444,21.73444,167001,shop_6,gazoza,can,330ml,0.31,74846
3542,30/04/15,Patra,38.24444,21.73444,167001,shop_6,gazoza,can,330ml,0.3,82016
3632,31/05/15,Patra,38.24444,21.73444,167001,shop_6,gazoza,can,330ml,0.38,73695
3764,30/06/15,Patra,38.24444,21.73444,167001,shop_6,gazoza,can,330ml,0.32,105159
3814,31/07/15,Patra,38.24444,21.73444,167001,shop_6,gazoza,can,330ml,0.34,92806
3903,31/08/15,Patra,38.24444,21.73444,167001,shop_6,gazoza,can,330ml,0.39,69500
3997,30/09/15,Patra,38.24444,21.73444,167001,shop_6,gazoza,can,330ml,0.37,71289
4131,31/10/15,Patra,38.24444,21.73444,167001,shop_6,gazoza,can,330ml,0.35,63309
4174,30/11/15,Patra,38.24444,21.73444,167001,shop_6,gazoza,can,330ml,0.39,49780
4263,31/12/15,Patra,38.24444,21.73444,167001,shop_6,gazoza,can,330ml,0.34,68817
4354,31/01/16,Patra,38.24444,21.73444,168254,shop_6,gazoza,can,330ml,0.45,26249
4494,29/02/16,Patra,38.24444,21.73444,168254,shop_6,gazoza,can,330ml,0.46,24640
34,31/01/12,Patra,38.24444,21.73444,164250,shop_6,lemon-boost,plastic,1.5lt,2.05,16090
124,29/02/12,Patra,38.24444,21.73444,164250,shop_6,lemon-boost,plastic,1.5lt,1.68,16902
214,31/03/12,Patra,38.24444,21.73444,164250,shop_6,lemon-boost,plastic,1.5lt,1.77,24045
307,30/04/12,Patra,38.24444,21.73444,164250,shop_6,lemon-boost,plastic,1.5lt,2.1,24885
393,31/05/12,Patra,38.24444,21.73444,164250,shop_6,lemon-boost,plastic,1.5lt,2.11,26385
483,30/06/12,Patra,38.24444,21.73444,164250,shop_6,lemon-boost,plastic,1.5lt,1.88,29172
577,31/07/12,Patra,38.24444,21.73444,164250,shop_6,lemon-boost,,1.5lt,2.16,33800
660,31/08/12,Patra,38.24444,21.73444,164250,shop_6,lemon-boost,plastic,1.5lt,1.89,34201
755,30/09/12,Patra,38.24444,21.73444,164250,shop_6,lemon-boost,plastic,1.5lt,2.42,21898
849,31/10/12,Patra,38.24444,21.73444,164250,shop_6,lemon-boost,plastic,1.5lt,2.15,16151
982,30/11/12,Patra,38.24444,21.73444,164250,shop_6,lemon-boost,plastic,1.5lt,1.41,26956
1025,31/12/12,Patra,38.24444,21.73444,164250,shop_6,lemon-boost,plastic,1.5lt,1.79,24971
1158,31/01/13,Patra,38.24444,21.73444,166301,shop_6,lemon-boost,plastic,1.5lt,1.78,19124
1203,28/02/13,Patra,38.24444,21.73444,166301,shop_6,lemon-boost,plastic,1.5lt,2.25,12548
1297,31/03/13,Patra,38.24444,21.73444,166301,shop_6,lemon-boost,plastic,1.5lt,1.44,28629
1385,30/04/13,Patra,38.24444,21.73444,166301,shop_6,lemon-boost,plastic,1.5lt,1.77,30662
1478,31/05/13,Patra,38.24444,21.73444,166301,shop_6,lemon-boost,plastic,1.5lt,2.61,19099
1565,30/06/13,Patra,38.24444,21.73444,166301,shop_6,lemon-boost,plastic,1.5lt,1.11,41871
1653,31/07/13,Patra,38.24444,21.73444,166301,shop_6,lemon-boost,plastic,1.5lt,1.93,39758
1744,31/08/13,Patra,38.24444,21.73444,166301,shop_6,lemon-boost,plastic,1.5lt,2.03,32433
1835,30/09/13,Patra,38.24444,21.73444,166301,shop_6,lemon-boost,plastic,1.5lt,1.61,36224
1925,31/10/13,Patra,38.24444,21.73444,166301,shop_6,lemon-boost,plastic,1.5lt,1.81,20065
2014,30/11/13,Patra,38.24444,21.73444,166301,shop_6,lemon-boost,plastic,1.5lt,2.23,17929
2106,31/12/13,Patra,38.24444,21.73444,166301,shop_6,lemon-boost,plastic,1.5lt,1.53,28827
2194,31/01/14,Patra,38.24444,21.73444,167242,shop_6,lemon-boost,plastic,1.5lt,1.67,20439
2284,28/02/14,Patra,38.24444,21.73444,167242,shop_6,lemon-boost,plastic,1.5lt,1.65,17704
2377,31/03/14,Patra,38.24444,21.73444,167242,shop_6,lemon-boost,plastic,1.5lt,2.16,20322
2469,30/04/14,Patra,38.24444,21.73444,167242,shop_6,lemon-boost,plastic,1.5lt,2.66,17905
2609,31/05/14,Patra,38.24444,21.73444,167242,shop_6,lemon-boost,plastic,1.5lt,1.87,31732
2648,30/06/14,Patra,38.24444,21.73444,167242,shop_6,lemon-boost,plastic,1.5lt,1.94,29584
2735,31/07/14,Patra,38.24444,21.73444,167242,shop_6,lemon-boost,plastic,1.5lt,1.88,41639
2823,31/08/14,Patra,38.24444,21.73444,167242,shop_6,lemon-boost,plastic,1.5lt,2.45,25616
2916,30/09/14,Patra,38.24444,21.73444,167242,shop_6,lemon-boost,plastic,1.5lt,1.8,33708
3006,31/10/14,Patra,38.24444,21.73444,167242,shop_6,lemon-boost,plastic,1.5lt,2.18,16796
3097,30/11/14,Patra,38.24444,21.73444,167242,shop_6,lemon-boost,plastic,1.5lt,1.96,21504
3182,31/12/14,Patra,38.24444,21.73444,167242,shop_6,lemon-boost,plastic,1.5lt,2.12,21850
3273,31/01/15,Patra,38.24444,21.73444,167001,shop_6,lemon-boost,plastic,1.5lt,1.98,17994
3365,28/02/15,Patra,38.24444,21.73444,167001,shop_6,lemon-boost,plastic,1.5lt,1.36,20249
3458,31/03/15,Patra,38.24444,21.73444,167001,shop_6,lemon-boost,plastic,1.5lt,1.74,25833
3543,30/04/15,Patra,38.24444,21.73444,167001,shop_6,lemon-boost,plastic,1.5lt,1.65,33528
3634,31/05/15,Patra,38.24444,21.73444,167001,shop_6,lemon-boost,plastic,1.5lt,2.09,29015
3724,30/06/15,Patra,38.24444,21.73444,167001,shop_6,lemon-boost,plastic,1.5lt,2.33,24311
3852,31/07/15,Patra,38.24444,21.73444,167001,shop_6,lemon-boost,plastic,1.5lt,1.8,44112
3956,31/08/15,Patra,38.24444,21.73444,167001,shop_6,lemon-boost,plastic,1.5lt,2.23,30493
3998,30/09/15,Patra,38.24444,21.73444,167001,shop_6,lemon-boost,plastic,1.5lt,2.09,29659
4083,31/10/15,Patra,38.24444,21.73444,167001,shop_6,lemon-boost,plastic,1.5lt,1.32,25620
4175,30/11/15,Patra,38.24444,21.73444,167001,shop_6,lemon-boost,plastic,1.5lt,2.13,20082
4265,31/12/15,Patra,38.24444,21.73444,167001,shop_6,lemon-boost,plastic,1.5lt,1.69,27737
4403,31/01/16,Patra,38.24444,21.73444,168254,shop_6,lemon-boost,plastic,1.5lt,2.44,14279
4443,29/02/16,Patra,38.24444,21.73444,168254,shop_6,lemon-boost,plastic,1.5lt,2.49,11835
