train.csv
id,date,city,lat,long,pop,shop,brand,container,capacity,price,quantity
35,31/01/12,Patra,38.24444,21.73444,164250,shop_6,lemon-boost,can,330ml,0.68,17127
125,29/02/12,Patra,38.24444,21.73444,164250,shop_6,lemon-boost,can,330ml,0.46,25713
215,31/03/12,Patra,38.24444,21.73444,164250,shop_6,lemon-boost,can,330ml,0.67,21266
308,30/04/12,Patra,38.24444,21.73444,164250,shop_6,lemon-boost,can,330ml,0.52,38584
394,31/05/12,Patra,38.24444,21.73444,164250,shop_6,lemon-boost,can,330ml,0.61,37875
484,30/06/12,Patra,38.24444,21.73444,164250,shop_6,lemon-boost,can,330ml,0.56,47327
578,31/07/12,Patra,38.24444,21.73444,164250,shop_6,lemon-boost,can,330ml,0.53,58459
661,31/08/12,Patra,38.24444,21.73444,164250,shop_6,lemon-boost,can,330ml,0.6,45882
756,30/09/12,Patra,38.24444,21.73444,164250,shop_6,lemon-boost,can,330ml,0.62,28846
850,31/10/12,Patra,38.24444,21.73444,164250,shop_6,lemon-boost,can,330ml,0.47,35480
939,30/11/12,Patra,38.24444,21.73444,164250,shop_6,lemon-boost,can,330ml,0.52,30370
1026,31/12/12,Patra,38.24444,21.73444,164250,shop_6,lemon-boost,can,330ml,0.53,41493
1168,31/01/13,Patra,38.24444,21.73444,166301,shop_6,lemon-boost,can,330ml,0.62,22343
1204,28/02/13,Patra,38.24444,21.73444,166301,shop_6,lemon-boost,can,330ml,0.65,15906
1298,31/03/13,Patra,38.24444,21.73444,166301,shop_6,lemon-boost,can,330ml,0.57,30683
1386,30/04/13,Patra,38.24444,21.73444,166301,shop_6,lemon-boost,can,330ml,0.67,25809
1479,31/05/13,Patra,38.24444,21.73444,166301,shop_6,lemon-boost,can,330ml,0.4,64206
1566,30/06/13,Patra,38.24444,21.73444,166301,shop_6,lemon-boost,can,330ml,0.5,57541
1654,31/07/13,Patra,38.24444,21.73444,166301,shop_6,lemon-boost,can,330ml,0.53,58868
1745,31/08/13,Patra,38.24444,21.73444,166301,shop_6,lemon-boost,can,330ml,0.43,73651
1836,30/09/13,Patra,38.24444,21.73444,166301,shop_6,lemon-boost,can,330ml,0.59,32933
1926,31/10/13,Patra,38.24444,21.73444,166301,shop_6,lemon-boost,can,330ml,0.42,40252
2015,30/11/13,Patra,38.24444,21.73444,166301,shop_6,lemon-boost,can,330ml,0.53,29952
2107,31/12/13,Patra,38.24444,21.73444,166301,shop_6,lemon-boost,can,330ml,0.52,44046
2195,31/01/14,Patra,38.24444,21.73444,167242,shop_6,lemon-boost,can,330ml,0.42,36708
2285,28/02/14,Patra,38.24444,21.73444,167242,shop_6,lemon-boost,can,330ml,0.67,15630
2378,31/03/14,Patra,38.24444,21.73444,167242,shop_6,lemon-boost,can,330ml,0.5,37170
2470,30/04/14,Patra,38.24444,21.73444,167242,shop_6,lemon-boost,can,330ml,0.61,32078
2559,31/05/14,Patra,38.24444,21.73444,167242,shop_6,lemon-boost,can,330ml,0.6,42400
2649,30/06/14,Patra,38.24444,21.73444,167242,shop_6,lemon-boost,can,330ml,0.54,54287
2787,31/07/14,Patra,38.24444,21.73444,167242,shop_6,lemon-boost,can,330ml,0.62,47891
2824,31/08/14,Patra,38.24444,21.73444,167242,shop_6,lemon-boost,can,330ml,0.65,43140
2917,30/09/14,Patra,38.24444,21.73444,167242,shop_6,lemon-boost,can,330ml,0.4,52025
3007,31/10/14,Patra,38.24444,21.73444,167242,shop_6,lemon-boost,can,330ml,0.65,23329
3098,30/11/14,Patra,38.24444,21.73444,167242,shop_6,lemon-boost,can,330ml,0.53,30638
3183,31/12/14,Patra,38.24444,21.73444,167242,shop_6,lemon-boost,can,330ml,0.66,30475
3274,31/01/15,Patra,38.24444,21.73444,167001,shop_6,lemon-boost,can,330ml,0.47,34400
3403,28/02/15,Patra,38.24444,21.73444,167001,shop_6,lemon-boost,can,330ml,0.4,30626
3459,31/03/15,Patra,38.24444,21.73444,167001,shop_6,lemon-boost,can,330ml,0.6,30053
3544,30/04/15,Patra,38.24444,21.73444,167001,shop_6,lemon-boost,can,330ml,0.5,44225
3635,31/05/15,Patra,38.24444,21.73444,167001,shop_6,lemon-boost,can,330ml,0.41,65412
3725,30/06/15,Patra,38.24444,21.73444,167001,shop_6,lemon-boost,can,330ml,0.57,51322
3816,31/07/15,Patra,38.24444,21.73444,167001,shop_6,lemon-boost,can,330ml,0.51,65092
3946,31/08/15,Patra,38.24444,21.73444,167001,shop_6,lemon-boost,can,330ml,0.57,56209
4044,30/09/15,Patra,38.24444,21.73444,167001,shop_6,lemon-boost,can,330ml,0.6,34634
4084,31/10/15,Patra,38.24444,21.73444,167001,shop_6,lemon-boost,can,330ml,0.55,32253
4176,30/11/15,Patra,38.24444,21.73444,167001,shop_6,lemon-boost,can,330ml,0.73,17573
4266,31/12/15,Patra,38.24444,21.73444,167001,shop_6,lemon-boost,can,330ml,0.52,46601
4395,31/01/16,Patra,38.24444,21.73444,168254,shop_6,lemon-boost,can,330ml,0.55,29582
4444,29/02/16,Patra,38.24444,21.73444,168254,shop_6,lemon-boost,can,330ml,0.61,19990
36,31/01/12,Thessaloniki,40.64361,22.93086,346502,shop_4,kinder-cola,plastic,1.5lt,2.8,11306
127,29/02/12,Thessaloniki,40.64361,22.93086,346502,shop_4,kinder-cola,plastic,1.5lt,2.51,9418
217,31/03/12,Thessaloniki,40.64361,22.93086,346502,shop_4,kinder-cola,plastic,1.5lt,3.46,8949
310,30/04/12,Thessaloniki,40.64361,22.93086,346502,shop_4,kinder-cola,plastic,1.5lt,1.92,21118
396,31/05/12,Thessaloniki,40.64361,22.93086,346502,shop_4,kinder-cola,plastic,1.5lt,2.98,14075
486,30/06/12,Thessaloniki,40.64361,22.93086,346502,shop_4,kinder-cola,plastic,1.5lt,2.84,19691
580,31/07/12,Thessaloniki,40.64361,22.93086,346502,shop_4,kinder-cola,plastic,1.5lt,3.43,16395
663,31/08/12,Thessaloniki,40.64361,22.93086,346502,shop_4,kinder-cola,plastic,1.5lt,2.62,18775
758,30/09/12,Thessaloniki,40.64361,22.93086,346502,shop_4,kinder-cola,plastic,1.5lt,2.85,15834
852,31/10/12,Thessaloniki,40.64361,22.93086,346502,shop_4,kinder-cola,plastic,1.5lt,3.53,7926
980,30/11/12,Thessaloniki,40.64361,22.93086,346502,shop_4,kinder-cola,plastic,1.5lt,3,10784
1027,31/12/12,Thessaloniki,40.64361,22.93086,346502,shop_4,kinder-cola,plastic,1.5lt,3.09,12669
1120,31/01/13,Thessaloniki,40.64361,22.93086,347001,shop_4,kinder-cola,plastic,1.5lt,1.88,15304
1206,28/02/13,Thessaloniki,40.64361,22.93086,347001,shop_4,kinder-cola,plastic,1.5lt,2.78,8769
1300,31/03/13,Thessaloniki,40.64361,22.93086,347001,shop_4,kinder-cola,plastic,1.5lt,1.64,17107
1388,30/04/13,Thessaloniki,40.64361,22.93086,347001,shop_4,kinder-cola,plastic,1.5lt,2.31,19142
1520,31/05/13,Thessaloniki,40.64361,22.93086,347001,shop_4,kinder-cola,plastic,1.5lt,2.43,17442
1568,30/06/13,Thessaloniki,40.64361,22.93086,347001,shop_4,kinder-cola,plastic,1.5lt,2.27,24262
1656,31/07/13,Thessaloniki,40.64361,22.93086,347001,shop_4,kinder-cola,plastic,1.5lt,2.57,23688
1747,31/08/13,Thessaloniki,40.64361,22.93086,347001,shop_4,kinder-cola,plastic,1.5lt,3.7,12287
1838,30/09/13,Thessaloniki,40.64361,22.93086,347001,shop_4,kinder-cola,plastic,1.5lt,3.21,14078
1928,31/10/13,Thessaloniki,40.64361,22.93086,347001,shop_4,kinder-cola,plastic,1.5lt,3.47,8500
2017,30/11/13,Thessaloniki,40.64361,22.93086,347001,shop_4,kinder-cola,plastic,1.5lt,3.53,8847
2109,31/12/13,Thessaloniki,40.64361,22.93086,347001,shop_4,kinder-cola,plastic,1.5lt,3.75,9658
2197,31/01/14,Thessaloniki,40.64361,22.93086,349232,shop_4,kinder-cola,plastic,1.5lt,2.79,11831
2286,28/02/14,Thessaloniki,40.64361,22.93086,349232,shop_4,kinder-cola,plastic,1.5lt,2,11294
2379,31/03/14,Thessaloniki,40.64361,22.93086,349232,shop_4,kinder-cola,plastic,1.5lt,3.33,10165
2472,30/04/14,Thessaloniki,40.64361,22.93086,349232,shop_4,kinder-cola,plastic,1.5lt,3.91,10383
2561,31/05/14,Thessaloniki,40.64361,22.93086,349232,shop_4,kinder-cola,plastic,1.5lt,2.93,15047
2651,30/06/14,Thessaloniki,40.64361,22.93086,349232,shop_4,kinder-cola,plastic,1.5lt,2.71,21546
2737,31/07/14,Thessaloniki,40.64361,22.93086,349232,shop_4,kinder-cola,plastic,1.5lt,3.71,15502
2826,31/08/14,Thessaloniki,40.64361,22.93086,349232,shop_4,kinder-cola,plastic,1.5lt,3.32,15132
2919,30/09/14,Thessaloniki,40.64361,22.93086,349232,shop_4,kinder-cola,plastic,1.5lt,3.38,13508
3009,31/10/14,Thessaloniki,40.64361,22.93086,349232,shop_4,kinder-cola,plastic,1.5lt,2.63,12033
3100,30/11/14,Thessaloniki,40.64361,22.93086,349232,shop_4,kinder-cola,plastic,1.5lt,2.26,14418
3185,31/12/14,Thessaloniki,40.64361,22.93086,349232,shop_4,kinder-cola,plastic,1.5lt,3.74,10093
3276,31/01/15,Thessaloniki,40.64361,22.93086,351650,shop_4,kinder-cola,plastic,1.5lt,2.68,12498
3367,28/02/15,Thessaloniki,40.64361,22.93086,351650,shop_4,kinder-cola,plastic,1.5lt,2.67,9436
3501,31/03/15,Thessaloniki,40.64361,22.93086,351650,shop_4,kinder-cola,plastic,1.5lt,3.69,8974
3598,30/04/15,Thessaloniki,40.64361,22.93086,351650,shop_4,kinder-cola,plastic,1.5lt,3.4,13663
3637,31/05/15,Thessaloniki,40.64361,22.93086,351650,shop_4,kinder-cola,plastic,1.5lt,2.58,17174
3727,30/06/15,Thessaloniki,40.64361,22.93086,351650,shop_4,kinder-cola,plastic,1.5lt,3.45,16822
3818,31/07/15,Thessaloniki,40.64361,22.93086,351650,shop_4,kinder-cola,plastic,1.5lt,2.17,27545
3906,31/08/15,Thessaloniki,,22.93086,351650,shop_4,kinder-cola,plastic,1.5lt,1.97,23793
4048,30/09/15,Thessaloniki,40.64361,22.93086,351650,shop_4,kinder-cola,plastic,1.5lt,2.93,16421
4085,31/10/15,Thessaloniki,40.64361,22.93086,351650,shop_4,kinder-cola,plastic,1.5lt,3.06,10618
4177,30/11/15,Thessaloniki,40.64361,22.93086,351650,shop_4,kinder-cola,plastic,1.5lt,2.86,12175
4268,31/12/15,Thessaloniki,40.64361,22.93086,351650,shop_4,kinder-cola,plastic,1.5lt,2.38,17196
4399,31/01/16,Thessaloniki,40.64361,22.93086,351702,shop_4,kinder-cola,plastic,1.5lt,3.64,9033
4446,29/02/16,Thessaloniki,40.64361,22.93086,351702,shop_4,kinder-cola,plastic,1.5lt,2.46,10222
37,31/01/12,Thessaloniki,40.64361,22.93086,346502,shop_4,kinder-cola,can,330ml,0.79,16018
128,29/02/12,Thessaloniki,40.64361,22.93086,346502,shop_4,kinder-cola,can,330ml,0.59,15152
218,31/03/12,Thessaloniki,40.64361,22.93086,346502,shop_4,kinder-cola,can,330ml,0.79,16093
311,30/04/12,Thessaloniki,40.64361,22.93086,346502,shop_4,kinder-cola,can,330ml,0.7,22207
437,31/05/12,Thessaloniki,40.64361,22.93086,346502,shop_4,kinder-cola,can,330ml,0.87,20974
526,30/06/12,Thessaloniki,40.64361,22.93086,346502,shop_4,kinder-cola,can,330ml,0.81,23986
581,31/07/12,Thessaloniki,40.64361,22.93086,346502,shop_4,kinder-cola,can,330ml,0.74,28099
664,31/08/12,Thessaloniki,40.64361,22.93086,346502,shop_4,kinder-cola,can,330ml,0.85,20067
759,30/09/12,Thessaloniki,40.64361,22.93086,346502,shop_4,kinder-cola,can,330ml,0.75,19931
853,31/10/12,Thessaloniki,40.64361,22.93086,346502,shop_4,kinder-cola,can,330ml,0.75,16046
941,30/11/12,Thessaloniki,40.64361,22.93086,346502,shop_4,kinder-cola,can,330ml,0.9,13421
1028,31/12/12,Thessaloniki,40.64361,22.93086,346502,shop_4,kinder-cola,can,330ml,0.79,21564
1121,31/01/13,Thessaloniki,40.64361,22.93086,347001,shop_4,kinder-cola,can,330ml,0.91,12877
1207,28/02/13,Thessaloniki,40.64361,22.93086,347001,shop_4,kinder-cola,can,330ml,0.58,15752
1342,31/03/13,Thessaloniki,40.64361,22.93086,347001,shop_4,kinder-cola,can,330ml,0.68,20013
1389,30/04/13,Thessaloniki,40.64361,22.93086,347001,shop_4,kinder-cola,can,330ml,0.71,22737
1481,31/05/13,Thessaloniki,40.64361,22.93086,347001,shop_4,kinder-cola,can,330ml,0.59,34987
1607,30/06/13,Thessaloniki,40.64361,22.93086,347001,shop_4,kinder-cola,can,330ml,0.8,25402
1657,31/07/13,Thessaloniki,40.64361,22.93086,347001,shop_4,kinder-cola,can,330ml,0.92,20279
1748,31/08/13,Thessaloniki,40.64361,22.93086,347001,shop_4,kinder-cola,can,330ml,0.47,37291
1839,30/09/13,Thessaloniki,40.64361,22.93086,347001,shop_4,kinder-cola,can,330ml,0.91,14887
1929,31/10/13,Thessaloniki,40.64361,22.93086,347001,shop_4,kinder-cola,can,330ml,0.51,23506
2018,30/11/13,Thessaloniki,40.64361,22.93086,347001,shop_4,kinder-cola,can,330ml,0.87,14928
2110,31/12/13,Thessaloniki,40.64361,22.93086,347001,shop_4,kinder-cola,can,330ml,0.64,28538
2198,31/01/14,Thessaloniki,,22.93086,349232,shop_4,kinder-cola,can,330ml,0.89,14149
2287,28/02/14,Thessaloniki,40.64361,22.93086,349232,shop_4,kinder-cola,can,330ml,0.37,20178
2380,31/03/14,Thessaloniki,40.64361,22.93086,349232,shop_4,kinder-cola,can,330ml,0.55,24394
2473,30/04/14,Thessaloniki,40.64361,22.93086,349232,shop_4,kinder-cola,can,330ml,0.89,16792
2562,31/05/14,Thessaloniki,40.64361,22.93086,349232,shop_4,kinder-cola,can,330ml,0.88,22378
2652,30/06/14,Thessaloniki,40.64361,22.93086,349232,shop_4,kinder-cola,can,330ml,0.84,24381
2738,31/07/14,Thessaloniki,40.64361,22.93086,349232,shop_4,kinder-cola,can,330ml,0.71,30879
2827,31/08/14,Thessaloniki,40.64361,22.93086,349232,shop_4,kinder-cola,can,330ml,0.85,21736
2920,30/09/14,Thessaloniki,40.64361,22.93086,349232,shop_4,kinder-cola,can,330ml,0.62,25273
3010,31/10/14,Thessaloniki,40.64361,22.93086,349232,shop_4,kinder-cola,can,330ml,0.83,14823
3101,30/11/14,Thessaloniki,40.64361,22.93086,349232,shop_4,kinder-cola,can,330ml,0.79,18014
3186,31/12/14,Thessaloniki,40.64361,22.93086,349232,shop_4,kinder-cola,can,330ml,0.87,19706
3277,31/01/15,Thessaloniki,40.64361,22.93086,351650,shop_4,kinder-cola,can,330ml,0.67,20963
3406,28/02/15,Thessaloniki,40.64361,22.93086,351650,shop_4,kinder-cola,can,330ml,0.84,10945
3461,31/03/15,Thessaloniki,40.64361,22.93086,351650,shop_4,kinder-cola,can,330ml,0.71,20061
3546,30/04/15,Thessaloniki,40.64361,22.93086,351650,shop_4,kinder-cola,can,330ml,0.86,18317
3638,31/05/15,Thessaloniki,40.64361,22.93086,351650,shop_4,kinder-cola,can,330ml,0.51,39611
3728,30/06/15,Thessaloniki,40.64361,22.93086,351650,shop_4,kinder-cola,can,330ml,0.65,33685
3819,31/07/15,Thessaloniki,40.64361,22.93086,351650,shop_4,kinder-cola,can,330ml,0.63,35387
3907,31/08/15,Thessaloniki,40.64361,22.93086,351650,shop_4,kinder-cola,can,330ml,0.75,26605
3999,30/09/15,Thessaloniki,40.64361,22.93086,351650,shop_4,kinder-cola,can,330ml,0.81,19565
4086,31/10/15,Thessaloniki,40.64361,22.93086,351650,shop_4,kinder-cola,can,330ml,0.84,14959
4178,30/11/15,Thessaloniki,40.64361,22.93086,351650,shop_4,kinder-cola,can,330ml,0.7,21227
4269,31/12/15,Thessaloniki,40.64361,22.93086,351650,shop_4,kinder-cola,can,330ml,0.88,20300
4404,31/01/16,Thessaloniki,40.64361,22.93086,351702,shop_4,kinder-cola,can,330ml,0.58,23834
4447,29/02/16,Thessaloniki,40.64361,22.93086,351702,shop_4,kinder-cola,can,330ml,0.9,10268
