train.csv
id,date,city,lat,long,pop,shop,brand,container,capacity,price,quantity
38,31/01/12,Thessaloniki,40.64361,22.93086,346502,shop_4,adult-cola,plastic,1.5lt,2.99,12674
130,29/02/12,Thessaloniki,40.64361,22.93086,346502,shop_4,adult-cola,plastic,1.5lt,3.15,9196
256,31/03/12,Thessaloniki,40.64361,22.93086,346502,shop_4,adult-cola,plastic,1.5lt,2.55,21970
313,30/04/12,Thessaloniki,40.64361,22.93086,346502,shop_4,adult-cola,plastic,1.5lt,2.63,21831
398,31/05/12,Thessaloniki,40.64361,22.93086,346502,shop_4,adult-cola,plastic,1.5lt,2.82,22499
488,30/06/12,Thessaloniki,40.64361,22.93086,346502,shop_4,adult-cola,plastic,1.5lt,3.15,20410
583,31/07/12,Thessaloniki,40.64361,22.93086,346502,shop_4,adult-cola,plastic,1.5lt,2.57,30092
666,31/08/12,Thessaloniki,40.64361,22.93086,346502,shop_4,adult-cola,plastic,1.5lt,2.38,27911
761,30/09/12,Thessaloniki,40.64361,22.93086,346502,shop_4,adult-cola,plastic,1.5lt,2.49,19979
855,31/10/12,Thessaloniki,40.64361,22.93086,346502,shop_4,adult-cola,plastic,1.5lt,3.14,13413
943,30/11/12,Thessaloniki,40.64361,22.93086,346502,shop_4,adult-cola,plastic,1.5lt,2.43,14280
1029,31/12/12,Thessaloniki,40.64361,22.93086,346502,shop_4,adult-cola,plastic,1.5lt,3.1,11574
1123,31/01/13,Thessaloniki,40.64361,22.93086,347001,shop_4,adult-cola,plastic,1.5lt,2.51,16914
1209,28/02/13,Thessaloniki,40.64361,22.93086,347001,shop_4,adult-cola,plastic,1.5lt,2.64,12819
1302,31/03/13,Thessaloniki,40.64361,22.93086,347001,shop_4,adult-cola,plastic,1.5lt,2.09,27447
1433,30/04/13,Thessaloniki,40.64361,22.93086,347001,shop_4,adult-cola,plastic,1.5lt,2.42,24720
1483,31/05/13,Thessaloniki,40.64361,22.93086,347001,shop_4,adult-cola,plastic,1.5lt,3.03,20783
1570,30/06/13,Thessaloniki,40.64361,22.93086,347001,shop_4,adult-cola,plastic,1.5lt,2.09,35920
1659,31/07/13,Thessaloniki,40.64361,22.93086,347001,shop_4,adult-cola,plastic,1.5lt,2.45,32711
1750,31/08/13,Thessaloniki,40.64361,22.93086,347001,shop_4,adult-cola,plastic,1.5lt,2.57,26227
1841,30/09/13,Thessaloniki,40.64361,22.93086,347001,shop_4,adult-cola,plastic,1.5lt,3.2,13888
1931,31/10/13,Thessaloniki,,22.93086,347001,shop_4,adult-cola,plastic,1.5lt,1.66,27394
2020,30/11/13,Thessaloniki,40.64361,22.93086,347001,shop_4,adult-cola,plastic,1.5lt,3.09,10375
2112,31/12/13,Thessaloniki,40.64361,22.93086,347001,shop_4,adult-cola,plastic,1.5lt,1.57,23605
2200,31/01/14,Thessaloniki,40.64361,22.93086,349232,shop_4,adult-cola,plastic,1.5lt,2.15,20050
2332,28/02/14,Thessaloniki,40.64361,22.93086,349232,shop_4,adult-cola,plastic,1.5lt,1.61,19433
2426,31/03/14,Thessaloniki,40.64361,22.93086,349232,shop_4,adult-cola,plastic,1.5lt,2.53,23429
2475,30/04/14,Thessaloniki,40.64361,22.93086,349232,shop_4,adult-cola,plastic,1.5lt,1.88,30985
2564,31/05/14,Thessaloniki,40.64361,22.93086,349232,shop_4,adult-cola,plastic,1.5lt,2.58,26950
2698,30/06/14,Thessaloniki,40.64361,22.93086,349232,shop_4,adult-cola,plastic,1.5lt,3.08,23214
2739,31/07/14,Thessaloniki,40.64361,22.93086,349232,shop_4,adult-cola,plastic,1.5lt,2.41,34001
2829,31/08/14,Thessaloniki,40.64361,22.93086,349232,shop_4,adult-cola,plastic,1.5lt,3.53,15372
2922,30/09/14,Thessaloniki,40.64361,22.93086,349232,shop_4,adult-cola,plastic,1.5lt,3.37,13044
3055,31/10/14,Thessaloniki,40.64361,22.93086,349232,shop_4,adult-cola,plastic,1.5lt,2.79,17822
3102,30/11/14,Thessaloniki,40.64361,22.93086,349232,shop_4,adult-cola,plastic,1.5lt,1.34,21867
3188,31/12/14,Thessaloniki,40.64361,22.93086,349232,shop_4,adult-cola,plastic,1.5lt,3.19,11895
3279,31/01/15,Thessaloniki,40.64361,22.93086,351650,shop_4,adult-cola,plastic,1.5lt,2.44,18253
3369,28/02/15,Thessaloniki,40.64361,22.93086,351650,shop_4,adult-cola,plastic,1.5lt,2.38,15066
3463,31/03/15,Thessaloniki,40.64361,22.93086,351650,shop_4,adult-cola,plastic,1.5lt,2.78,21447
3590,30/04/15,Thessaloniki,40.64361,22.93086,351650,shop_4,adult-cola,plastic,1.5lt,2.36,26448
3640,31/05/15,Thessaloniki,40.64361,22.93086,351650,shop_4,adult-cola,plastic,1.5lt,2.48,28845
3730,30/06/15,Thessaloniki,40.64361,22.93086,351650,shop_4,adult-cola,plastic,1.5lt,2.37,33413
3821,31/07/15,Thessaloniki,40.64361,22.93086,351650,shop_4,adult-cola,plastic,1.5lt,2.43,34395
3909,31/08/15,Thessaloniki,40.64361,22.93086,351650,shop_4,adult-cola,plastic,1.5lt,2.9,23755
4001,30/09/15,Thessaloniki,40.64361,22.93086,351650,shop_4,adult-cola,plastic,1.5lt,1.81,27507
4088,31/10/15,Thessaloniki,40.64361,22.93086,351650,shop_4,adult-cola,plastic,1.5lt,2.62,19764
4180,30/11/15,Thessaloniki,40.64361,22.93086,351650,shop_4,adult-cola,plastic,1.5lt,2.55,14527
4271,31/12/15,Thessaloniki,40.64361,22.93086,351650,shop_4,adult-cola,plastic,1.5lt,2.01,20959
4358,31/01/16,Thessaloniki,40.64361,22.93086,351702,shop_4,adult-cola,plastic,1.5lt,3.35,12055
4449,29/02/16,Thessaloniki,40.64361,22.93086,351702,shop_4,adult-cola,plastic,1.5lt,2.6,14099
39,31/01/12,Thessaloniki,40.64361,22.93086,346502,shop_4,adult-cola,can,330ml,0.49,30194
131,29/02/12,Thessaloniki,40.64361,22.93086,346502,shop_4,adult-cola,can,330ml,0.82,13290
220,31/03/12,Thessaloniki,40.64361,22.93086,346502,shop_4,adult-cola,can,330ml,0.72,22784
314,30/04/12,Thessaloniki,40.64361,22.93086,346502,shop_4,adult-cola,can,330ml,0.57,44550
399,31/05/12,Thessaloniki,40.64361,22.93086,346502,shop_4,adult-cola,can,330ml,0.77,29324
489,30/06/12,Thessaloniki,40.64361,22.93086,346502,shop_4,adult-cola,can,330ml,0.79,34026
584,31/07/12,Thessaloniki,40.64361,22.93086,346502,shop_4,adult-cola,can,330ml,0.76,37698
667,31/08/12,Thessaloniki,40.64361,22.93086,346502,shop_4,adult-cola,can,330ml,0.77,30519
762,30/09/12,Thessaloniki,40.64361,22.93086,346502,shop_4,adult-cola,can,330ml,0.89,16813
899,31/10/12,Thessaloniki,40.64361,22.93086,346502,shop_4,adult-cola,can,330ml,0.77,23973
944,30/11/12,Thessaloniki,40.64361,22.93086,346502,shop_4,adult-cola,can,330ml,0.7,23106
1030,31/12/12,Thessaloniki,40.64361,22.93086,346502,shop_4,adult-cola,can,330ml,0.66,33322
1124,31/01/13,Thessaloniki,40.64361,22.93086,347001,shop_4,adult-cola,can,330ml,0.67,22256
1210,28/02/13,Thessaloniki,40.64361,22.93086,347001,shop_4,adult-cola,can,330ml,0.6,24146
1303,31/03/13,Thessaloniki,40.64361,22.93086,347001,shop_4,adult-cola,can,330ml,0.69,25322
1391,30/04/13,Thessaloniki,40.64361,22.93086,347001,shop_4,adult-cola,can,330ml,0.69,35830
1484,31/05/13,Thessaloniki,40.64361,22.93086,347001,shop_4,adult-cola,can,330ml,0.45,57131
1571,30/06/13,Thessaloniki,40.64361,22.93086,347001,shop_4,adult-cola,can,330ml,0.81,34628
1660,31/07/13,Thessaloniki,40.64361,22.93086,347001,shop_4,adult-cola,can,330ml,0.6,55275
1785,31/08/13,Thessaloniki,40.64361,22.93086,347001,shop_4,adult-cola,can,330ml,0.59,48238
1842,30/09/13,Thessaloniki,40.64361,22.93086,347001,shop_4,adult-cola,can,330ml,0.67,34611
1969,31/10/13,Thessaloniki,40.64361,22.93086,347001,shop_4,adult-cola,can,330ml,0.62,35877
2021,30/11/13,Thessaloniki,40.64361,22.93086,347001,shop_4,adult-cola,can,330ml,0.73,22693
2113,31/12/13,Thessaloniki,40.64361,22.93086,347001,shop_4,adult-cola,can,330ml,0.68,32834
2201,31/01/14,Thessaloniki,40.64361,22.93086,349232,shop_4,adult-cola,can,330ml,0.53,29614
2289,28/02/14,Thessaloniki,40.64361,22.93086,349232,shop_4,adult-cola,can,330ml,0.67,21487
2382,31/03/14,Thessaloniki,40.64361,22.93086,349232,shop_4,adult-cola,can,330ml,0.45,39756
2476,30/04/14,Thessaloniki,40.64361,22.93086,349232,shop_4,adult-cola,can,330ml,0.52,50206
2565,31/05/14,Thessaloniki,40.64361,22.93086,349232,shop_4,adult-cola,can,330ml,0.48,55819
2653,30/06/14,Thessaloniki,40.64361,22.93086,349232,shop_4,adult-cola,can,330ml,0.41,76785
2778,31/07/14,Thessaloniki,40.64361,22.93086,349232,shop_4,adult-cola,can,330ml,0.54,63333
2830,31/08/14,Thessaloniki,40.64361,22.93086,349232,shop_4,adult-cola,can,330ml,0.69,41215
2966,30/09/14,Thessaloniki,40.64361,22.93086,349232,shop_4,adult-cola,can,330ml,0.52,46229
3012,31/10/14,Thessaloniki,40.64361,22.93086,349232,shop_4,adult-cola,can,330ml,0.49,45758
3103,30/11/14,Thessaloniki,40.64361,22.93086,349232,shop_4,adult-cola,can,330ml,0.63,28776
3237,31/12/14,Thessaloniki,40.64361,22.93086,349232,shop_4,adult-cola,can,330ml,0.43,52182
3318,31/01/15,Thessaloniki,40.64361,22.93086,351650,shop_4,adult-cola,can,330ml,0.82,16827
3370,28/02/15,Thessaloniki,40.64361,22.93086,351650,shop_4,adult-cola,can,330ml,0.78,17539
3464,31/03/15,Thessaloniki,40.64361,22.93086,351650,shop_4,adult-cola,can,330ml,0.78,22280
3548,30/04/15,Thessaloniki,40.64361,22.93086,351650,shop_4,adult-cola,can,330ml,0.85,25701
3641,31/05/15,Thessaloniki,40.64361,22.93086,351650,shop_4,adult-cola,can,330ml,0.85,26482
3770,30/06/15,Thessaloniki,40.64361,22.93086,351650,shop_4,adult-cola,can,330ml,0.65,53862
3822,31/07/15,Thessaloniki,40.64361,22.93086,351650,shop_4,adult-cola,can,330ml,0.61,57442
3910,31/08/15,Thessaloniki,40.64361,22.93086,351650,shop_4,adult-cola,can,330ml,0.6,49717
4002,30/09/15,Thessaloniki,40.64361,22.93086,351650,shop_4,adult-cola,can,330ml,0.31,62587
4139,31/10/15,Thessaloniki,40.64361,22.93086,351650,shop_4,adult-cola,can,330ml,0.71,31812
4181,30/11/15,Thessaloniki,40.64361,22.93086,351650,shop_4,adult-cola,can,330ml,0.45,38972
4272,31/12/15,Thessaloniki,40.64361,22.93086,351650,shop_4,adult-cola,can,330ml,0.66,36639
4359,31/01/16,Thessaloniki,40.64361,22.93086,351702,shop_4,adult-cola,can,330ml,0.53,30323
4486,29/02/16,Thessaloniki,40.64361,22.93086,351702,shop_4,adult-cola,can,330ml,0.63,24295
40,31/01/12,Thessaloniki,40.64361,22.93086,346502,shop_4,orange-power,glass,500ml,0.96,23346
132,29/02/12,Thessaloniki,40.64361,22.93086,346502,shop_4,orange-power,glass,500ml,0.91,20486
221,31/03/12,Thessaloniki,40.64361,22.93086,346502,shop_4,orange-power,glass,500ml,0.7,54080
357,30/04/12,Thessaloniki,40.64361,22.93086,346502,shop_4,orange-power,glass,500ml,0.65,58620
400,31/05/12,Thessaloniki,40.64361,22.93086,346502,shop_4,orange-power,glass,500ml,0.71,56101
490,30/06/12,Thessaloniki,40.64361,22.93086,346502,shop_4,orange-power,glass,500ml,0.96,34944
585,31/07/12,Thessaloniki,40.64361,22.93086,346502,shop_4,orange-power,glass,500ml,0.7,64685
703,31/08/12,Thessaloniki,40.64361,22.93086,346502,shop_4,orange-power,glass,500ml,0.65,63796
763,30/09/12,Thessaloniki,40.64361,22.93086,346502,shop_4,orange-power,glass,500ml,0.8,49846
856,31/10/12,Thessaloniki,40.64361,22.93086,346502,shop_4,orange-power,glass,500ml,0.94,33258
945,30/11/12,Thessaloniki,40.64361,22.93086,346502,shop_4,orange-power,glass,500ml,0.64,43422
1031,31/12/12,Thessaloniki,40.64361,22.93086,346502,shop_4,orange-power,glass,500ml,0.95,26638
1125,31/01/13,Thessaloniki,40.64361,22.93086,347001,shop_4,orange-power,glass,500ml,0.81,35077
1211,28/02/13,Thessaloniki,40.64361,22.93086,347001,shop_4,orange-power,glass,500ml,0.87,23338
1304,31/03/13,Thessaloniki,40.64361,22.93086,347001,shop_4,orange-power,glass,500ml,0.94,34166
1392,30/04/13,Thessaloniki,40.64361,22.93086,347001,shop_4,orange-power,glass,500ml,0.94,34116
1485,31/05/13,Thessaloniki,40.64361,22.93086,347001,shop_4,orange-power,glass,500ml,0.77,51751
1610,30/06/13,Thessaloniki,40.64361,22.93086,347001,shop_4,orange-power,glass,500ml,0.92,41066
1661,31/07/13,Thessaloniki,40.64361,22.93086,347001,shop_4,orange-power,glass,500ml,0.89,46831
1784,31/08/13,Thessaloniki,40.64361,22.93086,347001,shop_4,orange-power,glass,500ml,0.86,45277
1843,30/09/13,Thessaloniki,40.64361,22.93086,347001,shop_4,orange-power,glass,500ml,0.76,55362
1932,31/10/13,Thessaloniki,40.64361,22.93086,347001,shop_4,orange-power,glass,500ml,1,30080
2022,30/11/13,Thessaloniki,40.64361,22.93086,347001,shop_4,orange-power,glass,500ml,0.83,31627
2114,31/12/13,Thessaloniki,40.64361,22.93086,347001,shop_4,orange-power,glass,500ml,0.88,33696
2236,31/01/14,Thessaloniki,40.64361,22.93086,349232,shop_4,orange-power,glass,500ml,0.82,35690
2290,28/02/14,Thessaloniki,40.64361,22.93086,349232,shop_4,orange-power,glass,500ml,0.9,22967
2383,31/03/14,Thessaloniki,40.64361,22.93086,349232,shop_4,orange-power,glass,500ml,0.82,46443
2477,30/04/14,Thessaloniki,40.64361,22.93086,349232,shop_4,orange-power,glass,500ml,0.78,49398
2566,31/05/14,Thessaloniki,40.64361,22.93086,349232,shop_4,orange-power,glass,500ml,0.91,41086
2654,30/06/14,Thessaloniki,40.64361,22.93086,349232,shop_4,orange-power,glass,500ml,0.76,58271
2740,31/07/14,Thessaloniki,40.64361,22.93086,349232,shop_4,orange-power,glass,500ml,0.74,64258
2871,31/08/14,Thessaloniki,40.64361,22.93086,349232,shop_4,orange-power,glass,500ml,0.83,49627
2923,30/09/14,Thessaloniki,40.64361,22.93086,349232,shop_4,orange-power,glass,500ml,0.89,44640
3013,31/10/14,Thessaloniki,40.64361,22.93086,349232,shop_4,orange-power,glass,500ml,0.74,55171
3104,30/11/14,Thessaloniki,40.64361,22.93086,349232,shop_4,orange-power,glass,500ml,0.82,33451
3189,31/12/14,Thessaloniki,40.64361,22.93086,349232,shop_4,orange-power,glass,500ml,0.92,32048
3280,31/01/15,Thessaloniki,40.64361,22.93086,351650,shop_4,orange-power,glass,500ml,0.84,35283
3371,28/02/15,Thessaloniki,40.64361,22.93086,351650,shop_4,orange-power,glass,500ml,0.64,36579
3465,31/03/15,Thessaloniki,40.64361,22.93086,351650,shop_4,orange-power,glass,500ml,0.75,54138
3583,30/04/15,Thessaloniki,40.64361,22.93086,351650,shop_4,orange-power,glass,500ml,0.69,58440
3642,31/05/15,Thessaloniki,40.64361,22.93086,351650,shop_4,orange-power,glass,500ml,0.91,42182
3768,30/06/15,Thessaloniki,40.64361,22.93086,351650,shop_4,orange-power,glass,500ml,0.57,78101
3823,31/07/15,Thessaloniki,40.64361,22.93086,351650,shop_4,orange-power,glass,500ml,0.97,42477
3911,31/08/15,Thessaloniki,40.64361,22.93086,351650,shop_4,orange-power,glass,500ml,0.89,45914
4003,30/09/15,Thessaloniki,40.64361,22.93086,351650,shop_4,orange-power,glass,500ml,0.85,50183
4125,31/10/15,Thessaloniki,40.64361,22.93086,351650,shop_4,orange-power,glass,500ml,0.69,60558
4182,30/11/15,Thessaloniki,40.64361,22.93086,351650,shop_4,orange-power,glass,500ml,0.9,29924
4273,31/12/15,Thessaloniki,40.64361,22.93086,351650,shop_4,orange-power,glass,500ml,0.77,43905
4396,31/01/16,Thessaloniki,40.64361,22.93086,351702,shop_4,orange-power,glass,500ml,0.81,38181
