train.csv
id,date,city,lat,long,pop,shop,brand,container,capacity,price,quantity
41,31/01/12,Thessaloniki,40.64361,22.93086,346502,shop_4,orange-power,plastic,1.5lt,2.15,12835
170,29/02/12,Thessaloniki,40.64361,22.93086,346502,shop_4,orange-power,plastic,1.5lt,2.03,14801
253,31/03/12,Thessaloniki,40.64361,22.93086,346502,shop_4,orange-power,plastic,1.5lt,2.2,15560
315,30/04/12,Thessaloniki,40.64361,22.93086,346502,shop_4,orange-power,plastic,1.5lt,1.35,36656
401,31/05/12,Thessaloniki,40.64361,22.93086,346502,shop_4,orange-power,plastic,1.5lt,1.51,43937
491,30/06/12,Thessaloniki,40.64361,22.93086,346502,shop_4,orange-power,plastic,1.5lt,1.93,34175
586,31/07/12,Thessaloniki,40.64361,22.93086,346502,shop_4,orange-power,plastic,1.5lt,1.61,45682
668,31/08/12,Thessaloniki,40.64361,22.93086,346502,shop_4,orange-power,plastic,1.5lt,1.27,50047
764,30/09/12,Thessaloniki,40.64361,22.93086,346502,shop_4,orange-power,plastic,1.5lt,1.7,29029
857,31/10/12,Thessaloniki,40.64361,22.93086,346502,shop_4,orange-power,plastic,1.5lt,2.03,19880
983,30/11/12,Thessaloniki,40.64361,22.93086,346502,shop_4,orange-power,plastic,1.5lt,1.19,27306
1032,31/12/12,Thessaloniki,40.64361,,346502,shop_4,orange-power,plastic,1.5lt,1.08,37159
1126,31/01/13,Thessaloniki,40.64361,22.93086,347001,shop_4,orange-power,plastic,1.5lt,1.12,27061
1254,28/02/13,Thessaloniki,40.64361,22.93086,347001,shop_4,orange-power,plastic,1.5lt,1.74,19342
1305,31/03/13,Thessaloniki,40.64361,22.93086,347001,shop_4,orange-power,plastic,1.5lt,1.43,29437
1393,30/04/13,Thessaloniki,40.64361,22.93086,347001,shop_4,orange-power,plastic,1.5lt,1.63,31381
1486,31/05/13,Thessaloniki,40.64361,22.93086,347001,shop_4,orange-power,plastic,1.5lt,1.54,44169
1572,30/06/13,Thessaloniki,40.64361,22.93086,347001,shop_4,orange-power,plastic,1.5lt,2.18,28114
1662,31/07/13,Thessaloniki,40.64361,22.93086,347001,shop_4,orange-power,plastic,1.5lt,1.62,46220
1751,31/08/13,Thessaloniki,40.64361,22.93086,347001,shop_4,orange-power,plastic,1.5lt,1.52,44113
1844,30/09/13,Thessaloniki,40.64361,22.93086,347001,shop_4,orange-power,plastic,1.5lt,1.73,29133
1933,31/10/13,Thessaloniki,40.64361,22.93086,347001,shop_4,orange-power,plastic,1.5lt,1.12,37242
2054,30/11/13,Thessaloniki,40.64361,22.93086,347001,shop_4,orange-power,plastic,1.5lt,1.38,25013
2115,31/12/13,Thessaloniki,40.64361,22.93086,347001,shop_4,orange-power,plastic,1.5lt,1.37,32343
2202,31/01/14,Thessaloniki,40.64361,22.93086,349232,shop_4,orange-power,plastic,1.5lt,1.65,20592
2291,28/02/14,Thessaloniki,40.64361,22.93086,349232,shop_4,orange-power,plastic,1.5lt,1.6,21645
2427,31/03/14,Thessaloniki,40.64361,22.93086,349232,shop_4,orange-power,plastic,1.5lt,1.18,33993
2518,30/04/14,Thessaloniki,40.64361,22.93086,349232,shop_4,orange-power,plastic,1.5lt,2.07,23306
2606,31/05/14,Thessaloniki,40.64361,22.93086,349232,shop_4,orange-power,plastic,1.5lt,1.49,46313
2655,30/06/14,Thessaloniki,40.64361,22.93086,349232,shop_4,orange-power,plastic,1.5lt,2.06,32978
2741,31/07/14,Thessaloniki,40.64361,22.93086,349232,shop_4,orange-power,plastic,1.5lt,1.45,52261
2831,31/08/14,Thessaloniki,40.64361,22.93086,349232,shop_4,orange-power,plastic,1.5lt,1.88,35634
2924,30/09/14,Thessaloniki,40.64361,22.93086,349232,shop_4,orange-power,plastic,1.5lt,1.43,35803
3014,31/10/14,Thessaloniki,40.64361,22.93086,349232,shop_4,orange-power,plastic,1.5lt,1.72,26944
3105,30/11/14,Thessaloniki,40.64361,22.93086,349232,shop_4,orange-power,plastic,1.5lt,2.1,15622
3190,31/12/14,Thessaloniki,40.64361,22.93086,349232,shop_4,orange-power,plastic,1.5lt,2.04,21068
3324,31/01/15,Thessaloniki,40.64361,22.93086,351650,shop_4,orange-power,plastic,1.5lt,1.82,18833
3372,28/02/15,Thessaloniki,40.64361,22.93086,351650,shop_4,orange-power,plastic,1.5lt,1.59,22142
3466,31/03/15,Thessaloniki,40.64361,22.93086,351650,shop_4,orange-power,plastic,1.5lt,2.01,20988
3549,30/04/15,Thessaloniki,40.64361,22.93086,351650,shop_4,orange-power,plastic,1.5lt,1.88,27957
3674,31/05/15,Thessaloniki,40.64361,22.93086,351650,shop_4,orange-power,plastic,1.5lt,2.48,21462
3731,30/06/15,Thessaloniki,40.64361,22.93086,351650,shop_4,orange-power,plastic,1.5lt,1.72,43479
3851,31/07/15,Thessaloniki,40.64361,22.93086,351650,shop_4,orange-power,plastic,1.5lt,1.97,38458
3912,31/08/15,Thessaloniki,40.64361,22.93086,351650,shop_4,orange-power,plastic,1.5lt,2.08,31626
4004,30/09/15,Thessaloniki,40.64361,22.93086,351650,shop_4,orange-power,plastic,1.5lt,1.18,41325
4089,31/10/15,Thessaloniki,40.64361,22.93086,351650,shop_4,orange-power,plastic,1.5lt,1.51,31205
4214,30/11/15,Thessaloniki,40.64361,22.93086,351650,shop_4,orange-power,plastic,1.5lt,1.37,26003
4274,31/12/15,Thessaloniki,40.64361,22.93086,351650,shop_4,orange-power,plastic,1.5lt,1.85,25180
4360,31/01/16,Thessaloniki,40.64361,22.93086,351702,shop_4,orange-power,plastic,1.5lt,1.33,25397
4451,29/02/16,Thessaloniki,40.64361,22.93086,351702,shop_4,orange-power,plastic,1.5lt,1.13,28459
42,31/01/12,Thessaloniki,40.64361,22.93086,346502,shop_4,orange-power,can,330ml,0.41,40722
133,29/02/12,Thessaloniki,40.64361,22.93086,346502,shop_4,orange-power,can,330ml,0.39,33083
222,31/03/12,Thessaloniki,40.64361,22.93086,346502,shop_4,orange-power,can,330ml,0.3,61832
316,30/04/12,Thessaloniki,40.64361,22.93086,346502,shop_4,orange-power,can,330ml,0.44,50809
402,31/05/12,Thessaloniki,40.64361,22.93086,346502,shop_4,orange-power,can,330ml,0.48,56090
492,30/06/12,Thessaloniki,40.64361,22.93086,346502,shop_4,orange-power,can,330ml,0.32,87945
587,31/07/12,Thessaloniki,40.64361,22.93086,346502,shop_4,orange-power,can,330ml,0.6,39339
669,31/08/12,Thessaloniki,40.64361,22.93086,346502,shop_4,orange-power,can,330ml,0.43,61450
765,30/09/12,Thessaloniki,40.64361,22.93086,346502,shop_4,orange-power,can,330ml,0.43,55656
858,31/10/12,Thessaloniki,40.64361,22.93086,346502,shop_4,orange-power,can,330ml,0.45,40801
946,30/11/12,Thessaloniki,40.64361,22.93086,346502,shop_4,orange-power,can,330ml,0.24,62668
1033,31/12/12,Thessaloniki,40.64361,22.93086,346502,shop_4,orange-power,can,330ml,0.44,53822
1127,31/01/13,Thessaloniki,40.64361,22.93086,347001,shop_4,orange-power,can,330ml,0.4,42673
1212,28/02/13,Thessaloniki,40.64361,22.93086,347001,shop_4,orange-power,can,330ml,0.36,36455
1306,31/03/13,Thessaloniki,40.64361,22.93086,347001,shop_4,orange-power,can,330ml,0.48,40670
1394,30/04/13,Thessaloniki,40.64361,22.93086,347001,shop_4,orange-power,can,330ml,0.58,32073
1487,31/05/13,Thessaloniki,40.64361,22.93086,347001,shop_4,orange-power,can,330ml,0.53,48524
1573,30/06/13,Thessaloniki,40.64361,22.93086,347001,shop_4,orange-power,can,330ml,0.56,45143
1663,31/07/13,Thessaloniki,40.64361,22.93086,347001,shop_4,orange-power,can,330ml,0.54,56009
1752,31/08/13,Thessaloniki,40.64361,22.93086,347001,shop_4,orange-power,can,330ml,0.53,46044
1845,30/09/13,Thessaloniki,40.64361,22.93086,347001,shop_4,orange-power,can,330ml,0.32,73818
1934,31/10/13,Thessaloniki,40.64361,22.93086,347001,shop_4,orange-power,can,330ml,0.33,56264
2023,30/11/13,Thessaloniki,40.64361,22.93086,347001,shop_4,orange-power,can,330ml,0.52,31318
2116,31/12/13,Thessaloniki,40.64361,22.93086,347001,shop_4,orange-power,can,330ml,0.5,44919
2203,31/01/14,Thessaloniki,40.64361,22.93086,349232,shop_4,orange-power,can,330ml,0.56,26969
2292,28/02/14,Thessaloniki,40.64361,22.93086,349232,shop_4,orange-power,can,330ml,0.42,31764
2384,31/03/14,Thessaloniki,40.64361,22.93086,349232,shop_4,orange-power,can,330ml,0.62,24311
2478,30/04/14,Thessaloniki,40.64361,22.93086,349232,shop_4,orange-power,can,330ml,0.31,72019
2567,31/05/14,Thessaloniki,40.64361,22.93086,349232,shop_4,orange-power,can,330ml,0.39,76009
2656,30/06/14,Thessaloniki,40.64361,22.93086,349232,shop_4,orange-power,can,330ml,0.6,39003
2742,31/07/14,Thessaloniki,40.64361,22.93086,349232,shop_4,orange-power,can,330ml,0.34,99834
2875,31/08/14,Thessaloniki,40.64361,22.93086,349232,shop_4,orange-power,can,330ml,0.57,40759
2925,30/09/14,Thessaloniki,40.64361,22.93086,349232,shop_4,orange-power,can,330ml,0.57,37474
3015,31/10/14,Thessaloniki,40.64361,22.93086,349232,shop_4,orange-power,can,330ml,0.59,26340
3106,30/11/14,Thessaloniki,40.64361,22.93086,349232,shop_4,orange-power,can,330ml,0.37,49833
3191,31/12/14,Thessaloniki,40.64361,22.93086,349232,shop_4,orange-power,can,330ml,0.48,50274
3281,31/01/15,Thessaloniki,40.64361,22.93086,351650,shop_4,orange-power,can,330ml,0.56,27740
3404,28/02/15,Thessaloniki,40.64361,22.93086,351650,shop_4,orange-power,can,330ml,0.56,21728
3467,31/03/15,Thessaloniki,40.64361,22.93086,351650,shop_4,orange-power,can,330ml,0.32,62979
3597,30/04/15,Thessaloniki,40.64361,22.93086,351650,shop_4,orange-power,can,330ml,0.46,52385
3643,31/05/15,Thessaloniki,40.64361,22.93086,351650,shop_4,orange-power,can,330ml,0.45,68317
3778,30/06/15,Thessaloniki,40.64361,22.93086,351650,shop_4,orange-power,can,330ml,0.28,98560
3824,31/07/15,Thessaloniki,40.64361,22.93086,351650,shop_4,orange-power,can,330ml,0.4,88685
3913,31/08/15,Thessaloniki,40.64361,22.93086,351650,shop_4,orange-power,can,330ml,0.46,60495
4005,30/09/15,Thessaloniki,40.64361,22.93086,351650,shop_4,orange-power,can,330ml,0.35,72075
4090,31/10/15,Thessaloniki,40.64361,22.93086,351650,shop_4,orange-power,can,330ml,0.51,37794
4183,30/11/15,Thessaloniki,40.64361,22.93086,351650,shop_4,orange-power,can,330ml,0.64,21331
4275,31/12/15,Thessaloniki,40.64361,22.93086,351650,shop_4,orange-power,can,330ml,0.42,60301
4361,31/01/16,Thessaloniki,40.64361,22.93086,351702,shop_4,orange-power,can,330ml,0.41,44117
4452,29/02/16,Thessaloniki,40.64361,22.93086,351702,shop_4,orange-power,can,330ml,0.56,22668
43,31/01/12,Thessaloniki,40.64361,22.93086,346502,shop_4,gazoza,can,330ml,0.28,48918
135,29/02/12,Thessaloniki,40.64361,22.93086,346502,shop_4,gazoza,can,330ml,0.28,41854
225,31/03/12,Thessaloniki,40.64361,22.93086,346502,shop_4,gazoza,can,330ml,0.29,61129
319,30/04/12,Thessaloniki,40.64361,22.93086,346502,shop_4,gazoza,can,330ml,0.31,62442
405,31/05/12,Thessaloniki,40.64361,22.93086,346502,shop_4,gazoza,can,330ml,0.27,86675
494,30/06/12,Thessaloniki,40.64361,22.93086,346502,shop_4,gazoza,can,330ml,0.32,79847
590,31/07/12,Thessaloniki,40.64361,22.93086,346502,shop_4,gazoza,can,330ml,0.29,92431
672,31/08/12,Thessaloniki,40.64361,22.93086,346502,shop_4,gazoza,can,330ml,0.27,100164
768,30/09/12,Thessaloniki,40.64361,22.93086,346502,shop_4,gazoza,can,330ml,0.22,84047
861,31/10/12,Thessaloniki,40.64361,22.93086,346502,shop_4,gazoza,can,330ml,0.3,56685
949,30/11/12,Thessaloniki,40.64361,22.93086,346502,shop_4,gazoza,can,330ml,0.27,59197
1036,31/12/12,Thessaloniki,40.64361,22.93086,346502,shop_4,gazoza,can,330ml,0.35,51585
1167,31/01/13,Thessaloniki,40.64361,22.93086,347001,shop_4,gazoza,can,330ml,0.27,53951
1259,28/02/13,Thessaloniki,40.64361,22.93086,347001,shop_4,gazoza,can,330ml,0.34,33283
1309,31/03/13,Thessaloniki,40.64361,22.93086,347001,shop_4,gazoza,can,330ml,0.29,62186
1397,30/04/13,Thessaloniki,40.64361,22.93086,347001,shop_4,gazoza,can,330ml,0.35,51807
1490,31/05/13,Thessaloniki,40.64361,22.93086,347001,shop_4,gazoza,can,330ml,0.27,86229
1576,30/06/13,Thessaloniki,40.64361,22.93086,347001,shop_4,gazoza,can,330ml,0.25,112253
1666,31/07/13,Thessaloniki,40.64361,22.93086,347001,shop_4,gazoza,can,330ml,0.36,68245
1755,31/08/13,Thessaloniki,40.64361,22.93086,347001,shop_4,gazoza,can,330ml,0.36,65121
1848,30/09/13,Thessaloniki,40.64361,22.93086,347001,shop_4,gazoza,can,330ml,0.36,46185
1973,31/10/13,Thessaloniki,40.64361,22.93086,347001,shop_4,gazoza,can,330ml,0.26,68032
2026,30/11/13,Thessaloniki,40.64361,22.93086,347001,shop_4,gazoza,can,330ml,0.35,40974
2118,31/12/13,Thessaloniki,40.64361,22.93086,347001,shop_4,gazoza,can,330ml,0.21,97481
2206,31/01/14,Thessaloniki,40.64361,22.93086,349232,shop_4,gazoza,can,330ml,0.3,47981
2294,28/02/14,Thessaloniki,40.64361,22.93086,349232,shop_4,gazoza,can,330ml,0.35,32507
2386,31/03/14,Thessaloniki,40.64361,22.93086,349232,shop_4,gazoza,can,330ml,0.39,39179
2481,30/04/14,Thessaloniki,40.64361,22.93086,349232,shop_4,gazoza,can,330ml,0.3,69570
2570,31/05/14,Thessaloniki,40.64361,22.93086,349232,shop_4,gazoza,can,330ml,0.24,100448
2659,30/06/14,Thessaloniki,40.64361,22.93086,349232,shop_4,gazoza,can,330ml,0.33,82370
2744,31/07/14,Thessaloniki,40.64361,22.93086,349232,shop_4,gazoza,can,330ml,0.32,86851
2833,31/08/14,Thessaloniki,40.64361,22.93086,349232,shop_4,gazoza,can,330ml,0.27,101423
2928,30/09/14,Thessaloniki,40.64361,22.93086,349232,shop_4,gazoza,can,330ml,0.29,67863
3018,31/10/14,Thessaloniki,40.64361,22.93086,349232,shop_4,gazoza,can,330ml,0.34,48989
3109,30/11/14,Thessaloniki,40.64361,22.93086,349232,shop_4,gazoza,can,330ml,0.32,49155
3232,31/12/14,Thessaloniki,40.64361,22.93086,349232,shop_4,gazoza,can,330ml,0.37,52510
3284,31/01/15,Thessaloniki,40.64361,22.93086,351650,shop_4,gazoza,can,330ml,0.41,28750
3375,28/02/15,Thessaloniki,40.64361,22.93086,351650,shop_4,gazoza,can,330ml,0.36,32425
3470,31/03/15,Thessaloniki,40.64361,22.93086,351650,shop_4,gazoza,can,330ml,0.37,44935
3552,30/04/15,Thessaloniki,40.64361,22.93086,351650,shop_4,gazoza,can,330ml,0.31,68996
3646,31/05/15,Thessaloniki,40.64361,22.93086,351650,shop_4,gazoza,can,330ml,0.38,55433
3734,30/06/15,Thessaloniki,40.64361,22.93086,351650,shop_4,gazoza,can,330ml,0.31,95120
3827,31/07/15,Thessaloniki,40.64361,22.93086,351650,shop_4,gazoza,can,330ml,0.37,70264
3916,31/08/15,Thessaloniki,40.64361,22.93086,351650,shop_4,gazoza,can,330ml,0.36,71628
4008,30/09/15,Thessaloniki,40.64361,22.93086,351650,shop_4,gazoza,can,330ml,0.43,31099
4093,31/10/15,Thessaloniki,40.64361,22.93086,351650,shop_4,gazoza,can,330ml,0.31,59380
4185,30/11/15,Thessaloniki,40.64361,22.93086,351650,shop_4,gazoza,can,330ml,0.37,40136
4278,31/12/15,Thessaloniki,40.64361,22.93086,351650,shop_4,gazoza,can,330ml,0.31,71337
4364,31/01/16,Thessaloniki,40.64361,22.93086,351702,shop_4,gazoza,can,330ml,0.31,47868
4455,29/02/16,Thessaloniki,40.64361,22.93086,351702,shop_4,gazoza,can,330ml,0.41,25631
