train.csv
id,date,city,lat,long,pop,shop,brand,container,capacity,price,quantity
44,31/01/12,Thessaloniki,40.64361,22.93086,346502,shop_4,lemon-boost,glass,500ml,0.82,27727
136,29/02/12,Thessaloniki,40.64361,22.93086,346502,shop_4,lemon-boost,glass,500ml,0.94,18081
258,31/03/12,Thessaloniki,40.64361,22.93086,346502,shop_4,lemon-boost,glass,500ml,1.22,12744
320,30/04/12,Thessaloniki,40.64361,22.93086,346502,shop_4,lemon-boost,glass,500ml,0.69,34872
406,31/05/12,Thessaloniki,40.64361,22.93086,346502,shop_4,lemon-boost,glass,500ml,0.95,29784
495,30/06/12,Thessaloniki,40.64361,22.93086,346502,shop_4,lemon-boost,glass,500ml,0.83,37402
591,31/07/12,Thessaloniki,40.64361,22.93086,346502,shop_4,lemon-boost,glass,500ml,0.72,52300
673,31/08/12,Thessaloniki,40.64361,22.93086,346502,shop_4,lemon-boost,glass,500ml,1.01,29721
769,30/09/12,Thessaloniki,40.64361,22.93086,346502,shop_4,lemon-boost,glass,500ml,0.91,27920
862,31/10/12,Thessaloniki,40.64361,22.93086,346502,shop_4,lemon-boost,glass,500ml,0.9,19429
978,30/11/12,Thessaloniki,40.64361,22.93086,346502,shop_4,lemon-boost,glass,500ml,1.08,17147
1037,31/12/12,Thessaloniki,40.64361,22.93086,346502,shop_4,lemon-boost,glass,500ml,0.91,25633
1129,31/01/13,Thessaloniki,40.64361,22.93086,347001,shop_4,lemon-boost,glass,500ml,1.12,16718
1215,28/02/13,Thessaloniki,40.64361,22.93086,347001,shop_4,lemon-boost,glass,500ml,1.08,14368
1310,31/03/13,Thessaloniki,40.64361,22.93086,347001,shop_4,lemon-boost,glass,500ml,0.76,34537
1398,30/04/13,Thessaloniki,40.64361,22.93086,347001,shop_4,lemon-boost,glass,500ml,0.96,24371
1491,31/05/13,Thessaloniki,40.64361,22.93086,347001,shop_4,lemon-boost,glass,500ml,0.91,32971
1604,30/06/13,Thessaloniki,40.64361,22.93086,347001,shop_4,lemon-boost,glass,500ml,1.02,27915
1667,31/07/13,Thessaloniki,40.64361,22.93086,347001,shop_4,lemon-boost,glass,500ml,1.02,33604
1788,31/08/13,Thessaloniki,40.64361,22.93086,347001,shop_4,lemon-boost,glass,500ml,1.11,25054
1849,30/09/13,Thessaloniki,40.64361,22.93086,347001,shop_4,lemon-boost,glass,500ml,0.82,32625
1937,31/10/13,Thessaloniki,40.64361,22.93086,347001,shop_4,lemon-boost,glass,500ml,0.93,19220
2058,30/11/13,Thessaloniki,40.64361,22.93086,347001,shop_4,lemon-boost,glass,500ml,1.04,19581
2157,31/12/13,Thessaloniki,40.64361,22.93086,347001,shop_4,lemon-boost,glass,500ml,0.82,30495
2207,31/01/14,Thessaloniki,40.64361,22.93086,349232,shop_4,lemon-boost,glass,500ml,0.83,28877
2295,28/02/14,Thessaloniki,40.64361,22.93086,349232,shop_4,lemon-boost,glass,500ml,0.88,21246
2387,31/03/14,Thessaloniki,40.64361,22.93086,349232,shop_4,lemon-boost,glass,500ml,0.98,25819
2482,30/04/14,Thessaloniki,40.64361,22.93086,349232,shop_4,lemon-boost,glass,500ml,0.88,28377
2605,31/05/14,Thessaloniki,40.64361,22.93086,349232,shop_4,lemon-boost,glass,500ml,0.98,30488
2660,30/06/14,Thessaloniki,40.64361,22.93086,349232,shop_4,lemon-boost,glass,500ml,1.21,19246
2745,31/07/14,Thessaloniki,40.64361,22.93086,349232,shop_4,lemon-boost,glass,500ml,0.84,46574
2834,31/08/14,Thessaloniki,40.64361,22.93086,349232,shop_4,lemon-boost,glass,500ml,1.02,31761
2929,30/09/14,Thessaloniki,40.64361,22.93086,349232,shop_4,lemon-boost,glass,500ml,0.9,30144
3019,31/10/14,Thessaloniki,40.64361,22.93086,349232,shop_4,lemon-boost,glass,500ml,1.05,15892
3110,30/11/14,Thessaloniki,40.64361,22.93086,349232,shop_4,lemon-boost,glass,500ml,1.25,12526
3194,31/12/14,Thessaloniki,40.64361,22.93086,349232,shop_4,lemon-boost,glass,500ml,0.9,27773
3285,31/01/15,Thessaloniki,40.64361,,351650,shop_4,lemon-boost,glass,500ml,0.99,23495
3376,28/02/15,Thessaloniki,40.64361,22.93086,351650,shop_4,lemon-boost,glass,500ml,0.96,19368
3471,31/03/15,Thessaloniki,40.64361,22.93086,351650,shop_4,lemon-boost,glass,500ml,1.06,23003
3553,30/04/15,Thessaloniki,40.64361,22.93086,351650,shop_4,lemon-boost,glass,500ml,1.1,20371
3647,31/05/15,Thessaloniki,40.64361,22.93086,351650,shop_4,lemon-boost,glass,500ml,1.18,21127
3735,30/06/15,Thessaloniki,40.64361,22.93086,351650,shop_4,lemon-boost,glass,500ml,0.78,43397
3828,31/07/15,Thessaloniki,40.64361,22.93086,351650,shop_4,lemon-boost,glass,500ml,1,37282
3917,31/08/15,Thessaloniki,40.64361,22.93086,351650,shop_4,lemon-boost,glass,500ml,0.74,49162
4035,30/09/15,Thessaloniki,40.64361,22.93086,351650,shop_4,lemon-boost,glass,500ml,1.01,26174
4094,31/10/15,Thessaloniki,40.64361,22.93086,351650,shop_4,lemon-boost,glass,500ml,1.16,13215
4222,30/11/15,Thessaloniki,40.64361,22.93086,351650,shop_4,lemon-boost,glass,500ml,0.97,23969
4311,31/12/15,Thessaloniki,40.64361,22.93086,351650,shop_4,lemon-boost,glass,500ml,0.97,26043
4398,31/01/16,Thessaloniki,40.64361,22.93086,351702,shop_4,lemon-boost,glass,500ml,1.09,20680
4456,29/02/16,Thessaloniki,40.64361,22.93086,351702,shop_4,lemon-boost,glass,500ml,0.61,30291
45,31/01/12,Thessaloniki,40.64361,22.93086,346502,shop_4,lemon-boost,plastic,1.5lt,1.56,16352
137,29/02/12,Thessaloniki,40.64361,22.93086,346502,shop_4,lemon-boost,plastic,1.5lt,2.36,8674
226,31/03/12,Thessaloniki,40.64361,22.93086,346502,shop_4,lemon-boost,plastic,1.5lt,2.34,13874
321,30/04/12,Thessaloniki,40.64361,22.93086,346502,shop_4,lemon-boost,plastic,1.5lt,2.25,17011
407,31/05/12,Thessaloniki,40.64361,22.93086,346502,shop_4,lemon-boost,plastic,1.5lt,2.09,22286
496,30/06/12,Thessaloniki,40.64361,22.93086,346502,shop_4,lemon-boost,plastic,1.5lt,2.33,21874
592,31/07/12,Thessaloniki,40.64361,22.93086,346502,shop_4,lemon-boost,plastic,1.5lt,2.34,24322
674,31/08/12,Thessaloniki,40.64361,22.93086,346502,shop_4,lemon-boost,plastic,1.5lt,2.15,25579
770,30/09/12,Thessaloniki,40.64361,22.93086,346502,shop_4,lemon-boost,plastic,1.5lt,2.24,18083
863,31/10/12,Thessaloniki,40.64361,22.93086,346502,shop_4,lemon-boost,plastic,1.5lt,1.39,24516
950,30/11/12,Thessaloniki,40.64361,22.93086,346502,shop_4,lemon-boost,plastic,1.5lt,2.76,7975
1038,31/12/12,Thessaloniki,40.64361,22.93086,346502,shop_4,lemon-boost,plastic,1.5lt,2.36,17784
1130,31/01/13,Thessaloniki,40.64361,22.93086,347001,shop_4,lemon-boost,plastic,1.5lt,1.81,14738
1216,28/02/13,Thessaloniki,40.64361,22.93086,347001,shop_4,lemon-boost,plastic,1.5lt,1.64,13616
1311,31/03/13,Thessaloniki,40.64361,22.93086,347001,shop_4,lemon-boost,plastic,1.5lt,1.81,19725
1399,30/04/13,Thessaloniki,40.64361,22.93086,347001,shop_4,lemon-boost,plastic,1.5lt,2.15,18742
1492,31/05/13,Thessaloniki,40.64361,22.93086,347001,shop_4,lemon-boost,plastic,1.5lt,2.06,23317
1577,30/06/13,Thessaloniki,40.64361,22.93086,347001,shop_4,lemon-boost,plastic,1.5lt,2.01,27824
1668,31/07/13,Thessaloniki,40.64361,22.93086,347001,shop_4,lemon-boost,plastic,1.5lt,1.5,39783
1756,31/08/13,Thessaloniki,40.64361,22.93086,347001,shop_4,lemon-boost,plastic,1.5lt,1.77,32374
1850,30/09/13,Thessaloniki,40.64361,22.93086,347001,shop_4,lemon-boost,plastic,1.5lt,1.96,21992
1938,31/10/13,Thessaloniki,40.64361,22.93086,347001,shop_4,lemon-boost,plastic,1.5lt,2.32,15181
2027,30/11/13,Thessaloniki,40.64361,22.93086,347001,shop_4,lemon-boost,plastic,1.5lt,1.77,16743
2119,31/12/13,Thessaloniki,40.64361,22.93086,347001,shop_4,lemon-boost,plastic,1.5lt,1.59,28488
2208,31/01/14,Thessaloniki,40.64361,22.93086,349232,shop_4,lemon-boost,plastic,1.5lt,2.76,8052
2296,28/02/14,Thessaloniki,40.64361,22.93086,349232,shop_4,lemon-boost,plastic,1.5lt,2.09,11007
2388,31/03/14,Thessaloniki,40.64361,22.93086,349232,shop_4,lemon-boost,plastic,1.5lt,1.49,23251
2483,30/04/14,Thessaloniki,40.64361,22.93086,349232,shop_4,lemon-boost,plastic,1.5lt,1.91,22026
2608,31/05/14,Thessaloniki,40.64361,22.93086,349232,shop_4,lemon-boost,plastic,1.5lt,2.37,19840
2661,30/06/14,Thessaloniki,40.64361,22.93086,349232,shop_4,lemon-boost,plastic,1.5lt,1.17,41304
2746,31/07/14,Thessaloniki,40.64361,22.93086,349232,shop_4,lemon-boost,plastic,1.5lt,1.64,38050
2835,31/08/14,Thessaloniki,40.64361,22.93086,349232,shop_4,lemon-boost,plastic,1.5lt,2.33,24257
2930,30/09/14,Thessaloniki,40.64361,22.93086,349232,shop_4,lemon-boost,plastic,1.5lt,1.77,24865
3020,31/10/14,Thessaloniki,40.64361,22.93086,349232,shop_4,lemon-boost,plastic,1.5lt,1.98,19130
3111,30/11/14,Thessaloniki,40.64361,22.93086,349232,shop_4,lemon-boost,plastic,1.5lt,1.97,15419
3224,31/12/14,Thessaloniki,40.64361,22.93086,349232,shop_4,lemon-boost,plastic,1.5lt,1.42,31205
3286,31/01/15,Thessaloniki,40.64361,22.93086,351650,shop_4,lemon-boost,plastic,1.5lt,2.11,13124
3377,28/02/15,Thessaloniki,40.64361,22.93086,351650,shop_4,lemon-boost,plastic,1.5lt,1.85,12744
3472,31/03/15,Thessaloniki,40.64361,22.93086,351650,shop_4,lemon-boost,plastic,1.5lt,1.91,19524
3554,30/04/15,Thessaloniki,40.64361,22.93086,351650,shop_4,lemon-boost,plastic,1.5lt,2,21458
3648,31/05/15,Thessaloniki,40.64361,22.93086,351650,shop_4,lemon-boost,plastic,1.5lt,1.98,25502
3763,30/06/15,Thessaloniki,40.64361,22.93086,351650,shop_4,lemon-boost,plastic,1.5lt,2.43,22728
3829,31/07/15,Thessaloniki,40.64361,22.93086,351650,shop_4,lemon-boost,plastic,1.5lt,1.88,34663
3918,31/08/15,Thessaloniki,40.64361,22.93086,351650,shop_4,lemon-boost,plastic,1.5lt,2.33,25024
4009,30/09/15,Thessaloniki,40.64361,22.93086,351650,shop_4,lemon-boost,plastic,1.5lt,1.53,27996
4095,31/10/15,Thessaloniki,40.64361,22.93086,351650,shop_4,lemon-boost,plastic,1.5lt,1.95,19919
4221,30/11/15,Thessaloniki,40.64361,22.93086,351650,shop_4,lemon-boost,plastic,1.5lt,2.29,13202
4279,31/12/15,Thessaloniki,40.64361,22.93086,351650,shop_4,lemon-boost,plastic,1.5lt,1.78,27053
4365,31/01/16,Thessaloniki,40.64361,22.93086,351702,shop_4,lemon-boost,plastic,1.5lt,2.2,12826
4457,29/02/16,Thessaloniki,40.64361,22.93086,351702,shop_4,lemon-boost,plastic,1.5lt,1.59,14558
46,31/01/12,Athens,37.96245,23.68708,672130,shop_3,kinder-cola,plastic,1.5lt,3.21,5630
140,29/02/12,Athens,37.96245,23.68708,672130,shop_3,kinder-cola,plastic,1.5lt,2.89,4359
229,31/03/12,Athens,37.96245,23.68708,672130,shop_3,kinder-cola,plastic,1.5lt,3.67,5045
324,30/04/12,Athens,37.96245,23.68708,672130,shop_3,kinder-cola,plastic,1.5lt,2.8,9279
410,31/05/12,Athens,37.96245,23.68708,672130,shop_3,kinder-cola,plastic,1.5lt,3.14,9988
498,30/06/12,Athens,37.96245,23.68708,672130,shop_3,kinder-cola,plastic,1.5lt,3.45,8156
594,31/07/12,Athens,37.96245,23.68708,672130,shop_3,kinder-cola,plastic,1.5lt,3.4,9206
676,31/08/12,Athens,37.96245,23.68708,672130,shop_3,kinder-cola,plastic,1.5lt,2.73,11373
806,30/09/12,Athens,37.96245,23.68708,672130,shop_3,kinder-cola,plastic,1.5lt,3.53,5762
866,31/10/12,Athens,37.96245,23.68708,672130,shop_3,kinder-cola,plastic,1.5lt,3.92,4722
953,30/11/12,Athens,37.96245,23.68708,672130,shop_3,kinder-cola,plastic,1.5lt,2.6,7695
1041,31/12/12,Athens,37.96245,23.68708,672130,shop_3,kinder-cola,plastic,1.5lt,2.39,8705
1133,31/01/13,Athens,37.96245,23.68708,671022,shop_3,kinder-cola,plastic,1.5lt,1.77,9271
1219,28/02/13,Athens,37.96245,23.68708,671022,shop_3,kinder-cola,plastic,1.5lt,3.54,3396
1314,31/03/13,Athens,37.96245,23.68708,671022,shop_3,kinder-cola,plastic,1.5lt,2.15,9351
1402,30/04/13,Athens,37.96245,23.68708,671022,shop_3,kinder-cola,plastic,1.5lt,3.74,6330
1494,31/05/13,Athens,37.96245,23.68708,671022,shop_3,kinder-cola,plastic,1.5lt,2.98,10936
1619,30/06/13,Athens,37.96245,23.68708,671022,shop_3,kinder-cola,plastic,1.5lt,3.1,9808
1707,31/07/13,Athens,37.96245,23.68708,671022,shop_3,kinder-cola,plastic,1.5lt,1.93,15829
1757,31/08/13,Athens,37.96245,23.68708,671022,shop_3,kinder-cola,plastic,1.5lt,2.97,10622
1853,30/09/13,Athens,37.96245,23.68708,671022,shop_3,kinder-cola,plastic,1.5lt,2.08,10115
1940,31/10/13,Athens,37.96245,23.68708,671022,shop_3,kinder-cola,plastic,1.5lt,3.75,5470
2029,30/11/13,Athens,37.96245,23.68708,671022,shop_3,kinder-cola,plastic,1.5lt,3.74,4885
2121,31/12/13,Athens,37.96245,23.68708,671022,shop_3,kinder-cola,plastic,1.5lt,3.06,7005
2237,31/01/14,Athens,37.96245,23.68708,668203,shop_3,kinder-cola,plastic,1.5lt,2.87,6772
2334,28/02/14,Athens,37.96245,23.68708,668203,shop_3,kinder-cola,plastic,1.5lt,1.8,6314
2390,31/03/14,Athens,37.96245,23.68708,668203,shop_3,kinder-cola,plastic,1.5lt,3.2,6720
2486,30/04/14,Athens,37.96245,23.68708,668203,shop_3,kinder-cola,plastic,1.5lt,3.37,7835
2573,31/05/14,Athens,37.96245,23.68708,668203,shop_3,kinder-cola,plastic,1.5lt,2.57,12861
2664,30/06/14,Athens,37.96245,23.68708,668203,shop_3,kinder-cola,plastic,1.5lt,2.2,13503
2749,31/07/14,Athens,37.96245,23.68708,668203,shop_3,kinder-cola,plastic,1.5lt,3.38,9939
2838,31/08/14,Athens,37.96245,23.68708,668203,shop_3,kinder-cola,plastic,1.5lt,3.03,10641
2933,30/09/14,Athens,37.96245,23.68708,668203,shop_3,kinder-cola,plastic,1.5lt,1.97,10542
3023,31/10/14,Athens,37.96245,23.68708,668203,shop_3,kinder-cola,plastic,1.5lt,3.14,7444
3114,30/11/14,Athens,37.96245,23.68708,668203,shop_3,kinder-cola,plastic,1.5lt,2.73,7659
3196,31/12/14,Athens,37.96245,23.68708,668203,shop_3,kinder-cola,plastic,1.5lt,2.26,9322
3289,31/01/15,Athens,37.96245,23.68708,667237,shop_3,kinder-cola,plastic,1.5lt,2.47,7852
3380,28/02/15,Athens,37.96245,23.68708,667237,shop_3,kinder-cola,plastic,1.5lt,1.85,6298
3475,31/03/15,Athens,37.96245,23.68708,667237,shop_3,kinder-cola,plastic,1.5lt,1.72,10701
3555,30/04/15,Athens,37.96245,23.68708,667237,shop_3,kinder-cola,plastic,1.5lt,3.53,7546
3651,31/05/15,Athens,37.96245,23.68708,667237,shop_3,kinder-cola,plastic,1.5lt,2.53,13262
3738,30/06/15,Athens,,,667237,shop_3,kinder-cola,plastic,1.5lt,0.54,19866
3864,31/07/15,Athens,37.96245,23.68708,667237,shop_3,kinder-cola,plastic,1.5lt,1.9,16330
3920,31/08/15,Athens,37.96245,23.68708,667237,shop_3,kinder-cola,plastic,1.5lt,1.4,17167
4036,30/09/15,Athens,37.96245,23.68708,667237,shop_3,kinder-cola,plastic,1.5lt,3.8,5652
4098,31/10/15,Athens,37.96245,23.68708,667237,shop_3,kinder-cola,plastic,1.5lt,2.34,9888
4188,30/11/15,Athens,37.96245,23.68708,667237,shop_3,kinder-cola,plastic,1.5lt,3.6,5645
4281,31/12/15,Athens,37.96245,23.68708,667237,shop_3,kinder-cola,plastic,1.5lt,3.58,6005
4368,31/01/16,Athens,37.96245,23.68708,665102,shop_3,kinder-cola,plastic,1.5lt,3.38,5903
4459,29/02/16,Athens,37.96245,23.68708,665102,shop_3,kinder-cola,plastic,1.5lt,2.95,4671
