train.csv
id,date,city,lat,long,pop,shop,brand,container,capacity,price,quantity
47,31/01/12,Athens,37.96245,23.68708,672130,shop_3,kinder-cola,can,330ml,0.9,5891
177,29/02/12,Athens,37.96245,23.68708,672130,shop_3,kinder-cola,can,330ml,0.74,8187
230,31/03/12,Athens,37.96245,23.68708,672130,shop_3,kinder-cola,can,330ml,0.8,10386
358,30/04/12,Athens,37.96245,23.68708,672130,shop_3,kinder-cola,can,330ml,0.9,13451
411,31/05/12,Athens,37.96245,23.68708,672130,shop_3,kinder-cola,can,330ml,0.95,9062
499,30/06/12,Athens,37.96245,23.68708,672130,shop_3,kinder-cola,can,330ml,0.94,13154
626,31/07/12,Athens,37.96245,23.68708,672130,shop_3,kinder-cola,can,330ml,0.58,27125
677,31/08/12,Athens,37.96245,23.68708,672130,shop_3,kinder-cola,can,330ml,0.66,20328
773,30/09/12,Athens,37.96245,23.68708,672130,shop_3,kinder-cola,can,330ml,0.77,14054
867,31/10/12,Athens,37.96245,23.68708,672130,shop_3,kinder-cola,can,330ml,0.92,7377
954,30/11/12,Athens,37.96245,23.68708,672130,shop_3,kinder-cola,can,330ml,0.9,7746
1064,31/12/12,Athens,37.96245,23.68708,672130,shop_3,kinder-cola,can,330ml,0.94,7603
1134,31/01/13,Athens,37.96245,23.68708,671022,shop_3,kinder-cola,can,330ml,0.87,6574
1220,28/02/13,Athens,37.96245,23.68708,671022,shop_3,kinder-cola,can,330ml,0.74,8454
1315,31/03/13,Athens,37.96245,23.68708,671022,shop_3,kinder-cola,can,330ml,0.78,11052
1429,30/04/13,Athens,37.96245,23.68708,671022,shop_3,kinder-cola,can,330ml,0.62,23026
1495,31/05/13,Athens,37.96245,23.68708,671022,shop_3,kinder-cola,can,330ml,0.76,14398
1599,30/06/13,Athens,37.96245,23.68708,671022,shop_3,kinder-cola,can,330ml,0.82,18151
1671,31/07/13,Athens,37.96245,23.68708,671022,shop_3,kinder-cola,can,330ml,0.82,18702
1758,31/08/13,Athens,37.96245,23.68708,671022,shop_3,kinder-cola,can,330ml,0.7,19500
1854,30/09/13,Athens,37.96245,23.68708,671022,shop_3,kinder-cola,can,330ml,0.97,9369
1941,31/10/13,Athens,37.96245,23.68708,671022,shop_3,kinder-cola,can,330ml,0.82,9639
2030,30/11/13,Athens,37.96245,23.68708,671022,shop_3,kinder-cola,can,330ml,1.02,5931
2122,31/12/13,Athens,37.96245,23.68708,671022,shop_3,kinder-cola,can,330ml,0.54,15937
2246,31/01/14,Athens,37.96245,23.68708,668203,shop_3,kinder-cola,can,330ml,0.82,7568
2299,28/02/14,Athens,37.96245,23.68708,668203,shop_3,kinder-cola,can,330ml,0.62,10363
2391,31/03/14,Athens,37.96245,23.68708,668203,shop_3,kinder-cola,can,330ml,0.64,14129
2487,30/04/14,Athens,37.96245,23.68708,668203,shop_3,kinder-cola,can,330ml,1.04,10301
2574,31/05/14,Athens,37.96245,23.68708,668203,shop_3,kinder-cola,can,330ml,0.4,23512
2665,30/06/14,Athens,37.96245,23.68708,668203,shop_3,kinder-cola,can,330ml,0.85,17707
2750,31/07/14,Athens,37.96245,23.68708,668203,shop_3,kinder-cola,can,330ml,0.76,21800
2839,31/08/14,Athens,37.96245,23.68708,668203,shop_3,kinder-cola,can,330ml,0.86,15233
2967,30/09/14,Athens,37.96245,23.68708,668203,shop_3,kinder-cola,can,330ml,0.66,17795
3024,31/10/14,Athens,37.96245,23.68708,668203,shop_3,kinder-cola,can,330ml,0.48,16115
3115,30/11/14,Athens,37.96245,23.68708,668203,shop_3,kinder-cola,can,330ml,0.93,7867
3197,31/12/14,Athens,37.96245,23.68708,668203,shop_3,kinder-cola,can,330ml,0.7,13025
3290,31/01/15,Athens,37.96245,23.68708,667237,shop_3,kinder-cola,can,330ml,0.58,10995
3381,28/02/15,Athens,37.96245,23.68708,667237,shop_3,kinder-cola,can,330ml,0.63,10407
3476,31/03/15,Athens,37.96245,23.68708,667237,shop_3,kinder-cola,can,330ml,0.74,12526
3556,30/04/15,Athens,37.96245,23.68708,667237,shop_3,kinder-cola,can,330ml,0.72,20764
3681,31/05/15,Athens,37.96245,23.68708,667237,shop_3,kinder-cola,can,330ml,0.85,12884
3739,30/06/15,Athens,37.96245,23.68708,667237,shop_3,kinder-cola,can,330ml,1.07,11009
3830,31/07/15,Athens,37.96245,23.68708,667237,shop_3,kinder-cola,can,330ml,0.89,17781
3921,31/08/15,Athens,37.96245,23.68708,667237,shop_3,kinder-cola,can,330ml,0.62,22990
4012,30/09/15,Athens,37.96245,23.68708,667237,shop_3,kinder-cola,can,330ml,0.79,14973
4127,31/10/15,Athens,37.96245,23.68708,667237,shop_3,kinder-cola,can,330ml,0.65,13344
4189,30/11/15,Athens,37.96245,23.68708,667237,shop_3,kinder-cola,can,330ml,0.64,13289
4282,31/12/15,Athens,37.96245,23.68708,667237,shop_3,kinder-cola,can,330ml,0.77,12053
4369,31/01/16,Athens,37.96245,23.68708,665102,shop_3,kinder-cola,can,330ml,0.54,11728
4460,29/02/16,Athens,37.96245,23.68708,665102,shop_3,kinder-cola,can,330ml,0.95,6241
48,31/01/12,Athens,37.96245,23.68708,672130,shop_3,adult-cola,glass,500ml,1.13,12339
172,29/02/12,Athens,37.96245,23.68708,672130,shop_3,adult-cola,glass,500ml,1.29,6763
269,31/03/12,Athens,37.96245,23.68708,672130,shop_3,adult-cola,glass,500ml,1.06,16239
325,30/04/12,Athens,37.96245,23.68708,672130,shop_3,adult-cola,glass,500ml,1.08,16912
412,31/05/12,Athens,37.96245,23.68708,672130,shop_3,adult-cola,glass,500ml,1.01,24184
500,30/06/12,Athens,37.96245,23.68708,672130,shop_3,adult-cola,glass,500ml,1.19,17967
595,31/07/12,Athens,37.96245,23.68708,672130,shop_3,adult-cola,glass,500ml,1.26,19378
678,31/08/12,Athens,37.96245,23.68708,672130,shop_3,adult-cola,glass,500ml,1.14,19120
774,30/09/12,Athens,37.96245,23.68708,672130,shop_3,adult-cola,glass,500ml,1.18,14567
868,31/10/12,Athens,37.96245,23.68708,672130,shop_3,adult-cola,glass,500ml,1.14,14741
955,30/11/12,Athens,37.96245,23.68708,672130,shop_3,adult-cola,glass,500ml,1.27,11517
1042,31/12/12,Athens,37.96245,23.68708,672130,shop_3,adult-cola,glass,500ml,1.37,7761
1135,31/01/13,Athens,37.96245,23.68708,671022,shop_3,adult-cola,glass,500ml,1.29,9922
1221,28/02/13,Athens,37.96245,23.68708,671022,shop_3,adult-cola,glass,500ml,1.35,6389
1316,31/03/13,Athens,37.96245,23.68708,671022,shop_3,adult-cola,glass,500ml,1.12,15318
1431,30/04/13,Athens,37.96245,23.68708,671022,shop_3,adult-cola,glass,500ml,1.26,13352
1524,31/05/13,Athens,37.96245,23.68708,671022,shop_3,adult-cola,glass,500ml,1.14,20900
1602,30/06/13,Athens,37.96245,23.68708,671022,shop_3,adult-cola,glass,500ml,1.09,21554
1672,31/07/13,Athens,37.96245,23.68708,671022,shop_3,adult-cola,glass,500ml,1.03,28742
1759,31/08/13,Athens,37.96245,23.68708,671022,shop_3,adult-cola,glass,500ml,0.76,30460
1855,30/09/13,Athens,37.96245,23.68708,671022,shop_3,adult-cola,glass,500ml,0.82,23327
1942,31/10/13,Athens,,,671022,shop_3,adult-cola,glass,500ml,1.07,16882
2031,30/11/13,Athens,37.96245,23.68708,671022,shop_3,adult-cola,glass,500ml,0.83,21205
2123,31/12/13,Athens,37.96245,23.68708,671022,shop_3,adult-cola,glass,500ml,1.1,12890
2244,31/01/14,Athens,37.96245,23.68708,668203,shop_3,adult-cola,glass,500ml,1.28,10544
2336,28/02/14,Athens,37.96245,23.68708,668203,shop_3,adult-cola,glass,500ml,1.04,10700
2420,31/03/14,Athens,37.96245,23.68708,668203,shop_3,adult-cola,glass,500ml,1.08,16772
2488,30/04/14,Athens,37.96245,23.68708,668203,shop_3,adult-cola,glass,500ml,1.05,18725
2575,31/05/14,Athens,37.96245,23.68708,668203,shop_3,adult-cola,glass,500ml,1.03,24909
2666,30/06/14,Athens,37.96245,,668203,shop_3,adult-cola,glass,500ml,1.26,17515
2751,31/07/14,Athens,37.96245,23.68708,668203,shop_3,adult-cola,glass,500ml,1.36,17934
2840,31/08/14,Athens,37.96245,23.68708,668203,shop_3,adult-cola,glass,500ml,0.96,25382
2934,30/09/14,Athens,37.96245,23.68708,668203,shop_3,adult-cola,glass,500ml,1.45,9589
3025,31/10/14,Athens,37.96245,23.68708,668203,shop_3,adult-cola,glass,500ml,0.67,25946
3116,30/11/14,Athens,37.96245,23.68708,668203,shop_3,adult-cola,glass,500ml,1.26,12781
3198,31/12/14,Athens,37.96245,23.68708,668203,shop_3,adult-cola,glass,500ml,1.37,8815
3291,31/01/15,Athens,37.96245,23.68708,667237,shop_3,adult-cola,glass,500ml,0.4,26347
3408,28/02/15,Athens,37.96245,23.68708,667237,shop_3,adult-cola,glass,500ml,0.78,14187
3509,31/03/15,Athens,37.96245,23.68708,667237,shop_3,adult-cola,glass,500ml,1.16,15583
3557,30/04/15,Athens,37.96245,23.68708,667237,shop_3,adult-cola,glass,500ml,1.06,19109
3652,31/05/15,Athens,37.96245,23.68708,667237,shop_3,adult-cola,glass,500ml,1.2,20783
3740,30/06/15,Athens,37.96245,23.68708,667237,shop_3,adult-cola,glass,500ml,1.33,16330
3831,31/07/15,Athens,37.96245,23.68708,667237,shop_3,adult-cola,glass,500ml,1.22,23822
3922,31/08/15,Athens,37.96245,23.68708,667237,shop_3,adult-cola,glass,500ml,1.26,17877
4013,30/09/15,Athens,37.96245,23.68708,667237,shop_3,adult-cola,glass,500ml,1.26,14440
4099,31/10/15,Athens,37.96245,23.68708,667237,shop_3,adult-cola,glass,500ml,1.44,10155
4223,30/11/15,Athens,37.96245,23.68708,667237,shop_3,adult-cola,glass,500ml,1.13,15985
4283,31/12/15,Athens,37.96245,23.68708,667237,shop_3,adult-cola,glass,500ml,1.41,8630
4370,31/01/16,Athens,37.96245,23.68708,665102,shop_3,adult-cola,glass,500ml,1.11,14476
4498,29/02/16,Athens,37.96245,23.68708,665102,shop_3,adult-cola,glass,500ml,0.94,12361
49,31/01/12,Athens,37.96245,23.68708,672130,shop_3,adult-cola,plastic,1.5lt,2.46,9720
174,29/02/12,Athens,37.96245,23.68708,672130,shop_3,adult-cola,plastic,1.5lt,3.23,6687
231,31/03/12,Athens,37.96245,23.68708,672130,shop_3,adult-cola,plastic,1.5lt,0.85,19424
351,30/04/12,Athens,37.96245,23.68708,672130,shop_3,adult-cola,plastic,1.5lt,2.96,10210
413,31/05/12,Athens,37.96245,23.68708,672130,shop_3,adult-cola,plastic,1.5lt,2.74,13975
501,30/06/12,Athens,37.96245,23.68708,672130,shop_3,adult-cola,plastic,1.5lt,2.35,22374
596,31/07/12,Athens,37.96245,23.68708,672130,shop_3,adult-cola,plastic,1.5lt,1.56,21879
679,31/08/12,Athens,37.96245,23.68708,672130,shop_3,adult-cola,plastic,1.5lt,2.39,17333
775,30/09/12,Athens,37.96245,23.68708,672130,shop_3,adult-cola,plastic,1.5lt,3.34,7419
869,31/10/12,Athens,37.96245,23.68708,672130,shop_3,adult-cola,plastic,1.5lt,2.36,13824
956,30/11/12,Athens,37.96245,23.68708,672130,shop_3,adult-cola,plastic,1.5lt,2.7,10730
1078,31/12/12,Athens,37.96245,23.68708,672130,shop_3,adult-cola,plastic,1.5lt,2.63,10283
1136,31/01/13,Athens,37.96245,23.68708,671022,shop_3,adult-cola,plastic,1.5lt,3.06,7273
1222,28/02/13,Athens,37.96245,23.68708,671022,shop_3,adult-cola,plastic,1.5lt,2.46,10709
1317,31/03/13,Athens,37.96245,23.68708,671022,shop_3,adult-cola,plastic,1.5lt,3.11,8058
1403,30/04/13,Athens,37.96245,23.68708,671022,shop_3,adult-cola,plastic,1.5lt,0.86,23479
1496,31/05/13,Athens,37.96245,23.68708,671022,shop_3,adult-cola,plastic,1.5lt,3.14,11529
1580,30/06/13,Athens,37.96245,23.68708,671022,shop_3,adult-cola,plastic,1.5lt,2.49,21553
1702,31/07/13,Athens,37.96245,23.68708,671022,shop_3,adult-cola,plastic,1.5lt,0.75,27818
1799,31/08/13,Athens,37.96245,23.68708,671022,shop_3,adult-cola,plastic,1.5lt,1.81,22198
1856,30/09/13,Athens,37.96245,23.68708,671022,shop_3,adult-cola,plastic,1.5lt,2.11,14915
1943,31/10/13,Athens,37.96245,23.68708,671022,shop_3,adult-cola,plastic,1.5lt,2.88,11028
2032,30/11/13,Athens,37.96245,23.68708,671022,shop_3,adult-cola,plastic,1.5lt,1.34,18518
2124,31/12/13,Athens,37.96245,23.68708,671022,shop_3,adult-cola,plastic,1.5lt,2.17,12924
2210,31/01/14,Athens,37.96245,23.68708,668203,shop_3,adult-cola,plastic,1.5lt,2.55,9820
2333,28/02/14,Athens,37.96245,23.68708,668203,shop_3,adult-cola,plastic,1.5lt,2.82,9282
2392,31/03/14,Athens,37.96245,,668203,shop_3,adult-cola,plastic,1.5lt,2.94,9254
2489,30/04/14,Athens,37.96245,23.68708,668203,shop_3,adult-cola,plastic,1.5lt,1.81,17887
2576,31/05/14,Athens,37.96245,23.68708,668203,shop_3,adult-cola,plastic,1.5lt,2.72,15021
2667,30/06/14,Athens,37.96245,23.68708,668203,shop_3,adult-cola,plastic,1.5lt,0.94,36735
2752,31/07/14,Athens,37.96245,23.68708,668203,shop_3,adult-cola,plastic,1.5lt,3.22,10931
2878,31/08/14,Athens,37.96245,23.68708,668203,shop_3,adult-cola,plastic,1.5lt,3.25,11693
2961,30/09/14,Athens,37.96245,23.68708,668203,shop_3,adult-cola,plastic,1.5lt,2.4,13524
3026,31/10/14,Athens,37.96245,23.68708,668203,shop_3,adult-cola,plastic,1.5lt,2.6,13045
3117,30/11/14,Athens,37.96245,23.68708,668203,shop_3,adult-cola,plastic,1.5lt,3.16,8904
3221,31/12/14,Athens,37.96245,23.68708,668203,shop_3,adult-cola,plastic,1.5lt,2.72,10395
3292,31/01/15,Athens,37.96245,23.68708,667237,shop_3,adult-cola,plastic,1.5lt,1.39,14957
3414,28/02/15,Athens,37.96245,23.68708,667237,shop_3,adult-cola,plastic,1.5lt,1.72,14576
3506,31/03/15,Athens,37.96245,23.68708,667237,shop_3,adult-cola,plastic,1.5lt,3.07,8931
3558,30/04/15,Athens,37.96245,23.68708,667237,shop_3,adult-cola,plastic,1.5lt,2.61,13434
3653,31/05/15,Athens,37.96245,23.68708,667237,shop_3,adult-cola,plastic,1.5lt,2.86,14456
3765,30/06/15,Athens,37.96245,23.68708,667237,shop_3,adult-cola,plastic,1.5lt,4.04,8068
3863,31/07/15,Athens,37.96245,23.68708,667237,shop_3,adult-cola,plastic,1.5lt,2.05,19303
3923,31/08/15,Athens,37.96245,23.68708,667237,shop_3,adult-cola,plastic,1.5lt,2.5,17717
4014,30/09/15,Athens,37.96245,23.68708,667237,shop_3,adult-cola,plastic,1.5lt,1.98,16153
4100,31/10/15,Athens,37.96245,23.68708,667237,shop_3,adult-cola,plastic,1.5lt,2.08,16417
4228,30/11/15,Athens,37.96245,23.68708,667237,shop_3,adult-cola,plastic,1.5lt,2.18,14421
4284,31/12/15,Athens,37.96245,23.68708,667237,shop_3,adult-cola,plastic,1.5lt,2.84,10091
4371,31/01/16,Athens,37.96245,23.68708,665102,shop_3,adult-cola,plastic,1.5lt,2.49,10487
4461,29/02/16,Athens,37.96245,23.68708,665102,shop_3,adult-cola,plastic,1.5lt,2.45,11472
50,31/01/12,Athens,37.96245,23.68708,672130,shop_3,adult-cola,can,330ml,0.71,12035
175,29/02/12,Athens,37.96245,23.68708,672130,shop_3,adult-cola,can,330ml,0.39,21239
260,31/03/12,Athens,37.96245,23.68708,672130,shop_3,adult-cola,can,330ml,0.77,13152
326,30/04/12,Athens,37.96245,23.68708,672130,shop_3,adult-cola,can,330ml,0.88,11412
414,31/05/12,Athens,37.96245,,672130,shop_3,adult-cola,can,330ml,0.74,22108
502,30/06/12,Athens,37.96245,23.68708,672130,shop_3,adult-cola,can,330ml,0.71,25694
629,31/07/12,Athens,37.96245,23.68708,672130,shop_3,adult-cola,can,330ml,0.75,27085
711,31/08/12,Athens,37.96245,23.68708,672130,shop_3,adult-cola,can,330ml,0.72,22070
776,30/09/12,Athens,37.96245,23.68708,672130,shop_3,adult-cola,can,330ml,0.98,7251
870,31/10/12,Athens,37.96245,23.68708,672130,shop_3,adult-cola,can,330ml,0.7,17584
957,30/11/12,Athens,37.96245,23.68708,672130,shop_3,adult-cola,can,330ml,0.83,11914
1043,31/12/12,Athens,37.96245,23.68708,672130,shop_3,adult-cola,can,330ml,0.77,14590
1137,31/01/13,Athens,37.96245,23.68708,671022,shop_3,adult-cola,can,330ml,0.64,14646
1223,28/02/13,Athens,37.96245,23.68708,671022,shop_3,adult-cola,can,330ml,0.7,12591
1349,31/03/13,Athens,37.96245,23.68708,671022,shop_3,adult-cola,can,330ml,0.58,20893
1404,30/04/13,Athens,37.96245,23.68708,671022,shop_3,adult-cola,can,330ml,0.84,14073
1497,31/05/13,Athens,37.96245,23.68708,671022,shop_3,adult-cola,can,330ml,0.81,18756
1613,30/06/13,Athens,37.96245,23.68708,671022,shop_3,adult-cola,can,330ml,0.69,28114
1673,31/07/13,Athens,37.96245,23.68708,671022,shop_3,adult-cola,can,330ml,0.7,32210
1760,31/08/13,Athens,37.96245,23.68708,671022,shop_3,adult-cola,can,330ml,0.67,25834
1882,30/09/13,Athens,37.96245,23.68708,671022,shop_3,adult-cola,can,330ml,0.69,23942
1944,31/10/13,Athens,37.96245,23.68708,671022,shop_3,adult-cola,can,330ml,0.57,23612
2033,30/11/13,Athens,37.96245,23.68708,671022,shop_3,adult-cola,can,330ml,0.58,23162
2125,31/12/13,Athens,37.96245,23.68708,671022,shop_3,adult-cola,can,330ml,0.82,13055
2211,31/01/14,Athens,37.96245,23.68708,668203,shop_3,adult-cola,can,330ml,0.31,24634
2300,28/02/14,Athens,37.96245,23.68708,668203,shop_3,adult-cola,can,330ml,0.88,7868
2393,31/03/14,Athens,37.96245,23.68708,668203,shop_3,adult-cola,can,330ml,0.69,17403
2490,30/04/14,Athens,37.96245,23.68708,668203,shop_3,adult-cola,can,330ml,0.63,25046
2577,31/05/14,Athens,37.96245,23.68708,668203,shop_3,adult-cola,can,330ml,0.73,24662
2668,30/06/14,Athens,37.96245,23.68708,668203,shop_3,adult-cola,can,330ml,0.56,37225
2783,31/07/14,Athens,37.96245,23.68708,668203,shop_3,adult-cola,can,330ml,0.66,36256
2841,31/08/14,Athens,37.96245,23.68708,668203,shop_3,adult-cola,can,330ml,0.59,30902
2935,30/09/14,Athens,37.96245,23.68708,668203,shop_3,adult-cola,can,330ml,0.49,34982
3027,31/10/14,Athens,37.96245,23.68708,668203,shop_3,adult-cola,can,330ml,0.6,22826
3118,30/11/14,Athens,37.96245,23.68708,668203,shop_3,adult-cola,can,330ml,0.64,21045
3199,31/12/14,Athens,37.96245,23.68708,668203,shop_3,adult-cola,can,330ml,0.72,17895
3293,31/01/15,Athens,37.96245,23.68708,667237,shop_3,adult-cola,can,330ml,1.01,4927
3382,28/02/15,Athens,37.96245,23.68708,667237,shop_3,adult-cola,can,330ml,0.66,14340
3477,31/03/15,Athens,37.96245,23.68708,667237,shop_3,adult-cola,can,330ml,0.66,19001
3585,30/04/15,Athens,37.96245,23.68708,667237,shop_3,adult-cola,can,330ml,0.59,27321
3654,31/05/15,Athens,37.96245,23.68708,667237,shop_3,adult-cola,can,330ml,0.69,27586
3741,30/06/15,Athens,37.96245,23.68708,667237,shop_3,adult-cola,can,330ml,0.66,31618
3832,31/07/15,Athens,37.96245,23.68708,667237,shop_3,adult-cola,can,330ml,0.54,45899
3924,31/08/15,Athens,37.96245,23.68708,667237,shop_3,adult-cola,can,330ml,0.46,38767
4040,30/09/15,Athens,37.96245,23.68708,667237,shop_3,adult-cola,can,330ml,0.66,26855
4101,31/10/15,Athens,37.96245,23.68708,667237,shop_3,adult-cola,can,330ml,0.55,25302
4190,30/11/15,Athens,37.96245,23.68708,667237,shop_3,adult-cola,can,330ml,0.7,19298
4285,31/12/15,Athens,37.96245,23.68708,667237,shop_3,adult-cola,can,330ml,0.52,26803
4372,31/01/16,Athens,37.96245,23.68708,665102,shop_3,adult-cola,can,330ml,0.6,17006
4462,29/02/16,Athens,37.96245,23.68708,665102,shop_3,adult-cola,can,330ml,0.59,16610
