train.csv
id,date,city,lat,long,pop,shop,brand,container,capacity,price,quantity
51,31/01/12,Athens,37.96245,23.68708,672130,shop_3,orange-power,glass,500ml,0.83,17298
141,29/02/12,Athens,,,672130,shop_3,orange-power,glass,500ml,0.77,16804
232,31/03/12,Athens,37.96245,23.68708,672130,shop_3,orange-power,glass,500ml,0.57,33568
327,30/04/12,Athens,37.96245,23.68708,672130,shop_3,orange-power,glass,500ml,0.89,22207
415,31/05/12,Athens,37.96245,23.68708,672130,shop_3,orange-power,glass,500ml,0.43,51145
503,30/06/12,Athens,37.96245,23.68708,672130,shop_3,orange-power,glass,500ml,0.75,40235
597,31/07/12,Athens,37.96245,23.68708,672130,shop_3,orange-power,glass,500ml,0.75,49825
680,31/08/12,Athens,37.96245,23.68708,672130,shop_3,orange-power,glass,500ml,0.94,19802
777,30/09/12,Athens,37.96245,23.68708,672130,shop_3,orange-power,glass,500ml,0.87,22821
871,31/10/12,Athens,37.96245,23.68708,672130,shop_3,orange-power,glass,500ml,0.51,35930
958,30/11/12,Athens,37.96245,23.68708,672130,shop_3,orange-power,glass,500ml,0.85,17855
1074,31/12/12,Athens,37.96245,23.68708,672130,shop_3,orange-power,glass,500ml,0.83,24244
1138,31/01/13,Athens,37.96245,23.68708,671022,shop_3,orange-power,glass,500ml,1,11702
1246,28/02/13,Athens,37.96245,23.68708,671022,shop_3,orange-power,glass,500ml,0.74,18442
1318,31/03/13,Athens,37.96245,23.68708,671022,shop_3,orange-power,glass,500ml,0.76,25507
1405,30/04/13,Athens,37.96245,23.68708,671022,shop_3,orange-power,glass,500ml,1.02,16090
1498,31/05/13,Athens,37.96245,23.68708,671022,shop_3,orange-power,glass,500ml,0.72,34963
1581,30/06/13,Athens,37.96245,23.68708,671022,shop_3,orange-power,glass,500ml,0.6,52181
1674,31/07/13,Athens,37.96245,23.68708,671022,shop_3,orange-power,glass,500ml,0.86,41743
1761,31/08/13,Athens,37.96245,23.68708,671022,shop_3,orange-power,glass,500ml,0.58,39743
1857,30/09/13,Athens,37.96245,23.68708,671022,shop_3,orange-power,glass,500ml,0.64,35461
1945,31/10/13,Athens,37.96245,23.68708,671022,shop_3,orange-power,glass,500ml,0.8,23534
2034,30/11/13,Athens,37.96245,23.68708,671022,shop_3,orange-power,glass,500ml,0.8,20722
2126,31/12/13,Athens,37.96245,23.68708,671022,shop_3,orange-power,glass,500ml,0.87,23168
2212,31/01/14,Athens,37.96245,23.68708,668203,shop_3,orange-power,glass,500ml,0.85,18059
2337,28/02/14,Athens,37.96245,23.68708,668203,shop_3,orange-power,glass,500ml,0.57,24064
2424,31/03/14,Athens,37.96245,23.68708,668203,shop_3,orange-power,glass,500ml,0.59,33689
2511,30/04/14,Athens,37.96245,23.68708,668203,shop_3,orange-power,glass,500ml,0.65,36409
2578,31/05/14,Athens,37.96245,23.68708,668203,shop_3,orange-power,glass,500ml,1.11,13765
2669,30/06/14,Athens,37.96245,23.68708,668203,shop_3,orange-power,glass,500ml,0.86,35027
2753,31/07/14,Athens,37.96245,23.68708,668203,shop_3,orange-power,glass,500ml,0.85,43936
2842,31/08/14,Athens,37.96245,23.68708,668203,shop_3,orange-power,glass,500ml,0.69,34729
2936,30/09/14,Athens,37.96245,23.68708,668203,shop_3,orange-power,glass,500ml,0.93,21808
3028,31/10/14,Athens,37.96245,23.68708,668203,shop_3,orange-power,glass,500ml,0.93,18691
3119,30/11/14,Athens,37.96245,23.68708,668203,shop_3,orange-power,glass,500ml,0.97,14818
3218,31/12/14,Athens,37.96245,23.68708,668203,shop_3,orange-power,glass,500ml,1.11,12437
3294,31/01/15,Athens,37.96245,23.68708,667237,shop_3,orange-power,glass,500ml,0.99,13819
3411,28/02/15,Athens,37.96245,23.68708,667237,shop_3,orange-power,glass,500ml,0.79,17910
3478,31/03/15,Athens,37.96245,23.68708,667237,shop_3,orange-power,glass,500ml,0.94,19143
3559,30/04/15,Athens,37.96245,23.68708,667237,shop_3,orange-power,glass,500ml,1.09,15213
3655,31/05/15,Athens,37.96245,23.68708,667237,shop_3,orange-power,glass,500ml,1.02,20121
3742,30/06/15,Athens,37.96245,23.68708,667237,shop_3,orange-power,glass,500ml,1,26642
3858,31/07/15,Athens,37.96245,23.68708,667237,shop_3,orange-power,glass,500ml,0.78,51333
3925,31/08/15,Athens,37.96245,23.68708,667237,shop_3,orange-power,glass,500ml,0.8,29682
4015,30/09/15,Athens,37.96245,23.68708,667237,shop_3,orange-power,glass,500ml,0.88,25254
4102,31/10/15,Athens,37.96245,23.68708,667237,shop_3,orange-power,glass,500ml,0.86,22696
4191,30/11/15,Athens,37.96245,23.68708,667237,shop_3,orange-power,glass,500ml,0.9,18229
4286,31/12/15,Athens,37.96245,23.68708,667237,shop_3,orange-power,glass,500ml,0.86,25790
4373,31/01/16,Athens,37.96245,23.68708,665102,shop_3,orange-power,glass,500ml,0.24,39631
4463,29/02/16,Athens,37.96245,23.68708,665102,shop_3,orange-power,glass,500ml,0.87,15936
52,31/01/12,Athens,37.96245,23.68708,672130,shop_3,orange-power,plastic,1.5lt,1.83,10483
142,29/02/12,Athens,37.96245,23.68708,672130,shop_3,orange-power,plastic,1.5lt,2.3,6134
233,31/03/12,Athens,37.96245,23.68708,672130,shop_3,orange-power,plastic,1.5lt,1.3,21788
328,30/04/12,Athens,37.96245,23.68708,672130,shop_3,orange-power,plastic,1.5lt,0.63,33684
416,31/05/12,Athens,37.96245,23.68708,672130,shop_3,orange-power,plastic,1.5lt,1.34,24141
504,30/06/12,Athens,37.96245,23.68708,672130,shop_3,orange-power,plastic,1.5lt,1.82,22500
628,31/07/12,Athens,37.96245,23.68708,672130,shop_3,orange-power,plastic,1.5lt,1.7,33843
681,31/08/12,Athens,37.96245,23.68708,672130,shop_3,orange-power,plastic,1.5lt,2.04,14585
778,30/09/12,Athens,37.96245,23.68708,672130,shop_3,orange-power,plastic,1.5lt,1.38,22176
872,31/10/12,Athens,37.96245,23.68708,672130,shop_3,orange-power,plastic,1.5lt,1.67,15145
959,30/11/12,Athens,37.96245,23.68708,672130,shop_3,orange-power,plastic,1.5lt,1.95,11883
1044,31/12/12,Athens,37.96245,23.68708,672130,shop_3,orange-power,plastic,1.5lt,1.68,21555
1164,31/01/13,Athens,37.96245,23.68708,671022,shop_3,orange-power,plastic,1.5lt,1.2,15938
1224,28/02/13,Athens,37.96245,23.68708,671022,shop_3,orange-power,plastic,1.5lt,1.81,10245
1341,31/03/13,Athens,37.96245,23.68708,671022,shop_3,orange-power,plastic,1.5lt,0.88,27022
1406,30/04/13,Athens,37.96245,23.68708,671022,shop_3,orange-power,plastic,1.5lt,1.43,23220
1499,31/05/13,Athens,37.96245,23.68708,671022,shop_3,orange-power,plastic,1.5lt,2.24,12520
1582,30/06/13,Athens,37.96245,23.68708,671022,shop_3,orange-power,plastic,1.5lt,1.62,26774
1675,31/07/13,Athens,37.96245,23.68708,671022,shop_3,orange-power,plastic,1.5lt,1.75,33606
1762,31/08/13,Athens,37.96245,23.68708,671022,shop_3,orange-power,plastic,1.5lt,1.54,21946
1858,30/09/13,Athens,37.96245,23.68708,671022,shop_3,orange-power,plastic,1.5lt,1.51,20973
1946,31/10/13,Athens,37.96245,23.68708,671022,shop_3,orange-power,plastic,1.5lt,0.57,26947
2035,30/11/13,Athens,37.96245,23.68708,671022,shop_3,orange-power,plastic,1.5lt,2.38,8028
2127,31/12/13,Athens,37.96245,23.68708,671022,shop_3,orange-power,plastic,1.5lt,1.81,20278
2213,31/01/14,Athens,37.96245,23.68708,668203,shop_3,orange-power,plastic,1.5lt,1.37,14762
2301,28/02/14,Athens,37.96245,23.68708,668203,shop_3,orange-power,plastic,1.5lt,2.07,8651
2394,31/03/14,Athens,37.96245,23.68708,668203,shop_3,orange-power,plastic,1.5lt,1.52,19825
2491,30/04/14,Athens,37.96245,23.68708,668203,shop_3,orange-power,plastic,1.5lt,1.81,18627
2579,31/05/14,Athens,37.96245,23.68708,668203,shop_3,orange-power,plastic,1.5lt,1.43,23792
2691,30/06/14,Athens,37.96245,23.68708,668203,shop_3,orange-power,plastic,1.5lt,1.41,30899
2754,31/07/14,Athens,37.96245,23.68708,668203,shop_3,orange-power,plastic,1.5lt,1,51922
2876,31/08/14,Athens,37.96245,23.68708,668203,shop_3,orange-power,plastic,1.5lt,1.63,21298
2962,30/09/14,Athens,37.96245,23.68708,668203,shop_3,orange-power,plastic,1.5lt,1.5,21439
3029,31/10/14,Athens,37.96245,23.68708,668203,shop_3,orange-power,plastic,1.5lt,1.46,18066
3120,30/11/14,Athens,37.96245,23.68708,668203,shop_3,orange-power,plastic,1.5lt,1.58,16484
3200,31/12/14,Athens,37.96245,23.68708,668203,shop_3,orange-power,plastic,1.5lt,2.06,17235
3325,31/01/15,Athens,37.96245,23.68708,667237,shop_3,orange-power,plastic,1.5lt,1.21,16222
3383,28/02/15,Athens,37.96245,23.68708,667237,shop_3,orange-power,plastic,1.5lt,0.66,28080
3479,31/03/15,Athens,37.96245,23.68708,667237,shop_3,orange-power,plastic,1.5lt,1.06,25504
3560,30/04/15,Athens,37.96245,23.68708,667237,shop_3,orange-power,plastic,1.5lt,2.35,12289
3656,31/05/15,Athens,37.96245,23.68708,667237,shop_3,orange-power,plastic,1.5lt,1.74,20165
3743,30/06/15,Athens,37.96245,23.68708,667237,shop_3,orange-power,plastic,1.5lt,1.66,27188
3833,31/07/15,Athens,37.96245,23.68708,667237,shop_3,orange-power,plastic,1.5lt,1.89,32117
3926,31/08/15,Athens,37.96245,23.68708,667237,shop_3,orange-power,plastic,1.5lt,1.22,26980
4016,30/09/15,Athens,37.96245,23.68708,667237,shop_3,orange-power,plastic,1.5lt,1.98,15994
4103,31/10/15,Athens,37.96245,23.68708,667237,shop_3,orange-power,plastic,1.5lt,1.99,13113
4192,30/11/15,Athens,37.96245,23.68708,667237,shop_3,orange-power,plastic,1.5lt,1.53,17293
4287,31/12/15,Athens,37.96245,23.68708,667237,shop_3,orange-power,plastic,1.5lt,1.04,32389
4409,31/01/16,Athens,37.96245,23.68708,665102,shop_3,orange-power,plastic,1.5lt,2.38,7546
4464,29/02/16,Athens,37.96245,23.68708,665102,shop_3,orange-power,plastic,1.5lt,2.29,7659
53,31/01/12,Athens,37.96245,23.68708,672130,shop_3,orange-power,can,330ml,0.53,16545
176,29/02/12,Athens,37.96245,23.68708,672130,shop_3,orange-power,can,330ml,0.37,22035
262,31/03/12,Athens,37.96245,23.68708,672130,shop_3,orange-power,can,330ml,0.28,38019
329,30/04/12,Athens,37.96245,23.68708,672130,shop_3,orange-power,can,330ml,0.33,43364
417,31/05/12,Athens,37.96245,23.68708,672130,shop_3,orange-power,can,330ml,0.41,38188
505,30/06/12,Athens,37.96245,23.68708,672130,shop_3,orange-power,can,330ml,0.34,53407
598,31/07/12,Athens,37.96245,23.68708,672130,shop_3,orange-power,can,330ml,0.56,36715
682,31/08/12,Athens,37.96245,23.68708,672130,shop_3,orange-power,can,330ml,0.52,26424
779,30/09/12,Athens,37.96245,23.68708,672130,shop_3,orange-power,can,330ml,0.39,45196
896,31/10/12,Athens,37.96245,23.68708,672130,shop_3,orange-power,can,330ml,0.54,16436
960,30/11/12,Athens,37.96245,23.68708,672130,shop_3,orange-power,can,330ml,0.38,30196
1045,31/12/12,Athens,37.96245,23.68708,672130,shop_3,orange-power,can,330ml,0.25,46779
1139,31/01/13,Athens,37.96245,23.68708,671022,shop_3,orange-power,can,330ml,0.47,20610
1225,28/02/13,Athens,37.96245,23.68708,671022,shop_3,orange-power,can,330ml,0.49,16297
1319,31/03/13,Athens,37.96245,23.68708,671022,shop_3,orange-power,can,330ml,0.41,28627
1407,30/04/13,Athens,37.96245,23.68708,671022,shop_3,orange-power,can,330ml,0.51,26583
1517,31/05/13,Athens,37.96245,23.68708,671022,shop_3,orange-power,can,330ml,0.59,20970
1583,30/06/13,Athens,37.96245,23.68708,671022,shop_3,orange-power,can,330ml,0.62,20630
1676,31/07/13,Athens,37.96245,23.68708,671022,shop_3,orange-power,can,330ml,0.38,69086
1763,31/08/13,Athens,37.96245,23.68708,671022,shop_3,orange-power,can,330ml,0.57,22891
1883,30/09/13,Athens,37.96245,23.68708,671022,shop_3,orange-power,can,330ml,0.58,25173
1947,31/10/13,Athens,37.96245,23.68708,671022,shop_3,orange-power,can,330ml,0.63,11549
2036,30/11/13,Athens,37.96245,23.68708,671022,shop_3,orange-power,can,330ml,0.5,21696
2154,31/12/13,Athens,37.96245,23.68708,671022,shop_3,orange-power,can,330ml,0.43,31701
2235,31/01/14,Athens,37.96245,23.68708,668203,shop_3,orange-power,can,330ml,0.5,19806
2302,28/02/14,Athens,37.96245,23.68708,668203,shop_3,orange-power,can,330ml,0.47,17448
2395,31/03/14,Athens,37.96245,23.68708,668203,shop_3,orange-power,can,330ml,0.44,27474
2492,30/04/14,Athens,37.96245,23.68708,668203,shop_3,orange-power,can,330ml,0.44,34732
2580,31/05/14,Athens,37.96245,23.68708,668203,shop_3,orange-power,can,330ml,0.64,17555
2670,30/06/14,Athens,37.96245,23.68708,668203,shop_3,orange-power,can,330ml,0.53,32750
2755,31/07/14,Athens,37.96245,23.68708,668203,shop_3,orange-power,can,330ml,0.49,53229
2843,31/08/14,Athens,37.96245,23.68708,668203,shop_3,orange-power,can,330ml,0.26,53408
2937,30/09/14,Athens,37.96245,23.68708,668203,shop_3,orange-power,can,330ml,0.37,50147
3030,31/10/14,Athens,37.96245,23.68708,668203,shop_3,orange-power,can,330ml,0.42,25632
3121,30/11/14,Athens,37.96245,23.68708,668203,shop_3,orange-power,can,330ml,0.51,22151
3231,31/12/14,Athens,37.96245,23.68708,668203,shop_3,orange-power,can,330ml,0.62,16791
3295,31/01/15,Athens,37.96245,23.68708,667237,shop_3,orange-power,can,330ml,0.29,33186
3384,28/02/15,Athens,37.96245,23.68708,667237,shop_3,orange-power,can,330ml,0.38,22561
3480,31/03/15,Athens,37.96245,23.68708,667237,shop_3,orange-power,can,330ml,0.47,26020
3561,30/04/15,Athens,37.96245,23.68708,667237,shop_3,orange-power,can,330ml,0.46,33523
3657,31/05/15,Athens,37.96245,23.68708,667237,shop_3,orange-power,can,330ml,0.44,37650
3744,30/06/15,Athens,37.96245,23.68708,667237,shop_3,orange-power,can,330ml,0.53,34386
3834,31/07/15,Athens,37.96245,23.68708,667237,shop_3,orange-power,can,330ml,0.54,46736
3927,31/08/15,Athens,37.96245,23.68708,667237,shop_3,orange-power,can,330ml,0.53,28344
4046,30/09/15,Athens,37.96245,23.68708,667237,shop_3,orange-power,can,330ml,0.41,46907
4104,31/10/15,Athens,37.96245,23.68708,667237,shop_3,orange-power,can,330ml,0.28,35579
4193,30/11/15,Athens,37.96245,23.68708,667237,shop_3,orange-power,can,330ml,0.47,25865
4288,31/12/15,Athens,37.96245,23.68708,667237,shop_3,orange-power,can,330ml,0.48,29325
4374,31/01/16,Athens,37.96245,23.68708,665102,shop_3,orange-power,can,330ml,0.59,15564
4465,29/02/16,Athens,37.96245,23.68708,665102,shop_3,orange-power,can,330ml,0.4,22207
54,31/01/12,Athens,37.96245,23.68708,672130,shop_3,gazoza,glass,500ml,0.38,35931
164,29/02/12,Athens,37.96245,23.68708,672130,shop_3,gazoza,glass,500ml,0.48,24822
234,31/03/12,Athens,37.96245,23.68708,672130,shop_3,gazoza,glass,500ml,0.61,27346
348,30/04/12,Athens,37.96245,23.68708,672130,shop_3,gazoza,glass,500ml,0.57,34124
418,31/05/12,Athens,37.96245,23.68708,672130,shop_3,gazoza,glass,500ml,0.44,55426
506,30/06/12,Athens,37.96245,23.68708,672130,shop_3,gazoza,glass,500ml,0.63,37339
599,31/07/12,Athens,37.96245,23.68708,672130,shop_3,gazoza,glass,500ml,0.5,65396
683,31/08/12,Athens,37.96245,23.68708,672130,shop_3,gazoza,glass,500ml,0.61,34845
780,30/09/12,Athens,37.96245,23.68708,672130,shop_3,gazoza,glass,500ml,0.56,35479
873,31/10/12,Athens,37.96245,23.68708,672130,shop_3,gazoza,glass,500ml,0.51,32603
961,30/11/12,Athens,37.96245,23.68708,672130,shop_3,gazoza,glass,500ml,0.58,31705
1046,31/12/12,Athens,37.96245,23.68708,672130,shop_3,gazoza,glass,500ml,0.54,29906
1140,31/01/13,Athens,37.96245,23.68708,671022,shop_3,gazoza,glass,500ml,0.69,15913
1226,28/02/13,Athens,37.96245,23.68708,671022,shop_3,gazoza,glass,500ml,0.51,23685
1320,31/03/13,Athens,37.96245,23.68708,671022,shop_3,gazoza,glass,500ml,0.65,24833
1408,30/04/13,Athens,37.96245,23.68708,671022,shop_3,gazoza,glass,500ml,0.52,40653
1500,31/05/13,Athens,37.96245,23.68708,671022,shop_3,gazoza,glass,500ml,0.65,31627
1614,30/06/13,Athens,37.96245,23.68708,671022,shop_3,gazoza,glass,500ml,0.55,51612
1677,31/07/13,Athens,37.96245,23.68708,671022,shop_3,gazoza,glass,500ml,0.62,48464
1764,31/08/13,Athens,37.96245,23.68708,671022,shop_3,gazoza,glass,500ml,0.66,30606
1874,30/09/13,Athens,37.96245,23.68708,671022,shop_3,gazoza,glass,500ml,0.76,15963
1948,31/10/13,Athens,37.96245,23.68708,671022,shop_3,gazoza,glass,500ml,0.59,26679
2067,30/11/13,Athens,37.96245,23.68708,671022,shop_3,gazoza,glass,500ml,0.51,40092
2128,31/12/13,Athens,37.96245,23.68708,671022,shop_3,gazoza,glass,500ml,0.33,47955
2214,31/01/14,Athens,37.96245,23.68708,668203,shop_3,gazoza,glass,500ml,0.64,20172
2303,28/02/14,Athens,37.96245,23.68708,668203,shop_3,gazoza,glass,500ml,0.73,11718
2419,31/03/14,Athens,37.96245,23.68708,668203,shop_3,gazoza,glass,500ml,0.7,21460
2493,30/04/14,Athens,37.96245,23.68708,668203,shop_3,gazoza,glass,500ml,0.64,30117
2581,31/05/14,Athens,37.96245,23.68708,668203,shop_3,gazoza,glass,500ml,0.65,33563
2671,30/06/14,Athens,37.96245,23.68708,668203,shop_3,gazoza,glass,500ml,0.39,73781
2756,31/07/14,Athens,37.96245,23.68708,668203,shop_3,gazoza,glass,500ml,0.62,50268
2844,31/08/14,Athens,37.96245,23.68708,668203,shop_3,gazoza,glass,500ml,0.64,34184
2938,30/09/14,Athens,37.96245,23.68708,668203,shop_3,gazoza,glass,500ml,0.48,45476
3031,31/10/14,Athens,37.96245,23.68708,668203,shop_3,gazoza,glass,500ml,0.48,36426
3122,30/11/14,Athens,37.96245,23.68708,668203,shop_3,gazoza,glass,500ml,0.69,24399
3201,31/12/14,Athens,37.96245,23.68708,668203,shop_3,gazoza,glass,500ml,0.85,7321
3296,31/01/15,Athens,37.96245,23.68708,667237,shop_3,gazoza,glass,500ml,0.55,27138
3385,28/02/15,Athens,37.96245,23.68708,667237,shop_3,gazoza,glass,500ml,0.62,18651
3481,31/03/15,Athens,37.96245,23.68708,667237,shop_3,gazoza,glass,500ml,0.66,25947
3562,30/04/15,Athens,37.96245,23.68708,667237,shop_3,gazoza,glass,500ml,0.82,13584
3658,31/05/15,Athens,37.96245,23.68708,667237,shop_3,gazoza,glass,500ml,0.57,43809
3745,30/06/15,Athens,37.96245,23.68708,667237,shop_3,gazoza,glass,500ml,0.76,26139
3835,31/07/15,Athens,37.96245,23.68708,667237,shop_3,gazoza,glass,500ml,0.63,50008
3928,31/08/15,Athens,37.96245,23.68708,667237,shop_3,gazoza,glass,500ml,0.56,45322
4043,30/09/15,Athens,37.96245,23.68708,667237,shop_3,gazoza,glass,500ml,0.58,37514
4105,31/10/15,Athens,37.96245,23.68708,667237,shop_3,gazoza,glass,500ml,0.77,14791
4194,30/11/15,Athens,37.96245,23.68708,667237,shop_3,gazoza,glass,500ml,0.81,14539
4289,31/12/15,Athens,37.96245,23.68708,667237,shop_3,gazoza,glass,500ml,0.83,9920
4375,31/01/16,Athens,37.96245,23.68708,665102,shop_3,gazoza,glass,500ml,0.72,16960
4466,29/02/16,Athens,37.96245,23.68708,665102,shop_3,gazoza,glass,500ml,0.62,19539
