train.csv
id,date,city,lat,long,pop,shop,brand,container,capacity,price,quantity
55,31/01/12,Athens,37.96245,23.68708,672130,shop_3,gazoza,plastic,1.5lt,1.16,14480
143,29/02/12,Athens,37.96245,23.68708,672130,shop_3,gazoza,plastic,1.5lt,0.98,14749
235,31/03/12,Athens,37.96245,23.68708,672130,shop_3,gazoza,plastic,1.5lt,0.45,33115
330,30/04/12,Athens,37.96245,23.68708,672130,shop_3,gazoza,plastic,1.5lt,0.76,29264
445,31/05/12,Athens,37.96245,23.68708,672130,shop_3,gazoza,plastic,1.5lt,0.92,31466
507,30/06/12,Athens,37.96245,23.68708,672130,shop_3,gazoza,plastic,1.5lt,0.54,45876
600,31/07/12,Athens,37.96245,23.68708,672130,shop_3,gazoza,plastic,1.5lt,0.73,41012
684,31/08/12,Athens,37.96245,23.68708,672130,shop_3,gazoza,plastic,1.5lt,0.26,45913
781,30/09/12,Athens,37.96245,23.68708,672130,shop_3,gazoza,plastic,1.5lt,0.35,41312
874,31/10/12,Athens,37.96245,23.68708,672130,shop_3,gazoza,plastic,1.5lt,0.38,36308
962,30/11/12,Athens,37.96245,23.68708,672130,shop_3,gazoza,plastic,1.5lt,0.86,25180
1047,31/12/12,Athens,37.96245,23.68708,672130,shop_3,gazoza,plastic,1.5lt,0.72,26032
1141,31/01/13,Athens,37.96245,23.68708,671022,shop_3,gazoza,plastic,1.5lt,0.77,22308
1253,28/02/13,Athens,37.96245,23.68708,671022,shop_3,gazoza,plastic,1.5lt,1.37,9029
1321,31/03/13,Athens,37.96245,23.68708,671022,shop_3,gazoza,plastic,1.5lt,1.02,20611
1409,30/04/13,Athens,37.96245,23.68708,671022,shop_3,gazoza,plastic,1.5lt,1.2,18693
1523,31/05/13,Athens,37.96245,23.68708,671022,shop_3,gazoza,plastic,1.5lt,1.11,26166
1584,30/06/13,Athens,37.96245,23.68708,671022,shop_3,gazoza,plastic,1.5lt,0.62,43486
1678,31/07/13,Athens,37.96245,23.68708,671022,shop_3,gazoza,plastic,1.5lt,1.23,24356
1765,31/08/13,Athens,37.96245,23.68708,671022,shop_3,gazoza,plastic,1.5lt,1.3,17589
1859,30/09/13,Athens,37.96245,23.68708,671022,shop_3,gazoza,plastic,1.5lt,1.06,22856
1949,31/10/13,Athens,37.96245,23.68708,671022,shop_3,gazoza,plastic,1.5lt,1.07,20382
2037,30/11/13,Athens,37.96245,23.68708,671022,shop_3,gazoza,plastic,1.5lt,1.36,13687
2129,31/12/13,Athens,37.96245,23.68708,671022,shop_3,gazoza,plastic,1.5lt,1.31,13591
2215,31/01/14,Athens,37.96245,23.68708,668203,shop_3,gazoza,plastic,1.5lt,1.06,17321
2304,28/02/14,Athens,37.96245,23.68708,668203,shop_3,gazoza,plastic,1.5lt,0.52,22550
2417,31/03/14,Athens,37.96245,23.68708,668203,shop_3,gazoza,plastic,1.5lt,0.75,26887
2494,30/04/14,Athens,37.96245,23.68708,668203,shop_3,gazoza,plastic,1.5lt,0.91,26574
2582,31/05/14,Athens,37.96245,23.68708,668203,shop_3,gazoza,plastic,1.5lt,1.16,25512
2672,30/06/14,Athens,37.96245,23.68708,668203,shop_3,gazoza,plastic,1.5lt,1.13,27638
2757,31/07/14,Athens,37.96245,23.68708,668203,shop_3,gazoza,plastic,1.5lt,0.78,40341
2845,31/08/14,Athens,37.96245,23.68708,668203,shop_3,gazoza,plastic,1.5lt,1.52,12587
2939,30/09/14,Athens,37.96245,23.68708,668203,shop_3,gazoza,plastic,1.5lt,1.53,11701
3032,31/10/14,Athens,37.96245,23.68708,668203,shop_3,gazoza,plastic,1.5lt,1.05,21418
3123,30/11/14,Athens,37.96245,23.68708,668203,shop_3,gazoza,plastic,1.5lt,0.43,36006
3202,31/12/14,Athens,37.96245,23.68708,668203,shop_3,gazoza,plastic,1.5lt,1.09,18839
3297,31/01/15,Athens,37.96245,23.68708,667237,shop_3,gazoza,plastic,1.5lt,1.28,13658
3386,28/02/15,Athens,37.96245,23.68708,667237,shop_3,gazoza,plastic,1.5lt,1.14,13406
3482,31/03/15,Athens,37.96245,23.68708,667237,shop_3,gazoza,plastic,1.5lt,1.05,20760
3563,30/04/15,Athens,37.96245,23.68708,667237,shop_3,gazoza,plastic,1.5lt,1.23,19141
3659,31/05/15,Athens,37.96245,23.68708,667237,shop_3,gazoza,plastic,1.5lt,1.15,26599
3776,30/06/15,Athens,37.96245,23.68708,667237,shop_3,gazoza,plastic,1.5lt,0.92,35019
3869,31/07/15,Athens,37.96245,23.68708,667237,shop_3,gazoza,plastic,1.5lt,1.2,27106
3952,31/08/15,Athens,37.96245,23.68708,667237,shop_3,gazoza,plastic,1.5lt,0.63,36766
4017,30/09/15,Athens,37.96245,23.68708,667237,shop_3,gazoza,plastic,1.5lt,1.15,21890
4106,31/10/15,Athens,37.96245,23.68708,667237,shop_3,gazoza,plastic,1.5lt,1.17,19170
4195,30/11/15,Athens,37.96245,23.68708,667237,shop_3,gazoza,plastic,1.5lt,1.39,14427
4290,31/12/15,Athens,37.96245,23.68708,667237,shop_3,gazoza,plastic,1.5lt,0.98,21786
4376,31/01/16,Athens,37.96245,23.68708,665102,shop_3,gazoza,plastic,1.5lt,1.17,16134
4467,29/02/16,Athens,37.96245,23.68708,665102,shop_3,gazoza,plastic,1.5lt,1.33,10983
56,31/01/12,Athens,37.96245,23.68708,672130,shop_3,lemon-boost,can,330ml,0.33,21997
147,29/02/12,Athens,,,672130,shop_3,lemon-boost,can,330ml,0.62,8824
238,31/03/12,Athens,37.96245,23.68708,672130,shop_3,lemon-boost,can,330ml,0.52,17351
332,30/04/12,Athens,37.96245,23.68708,672130,shop_3,lemon-boost,can,330ml,0.49,18375
449,31/05/12,Athens,37.96245,23.68708,672130,shop_3,lemon-boost,can,330ml,0.34,28404
531,30/06/12,Athens,37.96245,23.68708,672130,shop_3,lemon-boost,can,330ml,0.54,28763
604,31/07/12,Athens,37.96245,23.68708,672130,shop_3,lemon-boost,can,330ml,0.5,35390
687,31/08/12,Athens,37.96245,23.68708,672130,shop_3,lemon-boost,can,330ml,0.68,13181
783,30/09/12,Athens,37.96245,23.68708,672130,shop_3,lemon-boost,can,330ml,0.58,16294
877,31/10/12,Athens,37.96245,23.68708,672130,shop_3,lemon-boost,can,330ml,0.47,19025
965,30/11/12,Athens,37.96245,23.68708,672130,shop_3,lemon-boost,can,330ml,0.15,34132
1073,31/12/12,Athens,37.96245,23.68708,672130,shop_3,lemon-boost,can,330ml,0.55,14992
1145,31/01/13,Athens,37.96245,23.68708,671022,shop_3,lemon-boost,can,330ml,0.59,12685
1230,28/02/13,Athens,37.96245,23.68708,671022,shop_3,lemon-boost,can,330ml,0.35,17008
1324,31/03/13,Athens,37.96245,23.68708,671022,shop_3,lemon-boost,can,330ml,0.5,18836
1412,30/04/13,Athens,37.96245,,671022,shop_3,lemon-boost,can,330ml,0.61,13835
1504,31/05/13,Athens,37.96245,23.68708,671022,shop_3,lemon-boost,can,330ml,0.56,18012
1586,30/06/13,Athens,37.96245,23.68708,671022,shop_3,lemon-boost,can,330ml,0.59,25956
1682,31/07/13,Athens,37.96245,23.68708,671022,shop_3,lemon-boost,can,330ml,0.41,44192
1768,31/08/13,Athens,37.96245,23.68708,671022,shop_3,lemon-boost,can,330ml,0.58,19679
1861,30/09/13,Athens,37.96245,23.68708,671022,shop_3,lemon-boost,can,330ml,0.41,24823
1978,31/10/13,Athens,37.96245,23.68708,671022,shop_3,lemon-boost,can,330ml,0.66,11210
2040,30/11/13,Athens,37.96245,23.68708,671022,shop_3,lemon-boost,can,330ml,0.62,13597
2152,31/12/13,Athens,37.96245,23.68708,671022,shop_3,lemon-boost,can,330ml,0.38,22268
2248,31/01/14,Athens,37.96245,23.68708,668203,shop_3,lemon-boost,can,330ml,0.45,18255
2308,28/02/14,Athens,37.96245,23.68708,668203,shop_3,lemon-boost,can,330ml,0.52,12224
2399,31/03/14,Athens,,23.68708,668203,shop_3,lemon-boost,can,330ml,0.58,15887
2497,30/04/14,Athens,37.96245,23.68708,668203,shop_3,lemon-boost,can,330ml,0.75,8387
2603,31/05/14,Athens,37.96245,23.68708,668203,shop_3,lemon-boost,can,330ml,0.56,18735
2675,30/06/14,Athens,37.96245,23.68708,668203,shop_3,lemon-boost,can,330ml,0.45,37614
2761,31/07/14,Athens,37.96245,23.68708,668203,shop_3,lemon-boost,can,330ml,0.44,41955
2849,31/08/14,Athens,37.96245,23.68708,668203,shop_3,lemon-boost,can,330ml,0.5,24759
2942,30/09/14,Athens,37.96245,23.68708,668203,shop_3,lemon-boost,can,330ml,0.48,21909
3049,31/10/14,Athens,37.96245,23.68708,668203,shop_3,lemon-boost,can,330ml,0.62,13439
3140,30/11/14,Athens,37.96245,23.68708,668203,shop_3,lemon-boost,can,330ml,0.5,19468
3205,31/12/14,Athens,37.96245,23.68708,668203,shop_3,lemon-boost,can,330ml,0.55,15966
3301,31/01/15,Athens,37.96245,23.68708,667237,shop_3,lemon-boost,can,330ml,0.72,8844
3390,28/02/15,Athens,37.96245,23.68708,667237,shop_3,lemon-boost,can,330ml,0.39,16224
3486,31/03/15,Athens,37.96245,23.68708,667237,shop_3,lemon-boost,can,330ml,0.43,22438
3587,30/04/15,Athens,37.96245,23.68708,667237,shop_3,lemon-boost,can,330ml,0.5,19651
3684,31/05/15,Athens,37.96245,23.68708,667237,shop_3,lemon-boost,can,330ml,0.59,17998
3748,30/06/15,Athens,37.96245,23.68708,667237,shop_3,lemon-boost,can,330ml,0.55,30679
3839,31/07/15,Athens,37.96245,23.68708,667237,shop_3,lemon-boost,can,330ml,0.7,21711
3932,31/08/15,Athens,37.96245,23.68708,667237,shop_3,lemon-boost,can,330ml,0.58,20731
4021,30/09/15,Athens,37.96245,23.68708,667237,shop_3,lemon-boost,can,330ml,0.5,21453
4109,31/10/15,Athens,37.96245,23.68708,667237,shop_3,lemon-boost,can,330ml,0.25,29178
4198,30/11/15,Athens,37.96245,23.68708,667237,shop_3,lemon-boost,can,330ml,0.69,11802
4310,31/12/15,Athens,37.96245,23.68708,667237,shop_3,lemon-boost,can,330ml,0.73,9514
4380,31/01/16,Athens,37.96245,23.68708,665102,shop_3,lemon-boost,can,330ml,0.44,19073
4471,29/02/16,Athens,37.96245,23.68708,665102,shop_3,lemon-boost,can,330ml,0.71,7717
57,31/01/12,Larisa,39.63689,22.41761,137540,shop_5,kinder-cola,glass,500ml,1.38,7495
162,29/02/12,Larisa,39.63689,22.41761,137540,shop_5,kinder-cola,glass,500ml,1.46,6972
239,31/03/12,Larisa,39.63689,22.41761,137540,shop_5,kinder-cola,glass,500ml,1.37,8959
352,30/04/12,Larisa,39.63689,22.41761,137540,shop_5,kinder-cola,glass,500ml,1.21,12721
422,31/05/12,Larisa,39.63689,22.41761,137540,shop_5,kinder-cola,glass,500ml,1.05,20660
510,30/06/12,Larisa,39.63689,22.41761,137540,shop_5,kinder-cola,glass,500ml,1.36,12592
605,31/07/12,Larisa,39.63689,22.41761,137540,shop_5,kinder-cola,glass,500ml,1.22,18264
688,31/08/12,Larisa,39.63689,22.41761,137540,shop_5,kinder-cola,glass,500ml,1.35,12359
784,30/09/12,Larisa,39.63689,22.41761,137540,shop_5,kinder-cola,glass,500ml,1.4,9632
878,31/10/12,Larisa,39.63689,22.41761,137540,shop_5,kinder-cola,glass,500ml,0.69,18681
966,30/11/12,Larisa,39.63689,22.41761,137540,shop_5,kinder-cola,glass,500ml,1.22,11970
1051,31/12/12,Larisa,39.63689,22.41761,137540,shop_5,kinder-cola,,500ml,1.4,7497
1146,31/01/13,Larisa,39.63689,22.41761,139242,shop_5,kinder-cola,glass,500ml,1.01,11645
1231,28/02/13,Larisa,39.63689,22.41761,139242,shop_5,kinder-cola,glass,500ml,1.3,8968
1325,31/03/13,Larisa,39.63689,22.41761,139242,shop_5,kinder-cola,glass,500ml,1.01,13687
1413,30/04/13,Larisa,39.63689,22.41761,139242,shop_5,kinder-cola,glass,500ml,1.2,13220
1518,31/05/13,Larisa,39.63689,22.41761,139242,shop_5,kinder-cola,glass,500ml,1.29,16506
1587,30/06/13,Larisa,39.63689,22.41761,139242,shop_5,kinder-cola,glass,500ml,1.37,12939
1683,31/07/13,Larisa,39.63689,22.41761,139242,shop_5,kinder-cola,glass,500ml,1.34,16413
1769,31/08/13,Larisa,39.63689,22.41761,139242,shop_5,kinder-cola,glass,500ml,1.17,15725
1862,30/09/13,Larisa,39.63689,22.41761,139242,shop_5,kinder-cola,glass,500ml,0.99,15458
1953,31/10/13,Larisa,39.63689,22.41761,139242,shop_5,kinder-cola,glass,500ml,1.51,8211
2041,30/11/13,Larisa,39.63689,22.41761,139242,shop_5,kinder-cola,glass,500ml,1.25,11955
2133,31/12/13,Larisa,39.63689,22.41761,139242,shop_5,kinder-cola,glass,500ml,1.09,11101
2218,31/01/14,Larisa,39.63689,22.41761,140563,shop_5,kinder-cola,glass,500ml,1.54,6549
2309,28/02/14,Larisa,39.63689,22.41761,140563,shop_5,kinder-cola,glass,500ml,1.25,9800
2400,31/03/14,Larisa,39.63689,22.41761,140563,shop_5,kinder-cola,glass,500ml,1.09,12958
2498,30/04/14,Larisa,39.63689,22.41761,140563,shop_5,kinder-cola,glass,500ml,1.72,6441
2586,31/05/14,Larisa,39.63689,22.41761,140563,shop_5,kinder-cola,glass,500ml,1.07,21101
2676,30/06/14,Larisa,39.63689,22.41761,140563,shop_5,kinder-cola,glass,500ml,1.28,14922
2762,31/07/14,Larisa,39.63689,22.41761,140563,shop_5,kinder-cola,glass,500ml,1.39,16046
2850,31/08/14,Larisa,39.63689,22.41761,140563,shop_5,kinder-cola,glass,500ml,1.31,13924
2963,30/09/14,Larisa,39.63689,22.41761,140563,shop_5,kinder-cola,glass,500ml,0.9,16942
3035,31/10/14,Larisa,39.63689,22.41761,140563,shop_5,kinder-cola,glass,500ml,1.06,14307
3126,30/11/14,Larisa,39.63689,22.41761,140563,shop_5,kinder-cola,glass,500ml,1.43,9924
3206,31/12/14,Larisa,39.63689,22.41761,140563,shop_5,kinder-cola,glass,500ml,1.2,10204
3302,31/01/15,Larisa,39.63689,22.41761,141732,shop_5,kinder-cola,glass,500ml,1.31,9121
3409,28/02/15,Larisa,39.63689,22.41761,141732,shop_5,kinder-cola,glass,500ml,1.19,10650
3487,31/03/15,Larisa,39.63689,22.41761,141732,shop_5,kinder-cola,glass,500ml,1.28,11134
3566,30/04/15,Larisa,39.63689,22.41761,141732,shop_5,kinder-cola,glass,500ml,1.24,13320
3661,31/05/15,Larisa,39.63689,22.41761,141732,shop_5,kinder-cola,glass,500ml,1.48,13972
3749,30/06/15,Larisa,39.63689,22.41761,141732,shop_5,kinder-cola,glass,500ml,0.68,24940
3840,31/07/15,Larisa,39.63689,22.41761,141732,shop_5,kinder-cola,glass,500ml,1.12,21801
3933,31/08/15,Larisa,39.63689,22.41761,141732,shop_5,kinder-cola,glass,500ml,1.13,17132
4022,30/09/15,Larisa,39.63689,22.41761,141732,shop_5,kinder-cola,glass,500ml,1.56,8756
4138,31/10/15,Larisa,39.63689,22.41761,141732,shop_5,kinder-cola,glass,500ml,1.47,9551
4213,30/11/15,Larisa,39.63689,22.41761,141732,shop_5,kinder-cola,glass,500ml,1.44,10141
4294,31/12/15,Larisa,,,141732,shop_5,kinder-cola,glass,500ml,1.55,7026
4381,31/01/16,Larisa,39.63689,22.41761,142030,shop_5,kinder-cola,glass,500ml,1.29,9608
4472,29/02/16,Larisa,39.63689,22.41761,142030,shop_5,kinder-cola,glass,500ml,0.7,15752
58,31/01/12,Larisa,39.63689,22.41761,137540,shop_5,adult-cola,glass,500ml,1.06,14887
149,29/02/12,Larisa,39.63689,22.41761,137540,shop_5,adult-cola,glass,500ml,1.33,8701
241,31/03/12,Larisa,39.63689,22.41761,137540,shop_5,adult-cola,glass,500ml,1.12,16023
335,30/04/12,Larisa,39.63689,22.41761,137540,shop_5,adult-cola,glass,500ml,0.87,27578
425,31/05/12,Larisa,39.63689,22.41761,137540,shop_5,adult-cola,glass,500ml,1.39,13393
513,30/06/12,Larisa,39.63689,22.41761,137540,shop_5,adult-cola,glass,500ml,1.28,18944
608,31/07/12,Larisa,39.63689,22.41761,137540,shop_5,adult-cola,glass,500ml,1.36,19730
690,31/08/12,Larisa,39.63689,22.41761,137540,shop_5,adult-cola,glass,500ml,0.82,35880
801,30/09/12,Larisa,39.63689,22.41761,137540,shop_5,adult-cola,glass,500ml,1.22,13783
880,31/10/12,Larisa,39.63689,22.41761,137540,shop_5,adult-cola,glass,500ml,1.02,18374
968,30/11/12,Larisa,39.63689,22.41761,137540,shop_5,adult-cola,glass,500ml,1.3,13905
1053,31/12/12,Larisa,39.63689,22.41761,137540,shop_5,adult-cola,glass,500ml,0.84,28450
1149,31/01/13,Larisa,39.63689,22.41761,139242,shop_5,adult-cola,glass,500ml,1.23,11937
1234,28/02/13,Larisa,39.63689,22.41761,139242,shop_5,adult-cola,glass,500ml,1.3,9873
1328,31/03/13,Larisa,39.63689,22.41761,139242,shop_5,adult-cola,glass,500ml,1.15,15934
1416,30/04/13,Larisa,39.63689,22.41761,139242,shop_5,adult-cola,glass,500ml,1.1,21497
1506,31/05/13,Larisa,39.63689,22.41761,139242,shop_5,adult-cola,glass,500ml,1.13,22950
1589,30/06/13,Larisa,39.63689,22.41761,139242,shop_5,adult-cola,glass,500ml,1.19,23205
1686,31/07/13,Larisa,39.63689,22.41761,139242,shop_5,adult-cola,glass,500ml,1.38,20501
1772,31/08/13,Larisa,39.63689,22.41761,139242,shop_5,adult-cola,glass,500ml,1.28,20017
1865,30/09/13,Larisa,39.63689,22.41761,139242,shop_5,adult-cola,glass,500ml,1.08,17693
1956,31/10/13,Larisa,39.63689,,139242,shop_5,adult-cola,glass,500ml,1.15,15970
2043,30/11/13,Larisa,39.63689,22.41761,139242,shop_5,adult-cola,glass,500ml,1.28,15242
2136,31/12/13,Larisa,39.63689,22.41761,139242,shop_5,adult-cola,glass,500ml,1.15,20120
2233,31/01/14,Larisa,39.63689,22.41761,140563,shop_5,adult-cola,glass,500ml,1.22,12648
2312,28/02/14,Larisa,39.63689,22.41761,140563,shop_5,adult-cola,glass,500ml,1.52,6430
2403,31/03/14,Larisa,39.63689,22.41761,140563,shop_5,adult-cola,glass,500ml,1.07,18136
2500,30/04/14,Larisa,39.63689,22.41761,140563,shop_5,adult-cola,glass,500ml,1.13,21371
2588,31/05/14,Larisa,39.63689,22.41761,140563,shop_5,adult-cola,glass,500ml,1.04,26548
2679,30/06/14,Larisa,39.63689,22.41761,140563,shop_5,adult-cola,glass,500ml,1.28,20819
2765,31/07/14,Larisa,39.63689,22.41761,140563,shop_5,adult-cola,glass,500ml,1.39,21438
2853,31/08/14,Larisa,39.63689,22.41761,140563,shop_5,adult-cola,glass,500ml,1.2,23689
2945,30/09/14,Larisa,39.63689,22.41761,140563,shop_5,adult-cola,glass,500ml,1.26,14170
3038,31/10/14,Larisa,39.63689,22.41761,140563,shop_5,adult-cola,glass,500ml,0.9,22174
3128,30/11/14,Larisa,39.63689,22.41761,140563,shop_5,adult-cola,glass,500ml,1.1,20561
3233,31/12/14,Larisa,39.63689,22.41761,140563,shop_5,adult-cola,glass,500ml,1.02,24595
3304,31/01/15,Larisa,39.63689,22.41761,141732,shop_5,adult-cola,glass,500ml,1.08,15806
3413,28/02/15,Larisa,39.63689,22.41761,141732,shop_5,adult-cola,glass,500ml,1,16058
3490,31/03/15,Larisa,39.63689,22.41761,141732,shop_5,adult-cola,glass,500ml,1.07,18828
3569,30/04/15,Larisa,39.63689,22.41761,141732,shop_5,adult-cola,glass,500ml,1.14,21667
3664,31/05/15,Larisa,39.63689,22.41761,141732,shop_5,adult-cola,glass,500ml,0.9,31481
3752,30/06/15,Larisa,39.63689,22.41761,141732,shop_5,adult-cola,glass,500ml,1.44,16323
3860,31/07/15,Larisa,39.63689,22.41761,141732,shop_5,adult-cola,glass,500ml,0.99,39549
3947,31/08/15,Larisa,39.63689,22.41761,141732,shop_5,adult-cola,glass,500ml,1.11,27867
4024,30/09/15,Larisa,39.63689,22.41761,141732,shop_5,adult-cola,glass,500ml,1.36,12607
4112,31/10/15,Larisa,39.63689,22.41761,141732,shop_5,adult-cola,glass,500ml,1.08,18614
4199,30/11/15,Larisa,39.63689,22.41761,141732,shop_5,adult-cola,glass,500ml,1.17,19475
4296,31/12/15,Larisa,39.63689,22.41761,141732,shop_5,adult-cola,glass,500ml,0.61,36388
4383,31/01/16,Larisa,39.63689,22.41761,142030,shop_5,adult-cola,glass,500ml,0.97,18153
4475,29/02/16,Larisa,39.63689,22.41761,142030,shop_5,adult-cola,glass,500ml,0.94,17492
