train.csv
id,date,city,lat,long,pop,shop,brand,container,capacity,price,quantity
59,31/01/12,Larisa,39.63689,22.41761,137540,shop_5,adult-cola,plastic,1.5lt,2.83,9126
150,29/02/12,Larisa,39.63689,22.41761,137540,shop_5,adult-cola,plastic,1.5lt,2.67,9505
266,31/03/12,Larisa,39.63689,22.41761,137540,shop_5,adult-cola,plastic,1.5lt,1.95,15872
336,30/04/12,Larisa,39.63689,22.41761,137540,shop_5,adult-cola,plastic,1.5lt,3.16,11228
426,31/05/12,Larisa,39.63689,22.41761,137540,shop_5,adult-cola,plastic,1.5lt,2.89,13208
514,30/06/12,Larisa,39.63689,22.41761,137540,shop_5,adult-cola,plastic,1.5lt,2.94,15340
609,31/07/12,Larisa,39.63689,22.41761,137540,shop_5,adult-cola,plastic,1.5lt,2.47,22802
691,31/08/12,Larisa,39.63689,22.41761,137540,shop_5,adult-cola,plastic,1.5lt,2.66,16499
802,30/09/12,Larisa,39.63689,22.41761,137540,shop_5,adult-cola,plastic,1.5lt,2.98,9269
881,31/10/12,Larisa,39.63689,22.41761,137540,shop_5,adult-cola,plastic,1.5lt,2.44,10993
969,30/11/12,Larisa,39.63689,22.41761,137540,shop_5,adult-cola,plastic,1.5lt,1.96,18894
1054,31/12/12,Larisa,39.63689,22.41761,137540,shop_5,adult-cola,plastic,1.5lt,1.9,17890
1169,31/01/13,Larisa,39.63689,22.41761,139242,shop_5,adult-cola,plastic,1.5lt,3.26,7274
1245,28/02/13,Larisa,39.63689,22.41761,139242,shop_5,adult-cola,plastic,1.5lt,2.08,12660
1329,31/03/13,Larisa,39.63689,22.41761,139242,shop_5,adult-cola,plastic,1.5lt,2.92,10445
1417,30/04/13,Larisa,39.63689,22.41761,139242,shop_5,adult-cola,plastic,1.5lt,2.13,19650
1522,31/05/13,Larisa,39.63689,22.41761,139242,shop_5,adult-cola,plastic,1.5lt,3.33,10408
1590,30/06/13,Larisa,39.63689,22.41761,139242,shop_5,adult-cola,plastic,1.5lt,3.1,14544
1687,31/07/13,Larisa,39.63689,22.41761,139242,shop_5,adult-cola,plastic,1.5lt,2.29,25192
1794,31/08/13,Larisa,39.63689,22.41761,139242,shop_5,adult-cola,plastic,1.5lt,2.1,21629
1866,30/09/13,Larisa,39.63689,22.41761,139242,shop_5,adult-cola,plastic,1.5lt,3.59,6268
1957,31/10/13,Larisa,39.63689,22.41761,139242,shop_5,adult-cola,plastic,1.5lt,2.61,10418
2065,30/11/13,Larisa,39.63689,22.41761,139242,shop_5,adult-cola,plastic,1.5lt,1.67,21203
2137,31/12/13,Larisa,39.63689,22.41761,139242,shop_5,adult-cola,plastic,1.5lt,2.91,11671
2220,31/01/14,Larisa,39.63689,22.41761,140563,shop_5,adult-cola,plastic,1.5lt,0.94,19045
2313,28/02/14,Larisa,39.63689,22.41761,140563,shop_5,adult-cola,plastic,1.5lt,3.81,4727
2404,31/03/14,Larisa,39.63689,22.41761,140563,shop_5,adult-cola,plastic,1.5lt,3.5,7521
2510,30/04/14,Larisa,39.63689,22.41761,140563,shop_5,adult-cola,plastic,1.5lt,2.93,14001
2601,31/05/14,Larisa,39.63689,22.41761,140563,shop_5,adult-cola,plastic,1.5lt,2.48,17253
2680,30/06/14,Larisa,39.63689,22.41761,140563,shop_5,adult-cola,plastic,1.5lt,1.74,27121
2766,31/07/14,Larisa,39.63689,22.41761,140563,shop_5,adult-cola,plastic,1.5lt,2.24,26293
2854,31/08/14,Larisa,39.63689,22.41761,140563,shop_5,adult-cola,plastic,1.5lt,2.88,15672
2946,30/09/14,Larisa,39.63689,22.41761,140563,shop_5,adult-cola,plastic,1.5lt,0.51,23587
3039,31/10/14,Larisa,,,140563,shop_5,adult-cola,plastic,1.5lt,2.55,11012
3148,30/11/14,Larisa,39.63689,22.41761,140563,shop_5,adult-cola,plastic,1.5lt,3.14,11433
3230,31/12/14,Larisa,39.63689,22.41761,140563,shop_5,adult-cola,plastic,1.5lt,3.13,10649
3305,31/01/15,Larisa,39.63689,22.41761,141732,shop_5,adult-cola,plastic,1.5lt,2.33,12468
3393,28/02/15,Larisa,39.63689,22.41761,141732,shop_5,adult-cola,plastic,1.5lt,2.66,10416
3491,31/03/15,Larisa,39.63689,22.41761,141732,shop_5,adult-cola,plastic,1.5lt,2.15,15524
3570,30/04/15,Larisa,39.63689,22.41761,141732,shop_5,adult-cola,plastic,1.5lt,1.82,22617
3665,31/05/15,Larisa,39.63689,22.41761,141732,shop_5,adult-cola,plastic,1.5lt,3.12,12959
3753,30/06/15,Larisa,39.63689,22.41761,141732,shop_5,adult-cola,plastic,1.5lt,3.16,15144
3842,31/07/15,Larisa,39.63689,22.41761,141732,shop_5,adult-cola,plastic,1.5lt,3.06,18569
3935,31/08/15,Larisa,39.63689,22.41761,141732,shop_5,adult-cola,plastic,1.5lt,3.26,13158
4038,30/09/15,Larisa,39.63689,22.41761,141732,shop_5,adult-cola,plastic,1.5lt,1.95,15885
4133,31/10/15,Larisa,39.63689,22.41761,141732,shop_5,adult-cola,plastic,1.5lt,2.71,10508
4200,30/11/15,Larisa,39.63689,22.41761,141732,shop_5,adult-cola,plastic,1.5lt,3,12783
4297,31/12/15,Larisa,39.63689,22.41761,141732,shop_5,adult-cola,plastic,1.5lt,1.39,21864
4384,31/01/16,Larisa,39.63689,22.41761,142030,shop_5,adult-cola,plastic,1.5lt,2.71,10882
4476,29/02/16,Larisa,39.63689,22.41761,142030,shop_5,adult-cola,plastic,1.5lt,1.59,15494
60,31/01/12,Larisa,39.63689,22.41761,137540,shop_5,adult-cola,can,330ml,0.59,17878
151,29/02/12,Larisa,39.63689,22.41761,137540,shop_5,adult-cola,can,330ml,0.88,8850
242,31/03/12,Larisa,39.63689,22.41761,137540,shop_5,adult-cola,can,330ml,0.6,19785
337,30/04/12,Larisa,39.63689,22.41761,137540,shop_5,adult-cola,can,330ml,0.61,26374
427,31/05/12,Larisa,39.63689,22.41761,137540,shop_5,adult-cola,can,330ml,0.53,38982
534,30/06/12,Larisa,39.63689,22.41761,137540,shop_5,adult-cola,can,330ml,0.73,29439
610,31/07/12,Larisa,39.63689,22.41761,137540,shop_5,adult-cola,can,330ml,0.83,24576
692,31/08/12,Larisa,39.63689,22.41761,137540,shop_5,adult-cola,can,330ml,0.84,18201
787,30/09/12,Larisa,39.63689,22.41761,137540,shop_5,adult-cola,can,330ml,0.63,21386
882,31/10/12,Larisa,39.63689,22.41761,137540,shop_5,adult-cola,can,330ml,0.57,25510
970,30/11/12,Larisa,39.63689,22.41761,137540,shop_5,adult-cola,can,330ml,0.67,19537
1055,31/12/12,Larisa,39.63689,22.41761,137540,shop_5,adult-cola,can,330ml,0.64,25128
1157,31/01/13,Larisa,39.63689,22.41761,139242,shop_5,adult-cola,can,330ml,0.74,13255
1235,28/02/13,Larisa,39.63689,22.41761,139242,shop_5,adult-cola,can,330ml,0.34,29358
1343,31/03/13,Larisa,39.63689,22.41761,139242,shop_5,adult-cola,can,330ml,0.71,16165
1427,30/04/13,Larisa,39.63689,22.41761,139242,shop_5,adult-cola,can,330ml,0.65,24556
1507,31/05/13,Larisa,39.63689,22.41761,139242,shop_5,adult-cola,can,330ml,0.57,37398
1591,30/06/13,Larisa,39.63689,22.41761,139242,shop_5,adult-cola,can,330ml,0.7,33020
1688,31/07/13,Larisa,39.63689,22.41761,139242,shop_5,adult-cola,can,330ml,0.68,38902
1773,31/08/13,Larisa,39.63689,22.41761,139242,shop_5,adult-cola,can,330ml,0.45,45895
1881,30/09/13,Larisa,39.63689,22.41761,139242,shop_5,adult-cola,can,330ml,0.69,19332
1958,31/10/13,Larisa,39.63689,22.41761,139242,shop_5,adult-cola,can,330ml,0.59,24970
2061,30/11/13,Larisa,39.63689,22.41761,139242,shop_5,adult-cola,can,330ml,0.48,28477
2138,31/12/13,Larisa,39.63689,22.41761,139242,shop_5,adult-cola,can,330ml,0.71,22618
2221,31/01/14,Larisa,39.63689,22.41761,140563,shop_5,adult-cola,can,330ml,0.72,14346
2322,28/02/14,Larisa,39.63689,22.41761,140563,shop_5,adult-cola,can,330ml,0.78,13963
2405,31/03/14,Larisa,39.63689,22.41761,140563,shop_5,adult-cola,can,330ml,0.66,18392
2501,30/04/14,Larisa,39.63689,22.41761,140563,shop_5,adult-cola,can,330ml,0.72,21905
2589,31/05/14,Larisa,39.63689,22.41761,140563,shop_5,adult-cola,can,330ml,0.76,25991
2681,30/06/14,Larisa,39.63689,22.41761,140563,shop_5,adult-cola,can,330ml,0.68,35764
2767,31/07/14,Larisa,39.63689,22.41761,140563,shop_5,adult-cola,can,330ml,0.67,41265
2855,31/08/14,Larisa,39.63689,22.41761,140563,shop_5,adult-cola,can,330ml,0.66,32863
2969,30/09/14,Larisa,39.63689,22.41761,140563,shop_5,adult-cola,can,330ml,0.52,27337
3129,30/11/14,Larisa,39.63689,22.41761,140563,shop_5,adult-cola,can,330ml,0.77,16530
3214,31/12/14,Larisa,39.63689,22.41761,140563,shop_5,adult-cola,can,330ml,0.56,30871
3306,31/01/15,Larisa,39.63689,22.41761,141732,shop_5,adult-cola,can,330ml,0.76,13693
3400,28/02/15,Larisa,39.63689,22.41761,141732,shop_5,adult-cola,can,330ml,0.6,20691
3492,31/03/15,Larisa,39.63689,22.41761,141732,shop_5,adult-cola,can,330ml,0.5,24802
3571,30/04/15,Larisa,39.63689,22.41761,141732,shop_5,adult-cola,can,330ml,0.51,32906
3666,31/05/15,Larisa,39.63689,22.41761,141732,shop_5,adult-cola,can,330ml,0.67,32434
3754,30/06/15,Larisa,39.63689,22.41761,141732,shop_5,adult-cola,can,330ml,0.76,30974
3843,31/07/15,Larisa,39.63689,22.41761,141732,shop_5,adult-cola,can,330ml,0.72,38166
3936,31/08/15,Larisa,39.63689,22.41761,141732,shop_5,adult-cola,can,330ml,0.64,34934
4025,30/09/15,Larisa,39.63689,22.41761,141732,shop_5,adult-cola,can,330ml,0.69,20823
4113,31/10/15,Larisa,39.63689,22.41761,141732,shop_5,adult-cola,can,330ml,0.55,28067
4201,30/11/15,Larisa,39.63689,22.41761,141732,shop_5,adult-cola,can,330ml,0.6,24140
4298,31/12/15,Larisa,39.63689,22.41761,141732,shop_5,adult-cola,can,330ml,0.59,29997
4385,31/01/16,Larisa,39.63689,22.41761,142030,shop_5,adult-cola,can,330ml,0.62,18493
4477,29/02/16,Larisa,39.63689,22.41761,142030,shop_5,adult-cola,,330ml,0.62,20568
61,31/01/12,Larisa,39.63689,22.41761,137540,shop_5,orange-power,glass,500ml,0.66,24301
152,29/02/12,Larisa,39.63689,22.41761,137540,shop_5,orange-power,glass,500ml,0.92,11940
243,31/03/12,Larisa,39.63689,22.41761,137540,shop_5,orange-power,glass,500ml,0.89,23900
338,30/04/12,Larisa,39.63689,22.41761,137540,shop_5,orange-power,glass,500ml,0.57,43559
428,31/05/12,Larisa,39.63689,22.41761,137540,shop_5,orange-power,glass,500ml,0.63,49830
515,30/06/12,Larisa,39.63689,22.41761,137540,shop_5,orange-power,glass,500ml,0.73,43899
611,31/07/12,Larisa,39.63689,22.41761,137540,shop_5,orange-power,glass,500ml,0.93,29901
693,31/08/12,Larisa,39.63689,22.41761,137540,shop_5,orange-power,glass,500ml,0.82,40594
788,30/09/12,Larisa,39.63689,22.41761,137540,shop_5,orange-power,glass,500ml,0.62,41586
883,31/10/12,Larisa,39.63689,22.41761,137540,shop_5,orange-power,glass,500ml,0.57,33081
979,30/11/12,Larisa,39.63689,22.41761,137540,shop_5,orange-power,glass,500ml,0.63,32423
1056,31/12/12,Larisa,39.63689,22.41761,137540,shop_5,orange-power,glass,500ml,0.89,28010
1165,31/01/13,Larisa,39.63689,22.41761,139242,shop_5,orange-power,glass,500ml,1.06,10028
1236,28/02/13,Larisa,39.63689,22.41761,139242,shop_5,orange-power,glass,500ml,0.76,17496
1337,31/03/13,Larisa,39.63689,22.41761,139242,shop_5,orange-power,glass,500ml,0.99,19515
1418,30/04/13,Larisa,39.63689,22.41761,139242,shop_5,orange-power,glass,500ml,0.44,52169
1508,31/05/13,Larisa,39.63689,22.41761,139242,shop_5,orange-power,glass,500ml,0.86,34520
1592,30/06/13,Larisa,39.63689,22.41761,139242,shop_5,orange-power,glass,500ml,0.87,35023
1689,31/07/13,Larisa,39.63689,22.41761,139242,shop_5,orange-power,glass,500ml,0.72,48105
1774,31/08/13,Larisa,39.63689,22.41761,139242,shop_5,orange-power,glass,500ml,0.86,38392
1867,30/09/13,Larisa,39.63689,22.41761,139242,shop_5,orange-power,glass,500ml,0.88,27140
1972,31/10/13,Larisa,39.63689,22.41761,139242,shop_5,orange-power,glass,500ml,0.87,20285
2044,30/11/13,Larisa,39.63689,22.41761,139242,shop_5,orange-power,glass,500ml,0.85,23031
2139,31/12/13,Larisa,39.63689,22.41761,139242,shop_5,orange-power,glass,500ml,0.88,29821
2222,31/01/14,Larisa,39.63689,22.41761,140563,shop_5,orange-power,glass,500ml,0.83,19068
2314,28/02/14,Larisa,39.63689,22.41761,140563,shop_5,orange-power,glass,500ml,0.88,14485
2406,31/03/14,Larisa,39.63689,22.41761,140563,shop_5,orange-power,glass,500ml,0.85,28363
2502,30/04/14,Larisa,39.63689,22.41761,140563,shop_5,orange-power,glass,500ml,0.94,24280
2590,31/05/14,Larisa,39.63689,22.41761,140563,shop_5,orange-power,glass,500ml,1.02,24132
2682,30/06/14,Larisa,39.63689,22.41761,140563,shop_5,orange-power,glass,500ml,0.71,48437
2768,31/07/14,Larisa,39.63689,22.41761,140563,shop_5,orange-power,glass,500ml,0.81,42723
2870,31/08/14,Larisa,39.63689,22.41761,140563,shop_5,orange-power,glass,500ml,0.58,62554
2947,30/09/14,Larisa,39.63689,22.41761,140563,shop_5,orange-power,glass,500ml,0.79,33351
3041,31/10/14,Larisa,39.63689,22.41761,140563,shop_5,orange-power,glass,500ml,0.92,18981
3130,30/11/14,Larisa,39.63689,22.41761,140563,shop_5,orange-power,glass,500ml,1.11,11614
3209,31/12/14,Larisa,39.63689,22.41761,140563,shop_5,orange-power,glass,500ml,0.75,39347
3307,31/01/15,Larisa,39.63689,22.41761,141732,shop_5,orange-power,glass,500ml,1.03,12672
3394,28/02/15,Larisa,39.63689,22.41761,141732,shop_5,orange-power,glass,500ml,0.58,24002
3493,31/03/15,Larisa,39.63689,22.41761,141732,shop_5,orange-power,glass,500ml,0.45,51148
3572,30/04/15,Larisa,39.63689,22.41761,141732,shop_5,orange-power,glass,500ml,1.01,21055
3667,31/05/15,Larisa,39.63689,22.41761,141732,shop_5,orange-power,glass,500ml,1.02,25609
3755,30/06/15,Larisa,39.63689,22.41761,141732,shop_5,orange-power,glass,500ml,0.87,37967
3844,31/07/15,Larisa,39.63689,22.41761,141732,shop_5,orange-power,glass,500ml,0.84,41375
3937,31/08/15,Larisa,39.63689,22.41761,141732,shop_5,orange-power,glass,500ml,0.9,38675
4026,30/09/15,Larisa,39.63689,22.41761,141732,shop_5,orange-power,glass,500ml,0.87,29523
4114,31/10/15,Larisa,,,141732,shop_5,orange-power,glass,500ml,1.04,14831
4229,30/11/15,Larisa,39.63689,22.41761,141732,shop_5,orange-power,glass,500ml,0.98,18521
4299,31/12/15,Larisa,39.63689,22.41761,141732,shop_5,orange-power,glass,500ml,0.79,37653
4386,31/01/16,Larisa,39.63689,22.41761,142030,shop_5,orange-power,glass,500ml,0.9,17783
4491,29/02/16,Larisa,39.63689,22.41761,142030,shop_5,orange-power,glass,500ml,0.89,15217
62,31/01/12,Larisa,39.63689,22.41761,137540,shop_5,orange-power,plastic,1.5lt,1.57,16161
153,29/02/12,Larisa,39.63689,22.41761,137540,shop_5,orange-power,plastic,1.5lt,1.62,11135
244,31/03/12,Larisa,39.63689,22.41761,137540,shop_5,orange-power,plastic,1.5lt,1.43,17776
339,30/04/12,Larisa,39.63689,22.41761,137540,shop_5,orange-power,plastic,1.5lt,2.15,14881
429,31/05/12,Larisa,39.63689,22.41761,137540,shop_5,orange-power,plastic,1.5lt,1.9,22905
516,30/06/12,Larisa,39.63689,22.41761,137540,shop_5,orange-power,plastic,1.5lt,1.33,43447
612,31/07/12,Larisa,39.63689,22.41761,137540,shop_5,orange-power,plastic,1.5lt,1.46,44282
702,31/08/12,Larisa,39.63689,22.41761,137540,shop_5,orange-power,plastic,1.5lt,1.05,31840
789,30/09/12,Larisa,39.63689,22.41761,137540,shop_5,orange-power,plastic,1.5lt,2.06,15531
884,31/10/12,Larisa,39.63689,22.41761,137540,shop_5,orange-power,plastic,1.5lt,1.91,13738
988,30/11/12,Larisa,39.63689,22.41761,137540,shop_5,orange-power,plastic,1.5lt,1.15,22469
1057,31/12/12,Larisa,39.63689,22.41761,137540,shop_5,orange-power,plastic,1.5lt,1.49,19296
1150,31/01/13,Larisa,39.63689,22.41761,139242,shop_5,orange-power,plastic,1.5lt,1.47,17597
1237,28/02/13,Larisa,39.63689,22.41761,139242,shop_5,orange-power,plastic,1.5lt,2.07,8103
1346,31/03/13,Larisa,39.63689,22.41761,139242,shop_5,orange-power,plastic,1.5lt,2.17,10434
1419,30/04/13,Larisa,39.63689,22.41761,139242,shop_5,orange-power,plastic,1.5lt,2.17,15231
1509,31/05/13,Larisa,39.63689,22.41761,139242,shop_5,orange-power,plastic,1.5lt,1.88,24048
1593,30/06/13,Larisa,39.63689,22.41761,139242,shop_5,orange-power,plastic,1.5lt,1.44,41540
1690,31/07/13,Larisa,39.63689,22.41761,139242,shop_5,orange-power,plastic,1.5lt,1.78,36744
1775,31/08/13,Larisa,39.63689,22.41761,139242,shop_5,orange-power,plastic,1.5lt,2.1,16219
1889,30/09/13,Larisa,39.63689,22.41761,139242,shop_5,orange-power,plastic,1.5lt,1.64,22415
1959,31/10/13,Larisa,39.63689,22.41761,139242,shop_5,orange-power,plastic,1.5lt,0.79,26896
2045,30/11/13,Larisa,39.63689,22.41761,139242,shop_5,orange-power,plastic,1.5lt,1.63,17267
2140,31/12/13,Larisa,39.63689,22.41761,139242,shop_5,orange-power,plastic,1.5lt,0.96,25967
2223,31/01/14,Larisa,39.63689,22.41761,140563,shop_5,orange-power,plastic,1.5lt,1.85,14110
2330,28/02/14,Larisa,39.63689,22.41761,140563,shop_5,orange-power,plastic,1.5lt,1.76,10656
2407,31/03/14,Larisa,39.63689,22.41761,140563,shop_5,orange-power,plastic,1.5lt,1.55,17183
2503,30/04/14,Larisa,39.63689,22.41761,140563,shop_5,orange-power,plastic,1.5lt,1.63,24032
2604,31/05/14,Larisa,39.63689,22.41761,140563,shop_5,orange-power,plastic,1.5lt,1.81,26068
2683,30/06/14,Larisa,39.63689,22.41761,140563,shop_5,orange-power,plastic,1.5lt,2.05,27977
2769,31/07/14,Larisa,39.63689,22.41761,140563,shop_5,orange-power,plastic,1.5lt,1.55,43719
2856,31/08/14,Larisa,39.63689,22.41761,140563,shop_5,orange-power,plastic,1.5lt,2.13,16428
2948,30/09/14,Larisa,39.63689,22.41761,140563,shop_5,orange-power,plastic,1.5lt,0.63,37383
3042,31/10/14,Larisa,39.63689,22.41761,140563,shop_5,orange-power,plastic,1.5lt,1.56,18560
3131,30/11/14,Larisa,39.63689,22.41761,140563,shop_5,orange-power,plastic,1.5lt,1.87,15019
3227,31/12/14,Larisa,39.63689,22.41761,140563,shop_5,orange-power,plastic,1.5lt,2.12,12880
3329,31/01/15,Larisa,39.63689,22.41761,141732,shop_5,orange-power,plastic,1.5lt,2.67,6321
3415,28/02/15,Larisa,39.63689,22.41761,141732,shop_5,orange-power,plastic,1.5lt,0.2,21940
3494,31/03/15,Larisa,39.63689,22.41761,141732,shop_5,orange-power,plastic,1.5lt,1.83,14761
3573,30/04/15,Larisa,39.63689,22.41761,141732,shop_5,orange-power,plastic,1.5lt,2.39,13516
3668,31/05/15,Larisa,39.63689,22.41761,141732,shop_5,orange-power,plastic,1.5lt,1.53,31780
3756,30/06/15,Larisa,39.63689,22.41761,141732,shop_5,orange-power,plastic,1.5lt,1.8,34735
3845,31/07/15,Larisa,39.63689,22.41761,141732,shop_5,orange-power,plastic,1.5lt,1.05,57131
3938,31/08/15,Larisa,39.63689,22.41761,141732,shop_5,orange-power,plastic,1.5lt,1.64,24337
4027,30/09/15,Larisa,39.63689,22.41761,141732,shop_5,orange-power,plastic,1.5lt,1.6,23926
4132,31/10/15,Larisa,39.63689,22.41761,141732,shop_5,orange-power,plastic,1.5lt,1.91,15158
4202,30/11/15,Larisa,39.63689,22.41761,141732,shop_5,orange-power,plastic,1.5lt,0.47,30591
4300,31/12/15,Larisa,39.63689,22.41761,141732,shop_5,orange-power,plastic,1.5lt,1.67,18484
4387,31/01/16,Larisa,39.63689,22.41761,142030,shop_5,orange-power,plastic,1.5lt,1.03,22813
4496,29/02/16,Larisa,39.63689,22.41761,142030,shop_5,orange-power,plastic,1.5lt,1.64,12036
