train.csv
id,date,city,lat,long,pop,shop,brand,container,capacity,price,quantity
63,31/01/12,Larisa,39.63689,,137540,shop_5,orange-power,can,330ml,0.34,39554
154,29/02/12,Larisa,39.63689,22.41761,137540,shop_5,orange-power,can,330ml,0.44,21358
245,31/03/12,Larisa,39.63689,22.41761,137540,shop_5,orange-power,can,330ml,0.51,25242
340,30/04/12,Larisa,39.63689,22.41761,137540,shop_5,orange-power,can,330ml,0.44,36220
430,31/05/12,Larisa,39.63689,22.41761,137540,shop_5,orange-power,can,330ml,0.46,39816
517,30/06/12,Larisa,39.63689,22.41761,137540,shop_5,orange-power,can,330ml,0.43,38126
613,31/07/12,Larisa,39.63689,22.41761,137540,shop_5,orange-power,can,330ml,0.37,72218
694,31/08/12,Larisa,39.63689,22.41761,137540,shop_5,orange-power,can,330ml,0.48,37204
796,30/09/12,Larisa,39.63689,22.41761,137540,shop_5,orange-power,can,330ml,0.59,20140
885,31/10/12,Larisa,39.63689,22.41761,137540,shop_5,orange-power,can,330ml,0.39,40466
971,30/11/12,Larisa,39.63689,22.41761,137540,shop_5,orange-power,can,330ml,0.58,15193
1058,31/12/12,Larisa,39.63689,22.41761,137540,shop_5,orange-power,can,330ml,0.6,23250
1162,31/01/13,Larisa,39.63689,22.41761,139242,shop_5,orange-power,can,330ml,0.49,27216
1238,28/02/13,Larisa,39.63689,22.41761,139242,shop_5,orange-power,can,330ml,0.36,27414
1338,31/03/13,Larisa,39.63689,22.41761,139242,shop_5,orange-power,can,330ml,0.4,36006
1420,30/04/13,Larisa,39.63689,22.41761,139242,shop_5,orange-power,can,330ml,0.42,39853
1510,31/05/13,Larisa,39.63689,22.41761,139242,shop_5,orange-power,can,330ml,0.45,41536
1594,30/06/13,Larisa,39.63689,22.41761,139242,shop_5,orange-power,can,330ml,0.71,9193
1691,31/07/13,Larisa,39.63689,22.41761,139242,shop_5,orange-power,can,330ml,0.45,59607
1776,31/08/13,Larisa,39.63689,22.41761,139242,shop_5,orange-power,can,330ml,0.27,65286
1868,30/09/13,Larisa,39.63689,22.41761,139242,shop_5,orange-power,can,330ml,0.31,51166
1960,31/10/13,Larisa,39.63689,22.41761,139242,shop_5,orange-power,can,330ml,0.53,27048
2053,30/11/13,Larisa,39.63689,22.41761,139242,shop_5,orange-power,can,330ml,0.39,30279
2146,31/12/13,Larisa,39.63689,22.41761,139242,shop_5,orange-power,can,330ml,0.41,50432
2224,31/01/14,Larisa,39.63689,22.41761,140563,shop_5,orange-power,can,330ml,0.62,16696
2315,28/02/14,Larisa,39.63689,22.41761,140563,shop_5,orange-power,can,330ml,0.26,33824
2408,31/03/14,Larisa,39.63689,22.41761,140563,shop_5,orange-power,can,330ml,0.52,26590
2517,30/04/14,Larisa,39.63689,22.41761,140563,shop_5,orange-power,can,330ml,0.28,54986
2591,31/05/14,Larisa,,,140563,shop_5,orange-power,can,330ml,0.48,39901
2684,30/06/14,Larisa,39.63689,22.41761,140563,shop_5,orange-power,can,330ml,0.43,39106
2775,31/07/14,Larisa,39.63689,22.41761,140563,shop_5,orange-power,can,330ml,0.45,61517
2857,31/08/14,Larisa,39.63689,22.41761,140563,shop_5,orange-power,can,330ml,0.52,35772
2949,30/09/14,Larisa,39.63689,22.41761,140563,shop_5,orange-power,can,330ml,0.4,42332
3043,31/10/14,Larisa,39.63689,22.41761,140563,shop_5,orange-power,can,330ml,0.56,24817
3132,30/11/14,Larisa,39.63689,22.41761,140563,shop_5,orange-power,can,330ml,0.55,19228
3210,31/12/14,Larisa,39.63689,22.41761,140563,shop_5,orange-power,can,330ml,0.54,34269
3308,31/01/15,Larisa,39.63689,22.41761,141732,shop_5,orange-power,can,330ml,0.48,29787
3395,28/02/15,Larisa,,,141732,shop_5,orange-power,can,330ml,0.46,22321
3495,31/03/15,Larisa,39.63689,22.41761,141732,shop_5,orange-power,can,330ml,0.44,33871
3574,30/04/15,Larisa,39.63689,22.41761,141732,shop_5,orange-power,can,330ml,0.51,32255
3669,31/05/15,Larisa,39.63689,22.41761,141732,shop_5,orange-power,can,330ml,0.5,37756
3769,30/06/15,Larisa,39.63689,22.41761,141732,shop_5,orange-power,can,330ml,0.31,52329
3846,31/07/15,Larisa,39.63689,22.41761,141732,shop_5,orange-power,can,330ml,0.42,68563
3939,31/08/15,Larisa,39.63689,22.41761,141732,shop_5,orange-power,can,330ml,0.44,45999
4028,30/09/15,Larisa,39.63689,22.41761,141732,shop_5,orange-power,can,330ml,0.56,27912
4123,31/10/15,Larisa,39.63689,22.41761,141732,shop_5,orange-power,can,330ml,0.54,28324
4203,30/11/15,Larisa,39.63689,22.41761,141732,shop_5,orange-power,can,330ml,0.33,36016
4301,31/12/15,Larisa,39.63689,22.41761,141732,shop_5,orange-power,can,330ml,0.43,50054
4388,31/01/16,Larisa,39.63689,22.41761,142030,shop_5,orange-power,can,330ml,0.44,34504
4478,29/02/16,Larisa,39.63689,22.41761,142030,shop_5,orange-power,can,330ml,0.65,11527
64,31/01/12,Larisa,39.63689,22.41761,137540,shop_5,gazoza,glass,500ml,0.59,27498
155,29/02/12,Larisa,39.63689,22.41761,137540,shop_5,gazoza,glass,500ml,0.52,24485
246,31/03/12,Larisa,39.63689,22.41761,137540,shop_5,gazoza,glass,500ml,0.4,55401
341,30/04/12,Larisa,39.63689,22.41761,137540,shop_5,gazoza,glass,500ml,0.56,33570
439,31/05/12,Larisa,39.63689,22.41761,137540,shop_5,gazoza,glass,500ml,0.54,52301
518,30/06/12,Larisa,39.63689,22.41761,137540,shop_5,gazoza,glass,500ml,0.57,48890
614,31/07/12,Larisa,39.63689,22.41761,137540,shop_5,gazoza,glass,500ml,0.41,71746
695,31/08/12,Larisa,39.63689,22.41761,137540,shop_5,gazoza,glass,500ml,0.51,46581
807,30/09/12,Larisa,39.63689,22.41761,137540,shop_5,gazoza,glass,500ml,0.54,42234
886,31/10/12,Larisa,39.63689,22.41761,137540,shop_5,gazoza,glass,500ml,0.43,49125
972,30/11/12,Larisa,39.63689,22.41761,137540,shop_5,gazoza,glass,500ml,0.39,52602
1059,31/12/12,Larisa,39.63689,22.41761,137540,shop_5,gazoza,glass,500ml,0.49,58837
1161,31/01/13,Larisa,39.63689,22.41761,139242,shop_5,gazoza,glass,500ml,0.4,45807
1239,28/02/13,Larisa,39.63689,22.41761,139242,shop_5,gazoza,glass,500ml,0.64,17866
1330,31/03/13,Larisa,39.63689,22.41761,139242,shop_5,gazoza,glass,500ml,0.68,25882
1430,30/04/13,Larisa,39.63689,22.41761,139242,shop_5,gazoza,glass,500ml,0.59,31424
1511,31/05/13,Larisa,39.63689,22.41761,139242,shop_5,gazoza,glass,500ml,0.47,63515
1595,30/06/13,Larisa,39.63689,22.41761,139242,shop_5,gazoza,glass,500ml,0.44,68414
1692,31/07/13,Larisa,39.63689,22.41761,139242,shop_5,gazoza,glass,500ml,0.61,44319
1787,31/08/13,Larisa,39.63689,22.41761,139242,shop_5,gazoza,glass,500ml,0.66,30713
1869,30/09/13,Larisa,39.63689,22.41761,139242,shop_5,gazoza,glass,500ml,0.7,25862
1961,31/10/13,Larisa,39.63689,22.41761,139242,shop_5,gazoza,glass,500ml,0.61,31670
2046,30/11/13,Larisa,39.63689,22.41761,139242,shop_5,gazoza,glass,500ml,0.59,33294
2141,31/12/13,Larisa,39.63689,22.41761,139242,shop_5,gazoza,glass,500ml,0.64,39989
2225,31/01/14,Larisa,39.63689,22.41761,140563,shop_5,gazoza,glass,500ml,0.55,32944
2316,28/02/14,Larisa,39.63689,22.41761,140563,shop_5,gazoza,glass,500ml,0.63,19221
2409,31/03/14,Larisa,39.63689,22.41761,140563,shop_5,gazoza,glass,500ml,0.64,31968
2504,30/04/14,Larisa,39.63689,22.41761,140563,shop_5,gazoza,glass,500ml,0.73,19718
2592,31/05/14,Larisa,39.63689,22.41761,140563,shop_5,gazoza,glass,500ml,0.6,47304
2685,30/06/14,Larisa,39.63689,22.41761,140563,shop_5,gazoza,glass,500ml,0.71,32201
2770,31/07/14,Larisa,39.63689,22.41761,140563,shop_5,gazoza,glass,500ml,0.6,48725
2868,31/08/14,Larisa,39.63689,22.41761,140563,shop_5,gazoza,glass,500ml,0.61,38502
2950,30/09/14,Larisa,39.63689,22.41761,140563,shop_5,gazoza,glass,500ml,0.64,33660
3044,31/10/14,Larisa,39.63689,22.41761,140563,shop_5,gazoza,glass,500ml,0.66,28550
3133,30/11/14,Larisa,39.63689,22.41761,140563,shop_5,gazoza,glass,500ml,0.63,31001
3234,31/12/14,Larisa,39.63689,22.41761,140563,shop_5,gazoza,glass,500ml,0.74,27012
3309,31/01/15,Larisa,39.63689,22.41761,141732,shop_5,gazoza,glass,500ml,0.74,18166
3396,28/02/15,Larisa,39.63689,22.41761,141732,shop_5,gazoza,glass,500ml,0.4,34021
3508,31/03/15,Larisa,39.63689,22.41761,141732,shop_5,gazoza,glass,500ml,0.79,18284
3580,30/04/15,Larisa,39.63689,22.41761,141732,shop_5,gazoza,glass,500ml,0.47,44909
3670,31/05/15,Larisa,39.63689,22.41761,141732,shop_5,gazoza,glass,500ml,0.61,48250
3757,30/06/15,Larisa,39.63689,22.41761,141732,shop_5,gazoza,glass,500ml,0.73,31835
3847,31/07/15,Larisa,39.63689,22.41761,141732,shop_5,gazoza,glass,500ml,0.66,41482
3958,31/08/15,Larisa,39.63689,22.41761,141732,shop_5,gazoza,glass,500ml,0.83,14736
4029,30/09/15,Larisa,39.63689,22.41761,141732,shop_5,gazoza,glass,500ml,0.49,52382
4115,31/10/15,Larisa,39.63689,22.41761,141732,shop_5,gazoza,glass,500ml,0.8,16019
4204,30/11/15,Larisa,39.63689,22.41761,141732,shop_5,gazoza,glass,500ml,0.63,32045
4302,31/12/15,Larisa,39.63689,22.41761,141732,shop_5,gazoza,glass,500ml,0.56,54149
4400,31/01/16,Larisa,39.63689,22.41761,142030,shop_5,gazoza,glass,500ml,0.82,13127
4479,29/02/16,Larisa,39.63689,22.41761,142030,shop_5,gazoza,glass,500ml,0.63,20862
65,31/01/12,Larisa,39.63689,22.41761,137540,shop_5,gazoza,plastic,1.5lt,0.84,26495
156,29/02/12,Larisa,39.63689,22.41761,137540,shop_5,gazoza,plastic,1.5lt,1,13945
247,31/03/12,Larisa,39.63689,22.41761,137540,shop_5,gazoza,plastic,1.5lt,0.54,34972
342,30/04/12,Larisa,39.63689,22.41761,137540,shop_5,gazoza,plastic,1.5lt,1.02,27465
431,31/05/12,Larisa,39.63689,22.41761,137540,shop_5,gazoza,plastic,1.5lt,0.68,41741
519,30/06/12,Larisa,39.63689,22.41761,137540,shop_5,gazoza,plastic,1.5lt,1.05,30098
615,31/07/12,Larisa,39.63689,22.41761,137540,shop_5,gazoza,plastic,1.5lt,1.06,34961
696,31/08/12,Larisa,39.63689,22.41761,137540,shop_5,gazoza,plastic,1.5lt,0.85,38264
790,30/09/12,Larisa,39.63689,22.41761,137540,shop_5,gazoza,plastic,1.5lt,0.74,35265
887,31/10/12,Larisa,39.63689,22.41761,137540,shop_5,gazoza,plastic,1.5lt,0.34,44656
973,30/11/12,Larisa,39.63689,22.41761,137540,shop_5,gazoza,plastic,1.5lt,1.01,20065
1071,31/12/12,Larisa,39.63689,22.41761,137540,shop_5,gazoza,plastic,1.5lt,1.32,16149
1151,31/01/13,Larisa,39.63689,22.41761,139242,shop_5,gazoza,plastic,1.5lt,1.19,18507
1240,28/02/13,Larisa,39.63689,22.41761,139242,shop_5,gazoza,plastic,1.5lt,1.19,11447
1334,31/03/13,Larisa,39.63689,22.41761,139242,shop_5,gazoza,plastic,1.5lt,0.61,33339
1421,30/04/13,Larisa,39.63689,22.41761,139242,shop_5,gazoza,plastic,1.5lt,0.44,45953
1512,31/05/13,Larisa,39.63689,22.41761,139242,shop_5,gazoza,plastic,1.5lt,1.13,27078
1618,30/06/13,Larisa,39.63689,22.41761,139242,shop_5,gazoza,plastic,1.5lt,0.46,51129
1693,31/07/13,Larisa,39.63689,22.41761,139242,shop_5,gazoza,plastic,1.5lt,0.95,40513
1777,31/08/13,Larisa,39.63689,22.41761,139242,shop_5,gazoza,plastic,1.5lt,0.87,37988
1870,30/09/13,Larisa,39.63689,22.41761,139242,shop_5,gazoza,plastic,1.5lt,1.2,22144
1962,31/10/13,Larisa,39.63689,22.41761,139242,shop_5,gazoza,plastic,1.5lt,0.76,33114
2047,30/11/13,Larisa,39.63689,22.41761,139242,shop_5,gazoza,plastic,1.5lt,1,20793
2142,31/12/13,Larisa,39.63689,22.41761,139242,shop_5,gazoza,plastic,1.5lt,1.18,20581
2226,31/01/14,Larisa,39.63689,22.41761,140563,shop_5,gazoza,plastic,1.5lt,1.12,20712
2317,28/02/14,Larisa,39.63689,22.41761,140563,shop_5,gazoza,plastic,1.5lt,0.96,15272
2410,31/03/14,Larisa,39.63689,22.41761,140563,shop_5,gazoza,plastic,1.5lt,1.19,19494
2505,30/04/14,Larisa,39.63689,22.41761,140563,shop_5,gazoza,plastic,1.5lt,1.01,29154
2593,31/05/14,Larisa,39.63689,22.41761,140563,shop_5,gazoza,plastic,1.5lt,1.24,24191
2686,30/06/14,Larisa,39.63689,22.41761,140563,shop_5,gazoza,plastic,1.5lt,0.49,50528
2771,31/07/14,Larisa,39.63689,22.41761,140563,shop_5,gazoza,plastic,1.5lt,1.25,29409
2858,31/08/14,Larisa,39.63689,22.41761,140563,shop_5,gazoza,plastic,1.5lt,1.19,27559
2951,30/09/14,Larisa,39.63689,22.41761,140563,shop_5,gazoza,plastic,1.5lt,0.73,36431
3045,31/10/14,Larisa,39.63689,22.41761,140563,shop_5,gazoza,plastic,1.5lt,1.34,17539
3134,30/11/14,Larisa,39.63689,22.41761,140563,shop_5,gazoza,plastic,1.5lt,1.15,18099
3215,31/12/14,Larisa,39.63689,22.41761,140563,shop_5,gazoza,plastic,1.5lt,1.15,22081
3310,31/01/15,Larisa,39.63689,22.41761,141732,shop_5,gazoza,plastic,1.5lt,0.61,33256
3401,28/02/15,Larisa,39.63689,22.41761,141732,shop_5,gazoza,plastic,1.5lt,0.46,22708
3503,31/03/15,Larisa,39.63689,22.41761,141732,shop_5,gazoza,plastic,1.5lt,1.08,22720
3575,30/04/15,Larisa,39.63689,22.41761,141732,shop_5,gazoza,plastic,1.5lt,0.92,32485
3671,31/05/15,Larisa,39.63689,22.41761,141732,shop_5,gazoza,plastic,1.5lt,1.13,28814
3758,30/06/15,Larisa,39.63689,22.41761,141732,shop_5,gazoza,plastic,1.5lt,1.44,19535
3854,31/07/15,Larisa,39.63689,22.41761,141732,shop_5,gazoza,plastic,1.5lt,0.64,54420
3940,31/08/15,Larisa,39.63689,22.41761,141732,shop_5,gazoza,plastic,1.5lt,1.39,21884
4030,30/09/15,Larisa,39.63689,22.41761,141732,shop_5,gazoza,plastic,1.5lt,1.05,27974
4116,31/10/15,Larisa,39.63689,22.41761,141732,shop_5,gazoza,plastic,1.5lt,1.31,19191
4205,30/11/15,Larisa,39.63689,22.41761,141732,shop_5,gazoza,plastic,1.5lt,1.07,20221
4303,31/12/15,Larisa,39.63689,22.41761,141732,shop_5,gazoza,plastic,1.5lt,0.87,29920
4406,31/01/16,Larisa,39.63689,22.41761,142030,shop_5,gazoza,plastic,1.5lt,0.63,33165
4480,29/02/16,Larisa,39.63689,22.41761,142030,shop_5,gazoza,plastic,1.5lt,1.54,7516
66,31/01/12,Larisa,39.63689,22.41761,137540,shop_5,gazoza,can,330ml,0.27,41445
157,29/02/12,Larisa,39.63689,22.41761,137540,shop_5,gazoza,can,330ml,0.38,18011
248,31/03/12,Larisa,39.63689,22.41761,137540,shop_5,gazoza,can,330ml,0.31,38927
343,30/04/12,Larisa,39.63689,22.41761,137540,shop_5,gazoza,can,330ml,0.32,42849
432,31/05/12,Larisa,39.63689,22.41761,137540,shop_5,gazoza,can,330ml,0.37,31336
520,30/06/12,Larisa,39.63689,22.41761,137540,shop_5,gazoza,can,330ml,0.32,56729
616,31/07/12,Larisa,39.63689,22.41761,137540,shop_5,gazoza,can,330ml,0.39,28771
697,31/08/12,Larisa,39.63689,22.41761,137540,shop_5,gazoza,can,330ml,0.2,72641
791,30/09/12,Larisa,39.63689,22.41761,137540,shop_5,gazoza,can,330ml,0.33,43642
888,31/10/12,Larisa,39.63689,22.41761,137540,shop_5,gazoza,can,330ml,0.33,30802
981,30/11/12,Larisa,39.63689,22.41761,137540,shop_5,gazoza,can,330ml,0.21,59991
1060,31/12/12,Larisa,39.63689,22.41761,137540,shop_5,gazoza,can,330ml,0.25,46834
1152,31/01/13,Larisa,39.63689,22.41761,139242,shop_5,gazoza,can,330ml,0.39,23237
1257,28/02/13,Larisa,39.63689,22.41761,139242,shop_5,gazoza,can,330ml,0.27,32930
1331,31/03/13,Larisa,39.63689,22.41761,139242,shop_5,gazoza,can,330ml,0.2,58831
1435,30/04/13,Larisa,39.63689,22.41761,139242,shop_5,gazoza,can,330ml,0.29,50780
1513,31/05/13,Larisa,,22.41761,139242,shop_5,gazoza,can,330ml,0.33,41589
1609,30/06/13,Larisa,39.63689,22.41761,139242,shop_5,gazoza,can,330ml,0.35,48469
1694,31/07/13,Larisa,39.63689,22.41761,139242,shop_5,gazoza,,330ml,0.36,37603
1778,31/08/13,Larisa,,22.41761,139242,shop_5,gazoza,can,330ml,0.27,57886
1871,30/09/13,Larisa,39.63689,22.41761,139242,shop_5,gazoza,can,330ml,0.32,48016
1963,31/10/13,Larisa,39.63689,22.41761,139242,shop_5,gazoza,can,330ml,0.32,33478
2048,30/11/13,Larisa,39.63689,22.41761,139242,shop_5,gazoza,can,330ml,0.3,43696
2150,31/12/13,Larisa,39.63689,22.41761,139242,shop_5,gazoza,can,330ml,0.31,37471
2227,31/01/14,Larisa,39.63689,22.41761,140563,shop_5,gazoza,can,330ml,0.35,30162
2318,28/02/14,Larisa,39.63689,22.41761,140563,shop_5,gazoza,can,330ml,0.32,26879
2411,31/03/14,Larisa,39.63689,22.41761,140563,shop_5,gazoza,can,330ml,0.3,43345
2514,30/04/14,Larisa,39.63689,22.41761,140563,shop_5,gazoza,can,330ml,0.32,45612
2594,31/05/14,Larisa,39.63689,22.41761,140563,shop_5,gazoza,can,330ml,0.34,40732
2687,30/06/14,Larisa,39.63689,22.41761,140563,shop_5,gazoza,can,330ml,0.37,46894
2772,31/07/14,Larisa,39.63689,22.41761,140563,shop_5,gazoza,can,330ml,0.31,48003
2859,31/08/14,Larisa,39.63689,22.41761,140563,shop_5,gazoza,can,330ml,0.37,38186
2952,30/09/14,Larisa,39.63689,22.41761,140563,shop_5,gazoza,can,330ml,0.31,51718
3046,31/10/14,Larisa,39.63689,22.41761,140563,shop_5,gazoza,can,330ml,0.36,27939
3143,30/11/14,Larisa,39.63689,22.41761,140563,shop_5,gazoza,can,330ml,0.34,37293
3211,31/12/14,Larisa,39.63689,22.41761,140563,shop_5,gazoza,can,330ml,0.35,32204
3311,31/01/15,Larisa,39.63689,22.41761,141732,shop_5,gazoza,can,330ml,0.34,32760
3397,28/02/15,Larisa,39.63689,22.41761,141732,shop_5,gazoza,can,330ml,0.32,28403
3496,31/03/15,Larisa,39.63689,22.41761,141732,shop_5,gazoza,can,330ml,0.36,33590
3576,30/04/15,Larisa,39.63689,22.41761,141732,shop_5,gazoza,can,330ml,0.33,46677
3688,31/05/15,Larisa,39.63689,22.41761,141732,shop_5,gazoza,can,330ml,0.25,59516
3759,30/06/15,Larisa,39.63689,22.41761,141732,shop_5,gazoza,can,330ml,0.31,63948
3848,31/07/15,Larisa,39.63689,22.41761,141732,shop_5,gazoza,can,330ml,0.3,52686
3941,31/08/15,Larisa,39.63689,22.41761,141732,shop_5,gazoza,can,330ml,0.45,20898
4031,30/09/15,Larisa,39.63689,22.41761,141732,shop_5,gazoza,can,330ml,0.38,38868
4117,31/10/15,Larisa,39.63689,22.41761,141732,shop_5,gazoza,can,330ml,0.31,37009
4206,30/11/15,Larisa,39.63689,22.41761,141732,shop_5,gazoza,can,330ml,0.38,31220
4304,31/12/15,Larisa,39.63689,22.41761,141732,shop_5,gazoza,can,330ml,0.42,22026
4389,31/01/16,Larisa,39.63689,22.41761,142030,shop_5,gazoza,can,330ml,0.35,32431
4481,29/02/16,Larisa,39.63689,22.41761,142030,shop_5,gazoza,can,330ml,0.33,27552
