train.csv
id,date,city,lat,long,pop,shop,brand,container,capacity,price,quantity
67,31/01/12,Larisa,39.63689,22.41761,137540,shop_5,lemon-boost,glass,500ml,0.91,13940
158,29/02/12,Larisa,39.63689,22.41761,137540,shop_5,lemon-boost,glass,500ml,0.65,14859
249,31/03/12,Larisa,39.63689,22.41761,137540,shop_5,lemon-boost,glass,500ml,1.17,7708
354,30/04/12,Larisa,39.63689,22.41761,137540,shop_5,lemon-boost,glass,500ml,0.98,16739
433,31/05/12,Larisa,39.63689,22.41761,137540,shop_5,lemon-boost,glass,500ml,0.63,31465
521,30/06/12,Larisa,39.63689,22.41761,137540,shop_5,lemon-boost,glass,500ml,0.77,32484
617,31/07/12,Larisa,39.63689,22.41761,137540,shop_5,lemon-boost,glass,500ml,0.9,24488
698,31/08/12,Larisa,39.63689,22.41761,137540,shop_5,lemon-boost,glass,500ml,0.99,19249
799,30/09/12,Larisa,39.63689,22.41761,137540,shop_5,lemon-boost,glass,500ml,0.88,20362
889,31/10/12,Larisa,39.63689,22.41761,137540,shop_5,lemon-boost,glass,500ml,0.78,19447
974,30/11/12,Larisa,39.63689,22.41761,137540,shop_5,lemon-boost,glass,500ml,0.95,12544
1061,31/12/12,Larisa,39.63689,22.41761,137540,shop_5,lemon-boost,glass,500ml,0.79,21501
1153,31/01/13,Larisa,39.63689,22.41761,139242,shop_5,lemon-boost,glass,500ml,0.76,18004
1241,28/02/13,Larisa,39.63689,22.41761,139242,shop_5,lemon-boost,glass,500ml,1.14,6672
1332,31/03/13,Larisa,39.63689,22.41761,139242,shop_5,lemon-boost,glass,500ml,0.73,18334
1422,30/04/13,Larisa,39.63689,22.41761,139242,shop_5,lemon-boost,glass,500ml,1.03,15859
1514,31/05/13,Larisa,39.63689,22.41761,139242,shop_5,lemon-boost,glass,500ml,0.81,25665
1596,30/06/13,Larisa,39.63689,22.41761,139242,shop_5,lemon-boost,glass,500ml,1.12,18033
1695,31/07/13,Larisa,39.63689,22.41761,139242,shop_5,lemon-boost,glass,500ml,1.14,15796
1779,31/08/13,Larisa,39.63689,22.41761,139242,shop_5,lemon-boost,glass,500ml,0.94,22228
1872,30/09/13,Larisa,39.63689,22.41761,139242,shop_5,lemon-boost,glass,500ml,0.76,24890
1964,31/10/13,Larisa,39.63689,22.41761,139242,shop_5,lemon-boost,glass,500ml,0.87,17384
2049,30/11/13,Larisa,39.63689,22.41761,139242,shop_5,lemon-boost,glass,500ml,1.22,6988
2143,31/12/13,Larisa,39.63689,22.41761,139242,shop_5,lemon-boost,glass,500ml,1.1,12836
2228,31/01/14,Larisa,39.63689,22.41761,140563,shop_5,lemon-boost,glass,500ml,1.17,9008
2319,28/02/14,Larisa,39.63689,22.41761,140563,shop_5,lemon-boost,glass,500ml,0.72,14179
2412,31/03/14,Larisa,39.63689,22.41761,140563,shop_5,lemon-boost,glass,500ml,0.87,15621
2506,30/04/14,Larisa,39.63689,22.41761,140563,shop_5,lemon-boost,glass,500ml,0.83,22559
2595,31/05/14,Larisa,39.63689,22.41761,140563,shop_5,lemon-boost,glass,500ml,0.97,20631
2690,30/06/14,Larisa,39.63689,22.41761,140563,shop_5,lemon-boost,glass,500ml,1.31,10911
2788,31/07/14,Larisa,39.63689,22.41761,140563,shop_5,lemon-boost,glass,500ml,0.82,29015
2860,31/08/14,Larisa,39.63689,22.41761,140563,shop_5,lemon-boost,glass,500ml,1.1,16950
2953,30/09/14,Larisa,39.63689,22.41761,140563,shop_5,lemon-boost,glass,500ml,1.12,14189
3047,31/10/14,Larisa,39.63689,22.41761,140563,shop_5,lemon-boost,glass,500ml,1.15,10744
3135,30/11/14,Larisa,39.63689,22.41761,140563,shop_5,lemon-boost,glass,500ml,0.82,16513
3238,31/12/14,Larisa,39.63689,22.41761,140563,shop_5,lemon-boost,glass,500ml,1.26,9084
3312,31/01/15,Larisa,39.63689,22.41761,141732,shop_5,lemon-boost,glass,500ml,0.9,15707
3398,28/02/15,Larisa,39.63689,22.41761,141732,shop_5,lemon-boost,glass,500ml,0.97,10337
3497,31/03/15,Larisa,39.63689,22.41761,141732,shop_5,lemon-boost,glass,500ml,0.87,15947
3577,30/04/15,Larisa,39.63689,22.41761,141732,shop_5,lemon-boost,glass,500ml,1.06,16161
3672,31/05/15,Larisa,39.63689,22.41761,141732,shop_5,lemon-boost,glass,500ml,0.88,24430
3775,30/06/15,Larisa,39.63689,22.41761,141732,shop_5,lemon-boost,glass,500ml,0.88,30391
3849,31/07/15,Larisa,39.63689,22.41761,141732,shop_5,lemon-boost,glass,500ml,1.15,17231
3953,31/08/15,Larisa,39.63689,22.41761,141732,shop_5,lemon-boost,glass,500ml,0.94,23492
4032,30/09/15,Larisa,39.63689,22.41761,141732,shop_5,lemon-boost,glass,500ml,0.98,19222
4118,31/10/15,Larisa,39.63689,22.41761,141732,shop_5,lemon-boost,glass,500ml,0.7,22722
4207,30/11/15,Larisa,39.63689,22.41761,141732,shop_5,lemon-boost,glass,500ml,0.77,17877
4305,31/12/15,Larisa,39.63689,22.41761,141732,shop_5,lemon-boost,glass,500ml,0.95,18546
4390,31/01/16,Larisa,39.63689,22.41761,142030,shop_5,lemon-boost,glass,500ml,1.3,7428
4482,29/02/16,Larisa,39.63689,22.41761,142030,shop_5,lemon-boost,glass,500ml,1.04,9596
68,31/01/12,Larisa,39.63689,22.41761,137540,shop_5,lemon-boost,can,330ml,0.55,16123
163,29/02/12,Larisa,39.63689,22.41761,137540,shop_5,lemon-boost,can,330ml,0.54,11835
251,31/03/12,Larisa,39.63689,22.41761,137540,shop_5,lemon-boost,can,330ml,0.58,19137
345,30/04/12,Larisa,39.63689,22.41761,137540,shop_5,lemon-boost,can,330ml,0.67,14762
443,31/05/12,Larisa,39.63689,22.41761,137540,shop_5,lemon-boost,can,330ml,0.51,27389
523,30/06/12,Larisa,39.63689,22.41761,137540,shop_5,lemon-boost,can,330ml,0.49,32283
619,31/07/12,Larisa,39.63689,22.41761,137540,shop_5,lemon-boost,can,330ml,0.47,42119
699,31/08/12,Larisa,39.63689,22.41761,137540,shop_5,lemon-boost,can,330ml,0.49,28004
793,30/09/12,Larisa,39.63689,22.41761,137540,shop_5,lemon-boost,can,330ml,0.4,33340
891,31/10/12,Larisa,39.63689,22.41761,137540,shop_5,lemon-boost,can,330ml,0.49,23629
976,30/11/12,Larisa,39.63689,22.41761,137540,shop_5,lemon-boost,can,330ml,0.62,14430
1063,31/12/12,Larisa,39.63689,22.41761,137540,shop_5,lemon-boost,can,330ml,0.38,34287
1155,31/01/13,Larisa,39.63689,22.41761,139242,shop_5,lemon-boost,can,330ml,0.62,13509
1243,28/02/13,Larisa,39.63689,22.41761,139242,shop_5,lemon-boost,can,330ml,0.55,11749
1348,31/03/13,Larisa,39.63689,22.41761,139242,shop_5,lemon-boost,can,330ml,0.21,40712
1426,30/04/13,Larisa,39.63689,22.41761,139242,shop_5,lemon-boost,can,330ml,0.38,32820
1516,31/05/13,Larisa,39.63689,22.41761,139242,shop_5,lemon-boost,can,330ml,0.43,33465
1598,30/06/13,Larisa,39.63689,22.41761,139242,shop_5,lemon-boost,can,330ml,0.46,34668
1699,31/07/13,Larisa,39.63689,22.41761,139242,shop_5,lemon-boost,can,330ml,0.67,24045
1781,31/08/13,Larisa,39.63689,22.41761,139242,shop_5,lemon-boost,can,330ml,0.53,26068
1884,30/09/13,Larisa,39.63689,22.41761,139242,shop_5,lemon-boost,can,330ml,0.36,36876
1966,31/10/13,Larisa,39.63689,22.41761,139242,shop_5,lemon-boost,can,330ml,0.58,19368
2051,30/11/13,Larisa,39.63689,22.41761,139242,shop_5,lemon-boost,can,330ml,0.66,13304
2158,31/12/13,Larisa,39.63689,22.41761,139242,shop_5,lemon-boost,can,330ml,0.57,22577
2240,31/01/14,Larisa,39.63689,22.41761,140563,shop_5,lemon-boost,can,330ml,0.63,13586
2321,28/02/14,Larisa,39.63689,22.41761,140563,shop_5,lemon-boost,can,330ml,0.47,14748
2414,31/03/14,Larisa,39.63689,22.41761,140563,shop_5,lemon-boost,can,330ml,0.7,13883
2508,30/04/14,Larisa,39.63689,22.41761,140563,shop_5,lemon-boost,can,330ml,0.59,20923
2598,31/05/14,Larisa,39.63689,22.41761,140563,shop_5,lemon-boost,can,330ml,0.59,23532
2689,30/06/14,Larisa,39.63689,22.41761,140563,shop_5,lemon-boost,can,330ml,0.44,37376
2774,31/07/14,Larisa,39.63689,22.41761,140563,shop_5,lemon-boost,can,330ml,0.48,42622
2862,31/08/14,Larisa,39.63689,22.41761,140563,shop_5,lemon-boost,can,330ml,0.55,25365
2955,30/09/14,Larisa,39.63689,22.41761,140563,shop_5,lemon-boost,can,330ml,0.59,22510
3048,31/10/14,Larisa,39.63689,22.41761,140563,shop_5,lemon-boost,can,330ml,0.63,17349
3137,30/11/14,Larisa,39.63689,22.41761,140563,shop_5,lemon-boost,can,330ml,0.43,25075
3213,31/12/14,Larisa,39.63689,22.41761,140563,shop_5,lemon-boost,can,330ml,0.73,13698
3313,31/01/15,Larisa,39.63689,22.41761,141732,shop_5,lemon-boost,can,330ml,0.48,20668
3407,28/02/15,Larisa,39.63689,22.41761,141732,shop_5,lemon-boost,can,330ml,0.49,14223
3504,31/03/15,Larisa,39.63689,22.41761,141732,shop_5,lemon-boost,can,330ml,0.42,29972
3579,30/04/15,Larisa,39.63689,22.41761,141732,shop_5,lemon-boost,can,330ml,0.59,21682
3679,31/05/15,Larisa,39.63689,22.41761,141732,shop_5,lemon-boost,can,330ml,0.72,16097
3760,30/06/15,Larisa,39.63689,22.41761,141732,shop_5,lemon-boost,can,330ml,0.44,38017
3850,31/07/15,Larisa,39.63689,22.41761,141732,shop_5,lemon-boost,can,330ml,0.56,36528
3955,31/08/15,Larisa,39.63689,22.41761,141732,shop_5,lemon-boost,can,330ml,0.6,23234
4034,30/09/15,Larisa,39.63689,22.41761,141732,shop_5,lemon-boost,can,330ml,0.74,14139
4120,31/10/15,Larisa,39.63689,22.41761,141732,shop_5,lemon-boost,can,330ml,0.56,21894
4209,30/11/15,Larisa,39.63689,22.41761,141732,shop_5,lemon-boost,can,330ml,0.33,30236
4307,31/12/15,Larisa,39.63689,22.41761,141732,shop_5,lemon-boost,can,330ml,0.46,30952
4392,31/01/16,Larisa,39.63689,22.41761,142030,shop_5,lemon-boost,can,330ml,0.51,19581
4484,29/02/16,Larisa,39.63689,22.41761,142030,shop_5,lemon-boost,can,330ml,0.65,10113
69,31/01/12,Athens,37.96245,23.68708,672130,shop_3,lemon-boost,plastic,1.5lt,1.99,8868
146,29/02/12,Athens,37.96245,23.68708,672130,shop_3,lemon-boost,plastic,1.5lt,1.37,10071
237,31/03/12,Athens,,,672130,shop_3,lemon-boost,plastic,1.5lt,1.46,13739
350,30/04/12,Athens,37.96245,23.68708,672130,shop_3,lemon-boost,plastic,1.5lt,1.78,16494
421,31/05/12,Athens,37.96245,23.68708,672130,shop_3,lemon-boost,plastic,1.5lt,1.8,18308
509,30/06/12,Athens,37.96245,23.68708,672130,shop_3,lemon-boost,plastic,1.5lt,1.54,16568
603,31/07/12,Athens,37.96245,23.68708,672130,shop_3,lemon-boost,plastic,1.5lt,2.03,14983
686,31/08/12,Athens,37.96245,23.68708,672130,shop_3,lemon-boost,plastic,1.5lt,1.67,18311
800,30/09/12,Athens,37.96245,23.68708,672130,shop_3,lemon-boost,plastic,1.5lt,2.21,11509
876,31/10/12,Athens,37.96245,23.68708,672130,shop_3,lemon-boost,plastic,1.5lt,2.84,6587
964,30/11/12,Athens,37.96245,23.68708,672130,shop_3,lemon-boost,plastic,1.5lt,2.17,7043
1050,31/12/12,Athens,37.96245,23.68708,672130,shop_3,lemon-boost,plastic,1.5lt,1.67,13500
1144,31/01/13,Athens,37.96245,23.68708,671022,shop_3,lemon-boost,plastic,1.5lt,1.63,10910
1229,28/02/13,Athens,37.96245,23.68708,671022,shop_3,lemon-boost,plastic,1.5lt,2.79,4192
1344,31/03/13,Athens,37.96245,23.68708,671022,shop_3,lemon-boost,plastic,1.5lt,1.61,13034
1411,30/04/13,Athens,37.96245,23.68708,671022,shop_3,lemon-boost,plastic,1.5lt,2.32,12298
1503,31/05/13,Athens,37.96245,23.68708,671022,shop_3,lemon-boost,plastic,1.5lt,1.95,17315
1600,30/06/13,Athens,37.96245,23.68708,671022,shop_3,lemon-boost,plastic,1.5lt,1.61,16261
1681,31/07/13,Athens,37.96245,23.68708,671022,shop_3,lemon-boost,plastic,1.5lt,1.3,21792
1782,31/08/13,Athens,37.96245,23.68708,671022,shop_3,lemon-boost,plastic,1.5lt,1.77,17711
1878,30/09/13,Athens,37.96245,23.68708,671022,shop_3,lemon-boost,plastic,1.5lt,1.96,13823
1952,31/10/13,Athens,37.96245,23.68708,671022,shop_3,lemon-boost,plastic,1.5lt,1.4,17832
2039,30/11/13,Athens,37.96245,23.68708,671022,shop_3,lemon-boost,plastic,1.5lt,3.05,3301
2132,31/12/13,Athens,37.96245,23.68708,671022,shop_3,lemon-boost,plastic,1.5lt,1.96,11899
2232,31/01/14,Athens,37.96245,23.68708,668203,shop_3,lemon-boost,plastic,1.5lt,1.76,10462
2307,28/02/14,Athens,37.96245,23.68708,668203,shop_3,lemon-boost,plastic,1.5lt,1.53,9649
2398,31/03/14,Athens,37.96245,23.68708,668203,shop_3,lemon-boost,plastic,1.5lt,2.4,8582
2515,30/04/14,Athens,37.96245,23.68708,668203,shop_3,lemon-boost,plastic,1.5lt,2.04,15067
2585,31/05/14,Athens,37.96245,23.68708,668203,shop_3,lemon-boost,plastic,1.5lt,2.19,15475
2693,30/06/14,Athens,37.96245,23.68708,668203,shop_3,lemon-boost,plastic,1.5lt,1.82,15019
2760,31/07/14,Athens,37.96245,23.68708,668203,shop_3,lemon-boost,plastic,1.5lt,1.89,16990
2848,31/08/14,Athens,37.96245,23.68708,668203,shop_3,lemon-boost,plastic,1.5lt,3.07,6896
2941,30/09/14,Athens,37.96245,23.68708,668203,shop_3,lemon-boost,plastic,1.5lt,1.96,14124
3034,31/10/14,Athens,37.96245,23.68708,668203,shop_3,lemon-boost,plastic,1.5lt,2.41,10688
3125,30/11/14,Athens,37.96245,23.68708,668203,shop_3,lemon-boost,plastic,1.5lt,1.11,12168
3236,31/12/14,Athens,37.96245,23.68708,668203,shop_3,lemon-boost,plastic,1.5lt,2.2,10648
3300,31/01/15,Athens,37.96245,23.68708,667237,shop_3,lemon-boost,plastic,1.5lt,2.2,8496
3389,28/02/15,Athens,37.96245,23.68708,667237,shop_3,lemon-boost,plastic,1.5lt,2.33,6539
3485,31/03/15,Athens,37.96245,23.68708,667237,shop_3,lemon-boost,plastic,1.5lt,1.76,12586
3565,30/04/15,Athens,37.96245,23.68708,667237,shop_3,lemon-boost,plastic,1.5lt,1.47,19996
3675,31/05/15,Athens,37.96245,23.68708,667237,shop_3,lemon-boost,plastic,1.5lt,1.59,21365
3747,30/06/15,Athens,37.96245,23.68708,667237,shop_3,lemon-boost,plastic,1.5lt,1.94,14444
3838,31/07/15,Athens,37.96245,23.68708,667237,shop_3,lemon-boost,plastic,1.5lt,2.74,10160
3931,31/08/15,Athens,37.96245,23.68708,667237,shop_3,lemon-boost,plastic,1.5lt,1.13,23782
4020,30/09/15,Athens,37.96245,23.68708,667237,shop_3,lemon-boost,plastic,1.5lt,2.39,11306
4108,31/10/15,Athens,37.96245,23.68708,667237,shop_3,lemon-boost,plastic,1.5lt,2.43,10858
4197,30/11/15,Athens,37.96245,23.68708,667237,shop_3,lemon-boost,plastic,1.5lt,2.35,6896
4293,31/12/15,Athens,37.96245,23.68708,667237,shop_3,lemon-boost,plastic,1.5lt,2.29,10380
4379,31/01/16,Athens,37.96245,23.68708,665102,shop_3,lemon-boost,plastic,1.5lt,1.56,11749
4470,29/02/16,Athens,37.96245,23.68708,665102,shop_3,lemon-boost,plastic,1.5lt,2.3,6884
70,31/01/12,Athens,37.96245,23.68708,672130,shop_3,gazoza,can,330ml,0.33,19886
144,29/02/12,Athens,37.96245,23.68708,672130,shop_3,gazoza,can,330ml,0.23,31283
236,31/03/12,Athens,37.96245,23.68708,672130,shop_3,gazoza,can,330ml,0.29,38321
331,30/04/12,Athens,37.96245,23.68708,672130,shop_3,gazoza,can,330ml,0.34,33934
419,31/05/12,Athens,37.96245,23.68708,672130,shop_3,gazoza,can,330ml,0.2,66656
508,30/06/12,Athens,37.96245,23.68708,672130,shop_3,gazoza,can,330ml,0.29,57740
601,31/07/12,Athens,37.96245,23.68708,672130,shop_3,gazoza,can,330ml,0.29,59667
685,31/08/12,Athens,37.96245,23.68708,672130,shop_3,gazoza,can,330ml,0.21,74902
805,30/09/12,Athens,37.96245,23.68708,672130,shop_3,gazoza,can,330ml,0.32,33084
897,31/10/12,Athens,37.96245,23.68708,672130,shop_3,gazoza,can,330ml,0.32,28633
963,30/11/12,Athens,37.96245,23.68708,672130,shop_3,gazoza,can,330ml,0.35,26078
1048,31/12/12,Athens,37.96245,23.68708,672130,shop_3,gazoza,can,330ml,0.32,32935
1142,31/01/13,Athens,37.96245,23.68708,671022,shop_3,gazoza,can,330ml,0.39,14101
1227,28/02/13,Athens,37.96245,23.68708,671022,shop_3,gazoza,can,330ml,0.36,18615
1322,31/03/13,Athens,37.96245,23.68708,671022,shop_3,gazoza,can,330ml,0.28,42378
1410,30/04/13,Athens,37.96245,23.68708,671022,shop_3,gazoza,can,330ml,0.3,42356
1501,31/05/13,Athens,37.96245,23.68708,671022,shop_3,gazoza,can,330ml,0.27,54046
1585,30/06/13,Athens,37.96245,23.68708,671022,shop_3,gazoza,can,330ml,0.23,74262
1679,31/07/13,Athens,37.96245,23.68708,671022,shop_3,gazoza,can,330ml,0.32,55681
1766,31/08/13,Athens,37.96245,23.68708,671022,shop_3,gazoza,can,330ml,0.31,52263
1877,30/09/13,Athens,37.96245,23.68708,671022,shop_3,gazoza,can,330ml,0.26,45324
1950,31/10/13,Athens,37.96245,23.68708,671022,shop_3,gazoza,can,330ml,0.27,37285
2060,30/11/13,Athens,37.96245,23.68708,671022,shop_3,gazoza,can,330ml,0.23,47110
2130,31/12/13,Athens,37.96245,23.68708,671022,shop_3,gazoza,can,330ml,0.43,16504
2216,31/01/14,Athens,37.96245,23.68708,668203,shop_3,gazoza,can,330ml,0.21,33934
2305,28/02/14,Athens,37.96245,23.68708,668203,shop_3,gazoza,can,330ml,0.27,28905
2396,31/03/14,Athens,37.96245,23.68708,668203,shop_3,gazoza,can,330ml,0.32,35288
2495,30/04/14,Athens,37.96245,23.68708,668203,shop_3,gazoza,can,330ml,0.44,17538
2583,31/05/14,Athens,37.96245,23.68708,668203,shop_3,gazoza,can,330ml,0.23,62328
2673,30/06/14,Athens,37.96245,23.68708,668203,shop_3,gazoza,can,330ml,0.32,52898
2758,31/07/14,Athens,37.96245,23.68708,668203,shop_3,gazoza,can,330ml,0.38,40827
2846,31/08/14,Athens,37.96245,23.68708,668203,shop_3,gazoza,can,330ml,0.31,52278
2958,30/09/14,Athens,37.96245,23.68708,668203,shop_3,gazoza,can,330ml,0.35,31123
3033,31/10/14,Athens,37.96245,23.68708,668203,shop_3,gazoza,can,330ml,0.28,37130
3124,30/11/14,Athens,37.96245,23.68708,668203,shop_3,gazoza,can,330ml,0.35,28811
3203,31/12/14,Athens,37.96245,23.68708,668203,shop_3,gazoza,can,330ml,0.31,37552
3298,31/01/15,Athens,37.96245,23.68708,667237,shop_3,gazoza,can,330ml,0.31,24588
3387,28/02/15,Athens,37.96245,23.68708,667237,shop_3,gazoza,can,330ml,0.44,11536
3483,31/03/15,Athens,37.96245,23.68708,667237,shop_3,gazoza,can,330ml,0.36,30242
3589,30/04/15,Athens,37.96245,23.68708,667237,shop_3,gazoza,can,330ml,0.37,31578
3660,31/05/15,Athens,37.96245,23.68708,667237,shop_3,gazoza,can,330ml,0.34,42036
3777,30/06/15,Athens,37.96245,23.68708,667237,shop_3,gazoza,can,330ml,0.28,63652
3836,31/07/15,Athens,37.96245,23.68708,667237,shop_3,gazoza,can,330ml,0.36,48394
3929,31/08/15,Athens,37.96245,23.68708,667237,shop_3,gazoza,can,330ml,0.41,30955
4018,30/09/15,Athens,37.96245,23.68708,667237,shop_3,gazoza,can,330ml,0.47,12293
4134,31/10/15,Athens,37.96245,23.68708,667237,shop_3,gazoza,can,330ml,0.4,21144
4196,30/11/15,Athens,37.96245,23.68708,667237,shop_3,gazoza,can,330ml,0.42,20202
4291,31/12/15,Athens,37.96245,23.68708,667237,shop_3,gazoza,can,330ml,0.31,38041
4377,31/01/16,Athens,37.96245,23.68708,665102,shop_3,gazoza,can,330ml,0.3,25577
4468,29/02/16,Athens,37.96245,23.68708,665102,shop_3,gazoza,can,330ml,0.47,9214
