train.csv
id,date,city,lat,long,pop,shop,brand,container,capacity,price,quantity
71,31/01/12,Larisa,39.63689,22.41761,137540,shop_5,kinder-cola,can,330ml,0.46,19572
171,29/02/12,Larisa,39.63689,22.41761,137540,shop_5,kinder-cola,can,330ml,0.84,6111
240,31/03/12,Larisa,39.63689,22.41761,137540,shop_5,kinder-cola,can,330ml,0.8,13943
334,30/04/12,Larisa,39.63689,22.41761,137540,shop_5,kinder-cola,can,330ml,0.76,17428
424,31/05/12,Larisa,39.63689,22.41761,137540,shop_5,kinder-cola,can,330ml,0.99,8669
512,30/06/12,Larisa,39.63689,22.41761,137540,shop_5,kinder-cola,can,330ml,0.75,18503
607,31/07/12,Larisa,39.63689,22.41761,137540,shop_5,kinder-cola,can,330ml,0.85,14781
689,31/08/12,Larisa,39.63689,22.41761,137540,shop_5,kinder-cola,can,330ml,0.77,18809
786,30/09/12,Larisa,39.63689,22.41761,137540,shop_5,kinder-cola,can,330ml,1.01,7791
879,31/10/12,Larisa,39.63689,22.41761,137540,shop_5,kinder-cola,can,330ml,0.74,13495
967,30/11/12,Larisa,39.63689,22.41761,137540,shop_5,kinder-cola,can,330ml,0.65,12070
1072,31/12/12,Larisa,39.63689,22.41761,137540,shop_5,kinder-cola,can,330ml,0.83,14501
1148,31/01/13,Larisa,39.63689,22.41761,139242,shop_5,kinder-cola,can,330ml,0.98,8051
1233,28/02/13,Larisa,39.63689,22.41761,139242,shop_5,kinder-cola,can,330ml,0.79,6966
1327,31/03/13,Larisa,39.63689,22.41761,139242,shop_5,kinder-cola,can,330ml,0.74,16125
1415,30/04/13,Larisa,39.63689,22.41761,139242,shop_5,kinder-cola,can,330ml,0.92,12866
1528,31/05/13,Larisa,39.63689,22.41761,139242,shop_5,kinder-cola,can,330ml,0.44,23969
1603,30/06/13,Larisa,39.63689,22.41761,139242,shop_5,kinder-cola,can,330ml,0.82,16589
1685,31/07/13,Larisa,39.63689,22.41761,139242,shop_5,kinder-cola,can,330ml,0.71,19923
1771,31/08/13,Larisa,39.63689,22.41761,139242,shop_5,kinder-cola,can,330ml,0.79,18813
1864,30/09/13,Larisa,39.63689,22.41761,139242,shop_5,kinder-cola,can,330ml,0.73,15667
1955,31/10/13,Larisa,39.63689,22.41761,139242,shop_5,kinder-cola,can,330ml,0.88,10807
2056,30/11/13,Larisa,39.63689,22.41761,139242,shop_5,kinder-cola,can,330ml,0.5,15141
2135,31/12/13,Larisa,39.63689,22.41761,139242,shop_5,kinder-cola,can,330ml,0.55,23541
2241,31/01/14,Larisa,39.63689,22.41761,140563,shop_5,kinder-cola,can,330ml,0.48,19636
2311,28/02/14,Larisa,39.63689,22.41761,140563,shop_5,kinder-cola,can,330ml,0.47,11112
2402,31/03/14,Larisa,39.63689,22.41761,140563,shop_5,kinder-cola,can,330ml,0.99,9863
2499,30/04/14,Larisa,39.63689,22.41761,140563,shop_5,kinder-cola,can,330ml,0.71,19908
2599,31/05/14,Larisa,39.63689,22.41761,140563,shop_5,kinder-cola,can,330ml,0.53,22029
2678,30/06/14,Larisa,39.63689,22.41761,140563,shop_5,kinder-cola,can,330ml,0.94,13491
2764,31/07/14,Larisa,39.63689,22.41761,140563,shop_5,kinder-cola,can,330ml,0.84,16234
2852,31/08/14,Larisa,39.63689,22.41761,140563,shop_5,kinder-cola,can,330ml,0.66,23657
2944,30/09/14,Larisa,39.63689,22.41761,140563,shop_5,kinder-cola,can,330ml,0.38,25032
3037,31/10/14,Larisa,39.63689,22.41761,140563,shop_5,kinder-cola,can,330ml,0.71,15050
3138,30/11/14,Larisa,39.63689,22.41761,140563,shop_5,kinder-cola,can,330ml,0.83,9545
3208,31/12/14,Larisa,39.63689,22.41761,140563,shop_5,kinder-cola,can,330ml,0.68,20086
3315,31/01/15,Larisa,39.63689,22.41761,141732,shop_5,kinder-cola,can,330ml,0.77,13397
3392,28/02/15,Larisa,39.63689,22.41761,141732,shop_5,kinder-cola,can,330ml,1,4811
3489,31/03/15,Larisa,39.63689,22.41761,141732,shop_5,kinder-cola,can,330ml,0.83,14583
3568,30/04/15,Larisa,39.63689,22.41761,141732,shop_5,kinder-cola,can,330ml,0.66,21696
3663,31/05/15,Larisa,39.63689,22.41761,141732,shop_5,kinder-cola,can,330ml,0.76,16240
3751,30/06/15,Larisa,39.63689,22.41761,141732,shop_5,kinder-cola,can,330ml,0.81,18204
3841,31/07/15,Larisa,39.63689,22.41761,141732,shop_5,kinder-cola,can,330ml,0.55,25708
3949,31/08/15,Larisa,39.63689,22.41761,141732,shop_5,kinder-cola,can,330ml,0.85,17980
4023,30/09/15,Larisa,39.63689,22.41761,141732,shop_5,kinder-cola,can,330ml,0.72,16759
4111,31/10/15,Larisa,39.63689,22.41761,141732,shop_5,kinder-cola,can,330ml,0.76,14293
4216,30/11/15,Larisa,39.63689,22.41761,141732,shop_5,kinder-cola,can,330ml,0.85,9430
4295,31/12/15,Larisa,39.63689,22.41761,141732,shop_5,kinder-cola,can,330ml,0.81,16655
4382,31/01/16,Larisa,39.63689,22.41761,142030,shop_5,kinder-cola,can,330ml,1.05,8010
4474,29/02/16,Larisa,39.63689,22.41761,142030,shop_5,kinder-cola,can,330ml,0.6,9819
72,31/01/12,Larisa,39.63689,22.41761,137540,shop_5,lemon-boost,plastic,1.5lt,1.73,12100
159,29/02/12,Larisa,39.63689,22.41761,137540,shop_5,lemon-boost,plastic,1.5lt,2.25,8889
250,31/03/12,Larisa,39.63689,22.41761,137540,shop_5,lemon-boost,plastic,1.5lt,1.75,12816
344,30/04/12,Larisa,39.63689,22.41761,137540,shop_5,lemon-boost,plastic,1.5lt,1.76,20400
434,31/05/12,Larisa,39.63689,22.41761,137540,shop_5,lemon-boost,plastic,1.5lt,2.2,13367
522,30/06/12,Larisa,39.63689,22.41761,137540,shop_5,lemon-boost,plastic,1.5lt,2.25,17108
618,31/07/12,Larisa,39.63689,22.41761,137540,shop_5,lemon-boost,plastic,1.5lt,1.95,18032
717,31/08/12,Larisa,39.63689,22.41761,137540,shop_5,lemon-boost,plastic,1.5lt,1.34,25413
792,30/09/12,Larisa,39.63689,22.41761,137540,shop_5,lemon-boost,plastic,1.5lt,2.8,6822
890,31/10/12,Larisa,39.63689,22.41761,137540,shop_5,lemon-boost,plastic,1.5lt,1.82,13150
975,30/11/12,Larisa,39.63689,22.41761,137540,shop_5,lemon-boost,plastic,1.5lt,1.61,14904
1062,31/12/12,Larisa,39.63689,22.41761,137540,shop_5,lemon-boost,plastic,1.5lt,1.98,14381
1154,31/01/13,Larisa,39.63689,22.41761,139242,shop_5,lemon-boost,plastic,1.5lt,2.17,9720
1242,28/02/13,Larisa,39.63689,22.41761,139242,shop_5,lemon-boost,plastic,1.5lt,1.96,10915
1333,31/03/13,Larisa,39.63689,22.41761,139242,shop_5,lemon-boost,plastic,1.5lt,2.26,9823
1423,30/04/13,Larisa,39.63689,22.41761,139242,shop_5,lemon-boost,plastic,1.5lt,1.96,18791
1515,31/05/13,Larisa,39.63689,22.41761,139242,shop_5,lemon-boost,plastic,1.5lt,2.61,10186
1597,30/06/13,Larisa,39.63689,22.41761,139242,shop_5,lemon-boost,plastic,1.5lt,1.72,23702
1696,31/07/13,Larisa,39.63689,22.41761,139242,shop_5,lemon-boost,plastic,1.5lt,2.09,17051
1780,31/08/13,Larisa,39.63689,22.41761,139242,shop_5,lemon-boost,plastic,1.5lt,2.2,16672
1873,30/09/13,Larisa,39.63689,22.41761,139242,shop_5,lemon-boost,plastic,1.5lt,2.24,11517
1965,31/10/13,Larisa,39.63689,22.41761,139242,shop_5,lemon-boost,plastic,1.5lt,1.71,14198
2050,30/11/13,Larisa,39.63689,22.41761,139242,shop_5,lemon-boost,plastic,1.5lt,2.06,12010
2144,31/12/13,Larisa,39.63689,22.41761,139242,shop_5,lemon-boost,plastic,1.5lt,1.84,15869
2229,31/01/14,Larisa,39.63689,22.41761,140563,shop_5,lemon-boost,plastic,1.5lt,1.8,12197
2320,28/02/14,Larisa,39.63689,22.41761,140563,shop_5,lemon-boost,plastic,1.5lt,2.23,9628
2413,31/03/14,Larisa,39.63689,22.41761,140563,shop_5,lemon-boost,plastic,1.5lt,1.61,14216
2507,30/04/14,Larisa,39.63689,22.41761,140563,shop_5,lemon-boost,plastic,1.5lt,1.62,22639
2596,31/05/14,Larisa,39.63689,22.41761,140563,shop_5,lemon-boost,plastic,1.5lt,2.07,15309
2688,30/06/14,Larisa,39.63689,22.41761,140563,shop_5,lemon-boost,plastic,1.5lt,1.41,27665
2773,31/07/14,Larisa,39.63689,22.41761,140563,shop_5,lemon-boost,plastic,1.5lt,2.53,13148
2861,31/08/14,Larisa,39.63689,22.41761,140563,shop_5,lemon-boost,plastic,1.5lt,1.39,25567
2954,30/09/14,Larisa,39.63689,22.41761,140563,shop_5,lemon-boost,plastic,1.5lt,1.42,17839
3052,31/10/14,Larisa,39.63689,22.41761,140563,shop_5,lemon-boost,plastic,1.5lt,1.59,15235
3136,30/11/14,Larisa,39.63689,22.41761,140563,shop_5,lemon-boost,plastic,1.5lt,1.95,13068
3212,31/12/14,Larisa,39.63689,22.41761,140563,shop_5,lemon-boost,plastic,1.5lt,2.98,7117
3316,31/01/15,Larisa,39.63689,22.41761,141732,shop_5,lemon-boost,plastic,1.5lt,1.7,12943
3399,28/02/15,Larisa,39.63689,22.41761,141732,shop_5,lemon-boost,plastic,1.5lt,2.47,8484
3498,31/03/15,Larisa,39.63689,22.41761,141732,shop_5,lemon-boost,plastic,1.5lt,1.91,12539
3578,30/04/15,Larisa,39.63689,22.41761,141732,shop_5,lemon-boost,plastic,1.5lt,2.63,12983
3673,31/05/15,Larisa,39.63689,22.41761,141732,shop_5,lemon-boost,plastic,1.5lt,1.46,20722
3774,30/06/15,Larisa,39.63689,22.41761,141732,shop_5,lemon-boost,plastic,1.5lt,1.89,22701
3862,31/07/15,Larisa,39.63689,22.41761,141732,shop_5,lemon-boost,plastic,1.5lt,1.71,21664
3942,31/08/15,Larisa,39.63689,22.41761,141732,shop_5,lemon-boost,plastic,1.5lt,1.45,25252
4033,30/09/15,Larisa,39.63689,22.41761,141732,shop_5,lemon-boost,plastic,1.5lt,2.66,9183
4119,31/10/15,Larisa,39.63689,22.41761,141732,shop_5,lemon-boost,plastic,1.5lt,1.15,18370
4208,30/11/15,Larisa,39.63689,22.41761,141732,shop_5,lemon-boost,plastic,1.5lt,1.64,15442
4306,31/12/15,Larisa,39.63689,22.41761,141732,shop_5,lemon-boost,plastic,1.5lt,1.22,21414
4391,31/01/16,Larisa,39.63689,22.41761,142030,shop_5,lemon-boost,plastic,1.5lt,2,11458
4483,29/02/16,Larisa,39.63689,22.41761,142030,shop_5,lemon-boost,plastic,1.5lt,0.65,19048
73,31/01/12,Athens,37.96245,23.68708,672130,shop_3,kinder-cola,glass,500ml,1.57,5089
139,29/02/12,Athens,37.96245,23.68708,672130,shop_3,kinder-cola,glass,500ml,1.13,8191
228,31/03/12,Athens,37.96245,23.68708,672130,shop_3,kinder-cola,glass,500ml,1.24,10319
323,30/04/12,Athens,37.96245,23.68708,672130,shop_3,kinder-cola,glass,500ml,1.3,10271
409,31/05/12,Athens,37.96245,23.68708,672130,shop_3,kinder-cola,glass,500ml,1.59,7023
497,30/06/12,Athens,37.96245,23.68708,672130,shop_3,kinder-cola,glass,500ml,1.34,14594
621,31/07/12,Athens,37.96245,23.68708,672130,shop_3,kinder-cola,glass,500ml,1.19,17037
675,31/08/12,Athens,37.96245,23.68708,672130,shop_3,kinder-cola,glass,500ml,1.19,15223
772,30/09/12,Athens,37.96245,23.68708,672130,shop_3,kinder-cola,glass,500ml,1.36,9964
865,31/10/12,Athens,37.96245,23.68708,672130,shop_3,kinder-cola,glass,500ml,1.49,6713
952,30/11/12,Athens,37.96245,23.68708,672130,shop_3,kinder-cola,glass,500ml,1.38,7396
1040,31/12/12,Athens,37.96245,23.68708,672130,shop_3,kinder-cola,glass,500ml,1.19,9070
1132,31/01/13,Athens,37.96245,23.68708,671022,shop_3,kinder-cola,glass,500ml,1.26,8360
1218,28/02/13,Athens,37.96245,23.68708,671022,shop_3,kinder-cola,glass,500ml,1.1,8571
1313,31/03/13,Athens,37.96245,23.68708,671022,shop_3,kinder-cola,glass,500ml,1.16,11556
1401,30/04/13,Athens,37.96245,23.68708,671022,shop_3,kinder-cola,glass,500ml,1.19,12026
1493,31/05/13,Athens,37.96245,23.68708,671022,shop_3,kinder-cola,glass,500ml,1.53,8271
1579,30/06/13,Athens,37.96245,23.68708,671022,shop_3,kinder-cola,glass,500ml,1.16,18711
1670,31/07/13,Athens,37.96245,23.68708,671022,shop_3,kinder-cola,glass,500ml,1.56,10828
1790,31/08/13,Athens,37.96245,23.68708,671022,shop_3,kinder-cola,glass,500ml,1.32,13525
1852,30/09/13,Athens,37.96245,23.68708,671022,shop_3,kinder-cola,glass,500ml,1.35,10491
1967,31/10/13,Athens,37.96245,23.68708,671022,shop_3,kinder-cola,glass,500ml,1.83,3460
2055,30/11/13,Athens,37.96245,23.68708,671022,shop_3,kinder-cola,glass,500ml,1.1,10448
2155,31/12/13,Athens,37.96245,23.68708,671022,shop_3,kinder-cola,glass,500ml,1.45,6730
2230,31/01/14,Athens,37.96245,23.68708,668203,shop_3,kinder-cola,glass,500ml,1.03,10743
2298,28/02/14,Athens,37.96245,23.68708,668203,shop_3,kinder-cola,glass,500ml,1.34,6886
2389,31/03/14,Athens,37.96245,23.68708,668203,shop_3,kinder-cola,glass,500ml,1.51,7823
2485,30/04/14,Athens,37.96245,23.68708,668203,shop_3,kinder-cola,glass,500ml,1.64,6884
2572,31/05/14,Athens,37.96245,23.68708,668203,shop_3,kinder-cola,glass,500ml,1.1,14449
2663,30/06/14,Athens,37.96245,23.68708,668203,shop_3,kinder-cola,glass,500ml,1.08,20598
2748,31/07/14,Athens,37.96245,23.68708,668203,shop_3,kinder-cola,glass,500ml,1.73,8426
2837,31/08/14,Athens,37.96245,23.68708,668203,shop_3,kinder-cola,glass,500ml,1.11,17318
2932,30/09/14,Athens,37.96245,23.68708,668203,shop_3,kinder-cola,glass,500ml,0.95,16061
3022,31/10/14,Athens,37.96245,23.68708,668203,shop_3,kinder-cola,glass,500ml,1.28,9660
3113,30/11/14,Athens,37.96245,23.68708,668203,shop_3,kinder-cola,glass,500ml,1.23,9486
3195,31/12/14,Athens,37.96245,23.68708,668203,shop_3,kinder-cola,glass,500ml,1.47,6889
3288,31/01/15,Athens,37.96245,23.68708,667237,shop_3,kinder-cola,glass,500ml,1.12,10069
3379,28/02/15,Athens,37.96245,23.68708,667237,shop_3,kinder-cola,glass,500ml,1.72,4118
3474,31/03/15,Athens,37.96245,23.68708,667237,shop_3,kinder-cola,glass,500ml,1.23,11446
3581,30/04/15,Athens,37.96245,23.68708,667237,shop_3,kinder-cola,glass,500ml,1.54,8421
3650,31/05/15,Athens,37.96245,23.68708,667237,shop_3,kinder-cola,glass,500ml,1.06,15229
3737,30/06/15,Athens,37.96245,23.68708,667237,shop_3,kinder-cola,glass,500ml,1.47,13938
3865,31/07/15,Athens,37.96245,23.68708,667237,shop_3,kinder-cola,glass,500ml,1.69,9724
3944,31/08/15,Athens,37.96245,23.68708,667237,shop_3,kinder-cola,glass,500ml,0.9,20987
4011,30/09/15,Athens,37.96245,23.68708,667237,shop_3,kinder-cola,glass,500ml,1.67,7210
4097,31/10/15,Athens,37.96245,23.68708,667237,shop_3,kinder-cola,glass,500ml,0.78,15101
4187,30/11/15,Athens,37.96245,23.68708,667237,shop_3,kinder-cola,glass,500ml,0.95,12417
4318,31/12/15,Athens,37.96245,23.68708,667237,shop_3,kinder-cola,glass,500ml,0.9,12446
4367,31/01/16,Athens,37.96245,23.68708,665102,shop_3,kinder-cola,glass,500ml,1.4,7824
4490,29/02/16,Athens,37.96245,23.68708,665102,shop_3,kinder-cola,glass,500ml,1.23,8197
74,31/01/12,Thessaloniki,40.64361,22.93086,346502,shop_4,adult-cola,glass,500ml,1.05,20401
129,29/02/12,Thessaloniki,40.64361,22.93086,346502,shop_4,adult-cola,glass,500ml,1.19,11993
219,31/03/12,Thessaloniki,40.64361,22.93086,346502,shop_4,adult-cola,glass,500ml,1.06,29188
312,30/04/12,Thessaloniki,40.64361,22.93086,346502,shop_4,adult-cola,glass,500ml,1.13,33708
397,31/05/12,Thessaloniki,40.64361,22.93086,346502,shop_4,adult-cola,glass,500ml,1.34,23515
487,30/06/12,Thessaloniki,40.64361,22.93086,346502,shop_4,adult-cola,glass,500ml,1.15,33194
582,31/07/12,Thessaloniki,40.64361,22.93086,346502,shop_4,adult-cola,glass,500ml,1.11,38230
665,31/08/12,Thessaloniki,40.64361,22.93086,346502,shop_4,adult-cola,glass,500ml,1.26,31373
760,30/09/12,Thessaloniki,40.64361,22.93086,346502,shop_4,adult-cola,glass,500ml,1.05,33152
854,31/10/12,Thessaloniki,40.64361,22.93086,346502,shop_4,adult-cola,glass,500ml,1.24,20052
942,30/11/12,Thessaloniki,40.64361,22.93086,346502,shop_4,adult-cola,glass,500ml,1.09,25068
1079,31/12/12,Thessaloniki,40.64361,22.93086,346502,shop_4,adult-cola,glass,500ml,1.26,21803
1122,31/01/13,Thessaloniki,40.64361,22.93086,347001,shop_4,adult-cola,glass,500ml,1.29,14756
1208,28/02/13,Thessaloniki,40.64361,22.93086,347001,shop_4,adult-cola,glass,500ml,1.23,11651
1301,31/03/13,Thessaloniki,40.64361,22.93086,347001,shop_4,adult-cola,glass,500ml,1.11,28184
1390,30/04/13,Thessaloniki,40.64361,22.93086,347001,shop_4,adult-cola,glass,500ml,1.08,37235
1482,31/05/13,Thessaloniki,40.64361,22.93086,347001,shop_4,adult-cola,glass,500ml,1.1,37585
1569,30/06/13,Thessaloniki,40.64361,22.93086,347001,shop_4,adult-cola,glass,500ml,1.1,37017
1658,31/07/13,Thessaloniki,40.64361,22.93086,347001,shop_4,adult-cola,glass,500ml,1.13,38843
1749,31/08/13,Thessaloniki,40.64361,22.93086,347001,shop_4,adult-cola,glass,500ml,0.83,57506
1840,30/09/13,Thessaloniki,40.64361,22.93086,347001,shop_4,adult-cola,glass,500ml,1.23,26563
1930,31/10/13,Thessaloniki,40.64361,22.93086,347001,shop_4,adult-cola,glass,500ml,1,29528
2019,30/11/13,Thessaloniki,40.64361,22.93086,347001,shop_4,adult-cola,glass,500ml,1.15,24000
2111,31/12/13,Thessaloniki,40.64361,22.93086,347001,shop_4,adult-cola,glass,500ml,1.17,26378
2199,31/01/14,Thessaloniki,40.64361,22.93086,349232,shop_4,adult-cola,glass,500ml,1.44,11582
2288,28/02/14,Thessaloniki,40.64361,22.93086,349232,shop_4,adult-cola,glass,500ml,1.09,14894
2381,31/03/14,Thessaloniki,40.64361,22.93086,349232,shop_4,adult-cola,glass,500ml,1.07,30492
2474,30/04/14,Thessaloniki,40.64361,22.93086,349232,shop_4,adult-cola,glass,500ml,1.2,32960
2563,31/05/14,Thessaloniki,,22.93086,349232,shop_4,adult-cola,glass,500ml,1.07,40198
2692,30/06/14,Thessaloniki,40.64361,22.93086,349232,shop_4,adult-cola,glass,500ml,1.09,38660
2785,31/07/14,Thessaloniki,40.64361,22.93086,349232,shop_4,adult-cola,glass,500ml,1.17,37882
2828,31/08/14,Thessaloniki,40.64361,22.93086,349232,shop_4,adult-cola,glass,500ml,0.92,53766
2921,30/09/14,Thessaloniki,40.64361,22.93086,349232,shop_4,adult-cola,glass,500ml,0.96,39247
3011,31/10/14,Thessaloniki,40.64361,22.93086,349232,shop_4,adult-cola,glass,500ml,0.85,35304
3149,30/11/14,Thessaloniki,40.64361,22.93086,349232,shop_4,adult-cola,glass,500ml,1.14,25184
3187,31/12/14,Thessaloniki,40.64361,22.93086,349232,shop_4,adult-cola,glass,500ml,1.19,26738
3278,31/01/15,Thessaloniki,40.64361,22.93086,351650,shop_4,adult-cola,glass,500ml,1.2,18407
3368,28/02/15,Thessaloniki,40.64361,22.93086,351650,shop_4,adult-cola,glass,500ml,1.37,10082
3462,31/03/15,Thessaloniki,40.64361,22.93086,351650,shop_4,adult-cola,glass,500ml,1.47,16453
3547,30/04/15,Thessaloniki,40.64361,22.93086,351650,shop_4,adult-cola,glass,500ml,0.95,46043
3639,31/05/15,Thessaloniki,40.64361,22.93086,351650,shop_4,adult-cola,glass,500ml,1.1,39520
3729,30/06/15,Thessaloniki,40.64361,22.93086,351650,shop_4,adult-cola,glass,500ml,1.27,31103
3820,31/07/15,Thessaloniki,40.64361,22.93086,351650,shop_4,adult-cola,glass,500ml,1.06,44821
3908,31/08/15,Thessaloniki,40.64361,22.93086,351650,shop_4,adult-cola,glass,500ml,1.13,43510
4000,30/09/15,Thessaloniki,40.64361,22.93086,351650,shop_4,adult-cola,glass,500ml,1.25,27803
4087,31/10/15,Thessaloniki,40.64361,22.93086,351650,shop_4,adult-cola,glass,500ml,1.01,30556
4179,30/11/15,Thessaloniki,40.64361,22.93086,351650,shop_4,adult-cola,glass,500ml,1.22,23399
4270,31/12/15,Thessaloniki,40.64361,22.93086,351650,shop_4,adult-cola,glass,500ml,1.24,25675
4357,31/01/16,Thessaloniki,40.64361,22.93086,351702,shop_4,adult-cola,glass,500ml,1.02,23563
4448,29/02/16,Thessaloniki,40.64361,22.93086,351702,shop_4,adult-cola,glass,500ml,1.02,16907
