train.csv
id,date,city,lat,long,pop,shop,brand,container,capacity,price,quantity
75,31/01/12,Athens,37.97945,23.71622,672130,shop_1,gazoza,can,330ml,0.4,16367
98,29/02/12,Athens,37.97945,23.71622,672130,shop_1,gazoza,can,330ml,0.23,41963
267,31/03/12,Athens,37.97945,23.71622,672130,shop_1,gazoza,can,330ml,0.2,67246
280,30/04/12,Athens,,23.71622,672130,shop_1,gazoza,can,330ml,0.27,54223
369,31/05/12,Athens,37.97945,23.71622,672130,shop_1,gazoza,can,330ml,0.27,64702
456,30/06/12,Athens,37.97945,23.71622,672130,shop_1,gazoza,can,330ml,0.3,69978
549,31/07/12,Athens,37.97945,23.71622,672130,shop_1,gazoza,can,330ml,0.22,86420
713,31/08/12,Athens,37.97945,23.71622,672130,shop_1,gazoza,can,330ml,0.27,57779
730,30/09/12,Athens,37.97945,23.71622,672130,shop_1,gazoza,can,330ml,0.28,53922
819,31/10/12,Athens,37.97945,23.71622,672130,shop_1,gazoza,can,330ml,0.27,57172
985,30/11/12,Athens,37.97945,23.71622,672130,shop_1,gazoza,can,330ml,0.11,69182
999,31/12/12,Athens,37.97945,23.71622,672130,shop_1,gazoza,can,330ml,0.24,54655
1091,31/01/13,Athens,37.97945,23.71622,671022,shop_1,gazoza,can,330ml,0.36,24232
1178,28/02/13,Athens,37.97945,23.71622,671022,shop_1,gazoza,can,330ml,0.19,47582
1269,31/03/13,Athens,37.97945,23.71622,671022,shop_1,gazoza,can,330ml,0.33,41040
1360,30/04/13,Athens,37.97945,23.71622,671022,shop_1,gazoza,can,330ml,0.29,51748
1521,31/05/13,Athens,37.97945,23.71622,671022,shop_1,gazoza,can,330ml,0.3,60296
1538,30/06/13,Athens,37.97945,23.71622,671022,shop_1,gazoza,can,330ml,0.2,100994
1700,31/07/13,Athens,37.97945,23.71622,671022,shop_1,gazoza,can,330ml,0.33,56475
1786,31/08/13,Athens,37.97945,23.71622,671022,shop_1,gazoza,can,330ml,0.29,54203
1809,30/09/13,Athens,37.97945,23.71622,671022,shop_1,gazoza,can,330ml,0.36,36890
1898,31/10/13,Athens,37.97945,23.71622,671022,shop_1,gazoza,can,330ml,0.25,64253
1987,30/11/13,Athens,37.97945,23.71622,671022,shop_1,gazoza,can,330ml,0.35,29062
2078,31/12/13,Athens,37.97945,23.71622,671022,shop_1,gazoza,can,330ml,0.3,43629
2170,31/01/14,Athens,37.97945,23.71622,668203,shop_1,gazoza,can,330ml,0.21,45892
2258,28/02/14,Athens,37.97945,23.71622,668203,shop_1,gazoza,can,330ml,0.34,27518
2350,31/03/14,Athens,37.97945,23.71622,668203,shop_1,gazoza,can,330ml,0.36,36672
2441,30/04/14,Athens,37.97945,23.71622,668203,shop_1,gazoza,can,330ml,0.3,50015
2531,31/05/14,Athens,37.97945,23.71622,668203,shop_1,gazoza,can,330ml,0.31,58718
2620,30/06/14,Athens,37.97945,23.71622,668203,shop_1,gazoza,can,330ml,0.39,46366
2708,31/07/14,Athens,37.97945,23.71622,668203,shop_1,gazoza,can,330ml,0.4,38962
2797,31/08/14,Athens,37.97945,23.71622,668203,shop_1,gazoza,can,330ml,0.38,36450
2956,30/09/14,Athens,37.97945,23.71622,668203,shop_1,gazoza,can,330ml,0.4,30884
2979,31/10/14,Athens,37.97945,23.71622,668203,shop_1,gazoza,can,330ml,0.37,38763
3067,30/11/14,Athens,37.97945,23.71622,668203,shop_1,gazoza,can,330ml,0.39,23934
3158,31/12/14,Athens,37.97945,23.71622,668203,shop_1,gazoza,can,330ml,0.3,44801
3247,31/01/15,Athens,37.97945,23.71622,667237,shop_1,gazoza,can,330ml,0.37,24228
3339,28/02/15,Athens,37.97945,23.71622,667237,shop_1,gazoza,can,330ml,0.42,17775
3431,31/03/15,Athens,37.97945,23.71622,667237,shop_1,gazoza,can,330ml,0.38,34339
3520,30/04/15,Athens,37.97945,23.71622,667237,shop_1,gazoza,can,330ml,0.43,25159
3686,31/05/15,Athens,37.97945,23.71622,667237,shop_1,gazoza,can,330ml,0.4,38536
3701,30/06/15,Athens,37.97945,23.71622,667237,shop_1,gazoza,can,330ml,0.36,56576
3790,31/07/15,Athens,37.97945,23.71622,667237,shop_1,gazoza,can,330ml,0.31,67293
3879,31/08/15,Athens,37.97945,23.71622,667237,shop_1,gazoza,can,330ml,0.35,43654
3968,30/09/15,Athens,37.97945,23.71622,667237,shop_1,gazoza,can,330ml,0.33,48293
4059,31/10/15,Athens,37.97945,23.71622,667237,shop_1,gazoza,can,330ml,0.41,31284
4147,30/11/15,Athens,37.97945,23.71622,667237,shop_1,gazoza,can,330ml,0.27,44491
4238,31/12/15,Athens,37.97945,23.71622,667237,shop_1,gazoza,can,330ml,0.41,25521
4329,31/01/16,Athens,37.97945,23.71622,665102,shop_1,gazoza,can,330ml,0.39,22326
4417,29/02/16,Athens,37.97945,23.71622,665102,shop_1,gazoza,can,330ml,0.35,28285
76,31/01/12,Irakleion,35.32787,25.14341,134219,shop_2,orange-power,plastic,1.5lt,1.27,25347
108,29/02/12,Irakleion,35.32787,,134219,shop_2,orange-power,plastic,1.5lt,1.96,13305
195,31/03/12,Irakleion,35.32787,25.14341,134219,shop_2,orange-power,plastic,1.5lt,1.43,28770
290,30/04/12,Irakleion,35.32787,25.14341,134219,shop_2,orange-power,plastic,1.5lt,1.97,20046
376,31/05/12,Irakleion,35.32787,25.14341,134219,shop_2,orange-power,plastic,1.5lt,0.92,49332
533,30/06/12,Irakleion,35.32787,25.14341,134219,shop_2,orange-power,plastic,1.5lt,1.81,34967
559,31/07/12,Irakleion,,,134219,shop_2,orange-power,plastic,1.5lt,1.92,29726
715,31/08/12,Irakleion,35.32787,25.14341,134219,shop_2,orange-power,plastic,1.5lt,1.31,44174
797,30/09/12,Irakleion,35.32787,25.14341,134219,shop_2,orange-power,plastic,1.5lt,2.09,17097
829,31/10/12,Irakleion,35.32787,25.14341,134219,shop_2,orange-power,plastic,1.5lt,2.11,15553
920,30/11/12,Irakleion,35.32787,25.14341,134219,shop_2,orange-power,plastic,1.5lt,0.86,53058
1009,31/12/12,Irakleion,35.32787,25.14341,134219,shop_2,orange-power,plastic,1.5lt,1.55,30256
1166,31/01/13,Irakleion,35.32787,25.14341,135432,shop_2,orange-power,plastic,1.5lt,1.61,21205
1187,28/02/13,Irakleion,35.32787,25.14341,135432,shop_2,orange-power,plastic,1.5lt,1.69,16893
1335,31/03/13,Irakleion,35.32787,25.14341,135432,shop_2,orange-power,plastic,1.5lt,1.77,23586
1368,30/04/13,Irakleion,35.32787,25.14341,135432,shop_2,orange-power,plastic,1.5lt,1.22,33860
1459,31/05/13,Irakleion,35.32787,25.14341,135432,shop_2,orange-power,plastic,1.5lt,1.85,29286
1547,30/06/13,Irakleion,35.32787,25.14341,135432,shop_2,orange-power,plastic,1.5lt,1.91,33266
1636,31/07/13,Irakleion,35.32787,25.14341,135432,shop_2,orange-power,plastic,1.5lt,2,28726
1728,31/08/13,Irakleion,35.32787,25.14341,135432,shop_2,orange-power,plastic,1.5lt,1.1,49785
1885,30/09/13,Irakleion,35.32787,25.14341,135432,shop_2,orange-power,plastic,1.5lt,1.62,25687
1909,31/10/13,Irakleion,35.32787,25.14341,135432,shop_2,orange-power,plastic,1.5lt,1.62,23706
1996,30/11/13,Irakleion,35.32787,25.14341,135432,shop_2,orange-power,plastic,1.5lt,1.94,19066
2087,31/12/13,Irakleion,35.32787,25.14341,135432,shop_2,orange-power,plastic,1.5lt,1.11,39213
2249,31/01/14,Irakleion,35.32787,25.14341,136202,shop_2,orange-power,plastic,1.5lt,1.88,18071
2265,28/02/14,Irakleion,35.32787,25.14341,136202,shop_2,orange-power,plastic,1.5lt,2.18,11810
2359,31/03/14,Irakleion,35.32787,25.14341,136202,shop_2,orange-power,plastic,1.5lt,1.62,26724
2512,30/04/14,Irakleion,35.32787,25.14341,136202,shop_2,orange-power,plastic,1.5lt,1.41,30972
2541,31/05/14,Irakleion,35.32787,25.14341,136202,shop_2,orange-power,plastic,1.5lt,1.94,28200
2631,30/06/14,Irakleion,35.32787,25.14341,136202,shop_2,orange-power,plastic,1.5lt,1.43,46865
2779,31/07/14,Irakleion,35.32787,25.14341,136202,shop_2,orange-power,plastic,1.5lt,0.98,54289
2807,31/08/14,Irakleion,35.32787,25.14341,136202,shop_2,orange-power,plastic,1.5lt,2.13,26197
2897,30/09/14,Irakleion,35.32787,25.14341,136202,shop_2,orange-power,plastic,1.5lt,1.85,22438
2987,31/10/14,Irakleion,35.32787,25.14341,136202,shop_2,orange-power,plastic,1.5lt,1.97,19011
3077,30/11/14,Irakleion,35.32787,25.14341,136202,shop_2,orange-power,plastic,1.5lt,0.96,34600
3167,31/12/14,Irakleion,35.32787,25.14341,136202,shop_2,orange-power,plastic,1.5lt,1.56,31397
3255,31/01/15,Irakleion,35.32787,25.14341,138560,shop_2,orange-power,plastic,1.5lt,1.3,26083
3348,28/02/15,Irakleion,35.32787,25.14341,138560,shop_2,orange-power,plastic,1.5lt,1.12,23945
3440,31/03/15,Irakleion,35.32787,25.14341,138560,shop_2,orange-power,plastic,1.5lt,1.51,29056
3584,30/04/15,Irakleion,35.32787,25.14341,138560,shop_2,orange-power,plastic,1.5lt,1.61,28201
3615,31/05/15,Irakleion,35.32787,25.14341,138560,shop_2,orange-power,plastic,1.5lt,1.52,37972
3711,30/06/15,Irakleion,35.32787,25.14341,138560,shop_2,orange-power,plastic,1.5lt,2.03,32458
3798,31/07/15,Irakleion,35.32787,25.14341,138560,shop_2,orange-power,plastic,1.5lt,2.07,29170
3886,31/08/15,Irakleion,35.32787,25.14341,138560,shop_2,orange-power,plastic,1.5lt,2.13,27107
3978,30/09/15,Irakleion,35.32787,25.14341,138560,shop_2,orange-power,plastic,1.5lt,1.59,27200
4066,31/10/15,Irakleion,35.32787,25.14341,138560,shop_2,orange-power,plastic,1.5lt,1.7,23627
4157,30/11/15,Irakleion,35.32787,25.14341,138560,shop_2,orange-power,plastic,1.5lt,2.33,14484
4246,31/12/15,Irakleion,35.32787,25.14341,138560,shop_2,orange-power,plastic,1.5lt,1.35,35809
4340,31/01/16,Irakleion,35.32787,25.14341,137302,shop_2,orange-power,plastic,1.5lt,2.16,15561
4426,29/02/16,Irakleion,35.32787,25.14341,137302,shop_2,orange-power,plastic,1.5lt,1.96,15145
77,31/01/12,Irakleion,35.32787,25.14341,134219,shop_2,adult-cola,plastic,1.5lt,2.61,15126
106,29/02/12,Irakleion,35.32787,25.14341,134219,shop_2,adult-cola,plastic,1.5lt,1.61,12356
193,31/03/12,Irakleion,35.32787,25.14341,134219,shop_2,adult-cola,plastic,1.5lt,2.73,15019
287,30/04/12,Irakleion,35.32787,25.14341,134219,shop_2,adult-cola,plastic,1.5lt,2.77,15893
444,31/05/12,Irakleion,35.32787,25.14341,134219,shop_2,adult-cola,plastic,1.5lt,2.68,23151
463,30/06/12,Irakleion,35.32787,25.14341,134219,shop_2,adult-cola,plastic,1.5lt,3.11,17879
556,31/07/12,Irakleion,35.32787,25.14341,134219,shop_2,adult-cola,plastic,1.5lt,2.57,24060
642,31/08/12,Irakleion,35.32787,25.14341,134219,shop_2,adult-cola,plastic,1.5lt,3.11,19079
738,30/09/12,Irakleion,35.32787,25.14341,134219,shop_2,adult-cola,plastic,1.5lt,3.23,12178
827,31/10/12,Irakleion,35.32787,25.14341,134219,shop_2,adult-cola,plastic,1.5lt,3.2,13376
917,30/11/12,Irakleion,35.32787,25.14341,134219,shop_2,adult-cola,plastic,1.5lt,2.93,12200
1007,31/12/12,Irakleion,35.32787,25.14341,134219,shop_2,adult-cola,plastic,1.5lt,2.65,18689
1099,31/01/13,Irakleion,35.32787,25.14341,135432,shop_2,adult-cola,plastic,1.5lt,3.31,10362
1185,28/02/13,Irakleion,35.32787,25.14341,135432,shop_2,adult-cola,plastic,1.5lt,2.73,7977
1277,31/03/13,Irakleion,35.32787,25.14341,135432,shop_2,adult-cola,plastic,1.5lt,2.27,19130
1366,30/04/13,Irakleion,35.32787,25.14341,135432,shop_2,adult-cola,plastic,1.5lt,1.8,24667
1456,31/05/13,Irakleion,35.32787,25.14341,135432,shop_2,adult-cola,plastic,1.5lt,2.52,25702
1545,30/06/13,Irakleion,35.32787,25.14341,135432,shop_2,adult-cola,plastic,1.5lt,2.18,29728
1633,31/07/13,Irakleion,35.32787,25.14341,135432,shop_2,adult-cola,plastic,1.5lt,2.03,30925
1726,31/08/13,Irakleion,35.32787,25.14341,135432,shop_2,adult-cola,plastic,1.5lt,2.86,23204
1876,30/09/13,Irakleion,35.32787,25.14341,135432,shop_2,adult-cola,plastic,1.5lt,1.85,24832
1906,31/10/13,Irakleion,35.32787,25.14341,135432,shop_2,adult-cola,plastic,1.5lt,1.96,25542
2068,30/11/13,Irakleion,35.32787,25.14341,135432,shop_2,adult-cola,plastic,1.5lt,1.91,19960
2084,31/12/13,Irakleion,35.32787,25.14341,135432,shop_2,adult-cola,plastic,1.5lt,1.94,25897
2177,31/01/14,Irakleion,35.32787,25.14341,136202,shop_2,adult-cola,plastic,1.5lt,1.56,23642
2326,28/02/14,Irakleion,35.32787,25.14341,136202,shop_2,adult-cola,plastic,1.5lt,2.84,7753
2416,31/03/14,Irakleion,35.32787,25.14341,136202,shop_2,adult-cola,plastic,1.5lt,3.29,11707
2448,30/04/14,Irakleion,35.32787,25.14341,136202,shop_2,adult-cola,plastic,1.5lt,3.09,14269
2539,31/05/14,Irakleion,35.32787,25.14341,136202,shop_2,adult-cola,plastic,1.5lt,2.22,29840
2628,30/06/14,Irakleion,35.32787,25.14341,136202,shop_2,adult-cola,plastic,1.5lt,2.36,28117
2715,31/07/14,Irakleion,35.32787,25.14341,136202,shop_2,adult-cola,plastic,1.5lt,3.32,16859
2804,31/08/14,Irakleion,35.32787,25.14341,136202,shop_2,adult-cola,plastic,1.5lt,1.77,37356
2968,30/09/14,Irakleion,35.32787,25.14341,136202,shop_2,adult-cola,plastic,1.5lt,2.14,22743
3057,31/10/14,Irakleion,35.32787,25.14341,136202,shop_2,adult-cola,plastic,1.5lt,2.51,20918
3074,30/11/14,Irakleion,35.32787,25.14341,136202,shop_2,adult-cola,plastic,1.5lt,2.94,13063
3165,31/12/14,Irakleion,35.32787,25.14341,136202,shop_2,adult-cola,plastic,1.5lt,2.86,17795
3321,31/01/15,Irakleion,35.32787,25.14341,138560,shop_2,adult-cola,plastic,1.5lt,0.59,30847
3417,28/02/15,Irakleion,35.32787,25.14341,138560,shop_2,adult-cola,plastic,1.5lt,2.46,9482
3505,31/03/15,Irakleion,35.32787,25.14341,138560,shop_2,adult-cola,plastic,1.5lt,2.39,18991
3526,30/04/15,Irakleion,35.32787,25.14341,138560,shop_2,adult-cola,plastic,1.5lt,2.21,21998
3612,31/05/15,Irakleion,35.32787,25.14341,138560,shop_2,adult-cola,plastic,1.5lt,2.23,30267
3708,30/06/15,Irakleion,35.32787,25.14341,138560,shop_2,adult-cola,plastic,1.5lt,3.1,20433
3859,31/07/15,Irakleion,35.32787,25.14341,138560,shop_2,adult-cola,plastic,1.5lt,2.51,26599
3945,31/08/15,Irakleion,35.32787,25.14341,138560,shop_2,adult-cola,plastic,1.5lt,1.9,36164
3975,30/09/15,Irakleion,35.32787,25.14341,138560,shop_2,adult-cola,plastic,1.5lt,3.78,9451
4064,31/10/15,Irakleion,35.32787,25.14341,138560,shop_2,adult-cola,plastic,1.5lt,1.73,28357
4154,30/11/15,Irakleion,35.32787,25.14341,138560,shop_2,adult-cola,plastic,1.5lt,2.42,17010
4313,31/12/15,Irakleion,35.32787,25.14341,138560,shop_2,adult-cola,plastic,1.5lt,2.53,21380
4337,31/01/16,Irakleion,35.32787,25.14341,137302,shop_2,adult-cola,plastic,1.5lt,2.94,14489
4425,29/02/16,Irakleion,35.32787,25.14341,137302,shop_2,adult-cola,plastic,1.5lt,2.18,10741
78,31/01/12,Patra,38.24444,21.73444,164250,shop_6,lemon-boost,glass,500ml,0.86,26717
123,29/02/12,Patra,38.24444,21.73444,164250,shop_6,lemon-boost,glass,500ml,0.84,24260
265,31/03/12,Patra,38.24444,21.73444,164250,shop_6,lemon-boost,glass,500ml,0.91,28679
306,30/04/12,Patra,38.24444,21.73444,164250,shop_6,lemon-boost,glass,500ml,0.89,34931
392,31/05/12,Patra,38.24444,21.73444,164250,shop_6,lemon-boost,glass,500ml,0.91,37742
482,30/06/12,Patra,38.24444,21.73444,164250,shop_6,lemon-boost,glass,500ml,1.04,36723
576,31/07/12,Patra,38.24444,21.73444,164250,shop_6,lemon-boost,glass,500ml,0.91,48616
706,31/08/12,Patra,38.24444,21.73444,164250,shop_6,lemon-boost,glass,500ml,0.8,57291
804,30/09/12,Patra,38.24444,21.73444,164250,shop_6,lemon-boost,glass,500ml,0.9,36908
848,31/10/12,Patra,38.24444,21.73444,164250,shop_6,lemon-boost,glass,500ml,0.73,35038
938,30/11/12,Patra,38.24444,21.73444,164250,shop_6,lemon-boost,glass,500ml,1.04,21501
1076,31/12/12,Patra,38.24444,21.73444,164250,shop_6,lemon-boost,glass,500ml,0.99,24650
1118,31/01/13,Patra,38.24444,21.73444,166301,shop_6,lemon-boost,glass,500ml,1.12,16827
1202,28/02/13,Patra,38.24444,21.73444,166301,shop_6,lemon-boost,glass,500ml,1,19153
1296,31/03/13,Patra,38.24444,21.73444,166301,shop_6,lemon-boost,glass,500ml,0.97,26711
1384,30/04/13,Patra,38.24444,21.73444,166301,shop_6,lemon-boost,glass,500ml,1.02,28517
1477,31/05/13,Patra,38.24444,21.73444,166301,shop_6,lemon-boost,glass,500ml,1.17,22841
1564,30/06/13,Patra,38.24444,21.73444,166301,shop_6,lemon-boost,glass,500ml,0.95,45188
1652,31/07/13,Patra,38.24444,21.73444,166301,shop_6,lemon-boost,glass,500ml,0.87,53485
1743,31/08/13,Patra,38.24444,21.73444,166301,shop_6,lemon-boost,glass,500ml,0.97,44873
1834,30/09/13,Patra,38.24444,21.73444,166301,shop_6,lemon-boost,glass,500ml,0.86,40148
1974,31/10/13,Patra,38.24444,21.73444,166301,shop_6,lemon-boost,glass,500ml,0.7,37392
2013,30/11/13,Patra,38.24444,21.73444,166301,shop_6,lemon-boost,glass,500ml,1.02,23604
2105,31/12/13,Patra,38.24444,21.73444,166301,shop_6,lemon-boost,glass,500ml,0.92,29138
2193,31/01/14,Patra,38.24444,21.73444,167242,shop_6,lemon-boost,glass,500ml,0.9,26646
2283,28/02/14,Patra,38.24444,21.73444,167242,shop_6,lemon-boost,glass,500ml,0.91,23405
2418,31/03/14,Patra,38.24444,21.73444,167242,shop_6,lemon-boost,glass,500ml,0.86,32726
2468,30/04/14,Patra,38.24444,21.73444,167242,shop_6,lemon-boost,glass,500ml,0.91,35844
2558,31/05/14,Patra,38.24444,21.73444,167242,shop_6,lemon-boost,glass,500ml,0.93,39375
2647,30/06/14,Patra,38.24444,21.73444,167242,shop_6,lemon-boost,glass,500ml,1.07,37660
2777,31/07/14,Patra,38.24444,21.73444,167242,shop_6,lemon-boost,glass,500ml,1.08,38718
2822,31/08/14,Patra,38.24444,21.73444,167242,shop_6,lemon-boost,glass,500ml,1.01,43750
2915,30/09/14,Patra,38.24444,21.73444,167242,shop_6,lemon-boost,glass,500ml,0.71,50004
3005,31/10/14,Patra,38.24444,21.73444,167242,shop_6,lemon-boost,glass,500ml,0.98,25747
3096,30/11/14,Patra,38.24444,21.73444,167242,shop_6,lemon-boost,glass,500ml,0.77,35535
3181,31/12/14,Patra,38.24444,21.73444,167242,shop_6,lemon-boost,glass,500ml,0.84,33985
3272,31/01/15,Patra,38.24444,21.73444,167001,shop_6,lemon-boost,glass,500ml,0.89,27890
3364,28/02/15,Patra,38.24444,21.73444,167001,shop_6,lemon-boost,glass,500ml,0.86,25836
3457,31/03/15,Patra,38.24444,21.73444,167001,shop_6,lemon-boost,glass,500ml,0.94,29995
3593,30/04/15,Patra,38.24444,21.73444,167001,shop_6,lemon-boost,glass,500ml,1.01,31938
3633,31/05/15,Patra,38.24444,21.73444,167001,shop_6,lemon-boost,glass,500ml,0.95,39169
3723,30/06/15,Patra,38.24444,21.73444,167001,shop_6,lemon-boost,glass,500ml,0.83,57315
3815,31/07/15,Patra,38.24444,21.73444,167001,shop_6,lemon-boost,glass,500ml,0.93,51848
3904,31/08/15,Patra,38.24444,21.73444,167001,shop_6,lemon-boost,glass,500ml,1.04,42923
4037,30/09/15,Patra,38.24444,21.73444,167001,shop_6,lemon-boost,glass,500ml,1.18,24007
4082,31/10/15,Patra,38.24444,21.73444,167001,shop_6,lemon-boost,glass,500ml,1.1,21541
4218,30/11/15,Patra,38.24444,21.73444,167001,shop_6,lemon-boost,glass,500ml,0.81,34409
4264,31/12/15,Patra,38.24444,21.73444,167001,shop_6,lemon-boost,glass,500ml,0.89,32520
4355,31/01/16,Patra,38.24444,21.73444,168254,shop_6,lemon-boost,glass,500ml,1.15,18765
4442,29/02/16,Patra,38.24444,21.73444,168254,shop_6,lemon-boost,glass,500ml,1.05,19792
