train.csv
id,date,city,lat,long,pop,shop,brand,container,capacity,price,quantity
79,31/01/12,Thessaloniki,40.64361,22.93086,346502,shop_4,gazoza,plastic,1.5lt,0.71,42833
169,29/02/12,Thessaloniki,40.64361,22.93086,346502,shop_4,gazoza,plastic,1.5lt,0.38,38461
224,31/03/12,Thessaloniki,40.64361,22.93086,346502,shop_4,gazoza,plastic,1.5lt,0.6,50316
318,30/04/12,Thessaloniki,40.64361,22.93086,346502,shop_4,gazoza,plastic,1.5lt,0.85,39721
404,31/05/12,Thessaloniki,40.64361,22.93086,346502,shop_4,gazoza,plastic,1.5lt,0.42,73778
493,30/06/12,Thessaloniki,40.64361,22.93086,346502,shop_4,gazoza,plastic,1.5lt,1.1,39616
589,31/07/12,Thessaloniki,40.64361,22.93086,346502,shop_4,gazoza,plastic,1.5lt,0.47,99637
671,31/08/12,Thessaloniki,40.64361,22.93086,346502,shop_4,gazoza,plastic,1.5lt,0.97,49616
767,30/09/12,Thessaloniki,40.64361,22.93086,346502,shop_4,gazoza,plastic,1.5lt,0.79,47744
860,31/10/12,Thessaloniki,40.64361,22.93086,346502,shop_4,gazoza,plastic,1.5lt,1.04,28805
948,30/11/12,Thessaloniki,40.64361,22.93086,346502,shop_4,gazoza,plastic,1.5lt,0.89,31812
1035,31/12/12,Thessaloniki,40.64361,22.93086,346502,shop_4,gazoza,plastic,1.5lt,0.79,43113
1128,31/01/13,Thessaloniki,40.64361,22.93086,347001,shop_4,gazoza,plastic,1.5lt,0.8,40186
1214,28/02/13,Thessaloniki,40.64361,22.93086,347001,shop_4,gazoza,plastic,1.5lt,0.89,26065
1308,31/03/13,Thessaloniki,40.64361,22.93086,347001,shop_4,gazoza,plastic,1.5lt,0.56,52415
1396,30/04/13,Thessaloniki,40.64361,22.93086,347001,shop_4,gazoza,plastic,1.5lt,0.64,47861
1489,31/05/13,Thessaloniki,40.64361,22.93086,347001,shop_4,gazoza,plastic,1.5lt,1.03,44668
1575,30/06/13,Thessaloniki,40.64361,22.93086,347001,shop_4,gazoza,plastic,1.5lt,0.73,58876
1665,31/07/13,Thessaloniki,40.64361,22.93086,347001,shop_4,gazoza,plastic,1.5lt,1.02,62879
1754,31/08/13,Thessaloniki,40.64361,22.93086,347001,shop_4,gazoza,plastic,1.5lt,0.5,75500
1936,31/10/13,Thessaloniki,40.64361,22.93086,347001,shop_4,gazoza,plastic,1.5lt,0.91,33585
2025,30/11/13,Thessaloniki,40.64361,22.93086,347001,shop_4,gazoza,plastic,1.5lt,0.99,29589
2117,31/12/13,Thessaloniki,40.64361,22.93086,347001,shop_4,gazoza,plastic,1.5lt,1.02,35072
2205,31/01/14,Thessaloniki,40.64361,22.93086,349232,shop_4,gazoza,plastic,1.5lt,0.97,35076
2327,28/02/14,Thessaloniki,40.64361,22.93086,349232,shop_4,gazoza,plastic,1.5lt,1.57,9974
2423,31/03/14,Thessaloniki,40.64361,22.93086,349232,shop_4,gazoza,plastic,1.5lt,1.22,28285
2480,30/04/14,Thessaloniki,40.64361,22.93086,349232,shop_4,gazoza,plastic,1.5lt,1.38,21725
2569,31/05/14,Thessaloniki,40.64361,22.93086,349232,shop_4,gazoza,plastic,1.5lt,1.09,42852
2658,30/06/14,Thessaloniki,40.64361,22.93086,349232,shop_4,gazoza,plastic,1.5lt,0.58,66774
2782,31/07/14,Thessaloniki,40.64361,22.93086,349232,shop_4,gazoza,plastic,1.5lt,0.91,71844
2832,31/08/14,Thessaloniki,40.64361,22.93086,349232,shop_4,gazoza,plastic,1.5lt,1.04,48286
2927,30/09/14,Thessaloniki,40.64361,22.93086,349232,shop_4,gazoza,plastic,1.5lt,1.03,39233
3017,31/10/14,Thessaloniki,40.64361,22.93086,349232,shop_4,gazoza,plastic,1.5lt,0.95,33168
3108,30/11/14,Thessaloniki,40.64361,22.93086,349232,shop_4,gazoza,plastic,1.5lt,0.98,30314
3193,31/12/14,Thessaloniki,40.64361,22.93086,349232,shop_4,gazoza,plastic,1.5lt,0.93,39366
3283,31/01/15,Thessaloniki,40.64361,22.93086,351650,shop_4,gazoza,plastic,1.5lt,1.42,20622
3374,28/02/15,Thessaloniki,40.64361,22.93086,351650,shop_4,gazoza,plastic,1.5lt,1.24,18709
3469,31/03/15,Thessaloniki,40.64361,22.93086,351650,shop_4,gazoza,plastic,1.5lt,1.47,20340
3551,30/04/15,Thessaloniki,40.64361,22.93086,351650,shop_4,gazoza,plastic,1.5lt,1.13,31845
3645,31/05/15,Thessaloniki,40.64361,22.93086,351650,shop_4,gazoza,plastic,1.5lt,0.83,55977
3733,30/06/15,Thessaloniki,40.64361,22.93086,351650,shop_4,gazoza,plastic,1.5lt,1.09,43739
3826,31/07/15,Thessaloniki,40.64361,22.93086,351650,shop_4,gazoza,plastic,1.5lt,1.37,42914
3915,31/08/15,Thessaloniki,40.64361,22.93086,351650,shop_4,gazoza,plastic,1.5lt,1.5,26590
4007,30/09/15,Thessaloniki,40.64361,22.93086,351650,shop_4,gazoza,plastic,1.5lt,1.12,36409
4092,31/10/15,Thessaloniki,40.64361,22.93086,351650,shop_4,gazoza,plastic,1.5lt,0.84,37249
4227,30/11/15,Thessaloniki,40.64361,22.93086,351650,shop_4,gazoza,plastic,1.5lt,0.98,31140
4277,31/12/15,Thessaloniki,40.64361,22.93086,351650,shop_4,gazoza,plastic,1.5lt,1.2,30400
4363,31/01/16,Thessaloniki,40.64361,22.93086,351702,shop_4,gazoza,plastic,1.5lt,1.18,29608
4454,29/02/16,Thessaloniki,40.64361,22.93086,351702,shop_4,gazoza,plastic,1.5lt,0.94,26237
80,31/01/12,Thessaloniki,40.64361,22.93086,346502,shop_4,kinder-cola,glass,500ml,1.39,11406
126,29/02/12,Thessaloniki,40.64361,22.93086,346502,shop_4,kinder-cola,glass,500ml,1.44,8015
216,31/03/12,Thessaloniki,40.64361,22.93086,346502,shop_4,kinder-cola,glass,500ml,1.6,9557
309,30/04/12,Thessaloniki,40.64361,22.93086,346502,shop_4,kinder-cola,glass,500ml,1.33,14495
395,31/05/12,Thessaloniki,40.64361,22.93086,346502,shop_4,kinder-cola,glass,500ml,1.39,19858
485,30/06/12,Thessaloniki,40.64361,22.93086,346502,shop_4,kinder-cola,glass,500ml,1.24,23369
579,31/07/12,Thessaloniki,40.64361,22.93086,346502,shop_4,kinder-cola,glass,500ml,1.27,25177
662,31/08/12,Thessaloniki,40.64361,22.93086,346502,shop_4,kinder-cola,glass,500ml,1.19,22061
757,30/09/12,Thessaloniki,40.64361,22.93086,346502,shop_4,kinder-cola,glass,500ml,1.55,12310
851,31/10/12,Thessaloniki,40.64361,22.93086,346502,shop_4,kinder-cola,glass,500ml,1.21,16794
940,30/11/12,Thessaloniki,40.64361,22.93086,346502,shop_4,kinder-cola,glass,500ml,1.38,11537
1065,31/12/12,Thessaloniki,40.64361,22.93086,346502,shop_4,kinder-cola,glass,500ml,1.24,17085
1119,31/01/13,Thessaloniki,40.64361,22.93086,347001,shop_4,kinder-cola,glass,500ml,1.3,13384
1205,28/02/13,Thessaloniki,40.64361,22.93086,347001,shop_4,kinder-cola,glass,500ml,1.24,10802
1299,31/03/13,Thessaloniki,40.64361,22.93086,347001,shop_4,kinder-cola,glass,500ml,1.11,19207
1387,30/04/13,Thessaloniki,40.64361,22.93086,347001,shop_4,kinder-cola,glass,500ml,0.99,21247
1480,31/05/13,Thessaloniki,40.64361,22.93086,347001,shop_4,kinder-cola,glass,500ml,1,31371
1567,30/06/13,Thessaloniki,40.64361,22.93086,347001,shop_4,kinder-cola,glass,500ml,1.23,24352
1655,31/07/13,Thessaloniki,40.64361,22.93086,347001,shop_4,kinder-cola,glass,500ml,1.29,25336
1746,31/08/13,Thessaloniki,40.64361,22.93086,347001,shop_4,kinder-cola,glass,500ml,0.91,29327
1837,30/09/13,Thessaloniki,40.64361,22.93086,347001,shop_4,kinder-cola,glass,500ml,1.31,18270
1927,31/10/13,Thessaloniki,40.64361,22.93086,347001,shop_4,kinder-cola,glass,500ml,1.49,12098
2016,30/11/13,Thessaloniki,40.64361,22.93086,347001,shop_4,kinder-cola,glass,500ml,1.32,12874
2108,31/12/13,Thessaloniki,40.64361,22.93086,347001,shop_4,kinder-cola,glass,500ml,1.26,17228
2196,31/01/14,Thessaloniki,40.64361,22.93086,349232,shop_4,kinder-cola,glass,500ml,1.27,14380
2335,28/02/14,Thessaloniki,40.64361,22.93086,349232,shop_4,kinder-cola,glass,500ml,1.19,11715
2428,31/03/14,Thessaloniki,40.64361,22.93086,349232,shop_4,kinder-cola,glass,500ml,1.02,21371
2471,30/04/14,Thessaloniki,40.64361,22.93086,349232,shop_4,kinder-cola,glass,500ml,0.68,27214
2560,31/05/14,Thessaloniki,40.64361,22.93086,349232,shop_4,kinder-cola,glass,500ml,1.45,19954
2650,30/06/14,Thessaloniki,40.64361,22.93086,349232,shop_4,kinder-cola,glass,500ml,1.12,28129
2736,31/07/14,Thessaloniki,40.64361,22.93086,349232,shop_4,kinder-cola,glass,500ml,1.03,33960
2825,31/08/14,Thessaloniki,40.64361,22.93086,349232,shop_4,kinder-cola,glass,500ml,1.38,18945
2918,30/09/14,Thessaloniki,40.64361,22.93086,349232,shop_4,kinder-cola,glass,500ml,0.85,28478
3008,31/10/14,Thessaloniki,40.64361,22.93086,349232,shop_4,kinder-cola,glass,500ml,1.07,20164
3099,30/11/14,Thessaloniki,40.64361,22.93086,349232,shop_4,kinder-cola,glass,500ml,1.04,17594
3184,31/12/14,Thessaloniki,40.64361,22.93086,349232,shop_4,kinder-cola,glass,500ml,1.37,15645
3275,31/01/15,Thessaloniki,40.64361,22.93086,351650,shop_4,kinder-cola,glass,500ml,1.33,13777
3366,28/02/15,Thessaloniki,40.64361,22.93086,351650,shop_4,kinder-cola,glass,500ml,1.04,13694
3460,31/03/15,Thessaloniki,40.64361,22.93086,351650,shop_4,kinder-cola,glass,500ml,1.62,11074
3545,30/04/15,Thessaloniki,40.64361,22.93086,351650,shop_4,kinder-cola,glass,500ml,1.23,17809
3636,31/05/15,Thessaloniki,40.64361,22.93086,351650,shop_4,kinder-cola,glass,500ml,1.35,23320
3726,30/06/15,Thessaloniki,40.64361,22.93086,351650,shop_4,kinder-cola,glass,500ml,1.26,25167
3817,31/07/15,Thessaloniki,40.64361,22.93086,351650,shop_4,kinder-cola,glass,500ml,1.57,19098
3905,31/08/15,Thessaloniki,40.64361,22.93086,351650,shop_4,kinder-cola,glass,500ml,1.44,18154
4049,30/09/15,Thessaloniki,40.64361,22.93086,351650,shop_4,kinder-cola,glass,500ml,1.35,18443
4124,31/10/15,Thessaloniki,40.64361,22.93086,351650,shop_4,kinder-cola,glass,500ml,1.6,11295
4210,30/11/15,Thessaloniki,40.64361,22.93086,351650,shop_4,kinder-cola,glass,500ml,1.29,14144
4267,31/12/15,Thessaloniki,40.64361,22.93086,351650,shop_4,kinder-cola,glass,500ml,0.95,24083
4356,31/01/16,Thessaloniki,40.64361,22.93086,351702,shop_4,kinder-cola,glass,500ml,1.26,15219
4445,29/02/16,Thessaloniki,40.64361,22.93086,351702,shop_4,kinder-cola,glass,500ml,1.31,10952
81,31/01/12,Patra,38.24444,21.73444,164250,shop_6,orange-power,glass,500ml,0.62,38696
118,29/02/12,Patra,38.24444,21.73444,164250,shop_6,orange-power,glass,500ml,0.8,33467
209,31/03/12,Patra,38.24444,21.73444,164250,shop_6,orange-power,glass,500ml,0.73,44807
346,30/04/12,Patra,38.24444,21.73444,164250,shop_6,orange-power,glass,500ml,0.59,73839
386,31/05/12,Patra,38.24444,21.73444,164250,shop_6,orange-power,glass,500ml,0.81,60877
477,30/06/12,Patra,38.24444,21.73444,164250,shop_6,orange-power,glass,500ml,0.62,92832
571,31/07/12,Patra,38.24444,21.73444,164250,shop_6,orange-power,glass,500ml,0.74,84040
709,31/08/12,Patra,38.24444,21.73444,164250,shop_6,orange-power,glass,500ml,0.73,60558
798,30/09/12,Patra,38.24444,21.73444,164250,shop_6,orange-power,glass,500ml,0.77,65076
842,31/10/12,Patra,,,164250,shop_6,orange-power,glass,500ml,0.68,49521
932,30/11/12,Patra,38.24444,21.73444,164250,shop_6,orange-power,glass,500ml,0.79,37314
1075,31/12/12,Patra,38.24444,21.73444,164250,shop_6,orange-power,glass,500ml,0.72,51717
1160,31/01/13,Patra,38.24444,21.73444,166301,shop_6,orange-power,glass,500ml,0.67,36470
1247,28/02/13,Patra,38.24444,21.73444,166301,shop_6,orange-power,glass,500ml,0.73,39159
1291,31/03/13,Patra,38.24444,21.73444,166301,shop_6,orange-power,glass,500ml,0.89,33524
1380,30/04/13,Patra,38.24444,21.73444,166301,shop_6,orange-power,glass,500ml,0.93,40949
1472,31/05/13,Patra,38.24444,21.73444,166301,shop_6,orange-power,glass,500ml,0.57,91468
1559,30/06/13,Patra,38.24444,21.73444,166301,shop_6,orange-power,glass,500ml,0.87,60987
1698,31/07/13,Patra,38.24444,21.73444,166301,shop_6,orange-power,glass,500ml,0.71,90648
1738,31/08/13,Patra,38.24444,21.73444,166301,shop_6,orange-power,glass,500ml,0.88,46502
1829,30/09/13,Patra,38.24444,21.73444,166301,shop_6,orange-power,glass,500ml,0.8,64179
1971,31/10/13,Patra,38.24444,21.73444,166301,shop_6,orange-power,glass,500ml,0.7,48676
2009,30/11/13,Patra,38.24444,21.73444,166301,shop_6,orange-power,glass,500ml,0.82,36228
2099,31/12/13,Patra,38.24444,21.73444,166301,shop_6,orange-power,glass,500ml,0.75,50600
2231,31/01/14,Patra,38.24444,21.73444,167242,shop_6,orange-power,glass,500ml,0.75,32838
2278,28/02/14,Patra,38.24444,21.73444,167242,shop_6,orange-power,glass,500ml,0.81,35502
2372,31/03/14,Patra,38.24444,21.73444,167242,shop_6,orange-power,glass,500ml,0.93,32404
2519,30/04/14,Patra,38.24444,21.73444,167242,shop_6,orange-power,glass,500ml,0.82,53872
2552,31/05/14,Patra,38.24444,21.73444,167242,shop_6,orange-power,glass,500ml,0.88,56014
2641,30/06/14,Patra,38.24444,21.73444,167242,shop_6,orange-power,glass,500ml,0.94,54294
2729,31/07/14,Patra,38.24444,21.73444,167242,shop_6,orange-power,glass,500ml,0.67,98662
2865,31/08/14,Patra,38.24444,21.73444,167242,shop_6,orange-power,glass,500ml,0.99,37044
2957,30/09/14,Patra,38.24444,21.73444,167242,shop_6,orange-power,glass,500ml,0.9,53862
2999,31/10/14,Patra,38.24444,21.73444,167242,shop_6,orange-power,glass,500ml,0.87,37347
3090,30/11/14,Patra,38.24444,21.73444,167242,shop_6,orange-power,glass,500ml,0.88,33554
3178,31/12/14,Patra,38.24444,21.73444,167242,shop_6,orange-power,glass,500ml,0.8,47889
3267,31/01/15,Patra,38.24444,21.73444,167001,shop_6,orange-power,glass,500ml,1.06,17573
3359,28/02/15,Patra,38.24444,21.73444,167001,shop_6,orange-power,glass,500ml,0.87,32691
3452,31/03/15,Patra,38.24444,21.73444,167001,shop_6,orange-power,glass,500ml,0.64,54832
3538,30/04/15,Patra,38.24444,21.73444,167001,shop_6,orange-power,glass,500ml,0.59,77960
3627,31/05/15,Patra,38.24444,21.73444,167001,shop_6,orange-power,glass,500ml,0.8,68112
3721,30/06/15,Patra,38.24444,21.73444,167001,shop_6,orange-power,,500ml,0.81,74253
3811,31/07/15,Patra,38.24444,21.73444,167001,shop_6,orange-power,glass,500ml,0.84,77148
3898,31/08/15,Patra,38.24444,21.73444,167001,shop_6,orange-power,glass,500ml,0.89,48700
3992,30/09/15,Patra,38.24444,21.73444,167001,shop_6,orange-power,glass,500ml,0.94,51630
4077,31/10/15,Patra,38.24444,21.73444,167001,shop_6,orange-power,glass,500ml,0.97,30959
4169,30/11/15,Patra,38.24444,21.73444,167001,shop_6,orange-power,glass,500ml,0.67,49045
4258,31/12/15,Patra,38.24444,21.73444,167001,shop_6,orange-power,glass,500ml,0.93,38434
4393,31/01/16,Patra,38.24444,21.73444,168254,shop_6,orange-power,glass,500ml,1.11,16065
4439,29/02/16,Patra,38.24444,21.73444,168254,shop_6,orange-power,glass,500ml,0.98,27110
82,31/01/12,Thessaloniki,40.64361,22.93086,346502,shop_4,gazoza,glass,500ml,0.56,39056
134,29/02/12,Thessaloniki,40.64361,22.93086,346502,shop_4,gazoza,glass,500ml,0.61,26542
223,31/03/12,Thessaloniki,40.64361,22.93086,346502,shop_4,gazoza,glass,500ml,0.53,59663
317,30/04/12,Thessaloniki,40.64361,22.93086,346502,shop_4,gazoza,glass,500ml,0.56,66331
403,31/05/12,Thessaloniki,40.64361,22.93086,346502,shop_4,gazoza,glass,500ml,0.61,52364
530,30/06/12,Thessaloniki,40.64361,22.93086,346502,shop_4,gazoza,glass,500ml,0.6,63280
588,31/07/12,Thessaloniki,40.64361,22.93086,346502,shop_4,gazoza,glass,500ml,0.52,90780
670,31/08/12,Thessaloniki,40.64361,22.93086,346502,shop_4,gazoza,glass,500ml,0.63,60703
766,30/09/12,Thessaloniki,40.64361,22.93086,346502,shop_4,gazoza,glass,500ml,0.61,51119
859,31/10/12,Thessaloniki,40.64361,22.93086,346502,shop_4,gazoza,glass,500ml,0.52,55524
947,30/11/12,Thessaloniki,40.64361,22.93086,346502,shop_4,gazoza,glass,500ml,0.5,58307
1034,31/12/12,Thessaloniki,40.64361,22.93086,346502,shop_4,gazoza,glass,500ml,0.59,50951
1163,31/01/13,Thessaloniki,40.64361,22.93086,347001,shop_4,gazoza,glass,500ml,0.63,33261
1213,28/02/13,Thessaloniki,40.64361,22.93086,347001,shop_4,gazoza,glass,500ml,0.66,23519
1307,31/03/13,Thessaloniki,40.64361,22.93086,347001,shop_4,gazoza,glass,500ml,0.52,64389
1395,30/04/13,Thessaloniki,40.64361,22.93086,347001,shop_4,gazoza,glass,500ml,0.59,63662
1488,31/05/13,Thessaloniki,40.64361,22.93086,347001,shop_4,gazoza,glass,500ml,0.66,45355
1574,30/06/13,Thessaloniki,40.64361,22.93086,347001,shop_4,gazoza,glass,500ml,0.52,80759
1664,31/07/13,Thessaloniki,40.64361,22.93086,347001,shop_4,gazoza,glass,500ml,0.54,89189
1753,31/08/13,Thessaloniki,40.64361,22.93086,347001,shop_4,gazoza,glass,500ml,0.57,79079
1846,30/09/13,Thessaloniki,40.64361,22.93086,347001,shop_4,gazoza,glass,500ml,0.57,59532
1935,31/10/13,Thessaloniki,40.64361,22.93086,347001,shop_4,gazoza,glass,500ml,0.57,49977
2024,30/11/13,Thessaloniki,40.64361,22.93086,347001,shop_4,gazoza,glass,500ml,0.56,51616
2151,31/12/13,Thessaloniki,40.64361,22.93086,347001,shop_4,gazoza,glass,500ml,0.74,28931
2204,31/01/14,Thessaloniki,40.64361,22.93086,349232,shop_4,gazoza,glass,500ml,0.47,52247
2293,28/02/14,Thessaloniki,40.64361,22.93086,349232,shop_4,gazoza,glass,500ml,0.62,28573
2385,31/03/14,Thessaloniki,40.64361,22.93086,349232,shop_4,gazoza,glass,500ml,0.67,41815
2479,30/04/14,Thessaloniki,40.64361,22.93086,349232,shop_4,gazoza,glass,500ml,0.47,88642
2568,31/05/14,Thessaloniki,40.64361,22.93086,349232,shop_4,gazoza,glass,500ml,0.5,75301
2657,30/06/14,Thessaloniki,40.64361,22.93086,349232,shop_4,gazoza,glass,500ml,0.51,85715
2743,31/07/14,Thessaloniki,40.64361,22.93086,349232,shop_4,gazoza,glass,500ml,0.61,74450
2874,31/08/14,Thessaloniki,40.64361,22.93086,349232,shop_4,gazoza,glass,500ml,0.52,90905
2926,30/09/14,Thessaloniki,40.64361,22.93086,349232,shop_4,gazoza,glass,500ml,0.69,41510
3016,31/10/14,Thessaloniki,40.64361,22.93086,349232,shop_4,gazoza,glass,500ml,0.74,28529
3107,30/11/14,Thessaloniki,40.64361,22.93086,349232,shop_4,gazoza,glass,500ml,0.63,43159
3192,31/12/14,Thessaloniki,40.64361,22.93086,349232,shop_4,gazoza,glass,500ml,0.56,60250
3282,31/01/15,Thessaloniki,40.64361,22.93086,351650,shop_4,gazoza,glass,500ml,0.67,31390
3373,28/02/15,Thessaloniki,40.64361,22.93086,351650,shop_4,gazoza,glass,500ml,0.65,26653
3468,31/03/15,Thessaloniki,40.64361,22.93086,351650,shop_4,gazoza,glass,500ml,0.66,45372
3550,30/04/15,Thessaloniki,40.64361,,351650,shop_4,gazoza,glass,500ml,0.61,65661
3644,31/05/15,Thessaloniki,40.64361,22.93086,351650,shop_4,gazoza,glass,500ml,0.59,62135
3732,30/06/15,Thessaloniki,40.64361,22.93086,351650,shop_4,gazoza,glass,500ml,0.61,68413
3825,31/07/15,Thessaloniki,40.64361,22.93086,351650,shop_4,gazoza,glass,500ml,0.71,56069
3914,31/08/15,Thessaloniki,40.64361,22.93086,351650,shop_4,gazoza,glass,500ml,0.61,75806
4006,30/09/15,Thessaloniki,40.64361,22.93086,351650,shop_4,gazoza,glass,500ml,0.71,40362
4091,31/10/15,Thessaloniki,40.64361,22.93086,351650,shop_4,gazoza,glass,500ml,0.64,44777
4184,30/11/15,Thessaloniki,40.64361,22.93086,351650,shop_4,gazoza,glass,500ml,0.66,40801
4276,31/12/15,Thessaloniki,40.64361,22.93086,351650,shop_4,gazoza,glass,500ml,0.49,73238
4362,31/01/16,Thessaloniki,40.64361,22.93086,351702,shop_4,gazoza,glass,500ml,0.7,29888
4453,29/02/16,Thessaloniki,40.64361,22.93086,351702,shop_4,gazoza,glass,500ml,0.7,23956
