train.csv
id,date,city,lat,long,pop,shop,brand,container,capacity,price,quantity
83,31/01/12,Athens,37.97945,23.71622,672130,shop_1,adult-cola,plastic,1.5lt,2.55,12229
161,29/02/12,Athens,37.97945,23.71622,672130,shop_1,adult-cola,plastic,1.5lt,2.67,8954
183,31/03/12,Athens,37.97945,23.71622,672130,shop_1,adult-cola,plastic,1.5lt,2.65,14881
273,30/04/12,Athens,37.97945,23.71622,672130,shop_1,adult-cola,plastic,1.5lt,2.24,18652
436,31/05/12,Athens,37.97945,23.71622,672130,shop_1,adult-cola,plastic,1.5lt,2.37,16576
527,30/06/12,Athens,37.97945,23.71622,672130,shop_1,adult-cola,plastic,1.5lt,1.5,29408
543,31/07/12,Athens,37.97945,23.71622,672130,shop_1,adult-cola,plastic,1.5lt,2.82,18828
716,31/08/12,Athens,37.97945,23.71622,672130,shop_1,adult-cola,plastic,1.5lt,2.75,21446
809,30/09/12,Athens,37.97945,23.71622,672130,shop_1,adult-cola,plastic,1.5lt,2.44,15878
814,31/10/12,Athens,37.97945,23.71622,672130,shop_1,adult-cola,plastic,1.5lt,2.22,14973
904,30/11/12,Athens,37.97945,23.71622,672130,shop_1,adult-cola,plastic,1.5lt,3.46,8330
1070,31/12/12,Athens,37.97945,23.71622,672130,shop_1,adult-cola,plastic,1.5lt,2.88,12347
1084,31/01/13,Athens,37.97945,23.71622,671022,shop_1,adult-cola,plastic,1.5lt,2.73,11531
1256,28/02/13,Athens,37.97945,23.71622,671022,shop_1,adult-cola,plastic,1.5lt,1.91,12703
1263,31/03/13,Athens,,,671022,shop_1,adult-cola,plastic,1.5lt,3.65,7870
1353,30/04/13,Athens,37.97945,23.71622,671022,shop_1,adult-cola,plastic,1.5lt,2.94,13601
1444,31/05/13,Athens,37.97945,23.71622,671022,shop_1,adult-cola,plastic,1.5lt,3.77,6814
1533,30/06/13,Athens,37.97945,23.71622,671022,shop_1,adult-cola,plastic,1.5lt,3.12,14733
1622,31/07/13,Athens,37.97945,23.71622,671022,shop_1,adult-cola,plastic,1.5lt,2.65,21291
1712,31/08/13,Athens,37.97945,23.71622,671022,shop_1,adult-cola,plastic,1.5lt,2.57,24096
1804,30/09/13,Athens,37.97945,23.71622,671022,shop_1,adult-cola,plastic,1.5lt,2.39,16640
1893,31/10/13,Athens,37.97945,23.71622,671022,shop_1,adult-cola,plastic,1.5lt,2.78,11810
1983,30/11/13,Athens,37.97945,23.71622,671022,shop_1,adult-cola,plastic,1.5lt,2.49,15805
2156,31/12/13,Athens,37.97945,23.71622,671022,shop_1,adult-cola,plastic,1.5lt,1.98,19180
2163,31/01/14,Athens,37.97945,23.71622,668203,shop_1,adult-cola,plastic,1.5lt,2.41,13676
2325,28/02/14,Athens,37.97945,23.71622,668203,shop_1,adult-cola,plastic,1.5lt,3.99,3642
2343,31/03/14,Athens,37.97945,23.71622,668203,shop_1,adult-cola,plastic,1.5lt,3.04,12920
2434,30/04/14,Athens,37.97945,23.71622,668203,shop_1,adult-cola,plastic,1.5lt,2.84,14858
2524,31/05/14,Athens,37.97945,23.71622,668203,shop_1,adult-cola,plastic,1.5lt,2.48,16574
2614,30/06/14,Athens,37.97945,23.71622,668203,shop_1,adult-cola,plastic,1.5lt,3.67,10305
2776,31/07/14,Athens,37.97945,23.71622,668203,shop_1,adult-cola,plastic,1.5lt,2.06,27797
2873,31/08/14,Athens,37.97945,23.71622,668203,shop_1,adult-cola,plastic,1.5lt,2.52,25323
2883,30/09/14,Athens,37.97945,23.71622,668203,shop_1,adult-cola,plastic,1.5lt,2.19,18406
2973,31/10/14,Athens,37.97945,23.71622,668203,shop_1,adult-cola,plastic,1.5lt,2.48,14004
3139,30/11/14,Athens,37.97945,23.71622,668203,shop_1,adult-cola,plastic,1.5lt,3.08,12063
3153,31/12/14,Athens,37.97945,23.71622,668203,shop_1,adult-cola,plastic,1.5lt,2.01,19239
3242,31/01/15,Athens,37.97945,23.71622,667237,shop_1,adult-cola,plastic,1.5lt,1.99,16314
3334,28/02/15,Athens,37.97945,23.71622,667237,shop_1,adult-cola,plastic,1.5lt,1.29,15782
3424,31/03/15,Athens,37.97945,23.71622,667237,shop_1,adult-cola,plastic,1.5lt,2.21,19357
3514,30/04/15,Athens,37.97945,23.71622,667237,shop_1,adult-cola,plastic,1.5lt,0.92,29558
3604,31/05/15,Athens,37.97945,23.71622,667237,shop_1,adult-cola,plastic,1.5lt,1.3,25141
3694,30/06/15,Athens,37.97945,23.71622,667237,shop_1,adult-cola,plastic,1.5lt,2.28,23339
3866,31/07/15,Athens,37.97945,23.71622,667237,shop_1,adult-cola,plastic,1.5lt,2.93,19605
3951,31/08/15,Athens,37.97945,23.71622,667237,shop_1,adult-cola,plastic,1.5lt,3.16,19024
3962,30/09/15,Athens,37.97945,23.71622,667237,shop_1,adult-cola,plastic,1.5lt,2.21,18568
4054,31/10/15,Athens,37.97945,23.71622,667237,shop_1,adult-cola,plastic,1.5lt,1.84,18105
4143,30/11/15,Athens,37.97945,23.71622,667237,shop_1,adult-cola,plastic,1.5lt,1.77,21516
4233,31/12/15,Athens,37.97945,23.71622,667237,shop_1,adult-cola,plastic,1.5lt,2.21,18222
4323,31/01/16,Athens,37.97945,23.71622,665102,shop_1,adult-cola,plastic,1.5lt,2.8,12134
4412,29/02/16,Athens,37.97945,23.71622,665102,shop_1,adult-cola,plastic,1.5lt,3.6,6038
84,31/01/12,Thessaloniki,40.64361,22.93086,346502,shop_4,lemon-boost,can,330ml,0.68,13970
138,29/02/12,Thessaloniki,40.64361,22.93086,346502,shop_4,lemon-boost,can,330ml,0.63,14972
227,31/03/12,Thessaloniki,40.64361,22.93086,346502,shop_4,lemon-boost,can,330ml,0.51,24110
322,30/04/12,Thessaloniki,40.64361,22.93086,346502,shop_4,lemon-boost,can,330ml,0.61,29981
408,31/05/12,Thessaloniki,40.64361,22.93086,346502,shop_4,lemon-boost,can,330ml,0.61,33824
536,30/06/12,Thessaloniki,40.64361,22.93086,346502,shop_4,lemon-boost,can,330ml,0.58,33836
593,31/07/12,Thessaloniki,40.64361,22.93086,346502,shop_4,lemon-boost,can,330ml,0.49,51993
719,31/08/12,Thessaloniki,40.64361,22.93086,346502,shop_4,lemon-boost,can,330ml,0.45,39196
771,30/09/12,Thessaloniki,40.64361,22.93086,346502,shop_4,lemon-boost,can,330ml,0.54,26561
864,31/10/12,Thessaloniki,40.64361,22.93086,346502,shop_4,lemon-boost,can,330ml,0.64,20510
951,30/11/12,Thessaloniki,40.64361,22.93086,346502,shop_4,lemon-boost,can,330ml,0.59,20137
1039,31/12/12,Thessaloniki,40.64361,22.93086,346502,shop_4,lemon-boost,can,330ml,0.58,30137
1131,31/01/13,Thessaloniki,40.64361,22.93086,347001,shop_4,lemon-boost,can,330ml,0.37,33278
1217,28/02/13,Thessaloniki,40.64361,22.93086,347001,shop_4,lemon-boost,can,330ml,0.55,19597
1312,31/03/13,Thessaloniki,40.64361,22.93086,347001,shop_4,lemon-boost,can,330ml,0.59,19930
1400,30/04/13,Thessaloniki,40.64361,22.93086,347001,shop_4,lemon-boost,can,330ml,0.57,34558
1526,31/05/13,Thessaloniki,40.64361,22.93086,347001,shop_4,lemon-boost,can,330ml,0.44,53401
1578,30/06/13,Thessaloniki,40.64361,22.93086,347001,shop_4,lemon-boost,can,330ml,0.61,32261
1669,31/07/13,Thessaloniki,40.64361,22.93086,347001,shop_4,lemon-boost,can,330ml,0.41,62828
1789,31/08/13,Thessaloniki,40.64361,22.93086,347001,shop_4,lemon-boost,can,330ml,0.54,33058
1851,30/09/13,Thessaloniki,40.64361,22.93086,347001,shop_4,lemon-boost,can,330ml,0.5,30440
1939,31/10/13,Thessaloniki,40.64361,22.93086,347001,shop_4,lemon-boost,can,330ml,0.77,12409
2028,30/11/13,Thessaloniki,40.64361,22.93086,347001,shop_4,lemon-boost,can,330ml,0.32,37586
2120,31/12/13,Thessaloniki,40.64361,22.93086,347001,shop_4,lemon-boost,can,330ml,0.27,57908
2209,31/01/14,Thessaloniki,40.64361,22.93086,349232,shop_4,lemon-boost,can,330ml,0.54,24057
2297,28/02/14,Thessaloniki,40.64361,22.93086,349232,shop_4,lemon-boost,can,330ml,0.44,26228
2422,31/03/14,Thessaloniki,40.64361,22.93086,349232,shop_4,lemon-boost,can,330ml,0.55,23262
2484,30/04/14,Thessaloniki,40.64361,22.93086,349232,shop_4,lemon-boost,can,330ml,0.51,41881
2571,31/05/14,Thessaloniki,40.64361,22.93086,349232,shop_4,lemon-boost,can,330ml,0.35,64285
2662,30/06/14,Thessaloniki,40.64361,22.93086,349232,shop_4,lemon-boost,can,330ml,0.44,49415
2747,31/07/14,Thessaloniki,40.64361,22.93086,349232,shop_4,lemon-boost,can,330ml,0.63,38144
2836,31/08/14,Thessaloniki,40.64361,22.93086,349232,shop_4,lemon-boost,can,330ml,0.5,37393
2931,30/09/14,Thessaloniki,40.64361,22.93086,349232,shop_4,lemon-boost,can,330ml,0.49,31961
3021,31/10/14,Thessaloniki,40.64361,22.93086,349232,shop_4,lemon-boost,can,330ml,0.5,33044
3112,30/11/14,Thessaloniki,40.64361,22.93086,349232,shop_4,lemon-boost,can,330ml,0.39,34005
3229,31/12/14,Thessaloniki,40.64361,22.93086,349232,shop_4,lemon-boost,can,330ml,0.74,18362
3287,31/01/15,Thessaloniki,40.64361,22.93086,351650,shop_4,lemon-boost,can,330ml,0.55,23983
3378,28/02/15,Thessaloniki,40.64361,22.93086,351650,shop_4,lemon-boost,can,330ml,0.68,14492
3473,31/03/15,Thessaloniki,40.64361,22.93086,351650,shop_4,lemon-boost,can,330ml,0.41,31448
3588,30/04/15,Thessaloniki,40.64361,22.93086,351650,shop_4,lemon-boost,can,330ml,0.58,35678
3649,31/05/15,Thessaloniki,40.64361,22.93086,351650,shop_4,lemon-boost,can,330ml,0.57,42508
3736,30/06/15,Thessaloniki,40.64361,22.93086,351650,shop_4,lemon-boost,can,330ml,0.52,43435
3868,31/07/15,Thessaloniki,40.64361,22.93086,351650,shop_4,lemon-boost,can,330ml,0.54,49928
3919,31/08/15,Thessaloniki,40.64361,22.93086,351650,shop_4,lemon-boost,can,330ml,0.64,26577
4010,30/09/15,Thessaloniki,40.64361,22.93086,351650,shop_4,lemon-boost,can,330ml,0.7,18639
4096,31/10/15,Thessaloniki,40.64361,22.93086,351650,shop_4,lemon-boost,can,330ml,0.59,27324
4186,30/11/15,Thessaloniki,40.64361,22.93086,351650,shop_4,lemon-boost,can,330ml,0.49,28563
4280,31/12/15,Thessaloniki,40.64361,22.93086,351650,shop_4,lemon-boost,can,330ml,0.71,21857
4366,31/01/16,Thessaloniki,40.64361,22.93086,351702,shop_4,lemon-boost,can,330ml,0.57,23827
4458,29/02/16,Thessaloniki,40.64361,22.93086,351702,shop_4,lemon-boost,can,330ml,0.39,29328
85,31/01/12,Larisa,39.63689,22.41761,137540,shop_5,kinder-cola,plastic,1.5lt,3.03,5330
148,29/02/12,Larisa,39.63689,22.41761,137540,shop_5,kinder-cola,plastic,1.5lt,2.39,8347
268,31/03/12,Larisa,39.63689,22.41761,137540,shop_5,kinder-cola,plastic,1.5lt,3.67,6391
333,30/04/12,Larisa,39.63689,22.41761,137540,shop_5,kinder-cola,plastic,1.5lt,2.35,13234
423,31/05/12,Larisa,39.63689,22.41761,137540,shop_5,kinder-cola,plastic,1.5lt,3.03,9482
511,30/06/12,Larisa,39.63689,22.41761,137540,shop_5,kinder-cola,plastic,1.5lt,3.44,9485
606,31/07/12,Larisa,39.63689,22.41761,137540,shop_5,kinder-cola,plastic,1.5lt,3.68,11017
710,31/08/12,Larisa,39.63689,22.41761,137540,shop_5,kinder-cola,plastic,1.5lt,2.28,15913
785,30/09/12,Larisa,39.63689,22.41761,137540,shop_5,kinder-cola,plastic,1.5lt,3.86,6799
893,31/10/12,Larisa,39.63689,22.41761,137540,shop_5,kinder-cola,plastic,1.5lt,2.48,9395
986,30/11/12,Larisa,39.63689,22.41761,137540,shop_5,kinder-cola,plastic,1.5lt,2.47,10053
1052,31/12/12,Larisa,39.63689,22.41761,137540,shop_5,kinder-cola,plastic,1.5lt,3.13,9485
1147,31/01/13,Larisa,39.63689,22.41761,139242,shop_5,kinder-cola,plastic,1.5lt,2.68,6192
1232,28/02/13,Larisa,39.63689,22.41761,139242,shop_5,kinder-cola,plastic,1.5lt,3.35,5979
1326,31/03/13,Larisa,39.63689,22.41761,139242,shop_5,kinder-cola,plastic,1.5lt,2.89,9335
1414,30/04/13,Larisa,39.63689,22.41761,139242,shop_5,kinder-cola,plastic,1.5lt,3.65,8097
1505,31/05/13,Larisa,39.63689,22.41761,139242,shop_5,kinder-cola,plastic,1.5lt,3.12,9407
1588,30/06/13,Larisa,39.63689,22.41761,139242,shop_5,kinder-cola,plastic,1.5lt,3.04,11639
1684,31/07/13,Larisa,39.63689,22.41761,139242,shop_5,kinder-cola,plastic,1.5lt,2.57,18116
1770,31/08/13,Larisa,39.63689,22.41761,139242,shop_5,kinder-cola,plastic,1.5lt,1.63,19293
1863,30/09/13,Larisa,39.63689,22.41761,139242,shop_5,kinder-cola,plastic,1.5lt,1.99,14717
1954,31/10/13,Larisa,39.63689,22.41761,139242,shop_5,kinder-cola,plastic,1.5lt,2.92,8221
2042,30/11/13,Larisa,39.63689,22.41761,139242,shop_5,kinder-cola,plastic,1.5lt,2.49,10189
2134,31/12/13,Larisa,39.63689,22.41761,139242,shop_5,kinder-cola,plastic,1.5lt,2.11,13760
2219,31/01/14,Larisa,39.63689,22.41761,140563,shop_5,kinder-cola,plastic,1.5lt,2.99,5677
2310,28/02/14,Larisa,39.63689,22.41761,140563,shop_5,kinder-cola,plastic,1.5lt,3.4,6036
2401,31/03/14,Larisa,39.63689,22.41761,140563,shop_5,kinder-cola,plastic,1.5lt,2.77,9947
2513,30/04/14,Larisa,39.63689,22.41761,140563,shop_5,kinder-cola,plastic,1.5lt,2.14,14503
2587,31/05/14,Larisa,39.63689,22.41761,140563,shop_5,kinder-cola,plastic,1.5lt,2.54,11786
2677,30/06/14,Larisa,39.63689,22.41761,140563,shop_5,kinder-cola,plastic,1.5lt,2.3,15187
2763,31/07/14,Larisa,39.63689,22.41761,140563,shop_5,kinder-cola,plastic,1.5lt,1.76,23103
2851,31/08/14,Larisa,39.63689,22.41761,140563,shop_5,kinder-cola,plastic,1.5lt,3.38,11187
2943,30/09/14,Larisa,39.63689,22.41761,140563,shop_5,kinder-cola,plastic,1.5lt,3.73,7975
3036,31/10/14,Larisa,39.63689,22.41761,140563,shop_5,kinder-cola,plastic,1.5lt,3.27,7371
3127,30/11/14,Larisa,39.63689,22.41761,140563,shop_5,kinder-cola,plastic,1.5lt,3.89,5919
3207,31/12/14,Larisa,39.63689,22.41761,140563,shop_5,kinder-cola,plastic,1.5lt,3.75,7647
3303,31/01/15,Larisa,39.63689,22.41761,141732,shop_5,kinder-cola,plastic,1.5lt,2.46,6874
3391,28/02/15,Larisa,39.63689,22.41761,141732,shop_5,kinder-cola,plastic,1.5lt,2.46,8570
3488,31/03/15,Larisa,39.63689,22.41761,141732,shop_5,kinder-cola,plastic,1.5lt,2.4,11345
3567,30/04/15,Larisa,39.63689,22.41761,141732,shop_5,kinder-cola,plastic,1.5lt,3.9,7741
3662,31/05/15,Larisa,39.63689,22.41761,141732,shop_5,kinder-cola,plastic,1.5lt,3.12,9887
3750,30/06/15,Larisa,39.63689,22.41761,141732,shop_5,kinder-cola,plastic,1.5lt,3.47,10360
3867,31/07/15,Larisa,39.63689,22.41761,141732,shop_5,kinder-cola,plastic,1.5lt,3.62,12801
3934,31/08/15,Larisa,39.63689,22.41761,141732,shop_5,kinder-cola,plastic,1.5lt,3.5,10990
4047,30/09/15,Larisa,39.63689,22.41761,141732,shop_5,kinder-cola,plastic,1.5lt,2.65,12476
4110,31/10/15,Larisa,39.63689,22.41761,141732,shop_5,kinder-cola,plastic,1.5lt,4.4,4293
4219,30/11/15,Larisa,39.63689,22.41761,141732,shop_5,kinder-cola,plastic,1.5lt,2.72,9819
4316,31/12/15,Larisa,39.63689,22.41761,141732,shop_5,kinder-cola,plastic,1.5lt,3.53,8781
4407,31/01/16,Larisa,39.63689,22.41761,142030,shop_5,kinder-cola,plastic,1.5lt,3.03,5862
4473,29/02/16,Larisa,39.63689,22.41761,142030,shop_5,kinder-cola,plastic,1.5lt,3.33,6564
86,31/01/12,Athens,37.97945,23.71622,672130,shop_1,gazoza,plastic,1.5lt,0.85,26884
97,29/02/12,Athens,37.97945,23.71622,672130,shop_1,gazoza,plastic,1.5lt,1.35,7946
257,31/03/12,Athens,37.97945,23.71622,672130,shop_1,gazoza,plastic,1.5lt,0.93,31097
279,30/04/12,Athens,37.97945,23.71622,672130,shop_1,gazoza,plastic,1.5lt,1.13,27350
448,31/05/12,Athens,37.97945,23.71622,672130,shop_1,gazoza,plastic,1.5lt,0.92,36675
455,30/06/12,Athens,37.97945,23.71622,672130,shop_1,gazoza,plastic,1.5lt,1.26,29018
548,31/07/12,Athens,37.97945,23.71622,672130,shop_1,gazoza,plastic,1.5lt,0.22,85465
637,31/08/12,Athens,37.97945,23.71622,672130,shop_1,gazoza,plastic,1.5lt,0.56,58213
729,30/09/12,Athens,37.97945,23.71622,672130,shop_1,gazoza,plastic,1.5lt,1.18,26959
818,31/10/12,Athens,37.97945,23.71622,672130,shop_1,gazoza,plastic,1.5lt,0.82,31662
910,30/11/12,Athens,37.97945,23.71622,672130,shop_1,gazoza,plastic,1.5lt,0.48,39608
998,31/12/12,Athens,37.97945,23.71622,672130,shop_1,gazoza,plastic,1.5lt,0.79,35371
1090,31/01/13,Athens,37.97945,23.71622,671022,shop_1,gazoza,plastic,1.5lt,0.94,25126
1177,28/02/13,Athens,37.97945,23.71622,671022,shop_1,gazoza,plastic,1.5lt,0.84,15484
1268,31/03/13,Athens,37.97945,23.71622,671022,shop_1,gazoza,plastic,1.5lt,0.56,43648
1359,30/04/13,Athens,37.97945,23.71622,671022,shop_1,gazoza,plastic,1.5lt,0.96,34049
1527,31/05/13,Athens,37.97945,23.71622,671022,shop_1,gazoza,plastic,1.5lt,1.14,29312
1612,30/06/13,Athens,37.97945,23.71622,671022,shop_1,gazoza,plastic,1.5lt,0.84,49085
1627,31/07/13,Athens,37.97945,23.71622,671022,shop_1,gazoza,plastic,1.5lt,1.1,36853
1718,31/08/13,Athens,37.97945,23.71622,671022,shop_1,gazoza,plastic,1.5lt,1.05,37702
1888,30/09/13,Athens,37.97945,23.71622,671022,shop_1,gazoza,plastic,1.5lt,0.58,50108
1897,31/10/13,Athens,37.97945,23.71622,671022,shop_1,gazoza,plastic,1.5lt,0.88,30242
2052,30/11/13,Athens,37.97945,23.71622,671022,shop_1,gazoza,plastic,1.5lt,1.04,24503
2077,31/12/13,Athens,37.97945,23.71622,671022,shop_1,gazoza,plastic,1.5lt,1.17,23986
2169,31/01/14,Athens,37.97945,23.71622,668203,shop_1,gazoza,plastic,1.5lt,0.97,24978
2257,28/02/14,Athens,37.97945,23.71622,668203,shop_1,gazoza,plastic,1.5lt,0.83,15869
2349,31/03/14,Athens,37.97945,23.71622,668203,shop_1,gazoza,plastic,1.5lt,1.4,17984
2440,30/04/14,Athens,37.97945,23.71622,668203,shop_1,gazoza,plastic,1.5lt,0.76,41616
2530,31/05/14,Athens,37.97945,23.71622,668203,shop_1,gazoza,plastic,1.5lt,1.09,31875
2619,30/06/14,Athens,37.97945,23.71622,668203,shop_1,gazoza,plastic,1.5lt,0.85,49641
2784,31/07/14,Athens,37.97945,23.71622,668203,shop_1,gazoza,plastic,1.5lt,1.35,27088
2796,31/08/14,Athens,37.97945,23.71622,668203,shop_1,gazoza,plastic,1.5lt,0.87,46075
2889,30/09/14,Athens,37.97945,23.71622,668203,shop_1,gazoza,plastic,1.5lt,0.61,49550
2978,31/10/14,Athens,37.97945,23.71622,668203,shop_1,gazoza,plastic,1.5lt,1.12,24182
3145,30/11/14,Athens,37.97945,23.71622,668203,shop_1,gazoza,plastic,1.5lt,1.25,19539
3157,31/12/14,Athens,37.97945,23.71622,668203,shop_1,gazoza,plastic,1.5lt,1.31,20458
3317,31/01/15,Athens,37.97945,23.71622,667237,shop_1,gazoza,plastic,1.5lt,1.09,22624
3416,28/02/15,Athens,37.97945,23.71622,667237,shop_1,gazoza,plastic,1.5lt,0.71,17738
3430,31/03/15,Athens,37.97945,23.71622,667237,shop_1,gazoza,plastic,1.5lt,1.13,27203
3519,30/04/15,Athens,37.97945,23.71622,667237,shop_1,gazoza,plastic,1.5lt,1,34106
3687,31/05/15,Athens,37.97945,23.71622,667237,shop_1,gazoza,plastic,1.5lt,0.77,43836
3700,30/06/15,Athens,37.97945,23.71622,667237,shop_1,gazoza,plastic,1.5lt,1.06,41517
3789,31/07/15,Athens,37.97945,23.71622,667237,shop_1,gazoza,plastic,1.5lt,1.27,31698
3878,31/08/15,Athens,37.97945,23.71622,667237,shop_1,gazoza,plastic,1.5lt,1.28,30338
3967,30/09/15,Athens,37.97945,23.71622,667237,shop_1,gazoza,plastic,1.5lt,1.35,23802
4058,31/10/15,Athens,37.97945,23.71622,667237,shop_1,gazoza,plastic,1.5lt,0.93,29927
4211,30/11/15,Athens,37.97945,23.71622,667237,shop_1,gazoza,plastic,1.5lt,1.33,18098
4237,31/12/15,Athens,37.97945,23.71622,667237,shop_1,gazoza,plastic,1.5lt,0.95,32058
4328,31/01/16,Athens,37.97945,23.71622,665102,shop_1,gazoza,plastic,1.5lt,1.28,18688
4416,29/02/16,Athens,37.97945,23.71622,665102,shop_1,gazoza,plastic,1.5lt,1.12,12538
