train.csv
id,date,city,lat,long,pop,shop,brand,container,capacity,price,quantity
87,31/01/12,Athens,37.97945,23.71622,672130,shop_1,orange-power,plastic,1.5lt,1.47,15702
95,29/02/12,Athens,37.97945,23.71622,672130,shop_1,orange-power,plastic,1.5lt,2.51,5777
184,31/03/12,Athens,37.97945,23.71622,672130,shop_1,orange-power,plastic,1.5lt,1.58,25940
276,30/04/12,Athens,37.97945,23.71622,672130,shop_1,orange-power,plastic,1.5lt,1.87,19557
366,31/05/12,Athens,37.97945,23.71622,672130,shop_1,orange-power,plastic,1.5lt,2.07,18752
453,30/06/12,Athens,37.97945,23.71622,672130,shop_1,orange-power,plastic,1.5lt,2.45,12663
627,31/07/12,Athens,37.97945,23.71622,672130,shop_1,orange-power,plastic,1.5lt,1.72,26962
634,31/08/12,Athens,37.97945,23.71622,672130,shop_1,orange-power,plastic,1.5lt,1.39,32985
726,30/09/12,Athens,37.97945,23.71622,672130,shop_1,orange-power,plastic,1.5lt,2.1,17593
816,31/10/12,Athens,37.97945,23.71622,672130,shop_1,orange-power,plastic,1.5lt,2.08,14903
907,30/11/12,Athens,37.97945,23.71622,672130,shop_1,orange-power,plastic,1.5lt,1.43,21181
995,31/12/12,Athens,37.97945,23.71622,672130,shop_1,orange-power,plastic,1.5lt,1.53,21664
1087,31/01/13,Athens,37.97945,23.71622,671022,shop_1,orange-power,plastic,1.5lt,1.47,16027
1249,28/02/13,Athens,37.97945,23.71622,671022,shop_1,orange-power,plastic,1.5lt,1.39,17040
1266,31/03/13,Athens,37.97945,23.71622,671022,shop_1,orange-power,plastic,1.5lt,1.87,21668
1356,30/04/13,Athens,37.97945,23.71622,671022,shop_1,orange-power,plastic,1.5lt,1.72,22600
1446,31/05/13,Athens,37.97945,23.71622,671022,shop_1,orange-power,plastic,1.5lt,1.16,35674
1536,30/06/13,Athens,37.97945,23.71622,671022,shop_1,orange-power,plastic,1.5lt,1.54,30837
1705,31/07/13,Athens,37.97945,23.71622,671022,shop_1,orange-power,plastic,1.5lt,2.1,20337
1715,31/08/13,Athens,37.97945,23.71622,671022,shop_1,orange-power,plastic,1.5lt,2.3,16387
1807,30/09/13,Athens,37.97945,23.71622,671022,shop_1,orange-power,plastic,1.5lt,1.58,27398
1896,31/10/13,Athens,37.97945,23.71622,671022,shop_1,orange-power,plastic,1.5lt,1.85,18825
1985,30/11/13,Athens,37.97945,23.71622,671022,shop_1,orange-power,plastic,1.5lt,1.94,15291
2075,31/12/13,Athens,37.97945,,671022,shop_1,orange-power,plastic,1.5lt,0.95,29952
2166,31/01/14,Athens,37.97945,23.71622,668203,shop_1,orange-power,plastic,1.5lt,2.1,10528
2255,28/02/14,Athens,37.97945,23.71622,668203,shop_1,orange-power,plastic,1.5lt,1.29,18203
2346,31/03/14,Athens,37.97945,23.71622,668203,shop_1,orange-power,plastic,1.5lt,1.27,32241
2437,30/04/14,Athens,37.97945,23.71622,668203,shop_1,orange-power,plastic,1.5lt,1.94,19785
2527,31/05/14,Athens,37.97945,23.71622,668203,shop_1,orange-power,plastic,1.5lt,1.91,23221
2617,30/06/14,Athens,37.97945,23.71622,668203,shop_1,orange-power,plastic,1.5lt,1.53,31677
2705,31/07/14,Athens,37.97945,23.71622,668203,shop_1,orange-power,plastic,1.5lt,1.81,26577
2793,31/08/14,Athens,37.97945,23.71622,668203,shop_1,orange-power,plastic,1.5lt,1.66,29176
2886,30/09/14,Athens,37.97945,23.71622,668203,shop_1,orange-power,plastic,1.5lt,1.94,21798
2975,31/10/14,Athens,37.97945,23.71622,668203,shop_1,orange-power,plastic,1.5lt,0.81,33889
3141,30/11/14,Athens,37.97945,23.71622,668203,shop_1,orange-power,plastic,1.5lt,1.65,19306
3155,31/12/14,Athens,37.97945,23.71622,668203,shop_1,orange-power,plastic,1.5lt,1.51,22813
3244,31/01/15,Athens,37.97945,23.71622,667237,shop_1,orange-power,plastic,1.5lt,2.11,10873
3337,28/02/15,Athens,37.97945,23.71622,667237,shop_1,orange-power,plastic,1.5lt,2,11974
3427,31/03/15,Athens,37.97945,23.71622,667237,shop_1,orange-power,plastic,1.5lt,1.28,32441
3516,30/04/15,Athens,37.97945,23.71622,667237,shop_1,orange-power,plastic,1.5lt,1.27,30468
3607,31/05/15,Athens,37.97945,23.71622,667237,shop_1,orange-power,plastic,1.5lt,1.95,23130
3697,30/06/15,Athens,37.97945,23.71622,667237,shop_1,orange-power,plastic,1.5lt,0.89,44025
3786,31/07/15,Athens,37.97945,23.71622,667237,shop_1,orange-power,plastic,1.5lt,0.32,54488
3875,31/08/15,Athens,37.97945,23.71622,667237,shop_1,orange-power,plastic,1.5lt,1.38,34732
3965,30/09/15,Athens,37.97945,23.71622,667237,shop_1,orange-power,plastic,1.5lt,1.17,35231
4057,31/10/15,Athens,37.97945,23.71622,667237,shop_1,orange-power,plastic,1.5lt,1.79,20771
4220,30/11/15,Athens,37.97945,23.71622,667237,shop_1,orange-power,plastic,1.5lt,1.84,17450
4235,31/12/15,Athens,37.97945,23.71622,667237,shop_1,orange-power,plastic,1.5lt,1.93,17867
4325,31/01/16,Athens,37.97945,23.71622,665102,shop_1,orange-power,plastic,1.5lt,1.63,15531
4414,29/02/16,Athens,37.97945,23.71622,665102,shop_1,orange-power,plastic,1.5lt,1.82,14002
88,31/01/12,Athens,37.96245,23.68708,672130,shop_3,lemon-boost,glass,500ml,0.87,14309
145,29/02/12,Athens,37.96245,23.68708,672130,shop_3,lemon-boost,glass,500ml,0.74,10913
263,31/03/12,Athens,37.96245,23.68708,672130,shop_3,lemon-boost,glass,500ml,0.72,20219
355,30/04/12,Athens,37.96245,23.68708,672130,shop_3,lemon-boost,glass,500ml,0.77,23851
420,31/05/12,Athens,37.96245,23.68708,672130,shop_3,lemon-boost,glass,500ml,0.9,17869
532,30/06/12,Athens,37.96245,23.68708,672130,shop_3,lemon-boost,glass,500ml,0.96,20029
602,31/07/12,Athens,37.96245,23.68708,672130,shop_3,lemon-boost,glass,500ml,0.91,24917
700,31/08/12,Athens,37.96245,23.68708,672130,shop_3,lemon-boost,glass,500ml,0.97,20214
782,30/09/12,Athens,37.96245,23.68708,672130,shop_3,lemon-boost,glass,500ml,0.9,19198
875,31/10/12,Athens,37.96245,23.68708,672130,shop_3,lemon-boost,glass,500ml,0.67,22028
987,30/11/12,Athens,37.96245,23.68708,672130,shop_3,lemon-boost,glass,500ml,0.91,11721
1049,31/12/12,Athens,37.96245,23.68708,672130,shop_3,lemon-boost,glass,500ml,0.87,17424
1143,31/01/13,Athens,37.96245,23.68708,671022,shop_3,lemon-boost,glass,500ml,0.99,12024
1228,28/02/13,Athens,37.96245,23.68708,671022,shop_3,lemon-boost,glass,500ml,0.8,10239
1323,31/03/13,Athens,37.96245,23.68708,671022,shop_3,lemon-boost,glass,500ml,1.1,10892
1438,30/04/13,Athens,37.96245,23.68708,671022,shop_3,lemon-boost,glass,500ml,0.91,20071
1502,31/05/13,Athens,37.96245,23.68708,671022,shop_3,lemon-boost,glass,500ml,0.88,18915
1611,30/06/13,Athens,37.96245,23.68708,671022,shop_3,lemon-boost,glass,500ml,1.08,16345
1680,31/07/13,Athens,37.96245,23.68708,671022,shop_3,lemon-boost,glass,500ml,1.3,9676
1767,31/08/13,Athens,37.96245,23.68708,671022,shop_3,lemon-boost,glass,500ml,1.03,19053
1860,30/09/13,Athens,37.96245,23.68708,671022,shop_3,lemon-boost,glass,500ml,0.89,19920
1951,31/10/13,Athens,37.96245,23.68708,671022,shop_3,lemon-boost,glass,500ml,1,13894
2038,30/11/13,Athens,37.96245,23.68708,671022,shop_3,lemon-boost,glass,500ml,0.94,11487
2131,31/12/13,Athens,37.96245,23.68708,671022,shop_3,lemon-boost,glass,500ml,0.75,21270
2217,31/01/14,Athens,37.96245,23.68708,668203,shop_3,lemon-boost,glass,500ml,1.12,9782
2306,28/02/14,Athens,37.96245,23.68708,668203,shop_3,lemon-boost,glass,500ml,1.12,6070
2397,31/03/14,Athens,37.96245,23.68708,668203,shop_3,lemon-boost,glass,500ml,1,14091
2496,30/04/14,Athens,37.96245,23.68708,668203,shop_3,lemon-boost,glass,500ml,0.87,21972
2674,30/06/14,Athens,37.96245,23.68708,668203,shop_3,lemon-boost,glass,500ml,0.89,23905
2759,31/07/14,Athens,37.96245,23.68708,668203,shop_3,lemon-boost,glass,500ml,1.05,20966
2847,31/08/14,Athens,37.96245,23.68708,668203,shop_3,lemon-boost,glass,500ml,1.08,17824
2940,30/09/14,Athens,37.96245,23.68708,668203,shop_3,lemon-boost,glass,500ml,0.92,19613
3056,31/10/14,Athens,37.96245,23.68708,668203,shop_3,lemon-boost,glass,500ml,1.18,9846
3144,30/11/14,Athens,37.96245,23.68708,668203,shop_3,lemon-boost,glass,500ml,1.17,7417
3204,31/12/14,Athens,37.96245,23.68708,668203,shop_3,lemon-boost,glass,500ml,1.04,14158
3299,31/01/15,Athens,37.96245,23.68708,667237,shop_3,lemon-boost,glass,500ml,0.64,20310
3388,28/02/15,Athens,37.96245,23.68708,667237,shop_3,lemon-boost,glass,500ml,0.84,10208
3484,31/03/15,Athens,37.96245,23.68708,667237,shop_3,lemon-boost,glass,500ml,0.77,20161
3564,30/04/15,Athens,37.96245,23.68708,667237,shop_3,lemon-boost,glass,500ml,1.2,12260
3680,31/05/15,Athens,37.96245,23.68708,667237,shop_3,lemon-boost,glass,500ml,1.26,9440
3746,30/06/15,Athens,37.96245,23.68708,667237,shop_3,lemon-boost,glass,500ml,1.09,17745
3837,31/07/15,Athens,37.96245,,667237,shop_3,lemon-boost,glass,500ml,0.95,25779
3930,31/08/15,Athens,37.96245,23.68708,667237,shop_3,lemon-boost,glass,500ml,0.94,23695
4019,30/09/15,Athens,37.96245,23.68708,667237,shop_3,lemon-boost,glass,500ml,1.25,10431
4107,31/10/15,Athens,37.96245,23.68708,667237,shop_3,lemon-boost,glass,500ml,1,14813
4217,30/11/15,Athens,37.96245,23.68708,667237,shop_3,lemon-boost,glass,500ml,0.59,18630
4292,31/12/15,Athens,37.96245,23.68708,667237,shop_3,lemon-boost,glass,500ml,1.12,12638
4378,31/01/16,Athens,37.96245,23.68708,665102,shop_3,lemon-boost,glass,500ml,1.31,6667
4469,29/02/16,Athens,37.96245,23.68708,665102,shop_3,lemon-boost,glass,500ml,1.13,6600
89,31/01/12,Irakleion,35.32787,25.14341,134219,shop_2,adult-cola,can,330ml,0.64,21095
165,29/02/12,Irakleion,35.32787,25.14341,134219,shop_2,adult-cola,can,330ml,0.67,17989
261,31/03/12,Irakleion,35.32787,25.14341,134219,shop_2,adult-cola,can,330ml,0.67,22329
288,30/04/12,Irakleion,35.32787,25.14341,134219,shop_2,adult-cola,can,330ml,0.66,34570
375,31/05/12,Irakleion,35.32787,25.14341,134219,shop_2,adult-cola,can,330ml,0.6,41068
464,30/06/12,Irakleion,35.32787,25.14341,134219,shop_2,adult-cola,can,330ml,0.54,53237
557,31/07/12,Irakleion,35.32787,25.14341,134219,shop_2,adult-cola,can,330ml,0.68,43018
643,31/08/12,Irakleion,35.32787,25.14341,134219,shop_2,adult-cola,can,330ml,0.71,30002
739,30/09/12,Irakleion,35.32787,25.14341,134219,shop_2,adult-cola,can,330ml,0.74,24024
892,31/10/12,Irakleion,35.32787,25.14341,134219,shop_2,adult-cola,can,330ml,0.77,20916
918,30/11/12,Irakleion,35.32787,25.14341,134219,shop_2,adult-cola,can,330ml,0.87,12794
1008,31/12/12,Irakleion,35.32787,25.14341,134219,shop_2,adult-cola,can,330ml,0.75,26768
1100,31/01/13,Irakleion,35.32787,25.14341,135432,shop_2,adult-cola,can,330ml,0.65,21490
1252,28/02/13,Irakleion,35.32787,25.14341,135432,shop_2,adult-cola,can,330ml,0.49,25780
1347,31/03/13,Irakleion,35.32787,25.14341,135432,shop_2,adult-cola,can,330ml,0.61,25939
1367,30/04/13,Irakleion,35.32787,25.14341,135432,shop_2,adult-cola,can,330ml,0.76,28273
1457,31/05/13,Irakleion,35.32787,25.14341,135432,shop_2,adult-cola,can,330ml,0.62,40094
1617,30/06/13,Irakleion,35.32787,25.14341,135432,shop_2,adult-cola,can,330ml,0.62,47438
1634,31/07/13,Irakleion,35.32787,25.14341,135432,shop_2,adult-cola,can,330ml,0.57,55555
1796,31/08/13,Irakleion,35.32787,25.14341,135432,shop_2,adult-cola,can,330ml,0.59,40160
1815,30/09/13,Irakleion,35.32787,25.14341,135432,shop_2,adult-cola,can,330ml,0.64,31668
1907,31/10/13,Irakleion,35.32787,25.14341,135432,shop_2,adult-cola,can,330ml,0.57,33438
1994,30/11/13,Irakleion,35.32787,25.14341,135432,shop_2,adult-cola,can,330ml,0.56,30652
2085,31/12/13,Irakleion,35.32787,25.14341,135432,shop_2,adult-cola,can,330ml,0.57,41308
2178,31/01/14,Irakleion,35.32787,25.14341,136202,shop_2,adult-cola,can,330ml,0.61,23711
2264,28/02/14,Irakleion,35.32787,25.14341,136202,shop_2,adult-cola,can,330ml,0.6,22115
2357,31/03/14,Irakleion,35.32787,25.14341,136202,shop_2,adult-cola,can,330ml,0.7,22207
2449,30/04/14,Irakleion,35.32787,25.14341,136202,shop_2,adult-cola,can,330ml,0.67,36454
2602,31/05/14,Irakleion,35.32787,25.14341,136202,shop_2,adult-cola,can,330ml,0.75,31297
2629,30/06/14,Irakleion,35.32787,25.14341,136202,shop_2,adult-cola,can,330ml,0.61,49510
2716,31/07/14,Irakleion,35.32787,25.14341,136202,shop_2,adult-cola,can,330ml,0.59,55251
2805,31/08/14,Irakleion,35.32787,25.14341,136202,shop_2,adult-cola,can,330ml,0.64,37205
2895,30/09/14,Irakleion,35.32787,25.14341,136202,shop_2,adult-cola,can,330ml,0.56,37168
2985,31/10/14,Irakleion,35.32787,25.14341,136202,shop_2,adult-cola,can,330ml,0.72,25813
3075,30/11/14,Irakleion,35.32787,25.14341,136202,shop_2,adult-cola,can,330ml,0.56,30836
3166,31/12/14,Irakleion,35.32787,25.14341,136202,shop_2,adult-cola,can,330ml,0.77,27533
3328,31/01/15,Irakleion,35.32787,25.14341,138560,shop_2,adult-cola,can,330ml,0.49,29187
3346,28/02/15,Irakleion,35.32787,25.14341,138560,shop_2,adult-cola,can,330ml,0.73,17601
3502,31/03/15,Irakleion,35.32787,25.14341,138560,shop_2,adult-cola,can,330ml,0.28,42738
3527,30/04/15,Irakleion,35.32787,25.14341,138560,shop_2,adult-cola,can,330ml,0.74,32513
3613,31/05/15,Irakleion,35.32787,25.14341,138560,shop_2,adult-cola,can,330ml,0.6,44052
3709,30/06/15,Irakleion,35.32787,25.14341,138560,shop_2,adult-cola,can,330ml,0.59,52350
3796,31/07/15,Irakleion,35.32787,25.14341,138560,shop_2,adult-cola,can,330ml,0.71,45110
3957,31/08/15,Irakleion,35.32787,25.14341,138560,shop_2,adult-cola,can,330ml,0.59,42045
3976,30/09/15,Irakleion,35.32787,25.14341,138560,shop_2,adult-cola,can,330ml,0.5,41549
4137,31/10/15,Irakleion,35.32787,25.14341,138560,shop_2,adult-cola,can,330ml,0.65,30661
4155,30/11/15,Irakleion,35.32787,25.14341,138560,shop_2,adult-cola,can,330ml,0.69,24910
4244,31/12/15,Irakleion,35.32787,25.14341,138560,shop_2,adult-cola,can,330ml,0.66,36582
4338,31/01/16,Irakleion,35.32787,25.14341,137302,shop_2,adult-cola,can,330ml,0.71,20687
4488,29/02/16,Irakleion,35.32787,25.14341,137302,shop_2,adult-cola,can,330ml,0.75,17349
